mkdir -p backend/cmd/assets
touch backend/cmd/assets/index.html
cd backend && go test -cover -coverprofile=coverage.out -coverpkg=./... -v ./...
	github.com/potibm/kasseapparat/cmd		coverage: 0.0% of statements
=== RUN   TestQueryPaymentMethods
--- PASS: TestQueryPaymentMethods (0.00s)
=== RUN   TestToInputWithInvalidQuantity
--- PASS: TestToInputWithInvalidQuantity (0.00s)
=== RUN   TestToInputWithNegativeTotalNetPrice
--- PASS: TestToInputWithNegativeTotalNetPrice (0.00s)
=== RUN   TestToInputWithNegativeTotalGrossPrice
--- PASS: TestToInputWithNegativeTotalGrossPrice (0.00s)
=== RUN   TestToInputWithDuplicateProductId
--- PASS: TestToInputWithDuplicateProductId (0.00s)
=== RUN   TestToInputWithEmptyCart
--- PASS: TestToInputWithEmptyCart (0.00s)
=== RUN   TestToInputWithInvalidAttendedGuestsValue
--- PASS: TestToInputWithInvalidAttendedGuestsValue (0.00s)
PASS
coverage: 1.4% of statements in ./...
ok  	github.com/potibm/kasseapparat/internal/app/handler/http	0.264s	coverage: 1.4% of statements in ./...
	github.com/potibm/kasseapparat/internal/app/handler/websocket		coverage: 0.0% of statements
	github.com/potibm/kasseapparat/internal/app/initializer		coverage: 0.0% of statements
	github.com/potibm/kasseapparat/internal/app/mailer		coverage: 0.0% of statements
	github.com/potibm/kasseapparat/internal/app/middleware		coverage: 0.0% of statements
	github.com/potibm/kasseapparat/internal/app/models		coverage: 0.0% of statements
	github.com/potibm/kasseapparat/internal/app/monitor		coverage: 0.0% of statements
	github.com/potibm/kasseapparat/internal/app/repository/sqlite		coverage: 0.0% of statements
=== RUN   TestGetValueFromDecimal
--- PASS: TestGetValueFromDecimal (0.00s)
=== RUN   TestParseHrefToListTransactionsParams
--- PASS: TestParseHrefToListTransactionsParams (0.00s)
=== RUN   TestFindNextHref
--- PASS: TestFindNextHref (0.00s)
PASS
coverage: 1.2% of statements in ./...
ok  	github.com/potibm/kasseapparat/internal/app/repository/sumup	0.576s	coverage: 1.2% of statements in ./...
	github.com/potibm/kasseapparat/internal/app/response		coverage: 0.0% of statements
=== RUN   TestValidateAndCalculatePricesWithSuccess
--- PASS: TestValidateAndCalculatePricesWithSuccess (0.00s)
=== RUN   TestValidateAndCalculatePricesWithProductNotFound
--- PASS: TestValidateAndCalculatePricesWithProductNotFound (0.00s)
=== RUN   TestValidateAndCalculatePricesWithTotalPriceMismatch
--- PASS: TestValidateAndCalculatePricesWithTotalPriceMismatch (0.00s)
=== RUN   TestValidateAndCalculatePricesWithProductPriceMismatch
--- PASS: TestValidateAndCalculatePricesWithProductPriceMismatch (0.00s)
=== RUN   TestValidateAndPrepareGuestsWithSuccess
--- PASS: TestValidateAndPrepareGuestsWithSuccess (0.00s)
=== RUN   TestValidateAndPrepareGuestsWithGuestNotFound
--- PASS: TestValidateAndPrepareGuestsWithGuestNotFound (0.00s)
=== RUN   TestValidateGuestWithGuestNotFound
--- PASS: TestValidateGuestWithGuestNotFound (0.00s)
=== RUN   TestValidateGuestWithGuestAlreadyAttended
--- PASS: TestValidateGuestWithGuestAlreadyAttended (0.00s)
=== RUN   TestValidateGuestWithTooManyAdditionalGuests
--- PASS: TestValidateGuestWithTooManyAdditionalGuests (0.00s)
=== RUN   TestValidateGuestWithWrongProductId
--- PASS: TestValidateGuestWithWrongProductId (0.00s)
=== RUN   TestCreatePurchaseWithSuccess
--- PASS: TestCreatePurchaseWithSuccess (0.00s)
=== RUN   TestNotifyGuestsWithSendsExpectedEmails
--- PASS: TestNotifyGuestsWithSendsExpectedEmails (0.00s)
PASS
coverage: 3.3% of statements in ./...
ok  	github.com/potibm/kasseapparat/internal/app/service/purchase	0.724s	coverage: 3.3% of statements in ./...
	github.com/potibm/kasseapparat/internal/app/service/sumup		coverage: 0.0% of statements
=== RUN   TestCapitalizeFirstRune
--- PASS: TestCapitalizeFirstRune (0.00s)
PASS
coverage: 0.3% of statements in ./...
ok  	github.com/potibm/kasseapparat/internal/app/utils	0.418s	coverage: 0.3% of statements in ./...
?   	github.com/potibm/kasseapparat/templates	[no test files]

2025/06/14 18:27:21 [32m/Users/stefan/PhpstormProjects/die-kassa/backend/internal/app/utils/seed.go:56 [33mSLOW SQL >= 200ms
[0m[31;1m[809.555ms] [33m[rows:1][35m INSERT INTO `users` (`created_at`,`updated_at`,`deleted_at`,`username`,`email`,`password`,`admin`) VALUES ("2025-06-14 18:27:21.772","2025-06-14 18:27:21.772",NULL,"admin","admin@example.com","$2a$14$Scv1aL9Exdo6FMzK5rUKCOnF6Rp1pb6xpUSNVZTQkbUBN4C99TgbO",true) RETURNING `id`,`change_password_token`,`change_password_token_expiry`,`id`[0m

2025/06/14 18:27:22 [32m/Users/stefan/PhpstormProjects/die-kassa/backend/internal/app/utils/seed.go:57 [33mSLOW SQL >= 200ms
[0m[31;1m[794.567ms] [33m[rows:1][35m INSERT INTO `users` (`created_at`,`updated_at`,`deleted_at`,`username`,`email`,`password`,`admin`) VALUES ("2025-06-14 18:27:22.567","2025-06-14 18:27:22.567",NULL,"demo","demo@example.com","$2a$14$.ITCzD3WgXAPwxnMGMwx2OKxRtQj7EJ84jEaVUWAuny3O4gr2AxMC",false) RETURNING `id`,`change_password_token`,`change_password_token_expiry`,`id`[0m
=== RUN   TestLogin
    printer.go:116: POST /login HTTP/1.1
        Content-Type: application/json; charset=utf-8
        
        {"login":"demo","password":"demo"}
[GIN] 2025/06/14 - 18:27:23 | 200 |   791.81625ms |                 | POST     "/login"
    printer.go:133: HTTP/0.0 200 OK 791.861625ms
        Content-Type: application/json; charset=utf-8
        
        {"code":200,"token":"eyJhbGciOiJIUzI1NiIsInR5cCI6IkpXVCJ9.eyJJRCI6MiwiZXhwIjoxNzQ5OTE5MDQzLCJvcmlnX2lhdCI6MTc0OTkxODQ0M30.TP7x9AXPnDNbx_T2GXUEDKkGYZm-2J6f3oNiRGzItQc","expire":"2025-06-14T18:37:23+02:00","role":"user","username":"demo","gravatarUrl":"https://www.gravatar.com/avatar/7462108984f629db2ced1aeb2dc3e747e53a2e1c607059f72955ab864c724335","id":2}
--- PASS: TestLogin (0.79s)
=== RUN   TestInvalidLogin
    printer.go:116: POST /login HTTP/1.1
        Content-Type: application/json; charset=utf-8
        
        {"login":"demo","password":"wrooong"}
[GIN] 2025/06/14 - 18:27:24 | 401 |  790.613416ms |                 | POST     "/login"
    printer.go:133: HTTP/0.0 401 Unauthorized 790.660167ms
        Content-Type: application/json; charset=utf-8
        Www-Authenticate: JWT realm=gin jwt
        
        {"code":401,"message":"incorrect Username or Password"}
--- PASS: TestInvalidLogin (0.79s)
=== RUN   TestRefreshToken
    printer.go:116: POST /login HTTP/1.1
        Content-Type: application/json; charset=utf-8
        
        {"login":"demo","password":"demo"}
[GIN] 2025/06/14 - 18:27:24 | 200 |  790.213375ms |                 | POST     "/login"
    printer.go:133: HTTP/0.0 200 OK 790.2385ms
        Content-Type: application/json; charset=utf-8
        
        {"code":200,"token":"eyJhbGciOiJIUzI1NiIsInR5cCI6IkpXVCJ9.eyJJRCI6MiwiZXhwIjoxNzQ5OTE5MDQ0LCJvcmlnX2lhdCI6MTc0OTkxODQ0NH0.ZCidgaD-PTq18MdpyLD8KBxvVLxEJYZN5uDZ-M8TgOc","expire":"2025-06-14T18:37:24+02:00","role":"user","username":"demo","gravatarUrl":"https://www.gravatar.com/avatar/7462108984f629db2ced1aeb2dc3e747e53a2e1c607059f72955ab864c724335","id":2}
    printer.go:116: GET /auth/refresh_token HTTP/1.1
        Authorization: Bearer eyJhbGciOiJIUzI1NiIsInR5cCI6IkpXVCJ9.eyJJRCI6MiwiZXhwIjoxNzQ5OTE5MDQ0LCJvcmlnX2lhdCI6MTc0OTkxODQ0NH0.ZCidgaD-PTq18MdpyLD8KBxvVLxEJYZN5uDZ-M8TgOc
        
[GIN] 2025/06/14 - 18:27:24 | 200 |      40.708µs |                 | GET      "/auth/refresh_token"
    printer.go:133: HTTP/0.0 200 OK 47.208µs
        Content-Type: application/json; charset=utf-8
        
        {"code":200,"expire":"2025-06-14T18:37:24+02:00","token":"eyJhbGciOiJIUzI1NiIsInR5cCI6IkpXVCJ9.eyJJRCI6MiwiZXhwIjoxNzQ5OTE5MDQ0LCJvcmlnX2lhdCI6MTc0OTkxODQ0NH0.ZCidgaD-PTq18MdpyLD8KBxvVLxEJYZN5uDZ-M8TgOc"}
--- PASS: TestRefreshToken (0.79s)
=== RUN   TestRefreshTokenWithoutToken
    printer.go:116: GET /auth/refresh_token HTTP/1.1
        
[GIN] 2025/06/14 - 18:27:24 | 401 |       9.708µs |                 | GET      "/auth/refresh_token"
    printer.go:133: HTTP/0.0 401 Unauthorized 19.042µs
        Content-Type: application/json; charset=utf-8
        Www-Authenticate: JWT realm=gin jwt
        
        {"code":401,"message":"cookie token is empty"}
--- PASS: TestRefreshTokenWithoutToken (0.00s)
=== RUN   TestRefreshTokenWithExpiredToken
    printer.go:116: GET /auth/refresh_token HTTP/1.1
        Authorization: Bearer eyJhbGciOiJIUzI1NiIsInR5cCI6IkpXVCJ9.eyJJRCI6MiwiZXhwIjoxNzI2MDg4NTA4LCJvcmlnX2lhdCI6MTcyNjA4NzkwOH0.sNlaDHxoJ6Lr1IruI2DembljhSFmlZncusHUV4hcGq4
        
[GIN] 2025/06/14 - 18:27:24 | 401 |      41.583µs |                 | GET      "/auth/refresh_token"
    printer.go:133: HTTP/0.0 401 Unauthorized 46.292µs
        Content-Type: application/json; charset=utf-8
        Www-Authenticate: JWT realm=gin jwt
        
        {"code":401,"message":"Token is expired"}
--- PASS: TestRefreshTokenWithExpiredToken (0.00s)
=== RUN   TestRefreshTokenWithInvalidToken
    printer.go:116: GET /auth/refresh_token HTTP/1.1
        Authorization: Bearer eythisis.invalid.token
        
[GIN] 2025/06/14 - 18:27:24 | 401 |      12.667µs |                 | GET      "/auth/refresh_token"
    printer.go:133: HTTP/0.0 401 Unauthorized 18.792µs
        Content-Type: application/json; charset=utf-8
        Www-Authenticate: JWT realm=gin jwt
        
        {"code":401,"message":"invalid character '+' looking for beginning of object key string"}
--- PASS: TestRefreshTokenWithInvalidToken (0.00s)
=== RUN   TestGetConfig
    printer.go:116: GET /api/v2/config HTTP/1.1
        
[GIN] 2025/06/14 - 18:27:24 | 200 |     101.125µs |                 | GET      "/api/v2/config"
    printer.go:133: HTTP/0.0 200 OK 105.875µs
        Content-Type: application/json; charset=utf-8
        
        {"version":"v1","sentryDSN":"","sentryTraceSampleRate":0.1,"sentryReplaySessionSampleRate":0.1,"sentryReplayErrorSampleRate":0.1,"currencyLocale":"dk-DK","currencyCode":"DKK","vatRates":"[{\"rate\":25,\"name\":\"Standard\"},{\"rate\":0,\"name\":\"Zero rate\"}]","dateLocale":"dk-DK","dateOptions":"{\"weekday\":\"long\",\"hour\":\"2-digit\",\"minute\":\"2-digit\"}","fractionDigitsMin":0,"fractionDigitsMax":2,"environmentMessage":"","paymentMethods":[{"code":"CASH","name":"💶 Cash"},{"code":"CC","name":"💳 Creditcard"},{"code":"SUMUP","name":"💳 SumUp"}]}
--- PASS: TestGetConfig (0.00s)
=== RUN   TestGuestImport
    printer.go:116: POST /api/v2/guestsUpload HTTP/1.1
        Authorization: Bearer eyJhbGciOiJIUzI1NiIsInR5cCI6IkpXVCJ9.eyJJRCI6MiwiZXhwIjoxNzQ5OTE5MDQ0LCJvcmlnX2lhdCI6MTc0OTkxODQ0NH0.ZCidgaD-PTq18MdpyLD8KBxvVLxEJYZN5uDZ-M8TgOc
        Content-Type: multipart/form-data; boundary=fc1f45d722e27bf0a448ec1fdf20e839808354d439440e5eb6c13312f7ec
        
        --fc1f45d722e27bf0a448ec1fdf20e839808354d439440e5eb6c13312f7ec
        Content-Disposition: form-data; name="file"; filename="import.csv"
        Content-Type: application/octet-stream
        
        Code;LastName;FirstName;Subject;Blocked
        123456789;XYZTEST Lastname;Firstname;EV123;
        
        --fc1f45d722e27bf0a448ec1fdf20e839808354d439440e5eb6c13312f7ec--

2025/06/14 18:27:24 [31;1m/Users/stefan/PhpstormProjects/die-kassa/backend/internal/app/repository/sqlite/guest.go:129 [35;1mrecord not found
[0m[33m[0.286ms] [34;1m[rows:0][0m SELECT * FROM `guests` WHERE code = "123456789" AND `guests`.`deleted_at` IS NULL ORDER BY `guests`.`id` LIMIT 1
[GIN] 2025/06/14 - 18:27:24 | 200 |     856.375µs |                 | POST     "/api/v2/guestsUpload"
    printer.go:133: HTTP/0.0 200 OK 861.791µs
        Content-Type: application/json; charset=utf-8
        
        {"createdGuests":1,"warnings":[]}
    printer.go:116: GET /api/v2/products/4/guests?q=XYZTEST HTTP/1.1
        Authorization: Bearer eyJhbGciOiJIUzI1NiIsInR5cCI6IkpXVCJ9.eyJJRCI6MiwiZXhwIjoxNzQ5OTE5MDQ0LCJvcmlnX2lhdCI6MTc0OTkxODQ0NH0.ZCidgaD-PTq18MdpyLD8KBxvVLxEJYZN5uDZ-M8TgOc
        
[GIN] 2025/06/14 - 18:27:24 | 200 |     162.583µs |                 | GET      "/api/v2/products/4/guests?q=XYZTEST"
    printer.go:133: HTTP/0.0 200 OK 167.958µs
        Content-Type: application/json; charset=utf-8
        
        [{"id":276,"name":"Firstname XYZTEST Lastname (EV123)","code":"123456789","listName":"Deine Tickets","additionalGuests":0,"arrivalNote":null}]
2025/06/14 18:27:24 Deleting guest with id 276
    printer.go:116: DELETE /api/v2/guests/276 HTTP/1.1
        Authorization: Bearer eyJhbGciOiJIUzI1NiIsInR5cCI6IkpXVCJ9.eyJJRCI6MiwiZXhwIjoxNzQ5OTE5MDQ0LCJvcmlnX2lhdCI6MTc0OTkxODQ0NH0.ZCidgaD-PTq18MdpyLD8KBxvVLxEJYZN5uDZ-M8TgOc
        
[GIN] 2025/06/14 - 18:27:24 | 200 |      95.417µs |                 | DELETE   "/api/v2/guests/276"
    printer.go:133: HTTP/0.0 200 OK 103.291µs
        Content-Length: 0
        
--- PASS: TestGuestImport (0.00s)
=== RUN   TestGuestImportWithoutFile
    printer.go:116: POST /api/v2/guestsUpload HTTP/1.1
        Authorization: Bearer eyJhbGciOiJIUzI1NiIsInR5cCI6IkpXVCJ9.eyJJRCI6MiwiZXhwIjoxNzQ5OTE5MDQ0LCJvcmlnX2lhdCI6MTc0OTkxODQ0NH0.ZCidgaD-PTq18MdpyLD8KBxvVLxEJYZN5uDZ-M8TgOc
        
[GIN] 2025/06/14 - 18:27:24 | 400 |      25.042µs |                 | POST     "/api/v2/guestsUpload"
Error #01: Bad Request
    printer.go:133: HTTP/0.0 400 Bad Request 31.125µs
        Content-Type: application/json; charset=utf-8
        
        {"details":"The request could not be understood by the server.","error":"Bad Request"}
--- PASS: TestGuestImportWithoutFile (0.00s)
=== RUN   TestGuestImportWithEmptyFile
    printer.go:116: POST /api/v2/guestsUpload HTTP/1.1
        Authorization: Bearer eyJhbGciOiJIUzI1NiIsInR5cCI6IkpXVCJ9.eyJJRCI6MiwiZXhwIjoxNzQ5OTE5MDQ0LCJvcmlnX2lhdCI6MTc0OTkxODQ0NH0.ZCidgaD-PTq18MdpyLD8KBxvVLxEJYZN5uDZ-M8TgOc
        Content-Type: multipart/form-data; boundary=5275d6aa4eff5078e96dcc8abc915adfabb94ae38de5445ec1b7967e2041
        
        --5275d6aa4eff5078e96dcc8abc915adfabb94ae38de5445ec1b7967e2041
        Content-Disposition: form-data; name="file"; filename="import.csv"
        Content-Type: application/octet-stream
        
        
        --5275d6aa4eff5078e96dcc8abc915adfabb94ae38de5445ec1b7967e2041--
[GIN] 2025/06/14 - 18:27:24 | 400 |      25.166µs |                 | POST     "/api/v2/guestsUpload"
Error #01: Bad Request
    printer.go:133: HTTP/0.0 400 Bad Request 30.875µs
        Content-Type: application/json; charset=utf-8
        
        {"details":"Failed to read header","error":"Bad Request"}
--- PASS: TestGuestImportWithEmptyFile (0.00s)
=== RUN   TestGuestImportWithWarningMessages
    printer.go:116: POST /api/v2/guestsUpload HTTP/1.1
        Authorization: Bearer eyJhbGciOiJIUzI1NiIsInR5cCI6IkpXVCJ9.eyJJRCI6MiwiZXhwIjoxNzQ5OTE5MDQ0LCJvcmlnX2lhdCI6MTc0OTkxODQ0NH0.ZCidgaD-PTq18MdpyLD8KBxvVLxEJYZN5uDZ-M8TgOc
        Content-Type: multipart/form-data; boundary=23f7dbc7d85aeff7c6e2a9483022b66bccdcfc8195dc4f00f2fd74bd1e86
        
        --23f7dbc7d85aeff7c6e2a9483022b66bccdcfc8195dc4f00f2fd74bd1e86
        Content-Disposition: form-data; name="file"; filename="import.csv"
        Content-Type: application/octet-stream
        
        Code;LastName;FirstName;Subject;Blocked
        12345678A;XYZTEST Lastname;Firstname;EV123;
        
        --23f7dbc7d85aeff7c6e2a9483022b66bccdcfc8195dc4f00f2fd74bd1e86--

2025/06/14 18:27:24 [31;1m/Users/stefan/PhpstormProjects/die-kassa/backend/internal/app/repository/sqlite/guest.go:129 [35;1mrecord not found
[0m[33m[0.314ms] [34;1m[rows:0][0m SELECT * FROM `guests` WHERE code = "12345678A" AND `guests`.`deleted_at` IS NULL ORDER BY `guests`.`id` LIMIT 1
[GIN] 2025/06/14 - 18:27:24 | 200 |     802.208µs |                 | POST     "/api/v2/guestsUpload"
    printer.go:133: HTTP/0.0 200 OK 819.042µs
        Content-Type: application/json; charset=utf-8
        
        {"createdGuests":1,"warnings":[]}
    printer.go:116: POST /api/v2/guestsUpload HTTP/1.1
        Authorization: Bearer eyJhbGciOiJIUzI1NiIsInR5cCI6IkpXVCJ9.eyJJRCI6MiwiZXhwIjoxNzQ5OTE5MDQ0LCJvcmlnX2lhdCI6MTc0OTkxODQ0NH0.ZCidgaD-PTq18MdpyLD8KBxvVLxEJYZN5uDZ-M8TgOc
        Content-Type: multipart/form-data; boundary=24be5c8afb1c937d39eca3e9d85632cc465f33e02e781cc4f3605cf23c28
        
        --24be5c8afb1c937d39eca3e9d85632cc465f33e02e781cc4f3605cf23c28
        Content-Disposition: form-data; name="file"; filename="import.csv"
        Content-Type: application/octet-stream
        
        Code;LastName;FirstName;Subject;Blocked
        12345678A;XYZTEST Dupe;Dupesten;EV123;
        123;XYZTEST Invalid;Codesten;EV123;
        ABCABCABC;XYZTEST Blocked;Dupesten;EV123;blocked
        
        --24be5c8afb1c937d39eca3e9d85632cc465f33e02e781cc4f3605cf23c28--
[GIN] 2025/06/14 - 18:27:24 | 200 |     195.708µs |                 | POST     "/api/v2/guestsUpload"
    printer.go:133: HTTP/0.0 200 OK 200.708µs
        Content-Type: application/json; charset=utf-8
        
        {"createdGuests":0,"warnings":["Already exists: 12345678A (1)","Invalid code: 123 (2)","Blocked: ABCABCABC (3)"]}
    printer.go:116: GET /api/v2/products/4/guests?q=XYZTEST HTTP/1.1
        Authorization: Bearer eyJhbGciOiJIUzI1NiIsInR5cCI6IkpXVCJ9.eyJJRCI6MiwiZXhwIjoxNzQ5OTE5MDQ0LCJvcmlnX2lhdCI6MTc0OTkxODQ0NH0.ZCidgaD-PTq18MdpyLD8KBxvVLxEJYZN5uDZ-M8TgOc
        
[GIN] 2025/06/14 - 18:27:24 | 200 |      121.25µs |                 | GET      "/api/v2/products/4/guests?q=XYZTEST"
    printer.go:133: HTTP/0.0 200 OK 126.833µs
        Content-Type: application/json; charset=utf-8
        
        [{"id":276,"name":"Firstname XYZTEST Lastname (EV123)","code":"123456789","listName":"Deine Tickets","additionalGuests":0,"arrivalNote":null},{"id":277,"name":"Firstname XYZTEST Lastname (EV123)","code":"12345678A","listName":"Deine Tickets","additionalGuests":0,"arrivalNote":null}]
2025/06/14 18:27:24 Deleting guest with id 276
    printer.go:116: DELETE /api/v2/guests/276 HTTP/1.1
        Authorization: Bearer eyJhbGciOiJIUzI1NiIsInR5cCI6IkpXVCJ9.eyJJRCI6MiwiZXhwIjoxNzQ5OTE5MDQ0LCJvcmlnX2lhdCI6MTc0OTkxODQ0NH0.ZCidgaD-PTq18MdpyLD8KBxvVLxEJYZN5uDZ-M8TgOc
        
[GIN] 2025/06/14 - 18:27:24 | 200 |      74.458µs |                 | DELETE   "/api/v2/guests/276"
    printer.go:133: HTTP/0.0 200 OK 79.5µs
        Content-Length: 0
        
2025/06/14 18:27:24 Deleting guest with id 277
    printer.go:116: DELETE /api/v2/guests/277 HTTP/1.1
        Authorization: Bearer eyJhbGciOiJIUzI1NiIsInR5cCI6IkpXVCJ9.eyJJRCI6MiwiZXhwIjoxNzQ5OTE5MDQ0LCJvcmlnX2lhdCI6MTc0OTkxODQ0NH0.ZCidgaD-PTq18MdpyLD8KBxvVLxEJYZN5uDZ-M8TgOc
        
[GIN] 2025/06/14 - 18:27:24 | 200 |      57.125µs |                 | DELETE   "/api/v2/guests/277"
    printer.go:133: HTTP/0.0 200 OK 62.458µs
        Content-Length: 0
        
--- PASS: TestGuestImportWithWarningMessages (0.00s)
=== RUN   TestGuestsImportAuthentication
    printer.go:116: POST /api/v2/guestsUpload HTTP/1.1
        
[GIN] 2025/06/14 - 18:27:24 | 401 |      12.375µs |                 | POST     "/api/v2/guestsUpload"
    printer.go:133: HTTP/0.0 401 Unauthorized 17.875µs
        Content-Type: application/json; charset=utf-8
        Www-Authenticate: JWT realm=gin jwt
        
        {"code":401,"message":"cookie token is empty"}
--- PASS: TestGuestsImportAuthentication (0.00s)
=== RUN   TestGetGuests
    printer.go:116: GET /api/v2/guests HTTP/1.1
        Authorization: Bearer eyJhbGciOiJIUzI1NiIsInR5cCI6IkpXVCJ9.eyJJRCI6MiwiZXhwIjoxNzQ5OTE5MDQ0LCJvcmlnX2lhdCI6MTc0OTkxODQ0NH0.ZCidgaD-PTq18MdpyLD8KBxvVLxEJYZN5uDZ-M8TgOc
        
[GIN] 2025/06/14 - 18:27:24 | 200 |     854.875µs |                 | GET      "/api/v2/guests"
    printer.go:133: HTTP/0.0 200 OK 859.708µs
        Content-Type: application/json; charset=utf-8
        X-Total-Count: 277
        
        [{"id":1,"createdAt":"2025-06-14T18:27:22.568254+02:00","updatedAt":"2025-06-14T18:27:22.568254+02:00","deletedAt":null,"createdById":null,"createdBy":null,"updatedById":null,"updatedBy":null,"deletedById":null,"deletedBy":null,"guestlistId":1,"guestlist":{"id":1,"createdAt":"2025-06-14T18:27:22.568144+02:00","updatedAt":"2025-06-14T18:27:22.568144+02:00","deletedAt":null,"createdById":null,"createdBy":null,"updatedById":null,"updatedBy":null,"deletedById":null,"deletedBy":null,"name":"Reduces Digitale Kultur","typeCode":false,"productId":2,"product":{"id":0,"createdAt":"0001-01-01T00:00:00Z","updatedAt":"0001-01-01T00:00:00Z","deletedAt":null,"createdById":null,"createdBy":null,"updatedById":null,"updatedBy":null,"deletedById":null,"deletedBy":null,"name":"","netPrice":"0","vatRate":"0","wrapAfter":false,"hidden":false,"soldOut":false,"apiExport":false,"pos":0,"totalStock":0,"unitsSold":0,"soldOutRequestCount":0,"guestlists":null}},"name":"Winona Hegmann","code":null,"additionalGuests":0,"attendedGuests":0,"arrivedAt":null,"arrivalNote":null,"notifyOnArrivalEmail":null,"purchaseId":null},{"id":2,"createdAt":"2025-06-14T18:27:22.568301+02:00","updatedAt":"2025-06-14T18:27:22.568301+02:00","deletedAt":null,"createdById":null,"createdBy":null,"updatedById":null,"updatedBy":null,"deletedById":null,"deletedBy":null,"guestlistId":1,"guestlist":{"id":1,"createdAt":"2025-06-14T18:27:22.568144+02:00","updatedAt":"2025-06-14T18:27:22.568144+02:00","deletedAt":null,"createdById":null,"createdBy":null,"updatedById":null,"updatedBy":null,"deletedById":null,"deletedBy":null,"name":"Reduces Digitale Kultur","typeCode":false,"productId":2,"product":{"id":0,"createdAt":"0001-01-01T00:00:00Z","updatedAt":"0001-01-01T00:00:00Z","deletedAt":null,"createdById":null,"createdBy":null,"updatedById":null,"updatedBy":null,"deletedById":null,"deletedBy":null,"name":"","netPrice":"0","vatRate":"0","wrapAfter":false,"hidden":false,"soldOut":false,"apiExport":false,"pos":0,"totalStock":0,"unitsSold":0,"soldOutRequestCount":0,"guestlists":null}},"name":"Hosea Adams","code":null,"additionalGuests":0,"attendedGuests":0,"arrivedAt":null,"arrivalNote":null,"notifyOnArrivalEmail":null,"purchaseId":null},{"id":3,"createdAt":"2025-06-14T18:27:22.568337+02:00","updatedAt":"2025-06-14T18:27:22.568337+02:00","deletedAt":null,"createdById":null,"createdBy":null,"updatedById":null,"updatedBy":null,"deletedById":null,"deletedBy":null,"guestlistId":1,"guestlist":{"id":1,"createdAt":"2025-06-14T18:27:22.568144+02:00","updatedAt":"2025-06-14T18:27:22.568144+02:00","deletedAt":null,"createdById":null,"createdBy":null,"updatedById":null,"updatedBy":null,"deletedById":null,"deletedBy":null,"name":"Reduces Digitale Kultur","typeCode":false,"productId":2,"product":{"id":0,"createdAt":"0001-01-01T00:00:00Z","updatedAt":"0001-01-01T00:00:00Z","deletedAt":null,"createdById":null,"createdBy":null,"updatedById":null,"updatedBy":null,"deletedById":null,"deletedBy":null,"name":"","netPrice":"0","vatRate":"0","wrapAfter":false,"hidden":false,"soldOut":false,"apiExport":false,"pos":0,"totalStock":0,"unitsSold":0,"soldOutRequestCount":0,"guestlists":null}},"name":"Ruth Casper","code":null,"additionalGuests":0,"attendedGuests":0,"arrivedAt":null,"arrivalNote":null,"notifyOnArrivalEmail":null,"purchaseId":null},{"id":4,"createdAt":"2025-06-14T18:27:22.568377+02:00","updatedAt":"2025-06-14T18:27:22.568377+02:00","deletedAt":null,"createdById":null,"createdBy":null,"updatedById":null,"updatedBy":null,"deletedById":null,"deletedBy":null,"guestlistId":1,"guestlist":{"id":1,"createdAt":"2025-06-14T18:27:22.568144+02:00","updatedAt":"2025-06-14T18:27:22.568144+02:00","deletedAt":null,"createdById":null,"createdBy":null,"updatedById":null,"updatedBy":null,"deletedById":null,"deletedBy":null,"name":"Reduces Digitale Kultur","typeCode":false,"productId":2,"product":{"id":0,"createdAt":"0001-01-01T00:00:00Z","updatedAt":"0001-01-01T00:00:00Z","deletedAt":null,"createdById":null,"createdBy":null,"updatedById":null,"updatedBy":null,"deletedById":null,"deletedBy":null,"name":"","netPrice":"0","vatRate":"0","wrapAfter":false,"hidden":false,"soldOut":false,"apiExport":false,"pos":0,"totalStock":0,"unitsSold":0,"soldOutRequestCount":0,"guestlists":null}},"name":"Carley Hermann","code":null,"additionalGuests":0,"attendedGuests":0,"arrivedAt":null,"arrivalNote":null,"notifyOnArrivalEmail":null,"purchaseId":null},{"id":5,"createdAt":"2025-06-14T18:27:22.568404+02:00","updatedAt":"2025-06-14T18:27:22.568404+02:00","deletedAt":null,"createdById":null,"createdBy":null,"updatedById":null,"updatedBy":null,"deletedById":null,"deletedBy":null,"guestlistId":2,"guestlist":{"id":2,"createdAt":"2025-06-14T18:27:22.568185+02:00","updatedAt":"2025-06-14T18:27:22.568185+02:00","deletedAt":null,"createdById":null,"createdBy":null,"updatedById":null,"updatedBy":null,"deletedById":null,"deletedBy":null,"name":"Long Distance","typeCode":false,"productId":2,"product":{"id":0,"createdAt":"0001-01-01T00:00:00Z","updatedAt":"0001-01-01T00:00:00Z","deletedAt":null,"createdById":null,"createdBy":null,"updatedById":null,"updatedBy":null,"deletedById":null,"deletedBy":null,"name":"","netPrice":"0","vatRate":"0","wrapAfter":false,"hidden":false,"soldOut":false,"apiExport":false,"pos":0,"totalStock":0,"unitsSold":0,"soldOutRequestCount":0,"guestlists":null}},"name":"Demetrius Goodwin","code":null,"additionalGuests":0,"attendedGuests":0,"arrivedAt":null,"arrivalNote":null,"notifyOnArrivalEmail":null,"purchaseId":null},{"id":6,"createdAt":"2025-06-14T18:27:22.568439+02:00","updatedAt":"2025-06-14T18:27:22.568439+02:00","deletedAt":null,"createdById":null,"createdBy":null,"updatedById":null,"updatedBy":null,"deletedById":null,"deletedBy":null,"guestlistId":2,"guestlist":{"id":2,"createdAt":"2025-06-14T18:27:22.568185+02:00","updatedAt":"2025-06-14T18:27:22.568185+02:00","deletedAt":null,"createdById":null,"createdBy":null,"updatedById":null,"updatedBy":null,"deletedById":null,"deletedBy":null,"name":"Long Distance","typeCode":false,"productId":2,"product":{"id":0,"createdAt":"0001-01-01T00:00:00Z","updatedAt":"0001-01-01T00:00:00Z","deletedAt":null,"createdById":null,"createdBy":null,"updatedById":null,"updatedBy":null,"deletedById":null,"deletedBy":null,"name":"","netPrice":"0","vatRate":"0","wrapAfter":false,"hidden":false,"soldOut":false,"apiExport":false,"pos":0,"totalStock":0,"unitsSold":0,"soldOutRequestCount":0,"guestlists":null}},"name":"Lazaro Ruecker","code":null,"additionalGuests":0,"attendedGuests":0,"arrivedAt":null,"arrivalNote":null,"notifyOnArrivalEmail":null,"purchaseId":null},{"id":7,"createdAt":"2025-06-14T18:27:22.568479+02:00","updatedAt":"2025-06-14T18:27:22.568479+02:00","deletedAt":null,"createdById":null,"createdBy":null,"updatedById":null,"updatedBy":null,"deletedById":null,"deletedBy":null,"guestlistId":2,"guestlist":{"id":2,"createdAt":"2025-06-14T18:27:22.568185+02:00","updatedAt":"2025-06-14T18:27:22.568185+02:00","deletedAt":null,"createdById":null,"createdBy":null,"updatedById":null,"updatedBy":null,"deletedById":null,"deletedBy":null,"name":"Long Distance","typeCode":false,"productId":2,"product":{"id":0,"createdAt":"0001-01-01T00:00:00Z","updatedAt":"0001-01-01T00:00:00Z","deletedAt":null,"createdById":null,"createdBy":null,"updatedById":null,"updatedBy":null,"deletedById":null,"deletedBy":null,"name":"","netPrice":"0","vatRate":"0","wrapAfter":false,"hidden":false,"soldOut":false,"apiExport":false,"pos":0,"totalStock":0,"unitsSold":0,"soldOutRequestCount":0,"guestlists":null}},"name":"Brown Hegmann","code":null,"additionalGuests":0,"attendedGuests":0,"arrivedAt":null,"arrivalNote":null,"notifyOnArrivalEmail":null,"purchaseId":null},{"id":8,"createdAt":"2025-06-14T18:27:22.568511+02:00","updatedAt":"2025-06-14T18:27:22.568511+02:00","deletedAt":null,"createdById":null,"createdBy":null,"updatedById":null,"updatedBy":null,"deletedById":null,"deletedBy":null,"guestlistId":2,"guestlist":{"id":2,"createdAt":"2025-06-14T18:27:22.568185+02:00","updatedAt":"2025-06-14T18:27:22.568185+02:00","deletedAt":null,"createdById":null,"createdBy":null,"updatedById":null,"updatedBy":null,"deletedById":null,"deletedBy":null,"name":"Long Distance","typeCode":false,"productId":2,"product":{"id":0,"createdAt":"0001-01-01T00:00:00Z","updatedAt":"0001-01-01T00:00:00Z","deletedAt":null,"createdById":null,"createdBy":null,"updatedById":null,"updatedBy":null,"deletedById":null,"deletedBy":null,"name":"","netPrice":"0","vatRate":"0","wrapAfter":false,"hidden":false,"soldOut":false,"apiExport":false,"pos":0,"totalStock":0,"unitsSold":0,"soldOutRequestCount":0,"guestlists":null}},"name":"Maybell Ward","code":null,"additionalGuests":0,"attendedGuests":0,"arrivedAt":null,"arrivalNote":null,"notifyOnArrivalEmail":null,"purchaseId":null},{"id":9,"createdAt":"2025-06-14T18:27:22.56854+02:00","updatedAt":"2025-06-14T18:27:22.56854+02:00","deletedAt":null,"createdById":null,"createdBy":null,"updatedById":null,"updatedBy":null,"deletedById":null,"deletedBy":null,"guestlistId":2,"guestlist":{"id":2,"createdAt":"2025-06-14T18:27:22.568185+02:00","updatedAt":"2025-06-14T18:27:22.568185+02:00","deletedAt":null,"createdById":null,"createdBy":null,"updatedById":null,"updatedBy":null,"deletedById":null,"deletedBy":null,"name":"Long Distance","typeCode":false,"productId":2,"product":{"id":0,"createdAt":"0001-01-01T00:00:00Z","updatedAt":"0001-01-01T00:00:00Z","deletedAt":null,"createdById":null,"createdBy":null,"updatedById":null,"updatedBy":null,"deletedById":null,"deletedBy":null,"name":"","netPrice":"0","vatRate":"0","wrapAfter":false,"hidden":false,"soldOut":false,"apiExport":false,"pos":0,"totalStock":0,"unitsSold":0,"soldOutRequestCount":0,"guestlists":null}},"name":"Chanel McClure","code":null,"additionalGuests":0,"attendedGuests":0,"arrivedAt":null,"arrivalNote":null,"notifyOnArrivalEmail":null,"purchaseId":null},{"id":10,"createdAt":"2025-06-14T18:27:22.56857+02:00","updatedAt":"2025-06-14T18:27:22.56857+02:00","deletedAt":null,"createdById":null,"createdBy":null,"updatedById":null,"updatedBy":null,"deletedById":null,"deletedBy":null,"guestlistId":2,"guestlist":{"id":2,"createdAt":"2025-06-14T18:27:22.568185+02:00","updatedAt":"2025-06-14T18:27:22.568185+02:00","deletedAt":null,"createdById":null,"createdBy":null,"updatedById":null,"updatedBy":null,"deletedById":null,"deletedBy":null,"name":"Long Distance","typeCode":false,"productId":2,"product":{"id":0,"createdAt":"0001-01-01T00:00:00Z","updatedAt":"0001-01-01T00:00:00Z","deletedAt":null,"createdById":null,"createdBy":null,"updatedById":null,"updatedBy":null,"deletedById":null,"deletedBy":null,"name":"","netPrice":"0","vatRate":"0","wrapAfter":false,"hidden":false,"soldOut":false,"apiExport":false,"pos":0,"totalStock":0,"unitsSold":0,"soldOutRequestCount":0,"guestlists":null}},"name":"Aryanna Schulist","code":null,"additionalGuests":0,"attendedGuests":0,"arrivedAt":null,"arrivalNote":null,"notifyOnArrivalEmail":null,"purchaseId":null}]
--- PASS: TestGetGuests (0.00s)
=== RUN   TestGetGuestWithQuery
    printer.go:116: GET /api/v2/guests HTTP/1.1
        Authorization: Bearer eyJhbGciOiJIUzI1NiIsInR5cCI6IkpXVCJ9.eyJJRCI6MiwiZXhwIjoxNzQ5OTE5MDQ0LCJvcmlnX2lhdCI6MTc0OTkxODQ0NH0.ZCidgaD-PTq18MdpyLD8KBxvVLxEJYZN5uDZ-M8TgOc
        
[GIN] 2025/06/14 - 18:27:24 | 200 |     672.292µs |                 | GET      "/api/v2/guests"
    printer.go:133: HTTP/0.0 200 OK 684.208µs
        Content-Type: application/json; charset=utf-8
        X-Total-Count: 277
        
        [{"id":1,"createdAt":"2025-06-14T18:27:22.568254+02:00","updatedAt":"2025-06-14T18:27:22.568254+02:00","deletedAt":null,"createdById":null,"createdBy":null,"updatedById":null,"updatedBy":null,"deletedById":null,"deletedBy":null,"guestlistId":1,"guestlist":{"id":1,"createdAt":"2025-06-14T18:27:22.568144+02:00","updatedAt":"2025-06-14T18:27:22.568144+02:00","deletedAt":null,"createdById":null,"createdBy":null,"updatedById":null,"updatedBy":null,"deletedById":null,"deletedBy":null,"name":"Reduces Digitale Kultur","typeCode":false,"productId":2,"product":{"id":0,"createdAt":"0001-01-01T00:00:00Z","updatedAt":"0001-01-01T00:00:00Z","deletedAt":null,"createdById":null,"createdBy":null,"updatedById":null,"updatedBy":null,"deletedById":null,"deletedBy":null,"name":"","netPrice":"0","vatRate":"0","wrapAfter":false,"hidden":false,"soldOut":false,"apiExport":false,"pos":0,"totalStock":0,"unitsSold":0,"soldOutRequestCount":0,"guestlists":null}},"name":"Winona Hegmann","code":null,"additionalGuests":0,"attendedGuests":0,"arrivedAt":null,"arrivalNote":null,"notifyOnArrivalEmail":null,"purchaseId":null},{"id":2,"createdAt":"2025-06-14T18:27:22.568301+02:00","updatedAt":"2025-06-14T18:27:22.568301+02:00","deletedAt":null,"createdById":null,"createdBy":null,"updatedById":null,"updatedBy":null,"deletedById":null,"deletedBy":null,"guestlistId":1,"guestlist":{"id":1,"createdAt":"2025-06-14T18:27:22.568144+02:00","updatedAt":"2025-06-14T18:27:22.568144+02:00","deletedAt":null,"createdById":null,"createdBy":null,"updatedById":null,"updatedBy":null,"deletedById":null,"deletedBy":null,"name":"Reduces Digitale Kultur","typeCode":false,"productId":2,"product":{"id":0,"createdAt":"0001-01-01T00:00:00Z","updatedAt":"0001-01-01T00:00:00Z","deletedAt":null,"createdById":null,"createdBy":null,"updatedById":null,"updatedBy":null,"deletedById":null,"deletedBy":null,"name":"","netPrice":"0","vatRate":"0","wrapAfter":false,"hidden":false,"soldOut":false,"apiExport":false,"pos":0,"totalStock":0,"unitsSold":0,"soldOutRequestCount":0,"guestlists":null}},"name":"Hosea Adams","code":null,"additionalGuests":0,"attendedGuests":0,"arrivedAt":null,"arrivalNote":null,"notifyOnArrivalEmail":null,"purchaseId":null},{"id":3,"createdAt":"2025-06-14T18:27:22.568337+02:00","updatedAt":"2025-06-14T18:27:22.568337+02:00","deletedAt":null,"createdById":null,"createdBy":null,"updatedById":null,"updatedBy":null,"deletedById":null,"deletedBy":null,"guestlistId":1,"guestlist":{"id":1,"createdAt":"2025-06-14T18:27:22.568144+02:00","updatedAt":"2025-06-14T18:27:22.568144+02:00","deletedAt":null,"createdById":null,"createdBy":null,"updatedById":null,"updatedBy":null,"deletedById":null,"deletedBy":null,"name":"Reduces Digitale Kultur","typeCode":false,"productId":2,"product":{"id":0,"createdAt":"0001-01-01T00:00:00Z","updatedAt":"0001-01-01T00:00:00Z","deletedAt":null,"createdById":null,"createdBy":null,"updatedById":null,"updatedBy":null,"deletedById":null,"deletedBy":null,"name":"","netPrice":"0","vatRate":"0","wrapAfter":false,"hidden":false,"soldOut":false,"apiExport":false,"pos":0,"totalStock":0,"unitsSold":0,"soldOutRequestCount":0,"guestlists":null}},"name":"Ruth Casper","code":null,"additionalGuests":0,"attendedGuests":0,"arrivedAt":null,"arrivalNote":null,"notifyOnArrivalEmail":null,"purchaseId":null},{"id":4,"createdAt":"2025-06-14T18:27:22.568377+02:00","updatedAt":"2025-06-14T18:27:22.568377+02:00","deletedAt":null,"createdById":null,"createdBy":null,"updatedById":null,"updatedBy":null,"deletedById":null,"deletedBy":null,"guestlistId":1,"guestlist":{"id":1,"createdAt":"2025-06-14T18:27:22.568144+02:00","updatedAt":"2025-06-14T18:27:22.568144+02:00","deletedAt":null,"createdById":null,"createdBy":null,"updatedById":null,"updatedBy":null,"deletedById":null,"deletedBy":null,"name":"Reduces Digitale Kultur","typeCode":false,"productId":2,"product":{"id":0,"createdAt":"0001-01-01T00:00:00Z","updatedAt":"0001-01-01T00:00:00Z","deletedAt":null,"createdById":null,"createdBy":null,"updatedById":null,"updatedBy":null,"deletedById":null,"deletedBy":null,"name":"","netPrice":"0","vatRate":"0","wrapAfter":false,"hidden":false,"soldOut":false,"apiExport":false,"pos":0,"totalStock":0,"unitsSold":0,"soldOutRequestCount":0,"guestlists":null}},"name":"Carley Hermann","code":null,"additionalGuests":0,"attendedGuests":0,"arrivedAt":null,"arrivalNote":null,"notifyOnArrivalEmail":null,"purchaseId":null},{"id":5,"createdAt":"2025-06-14T18:27:22.568404+02:00","updatedAt":"2025-06-14T18:27:22.568404+02:00","deletedAt":null,"createdById":null,"createdBy":null,"updatedById":null,"updatedBy":null,"deletedById":null,"deletedBy":null,"guestlistId":2,"guestlist":{"id":2,"createdAt":"2025-06-14T18:27:22.568185+02:00","updatedAt":"2025-06-14T18:27:22.568185+02:00","deletedAt":null,"createdById":null,"createdBy":null,"updatedById":null,"updatedBy":null,"deletedById":null,"deletedBy":null,"name":"Long Distance","typeCode":false,"productId":2,"product":{"id":0,"createdAt":"0001-01-01T00:00:00Z","updatedAt":"0001-01-01T00:00:00Z","deletedAt":null,"createdById":null,"createdBy":null,"updatedById":null,"updatedBy":null,"deletedById":null,"deletedBy":null,"name":"","netPrice":"0","vatRate":"0","wrapAfter":false,"hidden":false,"soldOut":false,"apiExport":false,"pos":0,"totalStock":0,"unitsSold":0,"soldOutRequestCount":0,"guestlists":null}},"name":"Demetrius Goodwin","code":null,"additionalGuests":0,"attendedGuests":0,"arrivedAt":null,"arrivalNote":null,"notifyOnArrivalEmail":null,"purchaseId":null},{"id":6,"createdAt":"2025-06-14T18:27:22.568439+02:00","updatedAt":"2025-06-14T18:27:22.568439+02:00","deletedAt":null,"createdById":null,"createdBy":null,"updatedById":null,"updatedBy":null,"deletedById":null,"deletedBy":null,"guestlistId":2,"guestlist":{"id":2,"createdAt":"2025-06-14T18:27:22.568185+02:00","updatedAt":"2025-06-14T18:27:22.568185+02:00","deletedAt":null,"createdById":null,"createdBy":null,"updatedById":null,"updatedBy":null,"deletedById":null,"deletedBy":null,"name":"Long Distance","typeCode":false,"productId":2,"product":{"id":0,"createdAt":"0001-01-01T00:00:00Z","updatedAt":"0001-01-01T00:00:00Z","deletedAt":null,"createdById":null,"createdBy":null,"updatedById":null,"updatedBy":null,"deletedById":null,"deletedBy":null,"name":"","netPrice":"0","vatRate":"0","wrapAfter":false,"hidden":false,"soldOut":false,"apiExport":false,"pos":0,"totalStock":0,"unitsSold":0,"soldOutRequestCount":0,"guestlists":null}},"name":"Lazaro Ruecker","code":null,"additionalGuests":0,"attendedGuests":0,"arrivedAt":null,"arrivalNote":null,"notifyOnArrivalEmail":null,"purchaseId":null},{"id":7,"createdAt":"2025-06-14T18:27:22.568479+02:00","updatedAt":"2025-06-14T18:27:22.568479+02:00","deletedAt":null,"createdById":null,"createdBy":null,"updatedById":null,"updatedBy":null,"deletedById":null,"deletedBy":null,"guestlistId":2,"guestlist":{"id":2,"createdAt":"2025-06-14T18:27:22.568185+02:00","updatedAt":"2025-06-14T18:27:22.568185+02:00","deletedAt":null,"createdById":null,"createdBy":null,"updatedById":null,"updatedBy":null,"deletedById":null,"deletedBy":null,"name":"Long Distance","typeCode":false,"productId":2,"product":{"id":0,"createdAt":"0001-01-01T00:00:00Z","updatedAt":"0001-01-01T00:00:00Z","deletedAt":null,"createdById":null,"createdBy":null,"updatedById":null,"updatedBy":null,"deletedById":null,"deletedBy":null,"name":"","netPrice":"0","vatRate":"0","wrapAfter":false,"hidden":false,"soldOut":false,"apiExport":false,"pos":0,"totalStock":0,"unitsSold":0,"soldOutRequestCount":0,"guestlists":null}},"name":"Brown Hegmann","code":null,"additionalGuests":0,"attendedGuests":0,"arrivedAt":null,"arrivalNote":null,"notifyOnArrivalEmail":null,"purchaseId":null},{"id":8,"createdAt":"2025-06-14T18:27:22.568511+02:00","updatedAt":"2025-06-14T18:27:22.568511+02:00","deletedAt":null,"createdById":null,"createdBy":null,"updatedById":null,"updatedBy":null,"deletedById":null,"deletedBy":null,"guestlistId":2,"guestlist":{"id":2,"createdAt":"2025-06-14T18:27:22.568185+02:00","updatedAt":"2025-06-14T18:27:22.568185+02:00","deletedAt":null,"createdById":null,"createdBy":null,"updatedById":null,"updatedBy":null,"deletedById":null,"deletedBy":null,"name":"Long Distance","typeCode":false,"productId":2,"product":{"id":0,"createdAt":"0001-01-01T00:00:00Z","updatedAt":"0001-01-01T00:00:00Z","deletedAt":null,"createdById":null,"createdBy":null,"updatedById":null,"updatedBy":null,"deletedById":null,"deletedBy":null,"name":"","netPrice":"0","vatRate":"0","wrapAfter":false,"hidden":false,"soldOut":false,"apiExport":false,"pos":0,"totalStock":0,"unitsSold":0,"soldOutRequestCount":0,"guestlists":null}},"name":"Maybell Ward","code":null,"additionalGuests":0,"attendedGuests":0,"arrivedAt":null,"arrivalNote":null,"notifyOnArrivalEmail":null,"purchaseId":null},{"id":9,"createdAt":"2025-06-14T18:27:22.56854+02:00","updatedAt":"2025-06-14T18:27:22.56854+02:00","deletedAt":null,"createdById":null,"createdBy":null,"updatedById":null,"updatedBy":null,"deletedById":null,"deletedBy":null,"guestlistId":2,"guestlist":{"id":2,"createdAt":"2025-06-14T18:27:22.568185+02:00","updatedAt":"2025-06-14T18:27:22.568185+02:00","deletedAt":null,"createdById":null,"createdBy":null,"updatedById":null,"updatedBy":null,"deletedById":null,"deletedBy":null,"name":"Long Distance","typeCode":false,"productId":2,"product":{"id":0,"createdAt":"0001-01-01T00:00:00Z","updatedAt":"0001-01-01T00:00:00Z","deletedAt":null,"createdById":null,"createdBy":null,"updatedById":null,"updatedBy":null,"deletedById":null,"deletedBy":null,"name":"","netPrice":"0","vatRate":"0","wrapAfter":false,"hidden":false,"soldOut":false,"apiExport":false,"pos":0,"totalStock":0,"unitsSold":0,"soldOutRequestCount":0,"guestlists":null}},"name":"Chanel McClure","code":null,"additionalGuests":0,"attendedGuests":0,"arrivedAt":null,"arrivalNote":null,"notifyOnArrivalEmail":null,"purchaseId":null},{"id":10,"createdAt":"2025-06-14T18:27:22.56857+02:00","updatedAt":"2025-06-14T18:27:22.56857+02:00","deletedAt":null,"createdById":null,"createdBy":null,"updatedById":null,"updatedBy":null,"deletedById":null,"deletedBy":null,"guestlistId":2,"guestlist":{"id":2,"createdAt":"2025-06-14T18:27:22.568185+02:00","updatedAt":"2025-06-14T18:27:22.568185+02:00","deletedAt":null,"createdById":null,"createdBy":null,"updatedById":null,"updatedBy":null,"deletedById":null,"deletedBy":null,"name":"Long Distance","typeCode":false,"productId":2,"product":{"id":0,"createdAt":"0001-01-01T00:00:00Z","updatedAt":"0001-01-01T00:00:00Z","deletedAt":null,"createdById":null,"createdBy":null,"updatedById":null,"updatedBy":null,"deletedById":null,"deletedBy":null,"name":"","netPrice":"0","vatRate":"0","wrapAfter":false,"hidden":false,"soldOut":false,"apiExport":false,"pos":0,"totalStock":0,"unitsSold":0,"soldOutRequestCount":0,"guestlists":null}},"name":"Aryanna Schulist","code":null,"additionalGuests":0,"attendedGuests":0,"arrivedAt":null,"arrivalNote":null,"notifyOnArrivalEmail":null,"purchaseId":null}]
2025/06/14 18:27:24 name:  Aryanna
    printer.go:116: GET /api/v2/guests?q=Aryanna HTTP/1.1
        Authorization: Bearer eyJhbGciOiJIUzI1NiIsInR5cCI6IkpXVCJ9.eyJJRCI6MiwiZXhwIjoxNzQ5OTE5MDQ0LCJvcmlnX2lhdCI6MTc0OTkxODQ0NH0.ZCidgaD-PTq18MdpyLD8KBxvVLxEJYZN5uDZ-M8TgOc
        
[GIN] 2025/06/14 - 18:27:24 | 200 |     183.875µs |                 | GET      "/api/v2/guests?q=Aryanna"
    printer.go:133: HTTP/0.0 200 OK 187.334µs
        Content-Type: application/json; charset=utf-8
        X-Total-Count: 1
        
        [{"id":10,"createdAt":"2025-06-14T18:27:22.56857+02:00","updatedAt":"2025-06-14T18:27:22.56857+02:00","deletedAt":null,"createdById":null,"createdBy":null,"updatedById":null,"updatedBy":null,"deletedById":null,"deletedBy":null,"guestlistId":2,"guestlist":{"id":2,"createdAt":"2025-06-14T18:27:22.568185+02:00","updatedAt":"2025-06-14T18:27:22.568185+02:00","deletedAt":null,"createdById":null,"createdBy":null,"updatedById":null,"updatedBy":null,"deletedById":null,"deletedBy":null,"name":"Long Distance","typeCode":false,"productId":2,"product":{"id":0,"createdAt":"0001-01-01T00:00:00Z","updatedAt":"0001-01-01T00:00:00Z","deletedAt":null,"createdById":null,"createdBy":null,"updatedById":null,"updatedBy":null,"deletedById":null,"deletedBy":null,"name":"","netPrice":"0","vatRate":"0","wrapAfter":false,"hidden":false,"soldOut":false,"apiExport":false,"pos":0,"totalStock":0,"unitsSold":0,"soldOutRequestCount":0,"guestlists":null}},"name":"Aryanna Schulist","code":null,"additionalGuests":0,"attendedGuests":0,"arrivedAt":null,"arrivalNote":null,"notifyOnArrivalEmail":null,"purchaseId":null}]
--- PASS: TestGetGuestWithQuery (0.00s)
=== RUN   TestGetGuestWithSort
    printer.go:116: GET /api/v2/guests?_sort=id HTTP/1.1
        Authorization: Bearer eyJhbGciOiJIUzI1NiIsInR5cCI6IkpXVCJ9.eyJJRCI6MiwiZXhwIjoxNzQ5OTE5MDQ0LCJvcmlnX2lhdCI6MTc0OTkxODQ0NH0.ZCidgaD-PTq18MdpyLD8KBxvVLxEJYZN5uDZ-M8TgOc
        
[GIN] 2025/06/14 - 18:27:24 | 200 |     673.917µs |                 | GET      "/api/v2/guests?_sort=id"
    printer.go:133: HTTP/0.0 200 OK 686.875µs
        Content-Type: application/json; charset=utf-8
        X-Total-Count: 277
        
        [{"id":1,"createdAt":"2025-06-14T18:27:22.568254+02:00","updatedAt":"2025-06-14T18:27:22.568254+02:00","deletedAt":null,"createdById":null,"createdBy":null,"updatedById":null,"updatedBy":null,"deletedById":null,"deletedBy":null,"guestlistId":1,"guestlist":{"id":1,"createdAt":"2025-06-14T18:27:22.568144+02:00","updatedAt":"2025-06-14T18:27:22.568144+02:00","deletedAt":null,"createdById":null,"createdBy":null,"updatedById":null,"updatedBy":null,"deletedById":null,"deletedBy":null,"name":"Reduces Digitale Kultur","typeCode":false,"productId":2,"product":{"id":0,"createdAt":"0001-01-01T00:00:00Z","updatedAt":"0001-01-01T00:00:00Z","deletedAt":null,"createdById":null,"createdBy":null,"updatedById":null,"updatedBy":null,"deletedById":null,"deletedBy":null,"name":"","netPrice":"0","vatRate":"0","wrapAfter":false,"hidden":false,"soldOut":false,"apiExport":false,"pos":0,"totalStock":0,"unitsSold":0,"soldOutRequestCount":0,"guestlists":null}},"name":"Winona Hegmann","code":null,"additionalGuests":0,"attendedGuests":0,"arrivedAt":null,"arrivalNote":null,"notifyOnArrivalEmail":null,"purchaseId":null},{"id":2,"createdAt":"2025-06-14T18:27:22.568301+02:00","updatedAt":"2025-06-14T18:27:22.568301+02:00","deletedAt":null,"createdById":null,"createdBy":null,"updatedById":null,"updatedBy":null,"deletedById":null,"deletedBy":null,"guestlistId":1,"guestlist":{"id":1,"createdAt":"2025-06-14T18:27:22.568144+02:00","updatedAt":"2025-06-14T18:27:22.568144+02:00","deletedAt":null,"createdById":null,"createdBy":null,"updatedById":null,"updatedBy":null,"deletedById":null,"deletedBy":null,"name":"Reduces Digitale Kultur","typeCode":false,"productId":2,"product":{"id":0,"createdAt":"0001-01-01T00:00:00Z","updatedAt":"0001-01-01T00:00:00Z","deletedAt":null,"createdById":null,"createdBy":null,"updatedById":null,"updatedBy":null,"deletedById":null,"deletedBy":null,"name":"","netPrice":"0","vatRate":"0","wrapAfter":false,"hidden":false,"soldOut":false,"apiExport":false,"pos":0,"totalStock":0,"unitsSold":0,"soldOutRequestCount":0,"guestlists":null}},"name":"Hosea Adams","code":null,"additionalGuests":0,"attendedGuests":0,"arrivedAt":null,"arrivalNote":null,"notifyOnArrivalEmail":null,"purchaseId":null},{"id":3,"createdAt":"2025-06-14T18:27:22.568337+02:00","updatedAt":"2025-06-14T18:27:22.568337+02:00","deletedAt":null,"createdById":null,"createdBy":null,"updatedById":null,"updatedBy":null,"deletedById":null,"deletedBy":null,"guestlistId":1,"guestlist":{"id":1,"createdAt":"2025-06-14T18:27:22.568144+02:00","updatedAt":"2025-06-14T18:27:22.568144+02:00","deletedAt":null,"createdById":null,"createdBy":null,"updatedById":null,"updatedBy":null,"deletedById":null,"deletedBy":null,"name":"Reduces Digitale Kultur","typeCode":false,"productId":2,"product":{"id":0,"createdAt":"0001-01-01T00:00:00Z","updatedAt":"0001-01-01T00:00:00Z","deletedAt":null,"createdById":null,"createdBy":null,"updatedById":null,"updatedBy":null,"deletedById":null,"deletedBy":null,"name":"","netPrice":"0","vatRate":"0","wrapAfter":false,"hidden":false,"soldOut":false,"apiExport":false,"pos":0,"totalStock":0,"unitsSold":0,"soldOutRequestCount":0,"guestlists":null}},"name":"Ruth Casper","code":null,"additionalGuests":0,"attendedGuests":0,"arrivedAt":null,"arrivalNote":null,"notifyOnArrivalEmail":null,"purchaseId":null},{"id":4,"createdAt":"2025-06-14T18:27:22.568377+02:00","updatedAt":"2025-06-14T18:27:22.568377+02:00","deletedAt":null,"createdById":null,"createdBy":null,"updatedById":null,"updatedBy":null,"deletedById":null,"deletedBy":null,"guestlistId":1,"guestlist":{"id":1,"createdAt":"2025-06-14T18:27:22.568144+02:00","updatedAt":"2025-06-14T18:27:22.568144+02:00","deletedAt":null,"createdById":null,"createdBy":null,"updatedById":null,"updatedBy":null,"deletedById":null,"deletedBy":null,"name":"Reduces Digitale Kultur","typeCode":false,"productId":2,"product":{"id":0,"createdAt":"0001-01-01T00:00:00Z","updatedAt":"0001-01-01T00:00:00Z","deletedAt":null,"createdById":null,"createdBy":null,"updatedById":null,"updatedBy":null,"deletedById":null,"deletedBy":null,"name":"","netPrice":"0","vatRate":"0","wrapAfter":false,"hidden":false,"soldOut":false,"apiExport":false,"pos":0,"totalStock":0,"unitsSold":0,"soldOutRequestCount":0,"guestlists":null}},"name":"Carley Hermann","code":null,"additionalGuests":0,"attendedGuests":0,"arrivedAt":null,"arrivalNote":null,"notifyOnArrivalEmail":null,"purchaseId":null},{"id":5,"createdAt":"2025-06-14T18:27:22.568404+02:00","updatedAt":"2025-06-14T18:27:22.568404+02:00","deletedAt":null,"createdById":null,"createdBy":null,"updatedById":null,"updatedBy":null,"deletedById":null,"deletedBy":null,"guestlistId":2,"guestlist":{"id":2,"createdAt":"2025-06-14T18:27:22.568185+02:00","updatedAt":"2025-06-14T18:27:22.568185+02:00","deletedAt":null,"createdById":null,"createdBy":null,"updatedById":null,"updatedBy":null,"deletedById":null,"deletedBy":null,"name":"Long Distance","typeCode":false,"productId":2,"product":{"id":0,"createdAt":"0001-01-01T00:00:00Z","updatedAt":"0001-01-01T00:00:00Z","deletedAt":null,"createdById":null,"createdBy":null,"updatedById":null,"updatedBy":null,"deletedById":null,"deletedBy":null,"name":"","netPrice":"0","vatRate":"0","wrapAfter":false,"hidden":false,"soldOut":false,"apiExport":false,"pos":0,"totalStock":0,"unitsSold":0,"soldOutRequestCount":0,"guestlists":null}},"name":"Demetrius Goodwin","code":null,"additionalGuests":0,"attendedGuests":0,"arrivedAt":null,"arrivalNote":null,"notifyOnArrivalEmail":null,"purchaseId":null},{"id":6,"createdAt":"2025-06-14T18:27:22.568439+02:00","updatedAt":"2025-06-14T18:27:22.568439+02:00","deletedAt":null,"createdById":null,"createdBy":null,"updatedById":null,"updatedBy":null,"deletedById":null,"deletedBy":null,"guestlistId":2,"guestlist":{"id":2,"createdAt":"2025-06-14T18:27:22.568185+02:00","updatedAt":"2025-06-14T18:27:22.568185+02:00","deletedAt":null,"createdById":null,"createdBy":null,"updatedById":null,"updatedBy":null,"deletedById":null,"deletedBy":null,"name":"Long Distance","typeCode":false,"productId":2,"product":{"id":0,"createdAt":"0001-01-01T00:00:00Z","updatedAt":"0001-01-01T00:00:00Z","deletedAt":null,"createdById":null,"createdBy":null,"updatedById":null,"updatedBy":null,"deletedById":null,"deletedBy":null,"name":"","netPrice":"0","vatRate":"0","wrapAfter":false,"hidden":false,"soldOut":false,"apiExport":false,"pos":0,"totalStock":0,"unitsSold":0,"soldOutRequestCount":0,"guestlists":null}},"name":"Lazaro Ruecker","code":null,"additionalGuests":0,"attendedGuests":0,"arrivedAt":null,"arrivalNote":null,"notifyOnArrivalEmail":null,"purchaseId":null},{"id":7,"createdAt":"2025-06-14T18:27:22.568479+02:00","updatedAt":"2025-06-14T18:27:22.568479+02:00","deletedAt":null,"createdById":null,"createdBy":null,"updatedById":null,"updatedBy":null,"deletedById":null,"deletedBy":null,"guestlistId":2,"guestlist":{"id":2,"createdAt":"2025-06-14T18:27:22.568185+02:00","updatedAt":"2025-06-14T18:27:22.568185+02:00","deletedAt":null,"createdById":null,"createdBy":null,"updatedById":null,"updatedBy":null,"deletedById":null,"deletedBy":null,"name":"Long Distance","typeCode":false,"productId":2,"product":{"id":0,"createdAt":"0001-01-01T00:00:00Z","updatedAt":"0001-01-01T00:00:00Z","deletedAt":null,"createdById":null,"createdBy":null,"updatedById":null,"updatedBy":null,"deletedById":null,"deletedBy":null,"name":"","netPrice":"0","vatRate":"0","wrapAfter":false,"hidden":false,"soldOut":false,"apiExport":false,"pos":0,"totalStock":0,"unitsSold":0,"soldOutRequestCount":0,"guestlists":null}},"name":"Brown Hegmann","code":null,"additionalGuests":0,"attendedGuests":0,"arrivedAt":null,"arrivalNote":null,"notifyOnArrivalEmail":null,"purchaseId":null},{"id":8,"createdAt":"2025-06-14T18:27:22.568511+02:00","updatedAt":"2025-06-14T18:27:22.568511+02:00","deletedAt":null,"createdById":null,"createdBy":null,"updatedById":null,"updatedBy":null,"deletedById":null,"deletedBy":null,"guestlistId":2,"guestlist":{"id":2,"createdAt":"2025-06-14T18:27:22.568185+02:00","updatedAt":"2025-06-14T18:27:22.568185+02:00","deletedAt":null,"createdById":null,"createdBy":null,"updatedById":null,"updatedBy":null,"deletedById":null,"deletedBy":null,"name":"Long Distance","typeCode":false,"productId":2,"product":{"id":0,"createdAt":"0001-01-01T00:00:00Z","updatedAt":"0001-01-01T00:00:00Z","deletedAt":null,"createdById":null,"createdBy":null,"updatedById":null,"updatedBy":null,"deletedById":null,"deletedBy":null,"name":"","netPrice":"0","vatRate":"0","wrapAfter":false,"hidden":false,"soldOut":false,"apiExport":false,"pos":0,"totalStock":0,"unitsSold":0,"soldOutRequestCount":0,"guestlists":null}},"name":"Maybell Ward","code":null,"additionalGuests":0,"attendedGuests":0,"arrivedAt":null,"arrivalNote":null,"notifyOnArrivalEmail":null,"purchaseId":null},{"id":9,"createdAt":"2025-06-14T18:27:22.56854+02:00","updatedAt":"2025-06-14T18:27:22.56854+02:00","deletedAt":null,"createdById":null,"createdBy":null,"updatedById":null,"updatedBy":null,"deletedById":null,"deletedBy":null,"guestlistId":2,"guestlist":{"id":2,"createdAt":"2025-06-14T18:27:22.568185+02:00","updatedAt":"2025-06-14T18:27:22.568185+02:00","deletedAt":null,"createdById":null,"createdBy":null,"updatedById":null,"updatedBy":null,"deletedById":null,"deletedBy":null,"name":"Long Distance","typeCode":false,"productId":2,"product":{"id":0,"createdAt":"0001-01-01T00:00:00Z","updatedAt":"0001-01-01T00:00:00Z","deletedAt":null,"createdById":null,"createdBy":null,"updatedById":null,"updatedBy":null,"deletedById":null,"deletedBy":null,"name":"","netPrice":"0","vatRate":"0","wrapAfter":false,"hidden":false,"soldOut":false,"apiExport":false,"pos":0,"totalStock":0,"unitsSold":0,"soldOutRequestCount":0,"guestlists":null}},"name":"Chanel McClure","code":null,"additionalGuests":0,"attendedGuests":0,"arrivedAt":null,"arrivalNote":null,"notifyOnArrivalEmail":null,"purchaseId":null},{"id":10,"createdAt":"2025-06-14T18:27:22.56857+02:00","updatedAt":"2025-06-14T18:27:22.56857+02:00","deletedAt":null,"createdById":null,"createdBy":null,"updatedById":null,"updatedBy":null,"deletedById":null,"deletedBy":null,"guestlistId":2,"guestlist":{"id":2,"createdAt":"2025-06-14T18:27:22.568185+02:00","updatedAt":"2025-06-14T18:27:22.568185+02:00","deletedAt":null,"createdById":null,"createdBy":null,"updatedById":null,"updatedBy":null,"deletedById":null,"deletedBy":null,"name":"Long Distance","typeCode":false,"productId":2,"product":{"id":0,"createdAt":"0001-01-01T00:00:00Z","updatedAt":"0001-01-01T00:00:00Z","deletedAt":null,"createdById":null,"createdBy":null,"updatedById":null,"updatedBy":null,"deletedById":null,"deletedBy":null,"name":"","netPrice":"0","vatRate":"0","wrapAfter":false,"hidden":false,"soldOut":false,"apiExport":false,"pos":0,"totalStock":0,"unitsSold":0,"soldOutRequestCount":0,"guestlists":null}},"name":"Aryanna Schulist","code":null,"additionalGuests":0,"attendedGuests":0,"arrivedAt":null,"arrivalNote":null,"notifyOnArrivalEmail":null,"purchaseId":null}]
    printer.go:116: GET /api/v2/guests?_sort=name HTTP/1.1
        Authorization: Bearer eyJhbGciOiJIUzI1NiIsInR5cCI6IkpXVCJ9.eyJJRCI6MiwiZXhwIjoxNzQ5OTE5MDQ0LCJvcmlnX2lhdCI6MTc0OTkxODQ0NH0.ZCidgaD-PTq18MdpyLD8KBxvVLxEJYZN5uDZ-M8TgOc
        
[GIN] 2025/06/14 - 18:27:24 | 200 |     229.417µs |                 | GET      "/api/v2/guests?_sort=name"
    printer.go:133: HTTP/0.0 200 OK 233µs
        Content-Type: application/json; charset=utf-8
        X-Total-Count: 277
        
        [{"id":99,"createdAt":"2025-06-14T18:27:22.572385+02:00","updatedAt":"2025-06-14T18:27:22.572385+02:00","deletedAt":null,"createdById":null,"createdBy":null,"updatedById":null,"updatedBy":null,"deletedById":null,"deletedBy":null,"guestlistId":13,"guestlist":{"id":13,"createdAt":"2025-06-14T18:27:22.571662+02:00","updatedAt":"2025-06-14T18:27:22.571662+02:00","deletedAt":null,"createdById":null,"createdBy":null,"updatedById":null,"updatedBy":null,"deletedById":null,"deletedBy":null,"name":"Guestlist Mekhi","typeCode":false,"productId":3,"product":{"id":0,"createdAt":"0001-01-01T00:00:00Z","updatedAt":"0001-01-01T00:00:00Z","deletedAt":null,"createdById":null,"createdBy":null,"updatedById":null,"updatedBy":null,"deletedById":null,"deletedBy":null,"name":"","netPrice":"0","vatRate":"0","wrapAfter":false,"hidden":false,"soldOut":false,"apiExport":false,"pos":0,"totalStock":0,"unitsSold":0,"soldOutRequestCount":0,"guestlists":null}},"name":"Abbigail Orn","code":null,"additionalGuests":0,"attendedGuests":0,"arrivedAt":null,"arrivalNote":null,"notifyOnArrivalEmail":null,"purchaseId":null},{"id":191,"createdAt":"2025-06-14T18:27:22.575657+02:00","updatedAt":"2025-06-14T18:27:22.575657+02:00","deletedAt":null,"createdById":null,"createdBy":null,"updatedById":null,"updatedBy":null,"deletedById":null,"deletedBy":null,"guestlistId":28,"guestlist":{"id":28,"createdAt":"2025-06-14T18:27:22.575554+02:00","updatedAt":"2025-06-14T18:27:22.575554+02:00","deletedAt":null,"createdById":null,"createdBy":null,"updatedById":null,"updatedBy":null,"deletedById":null,"deletedBy":null,"name":"Guestlist Marcos","typeCode":false,"productId":3,"product":{"id":0,"createdAt":"0001-01-01T00:00:00Z","updatedAt":"0001-01-01T00:00:00Z","deletedAt":null,"createdById":null,"createdBy":null,"updatedById":null,"updatedBy":null,"deletedById":null,"deletedBy":null,"name":"","netPrice":"0","vatRate":"0","wrapAfter":false,"hidden":false,"soldOut":false,"apiExport":false,"pos":0,"totalStock":0,"unitsSold":0,"soldOutRequestCount":0,"guestlists":null}},"name":"Abelardo Fahey","code":null,"additionalGuests":0,"attendedGuests":0,"arrivedAt":null,"arrivalNote":null,"notifyOnArrivalEmail":null,"purchaseId":null},{"id":163,"createdAt":"2025-06-14T18:27:22.574751+02:00","updatedAt":"2025-06-14T18:27:22.574751+02:00","deletedAt":null,"createdById":null,"createdBy":null,"updatedById":null,"updatedBy":null,"deletedById":null,"deletedBy":null,"guestlistId":22,"guestlist":{"id":22,"createdAt":"2025-06-14T18:27:22.574622+02:00","updatedAt":"2025-06-14T18:27:22.574622+02:00","deletedAt":null,"createdById":null,"createdBy":null,"updatedById":null,"updatedBy":null,"deletedById":null,"deletedBy":null,"name":"Guestlist Autumn","typeCode":false,"productId":3,"product":{"id":0,"createdAt":"0001-01-01T00:00:00Z","updatedAt":"0001-01-01T00:00:00Z","deletedAt":null,"createdById":null,"createdBy":null,"updatedById":null,"updatedBy":null,"deletedById":null,"deletedBy":null,"name":"","netPrice":"0","vatRate":"0","wrapAfter":false,"hidden":false,"soldOut":false,"apiExport":false,"pos":0,"totalStock":0,"unitsSold":0,"soldOutRequestCount":0,"guestlists":null}},"name":"Adele Goldner","code":null,"additionalGuests":0,"attendedGuests":1,"arrivedAt":"2001-05-03T19:21:24.500778083Z","arrivalNote":null,"notifyOnArrivalEmail":null,"purchaseId":null},{"id":21,"createdAt":"2025-06-14T18:27:22.568922+02:00","updatedAt":"2025-06-14T18:27:22.568922+02:00","deletedAt":null,"createdById":null,"createdBy":null,"updatedById":null,"updatedBy":null,"deletedById":null,"deletedBy":null,"guestlistId":3,"guestlist":{"id":3,"createdAt":"2025-06-14T18:27:22.568211+02:00","updatedAt":"2025-06-14T18:27:22.568211+02:00","deletedAt":null,"createdById":null,"createdBy":null,"updatedById":null,"updatedBy":null,"deletedById":null,"deletedBy":null,"name":"Deine Tickets","typeCode":true,"productId":4,"product":{"id":0,"createdAt":"0001-01-01T00:00:00Z","updatedAt":"0001-01-01T00:00:00Z","deletedAt":null,"createdById":null,"createdBy":null,"updatedById":null,"updatedBy":null,"deletedById":null,"deletedBy":null,"name":"","netPrice":"0","vatRate":"0","wrapAfter":false,"hidden":false,"soldOut":false,"apiExport":false,"pos":0,"totalStock":0,"unitsSold":0,"soldOutRequestCount":0,"guestlists":null}},"name":"Aditya Dickinson","code":"2EI4FJB3A","additionalGuests":0,"attendedGuests":0,"arrivedAt":null,"arrivalNote":null,"notifyOnArrivalEmail":null,"purchaseId":null},{"id":137,"createdAt":"2025-06-14T18:27:22.573769+02:00","updatedAt":"2025-06-14T18:27:22.573769+02:00","deletedAt":null,"createdById":null,"createdBy":null,"updatedById":null,"updatedBy":null,"deletedById":null,"deletedBy":null,"guestlistId":18,"guestlist":{"id":18,"createdAt":"2025-06-14T18:27:22.573573+02:00","updatedAt":"2025-06-14T18:27:22.573573+02:00","deletedAt":null,"createdById":null,"createdBy":null,"updatedById":null,"updatedBy":null,"deletedById":null,"deletedBy":null,"name":"Guestlist Kirk","typeCode":false,"productId":3,"product":{"id":0,"createdAt":"0001-01-01T00:00:00Z","updatedAt":"0001-01-01T00:00:00Z","deletedAt":null,"createdById":null,"createdBy":null,"updatedById":null,"updatedBy":null,"deletedById":null,"deletedBy":null,"name":"","netPrice":"0","vatRate":"0","wrapAfter":false,"hidden":false,"soldOut":false,"apiExport":false,"pos":0,"totalStock":0,"unitsSold":0,"soldOutRequestCount":0,"guestlists":null}},"name":"Adolphus Green","code":null,"additionalGuests":1,"attendedGuests":1,"arrivedAt":"1966-09-04T11:28:23.891349047Z","arrivalNote":null,"notifyOnArrivalEmail":null,"purchaseId":null},{"id":252,"createdAt":"2025-06-14T18:27:22.578072+02:00","updatedAt":"2025-06-14T18:27:22.578072+02:00","deletedAt":null,"createdById":null,"createdBy":null,"updatedById":null,"updatedBy":null,"deletedById":null,"deletedBy":null,"guestlistId":37,"guestlist":{"id":37,"createdAt":"2025-06-14T18:27:22.578025+02:00","updatedAt":"2025-06-14T18:27:22.578025+02:00","deletedAt":null,"createdById":null,"createdBy":null,"updatedById":null,"updatedBy":null,"deletedById":null,"deletedBy":null,"name":"Guestlist Reuben","typeCode":false,"productId":3,"product":{"id":0,"createdAt":"0001-01-01T00:00:00Z","updatedAt":"0001-01-01T00:00:00Z","deletedAt":null,"createdById":null,"createdBy":null,"updatedById":null,"updatedBy":null,"deletedById":null,"deletedBy":null,"name":"","netPrice":"0","vatRate":"0","wrapAfter":false,"hidden":false,"soldOut":false,"apiExport":false,"pos":0,"totalStock":0,"unitsSold":0,"soldOutRequestCount":0,"guestlists":null}},"name":"Adrienne Gleichner","code":null,"additionalGuests":0,"attendedGuests":0,"arrivedAt":null,"arrivalNote":null,"notifyOnArrivalEmail":null,"purchaseId":null},{"id":11,"createdAt":"2025-06-14T18:27:22.568604+02:00","updatedAt":"2025-06-14T18:27:22.568604+02:00","deletedAt":null,"createdById":null,"createdBy":null,"updatedById":null,"updatedBy":null,"deletedById":null,"deletedBy":null,"guestlistId":2,"guestlist":{"id":2,"createdAt":"2025-06-14T18:27:22.568185+02:00","updatedAt":"2025-06-14T18:27:22.568185+02:00","deletedAt":null,"createdById":null,"createdBy":null,"updatedById":null,"updatedBy":null,"deletedById":null,"deletedBy":null,"name":"Long Distance","typeCode":false,"productId":2,"product":{"id":0,"createdAt":"0001-01-01T00:00:00Z","updatedAt":"0001-01-01T00:00:00Z","deletedAt":null,"createdById":null,"createdBy":null,"updatedById":null,"updatedBy":null,"deletedById":null,"deletedBy":null,"name":"","netPrice":"0","vatRate":"0","wrapAfter":false,"hidden":false,"soldOut":false,"apiExport":false,"pos":0,"totalStock":0,"unitsSold":0,"soldOutRequestCount":0,"guestlists":null}},"name":"Alba Bogan","code":null,"additionalGuests":0,"attendedGuests":0,"arrivedAt":null,"arrivalNote":null,"notifyOnArrivalEmail":null,"purchaseId":null},{"id":231,"createdAt":"2025-06-14T18:27:22.576962+02:00","updatedAt":"2025-06-14T18:27:22.576962+02:00","deletedAt":null,"createdById":null,"createdBy":null,"updatedById":null,"updatedBy":null,"deletedById":null,"deletedBy":null,"guestlistId":35,"guestlist":{"id":35,"createdAt":"2025-06-14T18:27:22.576834+02:00","updatedAt":"2025-06-14T18:27:22.576834+02:00","deletedAt":null,"createdById":null,"createdBy":null,"updatedById":null,"updatedBy":null,"deletedById":null,"deletedBy":null,"name":"Guestlist Berry","typeCode":false,"productId":3,"product":{"id":0,"createdAt":"0001-01-01T00:00:00Z","updatedAt":"0001-01-01T00:00:00Z","deletedAt":null,"createdById":null,"createdBy":null,"updatedById":null,"updatedBy":null,"deletedById":null,"deletedBy":null,"name":"","netPrice":"0","vatRate":"0","wrapAfter":false,"hidden":false,"soldOut":false,"apiExport":false,"pos":0,"totalStock":0,"unitsSold":0,"soldOutRequestCount":0,"guestlists":null}},"name":"Alexis Kautzer","code":null,"additionalGuests":2,"attendedGuests":0,"arrivedAt":null,"arrivalNote":null,"notifyOnArrivalEmail":null,"purchaseId":null},{"id":136,"createdAt":"2025-06-14T18:27:22.573739+02:00","updatedAt":"2025-06-14T18:27:22.573739+02:00","deletedAt":null,"createdById":null,"createdBy":null,"updatedById":null,"updatedBy":null,"deletedById":null,"deletedBy":null,"guestlistId":18,"guestlist":{"id":18,"createdAt":"2025-06-14T18:27:22.573573+02:00","updatedAt":"2025-06-14T18:27:22.573573+02:00","deletedAt":null,"createdById":null,"createdBy":null,"updatedById":null,"updatedBy":null,"deletedById":null,"deletedBy":null,"name":"Guestlist Kirk","typeCode":false,"productId":3,"product":{"id":0,"createdAt":"0001-01-01T00:00:00Z","updatedAt":"0001-01-01T00:00:00Z","deletedAt":null,"createdById":null,"createdBy":null,"updatedById":null,"updatedBy":null,"deletedById":null,"deletedBy":null,"name":"","netPrice":"0","vatRate":"0","wrapAfter":false,"hidden":false,"soldOut":false,"apiExport":false,"pos":0,"totalStock":0,"unitsSold":0,"soldOutRequestCount":0,"guestlists":null}},"name":"Alfredo Rosenbaum","code":null,"additionalGuests":2,"attendedGuests":0,"arrivedAt":null,"arrivalNote":null,"notifyOnArrivalEmail":null,"purchaseId":null},{"id":77,"createdAt":"2025-06-14T18:27:22.57091+02:00","updatedAt":"2025-06-14T18:27:22.57091+02:00","deletedAt":null,"createdById":null,"createdBy":null,"updatedById":null,"updatedBy":null,"deletedById":null,"deletedBy":null,"guestlistId":9,"guestlist":{"id":9,"createdAt":"2025-06-14T18:27:22.570504+02:00","updatedAt":"2025-06-14T18:27:22.570504+02:00","deletedAt":null,"createdById":null,"createdBy":null,"updatedById":null,"updatedBy":null,"deletedById":null,"deletedBy":null,"name":"Guestlist Gudrun","typeCode":false,"productId":3,"product":{"id":0,"createdAt":"0001-01-01T00:00:00Z","updatedAt":"0001-01-01T00:00:00Z","deletedAt":null,"createdById":null,"createdBy":null,"updatedById":null,"updatedBy":null,"deletedById":null,"deletedBy":null,"name":"","netPrice":"0","vatRate":"0","wrapAfter":false,"hidden":false,"soldOut":false,"apiExport":false,"pos":0,"totalStock":0,"unitsSold":0,"soldOutRequestCount":0,"guestlists":null}},"name":"Alison Hodkiewicz","code":null,"additionalGuests":1,"attendedGuests":1,"arrivedAt":"1934-05-14T17:09:37.738049627Z","arrivalNote":null,"notifyOnArrivalEmail":null,"purchaseId":null}]
    printer.go:116: GET /api/v2/guests?_sort=guestlist.name HTTP/1.1
        Authorization: Bearer eyJhbGciOiJIUzI1NiIsInR5cCI6IkpXVCJ9.eyJJRCI6MiwiZXhwIjoxNzQ5OTE5MDQ0LCJvcmlnX2lhdCI6MTc0OTkxODQ0NH0.ZCidgaD-PTq18MdpyLD8KBxvVLxEJYZN5uDZ-M8TgOc
        
[GIN] 2025/06/14 - 18:27:24 | 200 |     201.708µs |                 | GET      "/api/v2/guests?_sort=guestlist.name"
    printer.go:133: HTTP/0.0 200 OK 204.917µs
        Content-Type: application/json; charset=utf-8
        X-Total-Count: 277
        
        [{"id":19,"createdAt":"2025-06-14T18:27:22.568862+02:00","updatedAt":"2025-06-14T18:27:22.568862+02:00","deletedAt":null,"createdById":null,"createdBy":null,"updatedById":null,"updatedBy":null,"deletedById":null,"deletedBy":null,"guestlistId":3,"guestlist":{"id":3,"createdAt":"2025-06-14T18:27:22.568211+02:00","updatedAt":"2025-06-14T18:27:22.568211+02:00","deletedAt":null,"createdById":null,"createdBy":null,"updatedById":null,"updatedBy":null,"deletedById":null,"deletedBy":null,"name":"Deine Tickets","typeCode":true,"productId":4,"product":{"id":0,"createdAt":"0001-01-01T00:00:00Z","updatedAt":"0001-01-01T00:00:00Z","deletedAt":null,"createdById":null,"createdBy":null,"updatedById":null,"updatedBy":null,"deletedById":null,"deletedBy":null,"name":"","netPrice":"0","vatRate":"0","wrapAfter":false,"hidden":false,"soldOut":false,"apiExport":false,"pos":0,"totalStock":0,"unitsSold":0,"soldOutRequestCount":0,"guestlists":null}},"name":"Carmine Welch","code":"56DF2WCEK","additionalGuests":0,"attendedGuests":0,"arrivedAt":null,"arrivalNote":null,"notifyOnArrivalEmail":null,"purchaseId":null},{"id":20,"createdAt":"2025-06-14T18:27:22.568891+02:00","updatedAt":"2025-06-14T18:27:22.568891+02:00","deletedAt":null,"createdById":null,"createdBy":null,"updatedById":null,"updatedBy":null,"deletedById":null,"deletedBy":null,"guestlistId":3,"guestlist":{"id":3,"createdAt":"2025-06-14T18:27:22.568211+02:00","updatedAt":"2025-06-14T18:27:22.568211+02:00","deletedAt":null,"createdById":null,"createdBy":null,"updatedById":null,"updatedBy":null,"deletedById":null,"deletedBy":null,"name":"Deine Tickets","typeCode":true,"productId":4,"product":{"id":0,"createdAt":"0001-01-01T00:00:00Z","updatedAt":"0001-01-01T00:00:00Z","deletedAt":null,"createdById":null,"createdBy":null,"updatedById":null,"updatedBy":null,"deletedById":null,"deletedBy":null,"name":"","netPrice":"0","vatRate":"0","wrapAfter":false,"hidden":false,"soldOut":false,"apiExport":false,"pos":0,"totalStock":0,"unitsSold":0,"soldOutRequestCount":0,"guestlists":null}},"name":"Candido Trantow","code":"5H9OURING","additionalGuests":0,"attendedGuests":0,"arrivedAt":null,"arrivalNote":null,"notifyOnArrivalEmail":null,"purchaseId":null},{"id":21,"createdAt":"2025-06-14T18:27:22.568922+02:00","updatedAt":"2025-06-14T18:27:22.568922+02:00","deletedAt":null,"createdById":null,"createdBy":null,"updatedById":null,"updatedBy":null,"deletedById":null,"deletedBy":null,"guestlistId":3,"guestlist":{"id":3,"createdAt":"2025-06-14T18:27:22.568211+02:00","updatedAt":"2025-06-14T18:27:22.568211+02:00","deletedAt":null,"createdById":null,"createdBy":null,"updatedById":null,"updatedBy":null,"deletedById":null,"deletedBy":null,"name":"Deine Tickets","typeCode":true,"productId":4,"product":{"id":0,"createdAt":"0001-01-01T00:00:00Z","updatedAt":"0001-01-01T00:00:00Z","deletedAt":null,"createdById":null,"createdBy":null,"updatedById":null,"updatedBy":null,"deletedById":null,"deletedBy":null,"name":"","netPrice":"0","vatRate":"0","wrapAfter":false,"hidden":false,"soldOut":false,"apiExport":false,"pos":0,"totalStock":0,"unitsSold":0,"soldOutRequestCount":0,"guestlists":null}},"name":"Aditya Dickinson","code":"2EI4FJB3A","additionalGuests":0,"attendedGuests":0,"arrivedAt":null,"arrivalNote":null,"notifyOnArrivalEmail":null,"purchaseId":null},{"id":22,"createdAt":"2025-06-14T18:27:22.568949+02:00","updatedAt":"2025-06-14T18:27:22.568949+02:00","deletedAt":null,"createdById":null,"createdBy":null,"updatedById":null,"updatedBy":null,"deletedById":null,"deletedBy":null,"guestlistId":3,"guestlist":{"id":3,"createdAt":"2025-06-14T18:27:22.568211+02:00","updatedAt":"2025-06-14T18:27:22.568211+02:00","deletedAt":null,"createdById":null,"createdBy":null,"updatedById":null,"updatedBy":null,"deletedById":null,"deletedBy":null,"name":"Deine Tickets","typeCode":true,"productId":4,"product":{"id":0,"createdAt":"0001-01-01T00:00:00Z","updatedAt":"0001-01-01T00:00:00Z","deletedAt":null,"createdById":null,"createdBy":null,"updatedById":null,"updatedBy":null,"deletedById":null,"deletedBy":null,"name":"","netPrice":"0","vatRate":"0","wrapAfter":false,"hidden":false,"soldOut":false,"apiExport":false,"pos":0,"totalStock":0,"unitsSold":0,"soldOutRequestCount":0,"guestlists":null}},"name":"Orpha Pollich","code":"MT8EODR39","additionalGuests":0,"attendedGuests":0,"arrivedAt":null,"arrivalNote":null,"notifyOnArrivalEmail":null,"purchaseId":null},{"id":23,"createdAt":"2025-06-14T18:27:22.56898+02:00","updatedAt":"2025-06-14T18:27:22.56898+02:00","deletedAt":null,"createdById":null,"createdBy":null,"updatedById":null,"updatedBy":null,"deletedById":null,"deletedBy":null,"guestlistId":3,"guestlist":{"id":3,"createdAt":"2025-06-14T18:27:22.568211+02:00","updatedAt":"2025-06-14T18:27:22.568211+02:00","deletedAt":null,"createdById":null,"createdBy":null,"updatedById":null,"updatedBy":null,"deletedById":null,"deletedBy":null,"name":"Deine Tickets","typeCode":true,"productId":4,"product":{"id":0,"createdAt":"0001-01-01T00:00:00Z","updatedAt":"0001-01-01T00:00:00Z","deletedAt":null,"createdById":null,"createdBy":null,"updatedById":null,"updatedBy":null,"deletedById":null,"deletedBy":null,"name":"","netPrice":"0","vatRate":"0","wrapAfter":false,"hidden":false,"soldOut":false,"apiExport":false,"pos":0,"totalStock":0,"unitsSold":0,"soldOutRequestCount":0,"guestlists":null}},"name":"Sabrina Macejkovic","code":"NDK7QVJ2K","additionalGuests":0,"attendedGuests":0,"arrivedAt":null,"arrivalNote":null,"notifyOnArrivalEmail":null,"purchaseId":null},{"id":24,"createdAt":"2025-06-14T18:27:22.569019+02:00","updatedAt":"2025-06-14T18:27:22.569019+02:00","deletedAt":null,"createdById":null,"createdBy":null,"updatedById":null,"updatedBy":null,"deletedById":null,"deletedBy":null,"guestlistId":3,"guestlist":{"id":3,"createdAt":"2025-06-14T18:27:22.568211+02:00","updatedAt":"2025-06-14T18:27:22.568211+02:00","deletedAt":null,"createdById":null,"createdBy":null,"updatedById":null,"updatedBy":null,"deletedById":null,"deletedBy":null,"name":"Deine Tickets","typeCode":true,"productId":4,"product":{"id":0,"createdAt":"0001-01-01T00:00:00Z","updatedAt":"0001-01-01T00:00:00Z","deletedAt":null,"createdById":null,"createdBy":null,"updatedById":null,"updatedBy":null,"deletedById":null,"deletedBy":null,"name":"","netPrice":"0","vatRate":"0","wrapAfter":false,"hidden":false,"soldOut":false,"apiExport":false,"pos":0,"totalStock":0,"unitsSold":0,"soldOutRequestCount":0,"guestlists":null}},"name":"Felipa Predovic","code":"M1WT44W23","additionalGuests":0,"attendedGuests":0,"arrivedAt":null,"arrivalNote":null,"notifyOnArrivalEmail":null,"purchaseId":null},{"id":25,"createdAt":"2025-06-14T18:27:22.569048+02:00","updatedAt":"2025-06-14T18:27:22.569048+02:00","deletedAt":null,"createdById":null,"createdBy":null,"updatedById":null,"updatedBy":null,"deletedById":null,"deletedBy":null,"guestlistId":3,"guestlist":{"id":3,"createdAt":"2025-06-14T18:27:22.568211+02:00","updatedAt":"2025-06-14T18:27:22.568211+02:00","deletedAt":null,"createdById":null,"createdBy":null,"updatedById":null,"updatedBy":null,"deletedById":null,"deletedBy":null,"name":"Deine Tickets","typeCode":true,"productId":4,"product":{"id":0,"createdAt":"0001-01-01T00:00:00Z","updatedAt":"0001-01-01T00:00:00Z","deletedAt":null,"createdById":null,"createdBy":null,"updatedById":null,"updatedBy":null,"deletedById":null,"deletedBy":null,"name":"","netPrice":"0","vatRate":"0","wrapAfter":false,"hidden":false,"soldOut":false,"apiExport":false,"pos":0,"totalStock":0,"unitsSold":0,"soldOutRequestCount":0,"guestlists":null}},"name":"Thora Ratke","code":"V77CL9KOX","additionalGuests":0,"attendedGuests":0,"arrivedAt":null,"arrivalNote":null,"notifyOnArrivalEmail":null,"purchaseId":null},{"id":26,"createdAt":"2025-06-14T18:27:22.569078+02:00","updatedAt":"2025-06-14T18:27:22.569078+02:00","deletedAt":null,"createdById":null,"createdBy":null,"updatedById":null,"updatedBy":null,"deletedById":null,"deletedBy":null,"guestlistId":3,"guestlist":{"id":3,"createdAt":"2025-06-14T18:27:22.568211+02:00","updatedAt":"2025-06-14T18:27:22.568211+02:00","deletedAt":null,"createdById":null,"createdBy":null,"updatedById":null,"updatedBy":null,"deletedById":null,"deletedBy":null,"name":"Deine Tickets","typeCode":true,"productId":4,"product":{"id":0,"createdAt":"0001-01-01T00:00:00Z","updatedAt":"0001-01-01T00:00:00Z","deletedAt":null,"createdById":null,"createdBy":null,"updatedById":null,"updatedBy":null,"deletedById":null,"deletedBy":null,"name":"","netPrice":"0","vatRate":"0","wrapAfter":false,"hidden":false,"soldOut":false,"apiExport":false,"pos":0,"totalStock":0,"unitsSold":0,"soldOutRequestCount":0,"guestlists":null}},"name":"Rachael Gulgowski","code":"ILXPLOML0","additionalGuests":0,"attendedGuests":0,"arrivedAt":null,"arrivalNote":null,"notifyOnArrivalEmail":null,"purchaseId":null},{"id":27,"createdAt":"2025-06-14T18:27:22.569107+02:00","updatedAt":"2025-06-14T18:27:22.569107+02:00","deletedAt":null,"createdById":null,"createdBy":null,"updatedById":null,"updatedBy":null,"deletedById":null,"deletedBy":null,"guestlistId":3,"guestlist":{"id":3,"createdAt":"2025-06-14T18:27:22.568211+02:00","updatedAt":"2025-06-14T18:27:22.568211+02:00","deletedAt":null,"createdById":null,"createdBy":null,"updatedById":null,"updatedBy":null,"deletedById":null,"deletedBy":null,"name":"Deine Tickets","typeCode":true,"productId":4,"product":{"id":0,"createdAt":"0001-01-01T00:00:00Z","updatedAt":"0001-01-01T00:00:00Z","deletedAt":null,"createdById":null,"createdBy":null,"updatedById":null,"updatedBy":null,"deletedById":null,"deletedBy":null,"name":"","netPrice":"0","vatRate":"0","wrapAfter":false,"hidden":false,"soldOut":false,"apiExport":false,"pos":0,"totalStock":0,"unitsSold":0,"soldOutRequestCount":0,"guestlists":null}},"name":"Vincent Luettgen","code":"D98U5JK07","additionalGuests":0,"attendedGuests":0,"arrivedAt":null,"arrivalNote":null,"notifyOnArrivalEmail":null,"purchaseId":null},{"id":28,"createdAt":"2025-06-14T18:27:22.569149+02:00","updatedAt":"2025-06-14T18:27:22.569149+02:00","deletedAt":null,"createdById":null,"createdBy":null,"updatedById":null,"updatedBy":null,"deletedById":null,"deletedBy":null,"guestlistId":3,"guestlist":{"id":3,"createdAt":"2025-06-14T18:27:22.568211+02:00","updatedAt":"2025-06-14T18:27:22.568211+02:00","deletedAt":null,"createdById":null,"createdBy":null,"updatedById":null,"updatedBy":null,"deletedById":null,"deletedBy":null,"name":"Deine Tickets","typeCode":true,"productId":4,"product":{"id":0,"createdAt":"0001-01-01T00:00:00Z","updatedAt":"0001-01-01T00:00:00Z","deletedAt":null,"createdById":null,"createdBy":null,"updatedById":null,"updatedBy":null,"deletedById":null,"deletedBy":null,"name":"","netPrice":"0","vatRate":"0","wrapAfter":false,"hidden":false,"soldOut":false,"apiExport":false,"pos":0,"totalStock":0,"unitsSold":0,"soldOutRequestCount":0,"guestlists":null}},"name":"Ernestine Emard","code":"37SPZZYLZ","additionalGuests":0,"attendedGuests":0,"arrivedAt":null,"arrivalNote":null,"notifyOnArrivalEmail":null,"purchaseId":null}]
    printer.go:116: GET /api/v2/guests?_sort=arrivedAt HTTP/1.1
        Authorization: Bearer eyJhbGciOiJIUzI1NiIsInR5cCI6IkpXVCJ9.eyJJRCI6MiwiZXhwIjoxNzQ5OTE5MDQ0LCJvcmlnX2lhdCI6MTc0OTkxODQ0NH0.ZCidgaD-PTq18MdpyLD8KBxvVLxEJYZN5uDZ-M8TgOc
        
[GIN] 2025/06/14 - 18:27:24 | 200 |     210.375µs |                 | GET      "/api/v2/guests?_sort=arrivedAt"
    printer.go:133: HTTP/0.0 200 OK 213.542µs
        Content-Type: application/json; charset=utf-8
        X-Total-Count: 277
        
        [{"id":1,"createdAt":"2025-06-14T18:27:22.568254+02:00","updatedAt":"2025-06-14T18:27:22.568254+02:00","deletedAt":null,"createdById":null,"createdBy":null,"updatedById":null,"updatedBy":null,"deletedById":null,"deletedBy":null,"guestlistId":1,"guestlist":{"id":1,"createdAt":"2025-06-14T18:27:22.568144+02:00","updatedAt":"2025-06-14T18:27:22.568144+02:00","deletedAt":null,"createdById":null,"createdBy":null,"updatedById":null,"updatedBy":null,"deletedById":null,"deletedBy":null,"name":"Reduces Digitale Kultur","typeCode":false,"productId":2,"product":{"id":0,"createdAt":"0001-01-01T00:00:00Z","updatedAt":"0001-01-01T00:00:00Z","deletedAt":null,"createdById":null,"createdBy":null,"updatedById":null,"updatedBy":null,"deletedById":null,"deletedBy":null,"name":"","netPrice":"0","vatRate":"0","wrapAfter":false,"hidden":false,"soldOut":false,"apiExport":false,"pos":0,"totalStock":0,"unitsSold":0,"soldOutRequestCount":0,"guestlists":null}},"name":"Winona Hegmann","code":null,"additionalGuests":0,"attendedGuests":0,"arrivedAt":null,"arrivalNote":null,"notifyOnArrivalEmail":null,"purchaseId":null},{"id":2,"createdAt":"2025-06-14T18:27:22.568301+02:00","updatedAt":"2025-06-14T18:27:22.568301+02:00","deletedAt":null,"createdById":null,"createdBy":null,"updatedById":null,"updatedBy":null,"deletedById":null,"deletedBy":null,"guestlistId":1,"guestlist":{"id":1,"createdAt":"2025-06-14T18:27:22.568144+02:00","updatedAt":"2025-06-14T18:27:22.568144+02:00","deletedAt":null,"createdById":null,"createdBy":null,"updatedById":null,"updatedBy":null,"deletedById":null,"deletedBy":null,"name":"Reduces Digitale Kultur","typeCode":false,"productId":2,"product":{"id":0,"createdAt":"0001-01-01T00:00:00Z","updatedAt":"0001-01-01T00:00:00Z","deletedAt":null,"createdById":null,"createdBy":null,"updatedById":null,"updatedBy":null,"deletedById":null,"deletedBy":null,"name":"","netPrice":"0","vatRate":"0","wrapAfter":false,"hidden":false,"soldOut":false,"apiExport":false,"pos":0,"totalStock":0,"unitsSold":0,"soldOutRequestCount":0,"guestlists":null}},"name":"Hosea Adams","code":null,"additionalGuests":0,"attendedGuests":0,"arrivedAt":null,"arrivalNote":null,"notifyOnArrivalEmail":null,"purchaseId":null},{"id":3,"createdAt":"2025-06-14T18:27:22.568337+02:00","updatedAt":"2025-06-14T18:27:22.568337+02:00","deletedAt":null,"createdById":null,"createdBy":null,"updatedById":null,"updatedBy":null,"deletedById":null,"deletedBy":null,"guestlistId":1,"guestlist":{"id":1,"createdAt":"2025-06-14T18:27:22.568144+02:00","updatedAt":"2025-06-14T18:27:22.568144+02:00","deletedAt":null,"createdById":null,"createdBy":null,"updatedById":null,"updatedBy":null,"deletedById":null,"deletedBy":null,"name":"Reduces Digitale Kultur","typeCode":false,"productId":2,"product":{"id":0,"createdAt":"0001-01-01T00:00:00Z","updatedAt":"0001-01-01T00:00:00Z","deletedAt":null,"createdById":null,"createdBy":null,"updatedById":null,"updatedBy":null,"deletedById":null,"deletedBy":null,"name":"","netPrice":"0","vatRate":"0","wrapAfter":false,"hidden":false,"soldOut":false,"apiExport":false,"pos":0,"totalStock":0,"unitsSold":0,"soldOutRequestCount":0,"guestlists":null}},"name":"Ruth Casper","code":null,"additionalGuests":0,"attendedGuests":0,"arrivedAt":null,"arrivalNote":null,"notifyOnArrivalEmail":null,"purchaseId":null},{"id":4,"createdAt":"2025-06-14T18:27:22.568377+02:00","updatedAt":"2025-06-14T18:27:22.568377+02:00","deletedAt":null,"createdById":null,"createdBy":null,"updatedById":null,"updatedBy":null,"deletedById":null,"deletedBy":null,"guestlistId":1,"guestlist":{"id":1,"createdAt":"2025-06-14T18:27:22.568144+02:00","updatedAt":"2025-06-14T18:27:22.568144+02:00","deletedAt":null,"createdById":null,"createdBy":null,"updatedById":null,"updatedBy":null,"deletedById":null,"deletedBy":null,"name":"Reduces Digitale Kultur","typeCode":false,"productId":2,"product":{"id":0,"createdAt":"0001-01-01T00:00:00Z","updatedAt":"0001-01-01T00:00:00Z","deletedAt":null,"createdById":null,"createdBy":null,"updatedById":null,"updatedBy":null,"deletedById":null,"deletedBy":null,"name":"","netPrice":"0","vatRate":"0","wrapAfter":false,"hidden":false,"soldOut":false,"apiExport":false,"pos":0,"totalStock":0,"unitsSold":0,"soldOutRequestCount":0,"guestlists":null}},"name":"Carley Hermann","code":null,"additionalGuests":0,"attendedGuests":0,"arrivedAt":null,"arrivalNote":null,"notifyOnArrivalEmail":null,"purchaseId":null},{"id":5,"createdAt":"2025-06-14T18:27:22.568404+02:00","updatedAt":"2025-06-14T18:27:22.568404+02:00","deletedAt":null,"createdById":null,"createdBy":null,"updatedById":null,"updatedBy":null,"deletedById":null,"deletedBy":null,"guestlistId":2,"guestlist":{"id":2,"createdAt":"2025-06-14T18:27:22.568185+02:00","updatedAt":"2025-06-14T18:27:22.568185+02:00","deletedAt":null,"createdById":null,"createdBy":null,"updatedById":null,"updatedBy":null,"deletedById":null,"deletedBy":null,"name":"Long Distance","typeCode":false,"productId":2,"product":{"id":0,"createdAt":"0001-01-01T00:00:00Z","updatedAt":"0001-01-01T00:00:00Z","deletedAt":null,"createdById":null,"createdBy":null,"updatedById":null,"updatedBy":null,"deletedById":null,"deletedBy":null,"name":"","netPrice":"0","vatRate":"0","wrapAfter":false,"hidden":false,"soldOut":false,"apiExport":false,"pos":0,"totalStock":0,"unitsSold":0,"soldOutRequestCount":0,"guestlists":null}},"name":"Demetrius Goodwin","code":null,"additionalGuests":0,"attendedGuests":0,"arrivedAt":null,"arrivalNote":null,"notifyOnArrivalEmail":null,"purchaseId":null},{"id":6,"createdAt":"2025-06-14T18:27:22.568439+02:00","updatedAt":"2025-06-14T18:27:22.568439+02:00","deletedAt":null,"createdById":null,"createdBy":null,"updatedById":null,"updatedBy":null,"deletedById":null,"deletedBy":null,"guestlistId":2,"guestlist":{"id":2,"createdAt":"2025-06-14T18:27:22.568185+02:00","updatedAt":"2025-06-14T18:27:22.568185+02:00","deletedAt":null,"createdById":null,"createdBy":null,"updatedById":null,"updatedBy":null,"deletedById":null,"deletedBy":null,"name":"Long Distance","typeCode":false,"productId":2,"product":{"id":0,"createdAt":"0001-01-01T00:00:00Z","updatedAt":"0001-01-01T00:00:00Z","deletedAt":null,"createdById":null,"createdBy":null,"updatedById":null,"updatedBy":null,"deletedById":null,"deletedBy":null,"name":"","netPrice":"0","vatRate":"0","wrapAfter":false,"hidden":false,"soldOut":false,"apiExport":false,"pos":0,"totalStock":0,"unitsSold":0,"soldOutRequestCount":0,"guestlists":null}},"name":"Lazaro Ruecker","code":null,"additionalGuests":0,"attendedGuests":0,"arrivedAt":null,"arrivalNote":null,"notifyOnArrivalEmail":null,"purchaseId":null},{"id":7,"createdAt":"2025-06-14T18:27:22.568479+02:00","updatedAt":"2025-06-14T18:27:22.568479+02:00","deletedAt":null,"createdById":null,"createdBy":null,"updatedById":null,"updatedBy":null,"deletedById":null,"deletedBy":null,"guestlistId":2,"guestlist":{"id":2,"createdAt":"2025-06-14T18:27:22.568185+02:00","updatedAt":"2025-06-14T18:27:22.568185+02:00","deletedAt":null,"createdById":null,"createdBy":null,"updatedById":null,"updatedBy":null,"deletedById":null,"deletedBy":null,"name":"Long Distance","typeCode":false,"productId":2,"product":{"id":0,"createdAt":"0001-01-01T00:00:00Z","updatedAt":"0001-01-01T00:00:00Z","deletedAt":null,"createdById":null,"createdBy":null,"updatedById":null,"updatedBy":null,"deletedById":null,"deletedBy":null,"name":"","netPrice":"0","vatRate":"0","wrapAfter":false,"hidden":false,"soldOut":false,"apiExport":false,"pos":0,"totalStock":0,"unitsSold":0,"soldOutRequestCount":0,"guestlists":null}},"name":"Brown Hegmann","code":null,"additionalGuests":0,"attendedGuests":0,"arrivedAt":null,"arrivalNote":null,"notifyOnArrivalEmail":null,"purchaseId":null},{"id":8,"createdAt":"2025-06-14T18:27:22.568511+02:00","updatedAt":"2025-06-14T18:27:22.568511+02:00","deletedAt":null,"createdById":null,"createdBy":null,"updatedById":null,"updatedBy":null,"deletedById":null,"deletedBy":null,"guestlistId":2,"guestlist":{"id":2,"createdAt":"2025-06-14T18:27:22.568185+02:00","updatedAt":"2025-06-14T18:27:22.568185+02:00","deletedAt":null,"createdById":null,"createdBy":null,"updatedById":null,"updatedBy":null,"deletedById":null,"deletedBy":null,"name":"Long Distance","typeCode":false,"productId":2,"product":{"id":0,"createdAt":"0001-01-01T00:00:00Z","updatedAt":"0001-01-01T00:00:00Z","deletedAt":null,"createdById":null,"createdBy":null,"updatedById":null,"updatedBy":null,"deletedById":null,"deletedBy":null,"name":"","netPrice":"0","vatRate":"0","wrapAfter":false,"hidden":false,"soldOut":false,"apiExport":false,"pos":0,"totalStock":0,"unitsSold":0,"soldOutRequestCount":0,"guestlists":null}},"name":"Maybell Ward","code":null,"additionalGuests":0,"attendedGuests":0,"arrivedAt":null,"arrivalNote":null,"notifyOnArrivalEmail":null,"purchaseId":null},{"id":9,"createdAt":"2025-06-14T18:27:22.56854+02:00","updatedAt":"2025-06-14T18:27:22.56854+02:00","deletedAt":null,"createdById":null,"createdBy":null,"updatedById":null,"updatedBy":null,"deletedById":null,"deletedBy":null,"guestlistId":2,"guestlist":{"id":2,"createdAt":"2025-06-14T18:27:22.568185+02:00","updatedAt":"2025-06-14T18:27:22.568185+02:00","deletedAt":null,"createdById":null,"createdBy":null,"updatedById":null,"updatedBy":null,"deletedById":null,"deletedBy":null,"name":"Long Distance","typeCode":false,"productId":2,"product":{"id":0,"createdAt":"0001-01-01T00:00:00Z","updatedAt":"0001-01-01T00:00:00Z","deletedAt":null,"createdById":null,"createdBy":null,"updatedById":null,"updatedBy":null,"deletedById":null,"deletedBy":null,"name":"","netPrice":"0","vatRate":"0","wrapAfter":false,"hidden":false,"soldOut":false,"apiExport":false,"pos":0,"totalStock":0,"unitsSold":0,"soldOutRequestCount":0,"guestlists":null}},"name":"Chanel McClure","code":null,"additionalGuests":0,"attendedGuests":0,"arrivedAt":null,"arrivalNote":null,"notifyOnArrivalEmail":null,"purchaseId":null},{"id":10,"createdAt":"2025-06-14T18:27:22.56857+02:00","updatedAt":"2025-06-14T18:27:22.56857+02:00","deletedAt":null,"createdById":null,"createdBy":null,"updatedById":null,"updatedBy":null,"deletedById":null,"deletedBy":null,"guestlistId":2,"guestlist":{"id":2,"createdAt":"2025-06-14T18:27:22.568185+02:00","updatedAt":"2025-06-14T18:27:22.568185+02:00","deletedAt":null,"createdById":null,"createdBy":null,"updatedById":null,"updatedBy":null,"deletedById":null,"deletedBy":null,"name":"Long Distance","typeCode":false,"productId":2,"product":{"id":0,"createdAt":"0001-01-01T00:00:00Z","updatedAt":"0001-01-01T00:00:00Z","deletedAt":null,"createdById":null,"createdBy":null,"updatedById":null,"updatedBy":null,"deletedById":null,"deletedBy":null,"name":"","netPrice":"0","vatRate":"0","wrapAfter":false,"hidden":false,"soldOut":false,"apiExport":false,"pos":0,"totalStock":0,"unitsSold":0,"soldOutRequestCount":0,"guestlists":null}},"name":"Aryanna Schulist","code":null,"additionalGuests":0,"attendedGuests":0,"arrivedAt":null,"arrivalNote":null,"notifyOnArrivalEmail":null,"purchaseId":null}]
--- PASS: TestGetGuestWithSort (0.00s)
=== RUN   TestGetGuestsWithQueryIsPresent
    printer.go:116: GET /api/v2/guests?isPresent=true HTTP/1.1
        Authorization: Bearer eyJhbGciOiJIUzI1NiIsInR5cCI6IkpXVCJ9.eyJJRCI6MiwiZXhwIjoxNzQ5OTE5MDQ0LCJvcmlnX2lhdCI6MTc0OTkxODQ0NH0.ZCidgaD-PTq18MdpyLD8KBxvVLxEJYZN5uDZ-M8TgOc
        
[GIN] 2025/06/14 - 18:27:24 | 200 |    1.064541ms |                 | GET      "/api/v2/guests?isPresent=true"
    printer.go:133: HTTP/0.0 200 OK 1.076541ms
        Content-Type: application/json; charset=utf-8
        X-Total-Count: 53
        
        [{"id":40,"createdAt":"2025-06-14T18:27:22.569564+02:00","updatedAt":"2025-06-14T18:27:22.569564+02:00","deletedAt":null,"createdById":null,"createdBy":null,"updatedById":null,"updatedBy":null,"deletedById":null,"deletedBy":null,"guestlistId":4,"guestlist":{"id":4,"createdAt":"2025-06-14T18:27:22.569465+02:00","updatedAt":"2025-06-14T18:27:22.569465+02:00","deletedAt":null,"createdById":null,"createdBy":null,"updatedById":null,"updatedBy":null,"deletedById":null,"deletedBy":null,"name":"Guestlist Neva","typeCode":false,"productId":3,"product":{"id":0,"createdAt":"0001-01-01T00:00:00Z","updatedAt":"0001-01-01T00:00:00Z","deletedAt":null,"createdById":null,"createdBy":null,"updatedById":null,"updatedBy":null,"deletedById":null,"deletedBy":null,"name":"","netPrice":"0","vatRate":"0","wrapAfter":false,"hidden":false,"soldOut":false,"apiExport":false,"pos":0,"totalStock":0,"unitsSold":0,"soldOutRequestCount":0,"guestlists":null}},"name":"Jayme Kris","code":null,"additionalGuests":0,"attendedGuests":1,"arrivedAt":"1936-05-01T20:31:38.078726596Z","arrivalNote":null,"notifyOnArrivalEmail":null,"purchaseId":null},{"id":41,"createdAt":"2025-06-14T18:27:22.569602+02:00","updatedAt":"2025-06-14T18:27:22.569602+02:00","deletedAt":null,"createdById":null,"createdBy":null,"updatedById":null,"updatedBy":null,"deletedById":null,"deletedBy":null,"guestlistId":4,"guestlist":{"id":4,"createdAt":"2025-06-14T18:27:22.569465+02:00","updatedAt":"2025-06-14T18:27:22.569465+02:00","deletedAt":null,"createdById":null,"createdBy":null,"updatedById":null,"updatedBy":null,"deletedById":null,"deletedBy":null,"name":"Guestlist Neva","typeCode":false,"productId":3,"product":{"id":0,"createdAt":"0001-01-01T00:00:00Z","updatedAt":"0001-01-01T00:00:00Z","deletedAt":null,"createdById":null,"createdBy":null,"updatedById":null,"updatedBy":null,"deletedById":null,"deletedBy":null,"name":"","netPrice":"0","vatRate":"0","wrapAfter":false,"hidden":false,"soldOut":false,"apiExport":false,"pos":0,"totalStock":0,"unitsSold":0,"soldOutRequestCount":0,"guestlists":null}},"name":"Karley Koch","code":null,"additionalGuests":0,"attendedGuests":1,"arrivedAt":"1998-02-10T05:15:08.944327301Z","arrivalNote":null,"notifyOnArrivalEmail":null,"purchaseId":null},{"id":44,"createdAt":"2025-06-14T18:27:22.569722+02:00","updatedAt":"2025-06-14T18:27:22.569722+02:00","deletedAt":null,"createdById":null,"createdBy":null,"updatedById":null,"updatedBy":null,"deletedById":null,"deletedBy":null,"guestlistId":5,"guestlist":{"id":5,"createdAt":"2025-06-14T18:27:22.569631+02:00","updatedAt":"2025-06-14T18:27:22.569631+02:00","deletedAt":null,"createdById":null,"createdBy":null,"updatedById":null,"updatedBy":null,"deletedById":null,"deletedBy":null,"name":"Guestlist Bertram","typeCode":false,"productId":3,"product":{"id":0,"createdAt":"0001-01-01T00:00:00Z","updatedAt":"0001-01-01T00:00:00Z","deletedAt":null,"createdById":null,"createdBy":null,"updatedById":null,"updatedBy":null,"deletedById":null,"deletedBy":null,"name":"","netPrice":"0","vatRate":"0","wrapAfter":false,"hidden":false,"soldOut":false,"apiExport":false,"pos":0,"totalStock":0,"unitsSold":0,"soldOutRequestCount":0,"guestlists":null}},"name":"Viva Gutmann","code":null,"additionalGuests":1,"attendedGuests":1,"arrivedAt":"1945-07-31T00:57:24.770585012Z","arrivalNote":null,"notifyOnArrivalEmail":null,"purchaseId":null},{"id":51,"createdAt":"2025-06-14T18:27:22.569952+02:00","updatedAt":"2025-06-14T18:27:22.569952+02:00","deletedAt":null,"createdById":null,"createdBy":null,"updatedById":null,"updatedBy":null,"deletedById":null,"deletedBy":null,"guestlistId":6,"guestlist":{"id":6,"createdAt":"2025-06-14T18:27:22.569753+02:00","updatedAt":"2025-06-14T18:27:22.569753+02:00","deletedAt":null,"createdById":null,"createdBy":null,"updatedById":null,"updatedBy":null,"deletedById":null,"deletedBy":null,"name":"Guestlist Amelia","typeCode":false,"productId":3,"product":{"id":0,"createdAt":"0001-01-01T00:00:00Z","updatedAt":"0001-01-01T00:00:00Z","deletedAt":null,"createdById":null,"createdBy":null,"updatedById":null,"updatedBy":null,"deletedById":null,"deletedBy":null,"name":"","netPrice":"0","vatRate":"0","wrapAfter":false,"hidden":false,"soldOut":false,"apiExport":false,"pos":0,"totalStock":0,"unitsSold":0,"soldOutRequestCount":0,"guestlists":null}},"name":"Tyson Runolfsson","code":null,"additionalGuests":0,"attendedGuests":1,"arrivedAt":"1951-04-28T15:39:56.398035474Z","arrivalNote":null,"notifyOnArrivalEmail":null,"purchaseId":null},{"id":52,"createdAt":"2025-06-14T18:27:22.569994+02:00","updatedAt":"2025-06-14T18:27:22.569994+02:00","deletedAt":null,"createdById":null,"createdBy":null,"updatedById":null,"updatedBy":null,"deletedById":null,"deletedBy":null,"guestlistId":6,"guestlist":{"id":6,"createdAt":"2025-06-14T18:27:22.569753+02:00","updatedAt":"2025-06-14T18:27:22.569753+02:00","deletedAt":null,"createdById":null,"createdBy":null,"updatedById":null,"updatedBy":null,"deletedById":null,"deletedBy":null,"name":"Guestlist Amelia","typeCode":false,"productId":3,"product":{"id":0,"createdAt":"0001-01-01T00:00:00Z","updatedAt":"0001-01-01T00:00:00Z","deletedAt":null,"createdById":null,"createdBy":null,"updatedById":null,"updatedBy":null,"deletedById":null,"deletedBy":null,"name":"","netPrice":"0","vatRate":"0","wrapAfter":false,"hidden":false,"soldOut":false,"apiExport":false,"pos":0,"totalStock":0,"unitsSold":0,"soldOutRequestCount":0,"guestlists":null}},"name":"Casandra Stoltenberg","code":null,"additionalGuests":0,"attendedGuests":1,"arrivedAt":"2018-07-17T15:47:41.100619517Z","arrivalNote":null,"notifyOnArrivalEmail":null,"purchaseId":null},{"id":60,"createdAt":"2025-06-14T18:27:22.57025+02:00","updatedAt":"2025-06-14T18:27:22.57025+02:00","deletedAt":null,"createdById":null,"createdBy":null,"updatedById":null,"updatedBy":null,"deletedById":null,"deletedBy":null,"guestlistId":7,"guestlist":{"id":7,"createdAt":"2025-06-14T18:27:22.570018+02:00","updatedAt":"2025-06-14T18:27:22.570018+02:00","deletedAt":null,"createdById":null,"createdBy":null,"updatedById":null,"updatedBy":null,"deletedById":null,"deletedBy":null,"name":"Guestlist Roel","typeCode":false,"productId":3,"product":{"id":0,"createdAt":"0001-01-01T00:00:00Z","updatedAt":"0001-01-01T00:00:00Z","deletedAt":null,"createdById":null,"createdBy":null,"updatedById":null,"updatedBy":null,"deletedById":null,"deletedBy":null,"name":"","netPrice":"0","vatRate":"0","wrapAfter":false,"hidden":false,"soldOut":false,"apiExport":false,"pos":0,"totalStock":0,"unitsSold":0,"soldOutRequestCount":0,"guestlists":null}},"name":"Bradley Senger","code":null,"additionalGuests":2,"attendedGuests":1,"arrivedAt":"1914-01-03T23:49:00.62113921Z","arrivalNote":null,"notifyOnArrivalEmail":null,"purchaseId":null},{"id":61,"createdAt":"2025-06-14T18:27:22.570276+02:00","updatedAt":"2025-06-14T18:27:22.570276+02:00","deletedAt":null,"createdById":null,"createdBy":null,"updatedById":null,"updatedBy":null,"deletedById":null,"deletedBy":null,"guestlistId":7,"guestlist":{"id":7,"createdAt":"2025-06-14T18:27:22.570018+02:00","updatedAt":"2025-06-14T18:27:22.570018+02:00","deletedAt":null,"createdById":null,"createdBy":null,"updatedById":null,"updatedBy":null,"deletedById":null,"deletedBy":null,"name":"Guestlist Roel","typeCode":false,"productId":3,"product":{"id":0,"createdAt":"0001-01-01T00:00:00Z","updatedAt":"0001-01-01T00:00:00Z","deletedAt":null,"createdById":null,"createdBy":null,"updatedById":null,"updatedBy":null,"deletedById":null,"deletedBy":null,"name":"","netPrice":"0","vatRate":"0","wrapAfter":false,"hidden":false,"soldOut":false,"apiExport":false,"pos":0,"totalStock":0,"unitsSold":0,"soldOutRequestCount":0,"guestlists":null}},"name":"Lilla Reilly","code":null,"additionalGuests":0,"attendedGuests":1,"arrivedAt":"2000-02-04T21:56:55.714128965Z","arrivalNote":null,"notifyOnArrivalEmail":null,"purchaseId":null},{"id":66,"createdAt":"2025-06-14T18:27:22.570453+02:00","updatedAt":"2025-06-14T18:27:22.570453+02:00","deletedAt":null,"createdById":null,"createdBy":null,"updatedById":null,"updatedBy":null,"deletedById":null,"deletedBy":null,"guestlistId":8,"guestlist":{"id":8,"createdAt":"2025-06-14T18:27:22.570302+02:00","updatedAt":"2025-06-14T18:27:22.570302+02:00","deletedAt":null,"createdById":null,"createdBy":null,"updatedById":null,"updatedBy":null,"deletedById":null,"deletedBy":null,"name":"Guestlist Edythe","typeCode":false,"productId":3,"product":{"id":0,"createdAt":"0001-01-01T00:00:00Z","updatedAt":"0001-01-01T00:00:00Z","deletedAt":null,"createdById":null,"createdBy":null,"updatedById":null,"updatedBy":null,"deletedById":null,"deletedBy":null,"name":"","netPrice":"0","vatRate":"0","wrapAfter":false,"hidden":false,"soldOut":false,"apiExport":false,"pos":0,"totalStock":0,"unitsSold":0,"soldOutRequestCount":0,"guestlists":null}},"name":"Haven Davis","code":null,"additionalGuests":0,"attendedGuests":1,"arrivedAt":"1906-06-19T02:49:30.257609041Z","arrivalNote":null,"notifyOnArrivalEmail":null,"purchaseId":null},{"id":67,"createdAt":"2025-06-14T18:27:22.570478+02:00","updatedAt":"2025-06-14T18:27:22.570478+02:00","deletedAt":null,"createdById":null,"createdBy":null,"updatedById":null,"updatedBy":null,"deletedById":null,"deletedBy":null,"guestlistId":8,"guestlist":{"id":8,"createdAt":"2025-06-14T18:27:22.570302+02:00","updatedAt":"2025-06-14T18:27:22.570302+02:00","deletedAt":null,"createdById":null,"createdBy":null,"updatedById":null,"updatedBy":null,"deletedById":null,"deletedBy":null,"name":"Guestlist Edythe","typeCode":false,"productId":3,"product":{"id":0,"createdAt":"0001-01-01T00:00:00Z","updatedAt":"0001-01-01T00:00:00Z","deletedAt":null,"createdById":null,"createdBy":null,"updatedById":null,"updatedBy":null,"deletedById":null,"deletedBy":null,"name":"","netPrice":"0","vatRate":"0","wrapAfter":false,"hidden":false,"soldOut":false,"apiExport":false,"pos":0,"totalStock":0,"unitsSold":0,"soldOutRequestCount":0,"guestlists":null}},"name":"Murray Lockman","code":null,"additionalGuests":1,"attendedGuests":1,"arrivedAt":"1910-05-12T00:02:20.903310783Z","arrivalNote":null,"notifyOnArrivalEmail":null,"purchaseId":null},{"id":77,"createdAt":"2025-06-14T18:27:22.57091+02:00","updatedAt":"2025-06-14T18:27:22.57091+02:00","deletedAt":null,"createdById":null,"createdBy":null,"updatedById":null,"updatedBy":null,"deletedById":null,"deletedBy":null,"guestlistId":9,"guestlist":{"id":9,"createdAt":"2025-06-14T18:27:22.570504+02:00","updatedAt":"2025-06-14T18:27:22.570504+02:00","deletedAt":null,"createdById":null,"createdBy":null,"updatedById":null,"updatedBy":null,"deletedById":null,"deletedBy":null,"name":"Guestlist Gudrun","typeCode":false,"productId":3,"product":{"id":0,"createdAt":"0001-01-01T00:00:00Z","updatedAt":"0001-01-01T00:00:00Z","deletedAt":null,"createdById":null,"createdBy":null,"updatedById":null,"updatedBy":null,"deletedById":null,"deletedBy":null,"name":"","netPrice":"0","vatRate":"0","wrapAfter":false,"hidden":false,"soldOut":false,"apiExport":false,"pos":0,"totalStock":0,"unitsSold":0,"soldOutRequestCount":0,"guestlists":null}},"name":"Alison Hodkiewicz","code":null,"additionalGuests":1,"attendedGuests":1,"arrivedAt":"1934-05-14T17:09:37.738049627Z","arrivalNote":null,"notifyOnArrivalEmail":null,"purchaseId":null}]
--- PASS: TestGetGuestsWithQueryIsPresent (0.00s)
=== RUN   TestGetGuestsWithQueryIsNotPresent
    printer.go:116: GET /api/v2/guests?isNotPresent=true HTTP/1.1
        Authorization: Bearer eyJhbGciOiJIUzI1NiIsInR5cCI6IkpXVCJ9.eyJJRCI6MiwiZXhwIjoxNzQ5OTE5MDQ0LCJvcmlnX2lhdCI6MTc0OTkxODQ0NH0.ZCidgaD-PTq18MdpyLD8KBxvVLxEJYZN5uDZ-M8TgOc
        
[GIN] 2025/06/14 - 18:27:24 | 200 |     898.167µs |                 | GET      "/api/v2/guests?isNotPresent=true"
    printer.go:133: HTTP/0.0 200 OK 912.542µs
        Content-Type: application/json; charset=utf-8
        X-Total-Count: 224
        
        [{"id":1,"createdAt":"2025-06-14T18:27:22.568254+02:00","updatedAt":"2025-06-14T18:27:22.568254+02:00","deletedAt":null,"createdById":null,"createdBy":null,"updatedById":null,"updatedBy":null,"deletedById":null,"deletedBy":null,"guestlistId":1,"guestlist":{"id":1,"createdAt":"2025-06-14T18:27:22.568144+02:00","updatedAt":"2025-06-14T18:27:22.568144+02:00","deletedAt":null,"createdById":null,"createdBy":null,"updatedById":null,"updatedBy":null,"deletedById":null,"deletedBy":null,"name":"Reduces Digitale Kultur","typeCode":false,"productId":2,"product":{"id":0,"createdAt":"0001-01-01T00:00:00Z","updatedAt":"0001-01-01T00:00:00Z","deletedAt":null,"createdById":null,"createdBy":null,"updatedById":null,"updatedBy":null,"deletedById":null,"deletedBy":null,"name":"","netPrice":"0","vatRate":"0","wrapAfter":false,"hidden":false,"soldOut":false,"apiExport":false,"pos":0,"totalStock":0,"unitsSold":0,"soldOutRequestCount":0,"guestlists":null}},"name":"Winona Hegmann","code":null,"additionalGuests":0,"attendedGuests":0,"arrivedAt":null,"arrivalNote":null,"notifyOnArrivalEmail":null,"purchaseId":null},{"id":2,"createdAt":"2025-06-14T18:27:22.568301+02:00","updatedAt":"2025-06-14T18:27:22.568301+02:00","deletedAt":null,"createdById":null,"createdBy":null,"updatedById":null,"updatedBy":null,"deletedById":null,"deletedBy":null,"guestlistId":1,"guestlist":{"id":1,"createdAt":"2025-06-14T18:27:22.568144+02:00","updatedAt":"2025-06-14T18:27:22.568144+02:00","deletedAt":null,"createdById":null,"createdBy":null,"updatedById":null,"updatedBy":null,"deletedById":null,"deletedBy":null,"name":"Reduces Digitale Kultur","typeCode":false,"productId":2,"product":{"id":0,"createdAt":"0001-01-01T00:00:00Z","updatedAt":"0001-01-01T00:00:00Z","deletedAt":null,"createdById":null,"createdBy":null,"updatedById":null,"updatedBy":null,"deletedById":null,"deletedBy":null,"name":"","netPrice":"0","vatRate":"0","wrapAfter":false,"hidden":false,"soldOut":false,"apiExport":false,"pos":0,"totalStock":0,"unitsSold":0,"soldOutRequestCount":0,"guestlists":null}},"name":"Hosea Adams","code":null,"additionalGuests":0,"attendedGuests":0,"arrivedAt":null,"arrivalNote":null,"notifyOnArrivalEmail":null,"purchaseId":null},{"id":3,"createdAt":"2025-06-14T18:27:22.568337+02:00","updatedAt":"2025-06-14T18:27:22.568337+02:00","deletedAt":null,"createdById":null,"createdBy":null,"updatedById":null,"updatedBy":null,"deletedById":null,"deletedBy":null,"guestlistId":1,"guestlist":{"id":1,"createdAt":"2025-06-14T18:27:22.568144+02:00","updatedAt":"2025-06-14T18:27:22.568144+02:00","deletedAt":null,"createdById":null,"createdBy":null,"updatedById":null,"updatedBy":null,"deletedById":null,"deletedBy":null,"name":"Reduces Digitale Kultur","typeCode":false,"productId":2,"product":{"id":0,"createdAt":"0001-01-01T00:00:00Z","updatedAt":"0001-01-01T00:00:00Z","deletedAt":null,"createdById":null,"createdBy":null,"updatedById":null,"updatedBy":null,"deletedById":null,"deletedBy":null,"name":"","netPrice":"0","vatRate":"0","wrapAfter":false,"hidden":false,"soldOut":false,"apiExport":false,"pos":0,"totalStock":0,"unitsSold":0,"soldOutRequestCount":0,"guestlists":null}},"name":"Ruth Casper","code":null,"additionalGuests":0,"attendedGuests":0,"arrivedAt":null,"arrivalNote":null,"notifyOnArrivalEmail":null,"purchaseId":null},{"id":4,"createdAt":"2025-06-14T18:27:22.568377+02:00","updatedAt":"2025-06-14T18:27:22.568377+02:00","deletedAt":null,"createdById":null,"createdBy":null,"updatedById":null,"updatedBy":null,"deletedById":null,"deletedBy":null,"guestlistId":1,"guestlist":{"id":1,"createdAt":"2025-06-14T18:27:22.568144+02:00","updatedAt":"2025-06-14T18:27:22.568144+02:00","deletedAt":null,"createdById":null,"createdBy":null,"updatedById":null,"updatedBy":null,"deletedById":null,"deletedBy":null,"name":"Reduces Digitale Kultur","typeCode":false,"productId":2,"product":{"id":0,"createdAt":"0001-01-01T00:00:00Z","updatedAt":"0001-01-01T00:00:00Z","deletedAt":null,"createdById":null,"createdBy":null,"updatedById":null,"updatedBy":null,"deletedById":null,"deletedBy":null,"name":"","netPrice":"0","vatRate":"0","wrapAfter":false,"hidden":false,"soldOut":false,"apiExport":false,"pos":0,"totalStock":0,"unitsSold":0,"soldOutRequestCount":0,"guestlists":null}},"name":"Carley Hermann","code":null,"additionalGuests":0,"attendedGuests":0,"arrivedAt":null,"arrivalNote":null,"notifyOnArrivalEmail":null,"purchaseId":null},{"id":5,"createdAt":"2025-06-14T18:27:22.568404+02:00","updatedAt":"2025-06-14T18:27:22.568404+02:00","deletedAt":null,"createdById":null,"createdBy":null,"updatedById":null,"updatedBy":null,"deletedById":null,"deletedBy":null,"guestlistId":2,"guestlist":{"id":2,"createdAt":"2025-06-14T18:27:22.568185+02:00","updatedAt":"2025-06-14T18:27:22.568185+02:00","deletedAt":null,"createdById":null,"createdBy":null,"updatedById":null,"updatedBy":null,"deletedById":null,"deletedBy":null,"name":"Long Distance","typeCode":false,"productId":2,"product":{"id":0,"createdAt":"0001-01-01T00:00:00Z","updatedAt":"0001-01-01T00:00:00Z","deletedAt":null,"createdById":null,"createdBy":null,"updatedById":null,"updatedBy":null,"deletedById":null,"deletedBy":null,"name":"","netPrice":"0","vatRate":"0","wrapAfter":false,"hidden":false,"soldOut":false,"apiExport":false,"pos":0,"totalStock":0,"unitsSold":0,"soldOutRequestCount":0,"guestlists":null}},"name":"Demetrius Goodwin","code":null,"additionalGuests":0,"attendedGuests":0,"arrivedAt":null,"arrivalNote":null,"notifyOnArrivalEmail":null,"purchaseId":null},{"id":6,"createdAt":"2025-06-14T18:27:22.568439+02:00","updatedAt":"2025-06-14T18:27:22.568439+02:00","deletedAt":null,"createdById":null,"createdBy":null,"updatedById":null,"updatedBy":null,"deletedById":null,"deletedBy":null,"guestlistId":2,"guestlist":{"id":2,"createdAt":"2025-06-14T18:27:22.568185+02:00","updatedAt":"2025-06-14T18:27:22.568185+02:00","deletedAt":null,"createdById":null,"createdBy":null,"updatedById":null,"updatedBy":null,"deletedById":null,"deletedBy":null,"name":"Long Distance","typeCode":false,"productId":2,"product":{"id":0,"createdAt":"0001-01-01T00:00:00Z","updatedAt":"0001-01-01T00:00:00Z","deletedAt":null,"createdById":null,"createdBy":null,"updatedById":null,"updatedBy":null,"deletedById":null,"deletedBy":null,"name":"","netPrice":"0","vatRate":"0","wrapAfter":false,"hidden":false,"soldOut":false,"apiExport":false,"pos":0,"totalStock":0,"unitsSold":0,"soldOutRequestCount":0,"guestlists":null}},"name":"Lazaro Ruecker","code":null,"additionalGuests":0,"attendedGuests":0,"arrivedAt":null,"arrivalNote":null,"notifyOnArrivalEmail":null,"purchaseId":null},{"id":7,"createdAt":"2025-06-14T18:27:22.568479+02:00","updatedAt":"2025-06-14T18:27:22.568479+02:00","deletedAt":null,"createdById":null,"createdBy":null,"updatedById":null,"updatedBy":null,"deletedById":null,"deletedBy":null,"guestlistId":2,"guestlist":{"id":2,"createdAt":"2025-06-14T18:27:22.568185+02:00","updatedAt":"2025-06-14T18:27:22.568185+02:00","deletedAt":null,"createdById":null,"createdBy":null,"updatedById":null,"updatedBy":null,"deletedById":null,"deletedBy":null,"name":"Long Distance","typeCode":false,"productId":2,"product":{"id":0,"createdAt":"0001-01-01T00:00:00Z","updatedAt":"0001-01-01T00:00:00Z","deletedAt":null,"createdById":null,"createdBy":null,"updatedById":null,"updatedBy":null,"deletedById":null,"deletedBy":null,"name":"","netPrice":"0","vatRate":"0","wrapAfter":false,"hidden":false,"soldOut":false,"apiExport":false,"pos":0,"totalStock":0,"unitsSold":0,"soldOutRequestCount":0,"guestlists":null}},"name":"Brown Hegmann","code":null,"additionalGuests":0,"attendedGuests":0,"arrivedAt":null,"arrivalNote":null,"notifyOnArrivalEmail":null,"purchaseId":null},{"id":8,"createdAt":"2025-06-14T18:27:22.568511+02:00","updatedAt":"2025-06-14T18:27:22.568511+02:00","deletedAt":null,"createdById":null,"createdBy":null,"updatedById":null,"updatedBy":null,"deletedById":null,"deletedBy":null,"guestlistId":2,"guestlist":{"id":2,"createdAt":"2025-06-14T18:27:22.568185+02:00","updatedAt":"2025-06-14T18:27:22.568185+02:00","deletedAt":null,"createdById":null,"createdBy":null,"updatedById":null,"updatedBy":null,"deletedById":null,"deletedBy":null,"name":"Long Distance","typeCode":false,"productId":2,"product":{"id":0,"createdAt":"0001-01-01T00:00:00Z","updatedAt":"0001-01-01T00:00:00Z","deletedAt":null,"createdById":null,"createdBy":null,"updatedById":null,"updatedBy":null,"deletedById":null,"deletedBy":null,"name":"","netPrice":"0","vatRate":"0","wrapAfter":false,"hidden":false,"soldOut":false,"apiExport":false,"pos":0,"totalStock":0,"unitsSold":0,"soldOutRequestCount":0,"guestlists":null}},"name":"Maybell Ward","code":null,"additionalGuests":0,"attendedGuests":0,"arrivedAt":null,"arrivalNote":null,"notifyOnArrivalEmail":null,"purchaseId":null},{"id":9,"createdAt":"2025-06-14T18:27:22.56854+02:00","updatedAt":"2025-06-14T18:27:22.56854+02:00","deletedAt":null,"createdById":null,"createdBy":null,"updatedById":null,"updatedBy":null,"deletedById":null,"deletedBy":null,"guestlistId":2,"guestlist":{"id":2,"createdAt":"2025-06-14T18:27:22.568185+02:00","updatedAt":"2025-06-14T18:27:22.568185+02:00","deletedAt":null,"createdById":null,"createdBy":null,"updatedById":null,"updatedBy":null,"deletedById":null,"deletedBy":null,"name":"Long Distance","typeCode":false,"productId":2,"product":{"id":0,"createdAt":"0001-01-01T00:00:00Z","updatedAt":"0001-01-01T00:00:00Z","deletedAt":null,"createdById":null,"createdBy":null,"updatedById":null,"updatedBy":null,"deletedById":null,"deletedBy":null,"name":"","netPrice":"0","vatRate":"0","wrapAfter":false,"hidden":false,"soldOut":false,"apiExport":false,"pos":0,"totalStock":0,"unitsSold":0,"soldOutRequestCount":0,"guestlists":null}},"name":"Chanel McClure","code":null,"additionalGuests":0,"attendedGuests":0,"arrivedAt":null,"arrivalNote":null,"notifyOnArrivalEmail":null,"purchaseId":null},{"id":10,"createdAt":"2025-06-14T18:27:22.56857+02:00","updatedAt":"2025-06-14T18:27:22.56857+02:00","deletedAt":null,"createdById":null,"createdBy":null,"updatedById":null,"updatedBy":null,"deletedById":null,"deletedBy":null,"guestlistId":2,"guestlist":{"id":2,"createdAt":"2025-06-14T18:27:22.568185+02:00","updatedAt":"2025-06-14T18:27:22.568185+02:00","deletedAt":null,"createdById":null,"createdBy":null,"updatedById":null,"updatedBy":null,"deletedById":null,"deletedBy":null,"name":"Long Distance","typeCode":false,"productId":2,"product":{"id":0,"createdAt":"0001-01-01T00:00:00Z","updatedAt":"0001-01-01T00:00:00Z","deletedAt":null,"createdById":null,"createdBy":null,"updatedById":null,"updatedBy":null,"deletedById":null,"deletedBy":null,"name":"","netPrice":"0","vatRate":"0","wrapAfter":false,"hidden":false,"soldOut":false,"apiExport":false,"pos":0,"totalStock":0,"unitsSold":0,"soldOutRequestCount":0,"guestlists":null}},"name":"Aryanna Schulist","code":null,"additionalGuests":0,"attendedGuests":0,"arrivedAt":null,"arrivalNote":null,"notifyOnArrivalEmail":null,"purchaseId":null}]
--- PASS: TestGetGuestsWithQueryIsNotPresent (0.00s)
=== RUN   TestGetGuestsWithQueryGuestlist
    printer.go:116: GET /api/v2/guests?guestlist_id=1 HTTP/1.1
        Authorization: Bearer eyJhbGciOiJIUzI1NiIsInR5cCI6IkpXVCJ9.eyJJRCI6MiwiZXhwIjoxNzQ5OTE5MDQ0LCJvcmlnX2lhdCI6MTc0OTkxODQ0NH0.ZCidgaD-PTq18MdpyLD8KBxvVLxEJYZN5uDZ-M8TgOc
        
[GIN] 2025/06/14 - 18:27:24 | 200 |     683.208µs |                 | GET      "/api/v2/guests?guestlist_id=1"
    printer.go:133: HTTP/0.0 200 OK 690.375µs
        Content-Type: application/json; charset=utf-8
        X-Total-Count: 4
        
        [{"id":1,"createdAt":"2025-06-14T18:27:22.568254+02:00","updatedAt":"2025-06-14T18:27:22.568254+02:00","deletedAt":null,"createdById":null,"createdBy":null,"updatedById":null,"updatedBy":null,"deletedById":null,"deletedBy":null,"guestlistId":1,"guestlist":{"id":1,"createdAt":"2025-06-14T18:27:22.568144+02:00","updatedAt":"2025-06-14T18:27:22.568144+02:00","deletedAt":null,"createdById":null,"createdBy":null,"updatedById":null,"updatedBy":null,"deletedById":null,"deletedBy":null,"name":"Reduces Digitale Kultur","typeCode":false,"productId":2,"product":{"id":0,"createdAt":"0001-01-01T00:00:00Z","updatedAt":"0001-01-01T00:00:00Z","deletedAt":null,"createdById":null,"createdBy":null,"updatedById":null,"updatedBy":null,"deletedById":null,"deletedBy":null,"name":"","netPrice":"0","vatRate":"0","wrapAfter":false,"hidden":false,"soldOut":false,"apiExport":false,"pos":0,"totalStock":0,"unitsSold":0,"soldOutRequestCount":0,"guestlists":null}},"name":"Winona Hegmann","code":null,"additionalGuests":0,"attendedGuests":0,"arrivedAt":null,"arrivalNote":null,"notifyOnArrivalEmail":null,"purchaseId":null},{"id":2,"createdAt":"2025-06-14T18:27:22.568301+02:00","updatedAt":"2025-06-14T18:27:22.568301+02:00","deletedAt":null,"createdById":null,"createdBy":null,"updatedById":null,"updatedBy":null,"deletedById":null,"deletedBy":null,"guestlistId":1,"guestlist":{"id":1,"createdAt":"2025-06-14T18:27:22.568144+02:00","updatedAt":"2025-06-14T18:27:22.568144+02:00","deletedAt":null,"createdById":null,"createdBy":null,"updatedById":null,"updatedBy":null,"deletedById":null,"deletedBy":null,"name":"Reduces Digitale Kultur","typeCode":false,"productId":2,"product":{"id":0,"createdAt":"0001-01-01T00:00:00Z","updatedAt":"0001-01-01T00:00:00Z","deletedAt":null,"createdById":null,"createdBy":null,"updatedById":null,"updatedBy":null,"deletedById":null,"deletedBy":null,"name":"","netPrice":"0","vatRate":"0","wrapAfter":false,"hidden":false,"soldOut":false,"apiExport":false,"pos":0,"totalStock":0,"unitsSold":0,"soldOutRequestCount":0,"guestlists":null}},"name":"Hosea Adams","code":null,"additionalGuests":0,"attendedGuests":0,"arrivedAt":null,"arrivalNote":null,"notifyOnArrivalEmail":null,"purchaseId":null},{"id":3,"createdAt":"2025-06-14T18:27:22.568337+02:00","updatedAt":"2025-06-14T18:27:22.568337+02:00","deletedAt":null,"createdById":null,"createdBy":null,"updatedById":null,"updatedBy":null,"deletedById":null,"deletedBy":null,"guestlistId":1,"guestlist":{"id":1,"createdAt":"2025-06-14T18:27:22.568144+02:00","updatedAt":"2025-06-14T18:27:22.568144+02:00","deletedAt":null,"createdById":null,"createdBy":null,"updatedById":null,"updatedBy":null,"deletedById":null,"deletedBy":null,"name":"Reduces Digitale Kultur","typeCode":false,"productId":2,"product":{"id":0,"createdAt":"0001-01-01T00:00:00Z","updatedAt":"0001-01-01T00:00:00Z","deletedAt":null,"createdById":null,"createdBy":null,"updatedById":null,"updatedBy":null,"deletedById":null,"deletedBy":null,"name":"","netPrice":"0","vatRate":"0","wrapAfter":false,"hidden":false,"soldOut":false,"apiExport":false,"pos":0,"totalStock":0,"unitsSold":0,"soldOutRequestCount":0,"guestlists":null}},"name":"Ruth Casper","code":null,"additionalGuests":0,"attendedGuests":0,"arrivedAt":null,"arrivalNote":null,"notifyOnArrivalEmail":null,"purchaseId":null},{"id":4,"createdAt":"2025-06-14T18:27:22.568377+02:00","updatedAt":"2025-06-14T18:27:22.568377+02:00","deletedAt":null,"createdById":null,"createdBy":null,"updatedById":null,"updatedBy":null,"deletedById":null,"deletedBy":null,"guestlistId":1,"guestlist":{"id":1,"createdAt":"2025-06-14T18:27:22.568144+02:00","updatedAt":"2025-06-14T18:27:22.568144+02:00","deletedAt":null,"createdById":null,"createdBy":null,"updatedById":null,"updatedBy":null,"deletedById":null,"deletedBy":null,"name":"Reduces Digitale Kultur","typeCode":false,"productId":2,"product":{"id":0,"createdAt":"0001-01-01T00:00:00Z","updatedAt":"0001-01-01T00:00:00Z","deletedAt":null,"createdById":null,"createdBy":null,"updatedById":null,"updatedBy":null,"deletedById":null,"deletedBy":null,"name":"","netPrice":"0","vatRate":"0","wrapAfter":false,"hidden":false,"soldOut":false,"apiExport":false,"pos":0,"totalStock":0,"unitsSold":0,"soldOutRequestCount":0,"guestlists":null}},"name":"Carley Hermann","code":null,"additionalGuests":0,"attendedGuests":0,"arrivedAt":null,"arrivalNote":null,"notifyOnArrivalEmail":null,"purchaseId":null}]
--- PASS: TestGetGuestsWithQueryGuestlist (0.00s)
=== RUN   TestGetGuest
    printer.go:116: GET /api/v2/guests/1 HTTP/1.1
        Authorization: Bearer eyJhbGciOiJIUzI1NiIsInR5cCI6IkpXVCJ9.eyJJRCI6MiwiZXhwIjoxNzQ5OTE5MDQ0LCJvcmlnX2lhdCI6MTc0OTkxODQ0NH0.ZCidgaD-PTq18MdpyLD8KBxvVLxEJYZN5uDZ-M8TgOc
        
[GIN] 2025/06/14 - 18:27:24 | 200 |     686.542µs |                 | GET      "/api/v2/guests/1"
    printer.go:133: HTTP/0.0 200 OK 715.583µs
        Content-Type: application/json; charset=utf-8
        
        {"id":1,"createdAt":"2025-06-14T18:27:22.568254+02:00","updatedAt":"2025-06-14T18:27:22.568254+02:00","deletedAt":null,"createdById":null,"createdBy":null,"updatedById":null,"updatedBy":null,"deletedById":null,"deletedBy":null,"guestlistId":1,"guestlist":{"id":0,"createdAt":"0001-01-01T00:00:00Z","updatedAt":"0001-01-01T00:00:00Z","deletedAt":null,"createdById":null,"createdBy":null,"updatedById":null,"updatedBy":null,"deletedById":null,"deletedBy":null,"name":"","typeCode":false,"productId":0,"product":{"id":0,"createdAt":"0001-01-01T00:00:00Z","updatedAt":"0001-01-01T00:00:00Z","deletedAt":null,"createdById":null,"createdBy":null,"updatedById":null,"updatedBy":null,"deletedById":null,"deletedBy":null,"name":"","netPrice":"0","vatRate":"0","wrapAfter":false,"hidden":false,"soldOut":false,"apiExport":false,"pos":0,"totalStock":0,"unitsSold":0,"soldOutRequestCount":0,"guestlists":null}},"name":"Winona Hegmann","code":null,"additionalGuests":0,"attendedGuests":0,"arrivedAt":null,"arrivalNote":null,"notifyOnArrivalEmail":null,"purchaseId":null}
--- PASS: TestGetGuest (0.00s)
=== RUN   TestCreateUpdateAndDeleteGuest
    printer.go:116: POST /api/v2/guests HTTP/1.1
        Authorization: Bearer eyJhbGciOiJIUzI1NiIsInR5cCI6IkpXVCJ9.eyJJRCI6MiwiZXhwIjoxNzQ5OTE5MDQ0LCJvcmlnX2lhdCI6MTc0OTkxODQ0NH0.ZCidgaD-PTq18MdpyLD8KBxvVLxEJYZN5uDZ-M8TgOc
        Content-Type: application/json; charset=utf-8
        
        {"additionalGuests":2,"arrivalNote":"Hand out a tshirt","attendedGuests":0,"guestlistId":1,"name":"Tessy Test","notifyOnArrivalEmail":"test@example.com"}
[GIN] 2025/06/14 - 18:27:24 | 201 |     664.208µs |                 | POST     "/api/v2/guests"
    printer.go:133: HTTP/0.0 201 Created 672.334µs
        Content-Type: application/json; charset=utf-8
        
        {"id":278,"createdAt":"2025-06-14T18:27:24.97715+02:00","updatedAt":"2025-06-14T18:27:24.97715+02:00","deletedAt":null,"createdById":2,"createdBy":null,"updatedById":null,"updatedBy":null,"deletedById":null,"deletedBy":null,"guestlistId":1,"guestlist":{"id":0,"createdAt":"0001-01-01T00:00:00Z","updatedAt":"0001-01-01T00:00:00Z","deletedAt":null,"createdById":null,"createdBy":null,"updatedById":null,"updatedBy":null,"deletedById":null,"deletedBy":null,"name":"","typeCode":false,"productId":0,"product":{"id":0,"createdAt":"0001-01-01T00:00:00Z","updatedAt":"0001-01-01T00:00:00Z","deletedAt":null,"createdById":null,"createdBy":null,"updatedById":null,"updatedBy":null,"deletedById":null,"deletedBy":null,"name":"","netPrice":"0","vatRate":"0","wrapAfter":false,"hidden":false,"soldOut":false,"apiExport":false,"pos":0,"totalStock":0,"unitsSold":0,"soldOutRequestCount":0,"guestlists":null}},"name":"Tessy Test","code":null,"additionalGuests":2,"attendedGuests":0,"arrivedAt":null,"arrivalNote":"Hand out a tshirt","notifyOnArrivalEmail":"test@example.com","purchaseId":null}
    printer.go:116: GET /api/v2/guests/278 HTTP/1.1
        Authorization: Bearer eyJhbGciOiJIUzI1NiIsInR5cCI6IkpXVCJ9.eyJJRCI6MiwiZXhwIjoxNzQ5OTE5MDQ0LCJvcmlnX2lhdCI6MTc0OTkxODQ0NH0.ZCidgaD-PTq18MdpyLD8KBxvVLxEJYZN5uDZ-M8TgOc
        
[GIN] 2025/06/14 - 18:27:24 | 200 |      56.334µs |                 | GET      "/api/v2/guests/278"
    printer.go:133: HTTP/0.0 200 OK 61µs
        Content-Type: application/json; charset=utf-8
        
        {"id":278,"createdAt":"2025-06-14T18:27:24.97715+02:00","updatedAt":"2025-06-14T18:27:24.97715+02:00","deletedAt":null,"createdById":2,"createdBy":null,"updatedById":null,"updatedBy":null,"deletedById":null,"deletedBy":null,"guestlistId":1,"guestlist":{"id":0,"createdAt":"0001-01-01T00:00:00Z","updatedAt":"0001-01-01T00:00:00Z","deletedAt":null,"createdById":null,"createdBy":null,"updatedById":null,"updatedBy":null,"deletedById":null,"deletedBy":null,"name":"","typeCode":false,"productId":0,"product":{"id":0,"createdAt":"0001-01-01T00:00:00Z","updatedAt":"0001-01-01T00:00:00Z","deletedAt":null,"createdById":null,"createdBy":null,"updatedById":null,"updatedBy":null,"deletedById":null,"deletedBy":null,"name":"","netPrice":"0","vatRate":"0","wrapAfter":false,"hidden":false,"soldOut":false,"apiExport":false,"pos":0,"totalStock":0,"unitsSold":0,"soldOutRequestCount":0,"guestlists":null}},"name":"Tessy Test","code":null,"additionalGuests":2,"attendedGuests":0,"arrivedAt":null,"arrivalNote":"Hand out a tshirt","notifyOnArrivalEmail":"test@example.com","purchaseId":null}
    printer.go:116: PUT /api/v2/guests/278 HTTP/1.1
        Authorization: Bearer eyJhbGciOiJIUzI1NiIsInR5cCI6IkpXVCJ9.eyJJRCI6MiwiZXhwIjoxNzQ5OTE5MDQ0LCJvcmlnX2lhdCI6MTc0OTkxODQ0NH0.ZCidgaD-PTq18MdpyLD8KBxvVLxEJYZN5uDZ-M8TgOc
        Content-Type: application/json; charset=utf-8
        
        {"additionalGuests":3,"arrivalNote":null,"attendedGuests":0,"name":"Tessy Test Updated","notifyOnArrivalEmail":null}
[GIN] 2025/06/14 - 18:27:24 | 200 |     144.833µs |                 | PUT      "/api/v2/guests/278"
    printer.go:133: HTTP/0.0 200 OK 151.291µs
        Content-Type: application/json; charset=utf-8
        
        {"id":278,"createdAt":"2025-06-14T18:27:24.97715+02:00","updatedAt":"2025-06-14T18:27:24.97759+02:00","deletedAt":null,"createdById":2,"createdBy":null,"updatedById":2,"updatedBy":null,"deletedById":null,"deletedBy":null,"guestlistId":1,"guestlist":{"id":0,"createdAt":"0001-01-01T00:00:00Z","updatedAt":"0001-01-01T00:00:00Z","deletedAt":null,"createdById":null,"createdBy":null,"updatedById":null,"updatedBy":null,"deletedById":null,"deletedBy":null,"name":"","typeCode":false,"productId":0,"product":{"id":0,"createdAt":"0001-01-01T00:00:00Z","updatedAt":"0001-01-01T00:00:00Z","deletedAt":null,"createdById":null,"createdBy":null,"updatedById":null,"updatedBy":null,"deletedById":null,"deletedBy":null,"name":"","netPrice":"0","vatRate":"0","wrapAfter":false,"hidden":false,"soldOut":false,"apiExport":false,"pos":0,"totalStock":0,"unitsSold":0,"soldOutRequestCount":0,"guestlists":null}},"name":"Tessy Test Updated","code":null,"additionalGuests":3,"attendedGuests":0,"arrivedAt":null,"arrivalNote":null,"notifyOnArrivalEmail":null,"purchaseId":null}
    printer.go:116: GET /api/v2/guests/278 HTTP/1.1
        Authorization: Bearer eyJhbGciOiJIUzI1NiIsInR5cCI6IkpXVCJ9.eyJJRCI6MiwiZXhwIjoxNzQ5OTE5MDQ0LCJvcmlnX2lhdCI6MTc0OTkxODQ0NH0.ZCidgaD-PTq18MdpyLD8KBxvVLxEJYZN5uDZ-M8TgOc
        
[GIN] 2025/06/14 - 18:27:24 | 200 |        36.5µs |                 | GET      "/api/v2/guests/278"
    printer.go:133: HTTP/0.0 200 OK 44.167µs
        Content-Type: application/json; charset=utf-8
        
        {"id":278,"createdAt":"2025-06-14T18:27:24.97715+02:00","updatedAt":"2025-06-14T18:27:24.97759+02:00","deletedAt":null,"createdById":2,"createdBy":null,"updatedById":2,"updatedBy":null,"deletedById":null,"deletedBy":null,"guestlistId":1,"guestlist":{"id":0,"createdAt":"0001-01-01T00:00:00Z","updatedAt":"0001-01-01T00:00:00Z","deletedAt":null,"createdById":null,"createdBy":null,"updatedById":null,"updatedBy":null,"deletedById":null,"deletedBy":null,"name":"","typeCode":false,"productId":0,"product":{"id":0,"createdAt":"0001-01-01T00:00:00Z","updatedAt":"0001-01-01T00:00:00Z","deletedAt":null,"createdById":null,"createdBy":null,"updatedById":null,"updatedBy":null,"deletedById":null,"deletedBy":null,"name":"","netPrice":"0","vatRate":"0","wrapAfter":false,"hidden":false,"soldOut":false,"apiExport":false,"pos":0,"totalStock":0,"unitsSold":0,"soldOutRequestCount":0,"guestlists":null}},"name":"Tessy Test Updated","code":null,"additionalGuests":3,"attendedGuests":0,"arrivedAt":null,"arrivalNote":null,"notifyOnArrivalEmail":null,"purchaseId":null}
    printer.go:116: DELETE /api/v2/guests/278 HTTP/1.1
        Authorization: Bearer eyJhbGciOiJIUzI1NiIsInR5cCI6IkpXVCJ9.eyJJRCI6MiwiZXhwIjoxNzQ5OTE5MDQ0LCJvcmlnX2lhdCI6MTc0OTkxODQ0NH0.ZCidgaD-PTq18MdpyLD8KBxvVLxEJYZN5uDZ-M8TgOc
        
[GIN] 2025/06/14 - 18:27:24 | 204 |     130.667µs |                 | DELETE   "/api/v2/guests/278"
    printer.go:133: HTTP/0.0 204 No Content 135.667µs
        
    printer.go:116: GET /api/v2/guests/278 HTTP/1.1
        Authorization: Bearer eyJhbGciOiJIUzI1NiIsInR5cCI6IkpXVCJ9.eyJJRCI6MiwiZXhwIjoxNzQ5OTE5MDQ0LCJvcmlnX2lhdCI6MTc0OTkxODQ0NH0.ZCidgaD-PTq18MdpyLD8KBxvVLxEJYZN5uDZ-M8TgOc
        

2025/06/14 18:27:24 [31;1m/Users/stefan/PhpstormProjects/die-kassa/backend/internal/app/repository/sqlite/guest.go:120 [35;1mrecord not found
[0m[33m[0.016ms] [34;1m[rows:0][0m SELECT * FROM `guests` WHERE `guests`.`id` = 278 AND `guests`.`deleted_at` IS NULL ORDER BY `guests`.`id` LIMIT 1
[GIN] 2025/06/14 - 18:27:24 | 404 |      52.041µs |                 | GET      "/api/v2/guests/278"
Error #01: Not Found
    printer.go:133: HTTP/0.0 404 Not Found 60.333µs
        Content-Type: application/json; charset=utf-8
        
        {"details":"guest not found","error":"Not Found"}
--- PASS: TestCreateUpdateAndDeleteGuest (0.00s)
=== RUN   TestGuestAuthentication
    printer.go:116: GET /api/v2/guests HTTP/1.1
        
[GIN] 2025/06/14 - 18:27:24 | 401 |       6.834µs |                 | GET      "/api/v2/guests"
    printer.go:133: HTTP/0.0 401 Unauthorized 14.833µs
        Content-Type: application/json; charset=utf-8
        Www-Authenticate: JWT realm=gin jwt
        
        {"code":401,"message":"cookie token is empty"}
    printer.go:116: GET /api/v2/guests/1 HTTP/1.1
        
[GIN] 2025/06/14 - 18:27:24 | 401 |           6µs |                 | GET      "/api/v2/guests/1"
    printer.go:133: HTTP/0.0 401 Unauthorized 10.208µs
        Content-Type: application/json; charset=utf-8
        Www-Authenticate: JWT realm=gin jwt
        
        {"code":401,"message":"cookie token is empty"}
    printer.go:116: POST /api/v2/guests HTTP/1.1
        
[GIN] 2025/06/14 - 18:27:24 | 401 |       9.667µs |                 | POST     "/api/v2/guests"
    printer.go:133: HTTP/0.0 401 Unauthorized 13.958µs
        Content-Type: application/json; charset=utf-8
        Www-Authenticate: JWT realm=gin jwt
        
        {"code":401,"message":"cookie token is empty"}
    printer.go:116: PUT /api/v2/guests/1 HTTP/1.1
        
[GIN] 2025/06/14 - 18:27:24 | 401 |       5.291µs |                 | PUT      "/api/v2/guests/1"
    printer.go:133: HTTP/0.0 401 Unauthorized 12.542µs
        Content-Type: application/json; charset=utf-8
        Www-Authenticate: JWT realm=gin jwt
        
        {"code":401,"message":"cookie token is empty"}
    printer.go:116: DELETE /api/v2/guests/1 HTTP/1.1
        
[GIN] 2025/06/14 - 18:27:24 | 401 |        4.75µs |                 | DELETE   "/api/v2/guests/1"
    printer.go:133: HTTP/0.0 401 Unauthorized 11.584µs
        Content-Type: application/json; charset=utf-8
        Www-Authenticate: JWT realm=gin jwt
        
        {"code":401,"message":"cookie token is empty"}
--- PASS: TestGuestAuthentication (0.00s)
=== RUN   TestGuestsByProduct
    printer.go:116: GET /api/v2/products/2/guests?q=e HTTP/1.1
        Authorization: Bearer eyJhbGciOiJIUzI1NiIsInR5cCI6IkpXVCJ9.eyJJRCI6MiwiZXhwIjoxNzQ5OTE5MDQ0LCJvcmlnX2lhdCI6MTc0OTkxODQ0NH0.ZCidgaD-PTq18MdpyLD8KBxvVLxEJYZN5uDZ-M8TgOc
        
[GIN] 2025/06/14 - 18:27:24 | 200 |      623.75µs |                 | GET      "/api/v2/products/2/guests?q=e"
    printer.go:133: HTTP/0.0 200 OK 633.458µs
        Content-Type: application/json; charset=utf-8
        
        [{"id":7,"name":"Brown Hegmann","code":null,"listName":"Long Distance","additionalGuests":0,"arrivalNote":null},{"id":4,"name":"Carley Hermann","code":null,"listName":"Reduces Digitale Kultur","additionalGuests":0,"arrivalNote":null},{"id":9,"name":"Chanel McClure","code":null,"listName":"Long Distance","additionalGuests":0,"arrivalNote":null},{"id":17,"name":"Colleen Waelchi","code":null,"listName":"Long Distance","additionalGuests":0,"arrivalNote":null},{"id":15,"name":"Coy Hegmann","code":null,"listName":"Long Distance","additionalGuests":0,"arrivalNote":null},{"id":5,"name":"Demetrius Goodwin","code":null,"listName":"Long Distance","additionalGuests":0,"arrivalNote":null},{"id":14,"name":"Devin Mohr","code":null,"listName":"Long Distance","additionalGuests":0,"arrivalNote":null},{"id":2,"name":"Hosea Adams","code":null,"listName":"Reduces Digitale Kultur","additionalGuests":0,"arrivalNote":null},{"id":16,"name":"Kip Dibbert","code":null,"listName":"Long Distance","additionalGuests":0,"arrivalNote":null},{"id":6,"name":"Lazaro Ruecker","code":null,"listName":"Long Distance","additionalGuests":0,"arrivalNote":null},{"id":8,"name":"Maybell Ward","code":null,"listName":"Long Distance","additionalGuests":0,"arrivalNote":null},{"id":13,"name":"Omer Harber","code":null,"listName":"Long Distance","additionalGuests":0,"arrivalNote":null},{"id":3,"name":"Ruth Casper","code":null,"listName":"Reduces Digitale Kultur","additionalGuests":0,"arrivalNote":null},{"id":1,"name":"Winona Hegmann","code":null,"listName":"Reduces Digitale Kultur","additionalGuests":0,"arrivalNote":null}]
--- PASS: TestGuestsByProduct (0.00s)
=== RUN   TestGetGuestlists
    printer.go:116: GET /api/v2/guestlists HTTP/1.1
        Authorization: Bearer eyJhbGciOiJIUzI1NiIsInR5cCI6IkpXVCJ9.eyJJRCI6MiwiZXhwIjoxNzQ5OTE5MDQ0LCJvcmlnX2lhdCI6MTc0OTkxODQ0NH0.ZCidgaD-PTq18MdpyLD8KBxvVLxEJYZN5uDZ-M8TgOc
        
[GIN] 2025/06/14 - 18:27:24 | 200 |     439.917µs |                 | GET      "/api/v2/guestlists"
    printer.go:133: HTTP/0.0 200 OK 444.75µs
        Content-Type: application/json; charset=utf-8
        X-Total-Count: 40
        
        [{"id":1,"createdAt":"2025-06-14T18:27:22.568144+02:00","updatedAt":"2025-06-14T18:27:22.568144+02:00","deletedAt":null,"createdById":null,"createdBy":null,"updatedById":null,"updatedBy":null,"deletedById":null,"deletedBy":null,"name":"Reduces Digitale Kultur","typeCode":false,"productId":2,"product":{"id":2,"createdAt":"2025-06-14T18:27:22.567595+02:00","updatedAt":"2025-06-14T18:27:22.567595+02:00","deletedAt":null,"createdById":null,"createdBy":null,"updatedById":null,"updatedBy":null,"deletedById":null,"deletedBy":null,"name":"🎟️ Reduced","netPrice":"18.69","vatRate":"7","wrapAfter":false,"hidden":false,"soldOut":false,"apiExport":true,"pos":2,"totalStock":0,"unitsSold":0,"soldOutRequestCount":0,"guestlists":null}},{"id":2,"createdAt":"2025-06-14T18:27:22.568185+02:00","updatedAt":"2025-06-14T18:27:22.568185+02:00","deletedAt":null,"createdById":null,"createdBy":null,"updatedById":null,"updatedBy":null,"deletedById":null,"deletedBy":null,"name":"Long Distance","typeCode":false,"productId":2,"product":{"id":2,"createdAt":"2025-06-14T18:27:22.567595+02:00","updatedAt":"2025-06-14T18:27:22.567595+02:00","deletedAt":null,"createdById":null,"createdBy":null,"updatedById":null,"updatedBy":null,"deletedById":null,"deletedBy":null,"name":"🎟️ Reduced","netPrice":"18.69","vatRate":"7","wrapAfter":false,"hidden":false,"soldOut":false,"apiExport":true,"pos":2,"totalStock":0,"unitsSold":0,"soldOutRequestCount":0,"guestlists":null}},{"id":3,"createdAt":"2025-06-14T18:27:22.568211+02:00","updatedAt":"2025-06-14T18:27:22.568211+02:00","deletedAt":null,"createdById":null,"createdBy":null,"updatedById":null,"updatedBy":null,"deletedById":null,"deletedBy":null,"name":"Deine Tickets","typeCode":true,"productId":4,"product":{"id":4,"createdAt":"2025-06-14T18:27:22.56768+02:00","updatedAt":"2025-06-14T18:27:22.56768+02:00","deletedAt":null,"createdById":null,"createdBy":null,"updatedById":null,"updatedBy":null,"deletedById":null,"deletedBy":null,"name":"🎟️ Prepaid","netPrice":"0","vatRate":"0","wrapAfter":true,"hidden":false,"soldOut":false,"apiExport":true,"pos":4,"totalStock":0,"unitsSold":0,"soldOutRequestCount":0,"guestlists":null}},{"id":4,"createdAt":"2025-06-14T18:27:22.569465+02:00","updatedAt":"2025-06-14T18:27:22.569465+02:00","deletedAt":null,"createdById":null,"createdBy":null,"updatedById":null,"updatedBy":null,"deletedById":null,"deletedBy":null,"name":"Guestlist Neva","typeCode":false,"productId":3,"product":{"id":3,"createdAt":"2025-06-14T18:27:22.567644+02:00","updatedAt":"2025-06-14T18:27:22.567644+02:00","deletedAt":null,"createdById":null,"createdBy":null,"updatedById":null,"updatedBy":null,"deletedById":null,"deletedBy":null,"name":"🎟️ Free","netPrice":"0","vatRate":"0","wrapAfter":false,"hidden":false,"soldOut":false,"apiExport":true,"pos":3,"totalStock":0,"unitsSold":0,"soldOutRequestCount":0,"guestlists":null}},{"id":5,"createdAt":"2025-06-14T18:27:22.569631+02:00","updatedAt":"2025-06-14T18:27:22.569631+02:00","deletedAt":null,"createdById":null,"createdBy":null,"updatedById":null,"updatedBy":null,"deletedById":null,"deletedBy":null,"name":"Guestlist Bertram","typeCode":false,"productId":3,"product":{"id":3,"createdAt":"2025-06-14T18:27:22.567644+02:00","updatedAt":"2025-06-14T18:27:22.567644+02:00","deletedAt":null,"createdById":null,"createdBy":null,"updatedById":null,"updatedBy":null,"deletedById":null,"deletedBy":null,"name":"🎟️ Free","netPrice":"0","vatRate":"0","wrapAfter":false,"hidden":false,"soldOut":false,"apiExport":true,"pos":3,"totalStock":0,"unitsSold":0,"soldOutRequestCount":0,"guestlists":null}},{"id":6,"createdAt":"2025-06-14T18:27:22.569753+02:00","updatedAt":"2025-06-14T18:27:22.569753+02:00","deletedAt":null,"createdById":null,"createdBy":null,"updatedById":null,"updatedBy":null,"deletedById":null,"deletedBy":null,"name":"Guestlist Amelia","typeCode":false,"productId":3,"product":{"id":3,"createdAt":"2025-06-14T18:27:22.567644+02:00","updatedAt":"2025-06-14T18:27:22.567644+02:00","deletedAt":null,"createdById":null,"createdBy":null,"updatedById":null,"updatedBy":null,"deletedById":null,"deletedBy":null,"name":"🎟️ Free","netPrice":"0","vatRate":"0","wrapAfter":false,"hidden":false,"soldOut":false,"apiExport":true,"pos":3,"totalStock":0,"unitsSold":0,"soldOutRequestCount":0,"guestlists":null}},{"id":7,"createdAt":"2025-06-14T18:27:22.570018+02:00","updatedAt":"2025-06-14T18:27:22.570018+02:00","deletedAt":null,"createdById":null,"createdBy":null,"updatedById":null,"updatedBy":null,"deletedById":null,"deletedBy":null,"name":"Guestlist Roel","typeCode":false,"productId":3,"product":{"id":3,"createdAt":"2025-06-14T18:27:22.567644+02:00","updatedAt":"2025-06-14T18:27:22.567644+02:00","deletedAt":null,"createdById":null,"createdBy":null,"updatedById":null,"updatedBy":null,"deletedById":null,"deletedBy":null,"name":"🎟️ Free","netPrice":"0","vatRate":"0","wrapAfter":false,"hidden":false,"soldOut":false,"apiExport":true,"pos":3,"totalStock":0,"unitsSold":0,"soldOutRequestCount":0,"guestlists":null}},{"id":8,"createdAt":"2025-06-14T18:27:22.570302+02:00","updatedAt":"2025-06-14T18:27:22.570302+02:00","deletedAt":null,"createdById":null,"createdBy":null,"updatedById":null,"updatedBy":null,"deletedById":null,"deletedBy":null,"name":"Guestlist Edythe","typeCode":false,"productId":3,"product":{"id":3,"createdAt":"2025-06-14T18:27:22.567644+02:00","updatedAt":"2025-06-14T18:27:22.567644+02:00","deletedAt":null,"createdById":null,"createdBy":null,"updatedById":null,"updatedBy":null,"deletedById":null,"deletedBy":null,"name":"🎟️ Free","netPrice":"0","vatRate":"0","wrapAfter":false,"hidden":false,"soldOut":false,"apiExport":true,"pos":3,"totalStock":0,"unitsSold":0,"soldOutRequestCount":0,"guestlists":null}},{"id":9,"createdAt":"2025-06-14T18:27:22.570504+02:00","updatedAt":"2025-06-14T18:27:22.570504+02:00","deletedAt":null,"createdById":null,"createdBy":null,"updatedById":null,"updatedBy":null,"deletedById":null,"deletedBy":null,"name":"Guestlist Gudrun","typeCode":false,"productId":3,"product":{"id":3,"createdAt":"2025-06-14T18:27:22.567644+02:00","updatedAt":"2025-06-14T18:27:22.567644+02:00","deletedAt":null,"createdById":null,"createdBy":null,"updatedById":null,"updatedBy":null,"deletedById":null,"deletedBy":null,"name":"🎟️ Free","netPrice":"0","vatRate":"0","wrapAfter":false,"hidden":false,"soldOut":false,"apiExport":true,"pos":3,"totalStock":0,"unitsSold":0,"soldOutRequestCount":0,"guestlists":null}},{"id":10,"createdAt":"2025-06-14T18:27:22.570947+02:00","updatedAt":"2025-06-14T18:27:22.570947+02:00","deletedAt":null,"createdById":null,"createdBy":null,"updatedById":null,"updatedBy":null,"deletedById":null,"deletedBy":null,"name":"Guestlist Katharina","typeCode":false,"productId":3,"product":{"id":3,"createdAt":"2025-06-14T18:27:22.567644+02:00","updatedAt":"2025-06-14T18:27:22.567644+02:00","deletedAt":null,"createdById":null,"createdBy":null,"updatedById":null,"updatedBy":null,"deletedById":null,"deletedBy":null,"name":"🎟️ Free","netPrice":"0","vatRate":"0","wrapAfter":false,"hidden":false,"soldOut":false,"apiExport":true,"pos":3,"totalStock":0,"unitsSold":0,"soldOutRequestCount":0,"guestlists":null}}]
--- PASS: TestGetGuestlists (0.00s)
=== RUN   TestGetGuestlistsEmpty
    printer.go:116: GET /api/v2/guestlists?id=0 HTTP/1.1
        Authorization: Bearer eyJhbGciOiJIUzI1NiIsInR5cCI6IkpXVCJ9.eyJJRCI6MiwiZXhwIjoxNzQ5OTE5MDQ0LCJvcmlnX2lhdCI6MTc0OTkxODQ0NH0.ZCidgaD-PTq18MdpyLD8KBxvVLxEJYZN5uDZ-M8TgOc
        
[GIN] 2025/06/14 - 18:27:24 | 200 |     294.125µs |                 | GET      "/api/v2/guestlists?id=0"
    printer.go:133: HTTP/0.0 200 OK 302.542µs
        Content-Type: application/json; charset=utf-8
        X-Total-Count: 40
        
        []
--- PASS: TestGetGuestlistsEmpty (0.00s)
=== RUN   TestGetGuestlistsWithSort
    printer.go:116: GET /api/v2/guestlists?_sort=id HTTP/1.1
        Authorization: Bearer eyJhbGciOiJIUzI1NiIsInR5cCI6IkpXVCJ9.eyJJRCI6MiwiZXhwIjoxNzQ5OTE5MDQ0LCJvcmlnX2lhdCI6MTc0OTkxODQ0NH0.ZCidgaD-PTq18MdpyLD8KBxvVLxEJYZN5uDZ-M8TgOc
        
[GIN] 2025/06/14 - 18:27:24 | 200 |     385.959µs |                 | GET      "/api/v2/guestlists?_sort=id"
    printer.go:133: HTTP/0.0 200 OK 395.292µs
        Content-Type: application/json; charset=utf-8
        X-Total-Count: 40
        
        [{"id":1,"createdAt":"2025-06-14T18:27:22.568144+02:00","updatedAt":"2025-06-14T18:27:22.568144+02:00","deletedAt":null,"createdById":null,"createdBy":null,"updatedById":null,"updatedBy":null,"deletedById":null,"deletedBy":null,"name":"Reduces Digitale Kultur","typeCode":false,"productId":2,"product":{"id":2,"createdAt":"2025-06-14T18:27:22.567595+02:00","updatedAt":"2025-06-14T18:27:22.567595+02:00","deletedAt":null,"createdById":null,"createdBy":null,"updatedById":null,"updatedBy":null,"deletedById":null,"deletedBy":null,"name":"🎟️ Reduced","netPrice":"18.69","vatRate":"7","wrapAfter":false,"hidden":false,"soldOut":false,"apiExport":true,"pos":2,"totalStock":0,"unitsSold":0,"soldOutRequestCount":0,"guestlists":null}},{"id":2,"createdAt":"2025-06-14T18:27:22.568185+02:00","updatedAt":"2025-06-14T18:27:22.568185+02:00","deletedAt":null,"createdById":null,"createdBy":null,"updatedById":null,"updatedBy":null,"deletedById":null,"deletedBy":null,"name":"Long Distance","typeCode":false,"productId":2,"product":{"id":2,"createdAt":"2025-06-14T18:27:22.567595+02:00","updatedAt":"2025-06-14T18:27:22.567595+02:00","deletedAt":null,"createdById":null,"createdBy":null,"updatedById":null,"updatedBy":null,"deletedById":null,"deletedBy":null,"name":"🎟️ Reduced","netPrice":"18.69","vatRate":"7","wrapAfter":false,"hidden":false,"soldOut":false,"apiExport":true,"pos":2,"totalStock":0,"unitsSold":0,"soldOutRequestCount":0,"guestlists":null}},{"id":3,"createdAt":"2025-06-14T18:27:22.568211+02:00","updatedAt":"2025-06-14T18:27:22.568211+02:00","deletedAt":null,"createdById":null,"createdBy":null,"updatedById":null,"updatedBy":null,"deletedById":null,"deletedBy":null,"name":"Deine Tickets","typeCode":true,"productId":4,"product":{"id":4,"createdAt":"2025-06-14T18:27:22.56768+02:00","updatedAt":"2025-06-14T18:27:22.56768+02:00","deletedAt":null,"createdById":null,"createdBy":null,"updatedById":null,"updatedBy":null,"deletedById":null,"deletedBy":null,"name":"🎟️ Prepaid","netPrice":"0","vatRate":"0","wrapAfter":true,"hidden":false,"soldOut":false,"apiExport":true,"pos":4,"totalStock":0,"unitsSold":0,"soldOutRequestCount":0,"guestlists":null}},{"id":4,"createdAt":"2025-06-14T18:27:22.569465+02:00","updatedAt":"2025-06-14T18:27:22.569465+02:00","deletedAt":null,"createdById":null,"createdBy":null,"updatedById":null,"updatedBy":null,"deletedById":null,"deletedBy":null,"name":"Guestlist Neva","typeCode":false,"productId":3,"product":{"id":3,"createdAt":"2025-06-14T18:27:22.567644+02:00","updatedAt":"2025-06-14T18:27:22.567644+02:00","deletedAt":null,"createdById":null,"createdBy":null,"updatedById":null,"updatedBy":null,"deletedById":null,"deletedBy":null,"name":"🎟️ Free","netPrice":"0","vatRate":"0","wrapAfter":false,"hidden":false,"soldOut":false,"apiExport":true,"pos":3,"totalStock":0,"unitsSold":0,"soldOutRequestCount":0,"guestlists":null}},{"id":5,"createdAt":"2025-06-14T18:27:22.569631+02:00","updatedAt":"2025-06-14T18:27:22.569631+02:00","deletedAt":null,"createdById":null,"createdBy":null,"updatedById":null,"updatedBy":null,"deletedById":null,"deletedBy":null,"name":"Guestlist Bertram","typeCode":false,"productId":3,"product":{"id":3,"createdAt":"2025-06-14T18:27:22.567644+02:00","updatedAt":"2025-06-14T18:27:22.567644+02:00","deletedAt":null,"createdById":null,"createdBy":null,"updatedById":null,"updatedBy":null,"deletedById":null,"deletedBy":null,"name":"🎟️ Free","netPrice":"0","vatRate":"0","wrapAfter":false,"hidden":false,"soldOut":false,"apiExport":true,"pos":3,"totalStock":0,"unitsSold":0,"soldOutRequestCount":0,"guestlists":null}},{"id":6,"createdAt":"2025-06-14T18:27:22.569753+02:00","updatedAt":"2025-06-14T18:27:22.569753+02:00","deletedAt":null,"createdById":null,"createdBy":null,"updatedById":null,"updatedBy":null,"deletedById":null,"deletedBy":null,"name":"Guestlist Amelia","typeCode":false,"productId":3,"product":{"id":3,"createdAt":"2025-06-14T18:27:22.567644+02:00","updatedAt":"2025-06-14T18:27:22.567644+02:00","deletedAt":null,"createdById":null,"createdBy":null,"updatedById":null,"updatedBy":null,"deletedById":null,"deletedBy":null,"name":"🎟️ Free","netPrice":"0","vatRate":"0","wrapAfter":false,"hidden":false,"soldOut":false,"apiExport":true,"pos":3,"totalStock":0,"unitsSold":0,"soldOutRequestCount":0,"guestlists":null}},{"id":7,"createdAt":"2025-06-14T18:27:22.570018+02:00","updatedAt":"2025-06-14T18:27:22.570018+02:00","deletedAt":null,"createdById":null,"createdBy":null,"updatedById":null,"updatedBy":null,"deletedById":null,"deletedBy":null,"name":"Guestlist Roel","typeCode":false,"productId":3,"product":{"id":3,"createdAt":"2025-06-14T18:27:22.567644+02:00","updatedAt":"2025-06-14T18:27:22.567644+02:00","deletedAt":null,"createdById":null,"createdBy":null,"updatedById":null,"updatedBy":null,"deletedById":null,"deletedBy":null,"name":"🎟️ Free","netPrice":"0","vatRate":"0","wrapAfter":false,"hidden":false,"soldOut":false,"apiExport":true,"pos":3,"totalStock":0,"unitsSold":0,"soldOutRequestCount":0,"guestlists":null}},{"id":8,"createdAt":"2025-06-14T18:27:22.570302+02:00","updatedAt":"2025-06-14T18:27:22.570302+02:00","deletedAt":null,"createdById":null,"createdBy":null,"updatedById":null,"updatedBy":null,"deletedById":null,"deletedBy":null,"name":"Guestlist Edythe","typeCode":false,"productId":3,"product":{"id":3,"createdAt":"2025-06-14T18:27:22.567644+02:00","updatedAt":"2025-06-14T18:27:22.567644+02:00","deletedAt":null,"createdById":null,"createdBy":null,"updatedById":null,"updatedBy":null,"deletedById":null,"deletedBy":null,"name":"🎟️ Free","netPrice":"0","vatRate":"0","wrapAfter":false,"hidden":false,"soldOut":false,"apiExport":true,"pos":3,"totalStock":0,"unitsSold":0,"soldOutRequestCount":0,"guestlists":null}},{"id":9,"createdAt":"2025-06-14T18:27:22.570504+02:00","updatedAt":"2025-06-14T18:27:22.570504+02:00","deletedAt":null,"createdById":null,"createdBy":null,"updatedById":null,"updatedBy":null,"deletedById":null,"deletedBy":null,"name":"Guestlist Gudrun","typeCode":false,"productId":3,"product":{"id":3,"createdAt":"2025-06-14T18:27:22.567644+02:00","updatedAt":"2025-06-14T18:27:22.567644+02:00","deletedAt":null,"createdById":null,"createdBy":null,"updatedById":null,"updatedBy":null,"deletedById":null,"deletedBy":null,"name":"🎟️ Free","netPrice":"0","vatRate":"0","wrapAfter":false,"hidden":false,"soldOut":false,"apiExport":true,"pos":3,"totalStock":0,"unitsSold":0,"soldOutRequestCount":0,"guestlists":null}},{"id":10,"createdAt":"2025-06-14T18:27:22.570947+02:00","updatedAt":"2025-06-14T18:27:22.570947+02:00","deletedAt":null,"createdById":null,"createdBy":null,"updatedById":null,"updatedBy":null,"deletedById":null,"deletedBy":null,"name":"Guestlist Katharina","typeCode":false,"productId":3,"product":{"id":3,"createdAt":"2025-06-14T18:27:22.567644+02:00","updatedAt":"2025-06-14T18:27:22.567644+02:00","deletedAt":null,"createdById":null,"createdBy":null,"updatedById":null,"updatedBy":null,"deletedById":null,"deletedBy":null,"name":"🎟️ Free","netPrice":"0","vatRate":"0","wrapAfter":false,"hidden":false,"soldOut":false,"apiExport":true,"pos":3,"totalStock":0,"unitsSold":0,"soldOutRequestCount":0,"guestlists":null}}]
    printer.go:116: GET /api/v2/guestlists?_sort=name HTTP/1.1
        Authorization: Bearer eyJhbGciOiJIUzI1NiIsInR5cCI6IkpXVCJ9.eyJJRCI6MiwiZXhwIjoxNzQ5OTE5MDQ0LCJvcmlnX2lhdCI6MTc0OTkxODQ0NH0.ZCidgaD-PTq18MdpyLD8KBxvVLxEJYZN5uDZ-M8TgOc
        
[GIN] 2025/06/14 - 18:27:24 | 200 |     147.541µs |                 | GET      "/api/v2/guestlists?_sort=name"
    printer.go:133: HTTP/0.0 200 OK 151.291µs
        Content-Type: application/json; charset=utf-8
        X-Total-Count: 40
        
        [{"id":3,"createdAt":"2025-06-14T18:27:22.568211+02:00","updatedAt":"2025-06-14T18:27:22.568211+02:00","deletedAt":null,"createdById":null,"createdBy":null,"updatedById":null,"updatedBy":null,"deletedById":null,"deletedBy":null,"name":"Deine Tickets","typeCode":true,"productId":4,"product":{"id":4,"createdAt":"2025-06-14T18:27:22.56768+02:00","updatedAt":"2025-06-14T18:27:22.56768+02:00","deletedAt":null,"createdById":null,"createdBy":null,"updatedById":null,"updatedBy":null,"deletedById":null,"deletedBy":null,"name":"🎟️ Prepaid","netPrice":"0","vatRate":"0","wrapAfter":true,"hidden":false,"soldOut":false,"apiExport":true,"pos":4,"totalStock":0,"unitsSold":0,"soldOutRequestCount":0,"guestlists":null}},{"id":40,"createdAt":"2025-06-14T18:27:22.578677+02:00","updatedAt":"2025-06-14T18:27:22.578677+02:00","deletedAt":null,"createdById":null,"createdBy":null,"updatedById":null,"updatedBy":null,"deletedById":null,"deletedBy":null,"name":"Guestlist Alicia","typeCode":false,"productId":3,"product":{"id":3,"createdAt":"2025-06-14T18:27:22.567644+02:00","updatedAt":"2025-06-14T18:27:22.567644+02:00","deletedAt":null,"createdById":null,"createdBy":null,"updatedById":null,"updatedBy":null,"deletedById":null,"deletedBy":null,"name":"🎟️ Free","netPrice":"0","vatRate":"0","wrapAfter":false,"hidden":false,"soldOut":false,"apiExport":true,"pos":3,"totalStock":0,"unitsSold":0,"soldOutRequestCount":0,"guestlists":null}},{"id":6,"createdAt":"2025-06-14T18:27:22.569753+02:00","updatedAt":"2025-06-14T18:27:22.569753+02:00","deletedAt":null,"createdById":null,"createdBy":null,"updatedById":null,"updatedBy":null,"deletedById":null,"deletedBy":null,"name":"Guestlist Amelia","typeCode":false,"productId":3,"product":{"id":3,"createdAt":"2025-06-14T18:27:22.567644+02:00","updatedAt":"2025-06-14T18:27:22.567644+02:00","deletedAt":null,"createdById":null,"createdBy":null,"updatedById":null,"updatedBy":null,"deletedById":null,"deletedBy":null,"name":"🎟️ Free","netPrice":"0","vatRate":"0","wrapAfter":false,"hidden":false,"soldOut":false,"apiExport":true,"pos":3,"totalStock":0,"unitsSold":0,"soldOutRequestCount":0,"guestlists":null}},{"id":22,"createdAt":"2025-06-14T18:27:22.574622+02:00","updatedAt":"2025-06-14T18:27:22.574622+02:00","deletedAt":null,"createdById":null,"createdBy":null,"updatedById":null,"updatedBy":null,"deletedById":null,"deletedBy":null,"name":"Guestlist Autumn","typeCode":false,"productId":3,"product":{"id":3,"createdAt":"2025-06-14T18:27:22.567644+02:00","updatedAt":"2025-06-14T18:27:22.567644+02:00","deletedAt":null,"createdById":null,"createdBy":null,"updatedById":null,"updatedBy":null,"deletedById":null,"deletedBy":null,"name":"🎟️ Free","netPrice":"0","vatRate":"0","wrapAfter":false,"hidden":false,"soldOut":false,"apiExport":true,"pos":3,"totalStock":0,"unitsSold":0,"soldOutRequestCount":0,"guestlists":null}},{"id":16,"createdAt":"2025-06-14T18:27:22.573047+02:00","updatedAt":"2025-06-14T18:27:22.573047+02:00","deletedAt":null,"createdById":null,"createdBy":null,"updatedById":null,"updatedBy":null,"deletedById":null,"deletedBy":null,"name":"Guestlist Benny","typeCode":false,"productId":3,"product":{"id":3,"createdAt":"2025-06-14T18:27:22.567644+02:00","updatedAt":"2025-06-14T18:27:22.567644+02:00","deletedAt":null,"createdById":null,"createdBy":null,"updatedById":null,"updatedBy":null,"deletedById":null,"deletedBy":null,"name":"🎟️ Free","netPrice":"0","vatRate":"0","wrapAfter":false,"hidden":false,"soldOut":false,"apiExport":true,"pos":3,"totalStock":0,"unitsSold":0,"soldOutRequestCount":0,"guestlists":null}},{"id":35,"createdAt":"2025-06-14T18:27:22.576834+02:00","updatedAt":"2025-06-14T18:27:22.576834+02:00","deletedAt":null,"createdById":null,"createdBy":null,"updatedById":null,"updatedBy":null,"deletedById":null,"deletedBy":null,"name":"Guestlist Berry","typeCode":false,"productId":3,"product":{"id":3,"createdAt":"2025-06-14T18:27:22.567644+02:00","updatedAt":"2025-06-14T18:27:22.567644+02:00","deletedAt":null,"createdById":null,"createdBy":null,"updatedById":null,"updatedBy":null,"deletedById":null,"deletedBy":null,"name":"🎟️ Free","netPrice":"0","vatRate":"0","wrapAfter":false,"hidden":false,"soldOut":false,"apiExport":true,"pos":3,"totalStock":0,"unitsSold":0,"soldOutRequestCount":0,"guestlists":null}},{"id":5,"createdAt":"2025-06-14T18:27:22.569631+02:00","updatedAt":"2025-06-14T18:27:22.569631+02:00","deletedAt":null,"createdById":null,"createdBy":null,"updatedById":null,"updatedBy":null,"deletedById":null,"deletedBy":null,"name":"Guestlist Bertram","typeCode":false,"productId":3,"product":{"id":3,"createdAt":"2025-06-14T18:27:22.567644+02:00","updatedAt":"2025-06-14T18:27:22.567644+02:00","deletedAt":null,"createdById":null,"createdBy":null,"updatedById":null,"updatedBy":null,"deletedById":null,"deletedBy":null,"name":"🎟️ Free","netPrice":"0","vatRate":"0","wrapAfter":false,"hidden":false,"soldOut":false,"apiExport":true,"pos":3,"totalStock":0,"unitsSold":0,"soldOutRequestCount":0,"guestlists":null}},{"id":27,"createdAt":"2025-06-14T18:27:22.575406+02:00","updatedAt":"2025-06-14T18:27:22.575406+02:00","deletedAt":null,"createdById":null,"createdBy":null,"updatedById":null,"updatedBy":null,"deletedById":null,"deletedBy":null,"name":"Guestlist Breanna","typeCode":false,"productId":3,"product":{"id":3,"createdAt":"2025-06-14T18:27:22.567644+02:00","updatedAt":"2025-06-14T18:27:22.567644+02:00","deletedAt":null,"createdById":null,"createdBy":null,"updatedById":null,"updatedBy":null,"deletedById":null,"deletedBy":null,"name":"🎟️ Free","netPrice":"0","vatRate":"0","wrapAfter":false,"hidden":false,"soldOut":false,"apiExport":true,"pos":3,"totalStock":0,"unitsSold":0,"soldOutRequestCount":0,"guestlists":null}},{"id":25,"createdAt":"2025-06-14T18:27:22.575139+02:00","updatedAt":"2025-06-14T18:27:22.575139+02:00","deletedAt":null,"createdById":null,"createdBy":null,"updatedById":null,"updatedBy":null,"deletedById":null,"deletedBy":null,"name":"Guestlist Crystel","typeCode":false,"productId":3,"product":{"id":3,"createdAt":"2025-06-14T18:27:22.567644+02:00","updatedAt":"2025-06-14T18:27:22.567644+02:00","deletedAt":null,"createdById":null,"createdBy":null,"updatedById":null,"updatedBy":null,"deletedById":null,"deletedBy":null,"name":"🎟️ Free","netPrice":"0","vatRate":"0","wrapAfter":false,"hidden":false,"soldOut":false,"apiExport":true,"pos":3,"totalStock":0,"unitsSold":0,"soldOutRequestCount":0,"guestlists":null}},{"id":15,"createdAt":"2025-06-14T18:27:22.57293+02:00","updatedAt":"2025-06-14T18:27:22.57293+02:00","deletedAt":null,"createdById":null,"createdBy":null,"updatedById":null,"updatedBy":null,"deletedById":null,"deletedBy":null,"name":"Guestlist Daija","typeCode":false,"productId":3,"product":{"id":3,"createdAt":"2025-06-14T18:27:22.567644+02:00","updatedAt":"2025-06-14T18:27:22.567644+02:00","deletedAt":null,"createdById":null,"createdBy":null,"updatedById":null,"updatedBy":null,"deletedById":null,"deletedBy":null,"name":"🎟️ Free","netPrice":"0","vatRate":"0","wrapAfter":false,"hidden":false,"soldOut":false,"apiExport":true,"pos":3,"totalStock":0,"unitsSold":0,"soldOutRequestCount":0,"guestlists":null}}]
--- PASS: TestGetGuestlistsWithSort (0.00s)
=== RUN   TestGetGuestlistsWithQuery
    printer.go:116: GET /api/v2/guestlists?q=Guestlist HTTP/1.1
        Authorization: Bearer eyJhbGciOiJIUzI1NiIsInR5cCI6IkpXVCJ9.eyJJRCI6MiwiZXhwIjoxNzQ5OTE5MDQ0LCJvcmlnX2lhdCI6MTc0OTkxODQ0NH0.ZCidgaD-PTq18MdpyLD8KBxvVLxEJYZN5uDZ-M8TgOc
        
[GIN] 2025/06/14 - 18:27:24 | 200 |     449.334µs |                 | GET      "/api/v2/guestlists?q=Guestlist"
    printer.go:133: HTTP/0.0 200 OK 544.583µs
        Content-Type: application/json; charset=utf-8
        X-Total-Count: 40
        
        [{"id":4,"createdAt":"2025-06-14T18:27:22.569465+02:00","updatedAt":"2025-06-14T18:27:22.569465+02:00","deletedAt":null,"createdById":null,"createdBy":null,"updatedById":null,"updatedBy":null,"deletedById":null,"deletedBy":null,"name":"Guestlist Neva","typeCode":false,"productId":3,"product":{"id":3,"createdAt":"2025-06-14T18:27:22.567644+02:00","updatedAt":"2025-06-14T18:27:22.567644+02:00","deletedAt":null,"createdById":null,"createdBy":null,"updatedById":null,"updatedBy":null,"deletedById":null,"deletedBy":null,"name":"🎟️ Free","netPrice":"0","vatRate":"0","wrapAfter":false,"hidden":false,"soldOut":false,"apiExport":true,"pos":3,"totalStock":0,"unitsSold":0,"soldOutRequestCount":0,"guestlists":null}},{"id":5,"createdAt":"2025-06-14T18:27:22.569631+02:00","updatedAt":"2025-06-14T18:27:22.569631+02:00","deletedAt":null,"createdById":null,"createdBy":null,"updatedById":null,"updatedBy":null,"deletedById":null,"deletedBy":null,"name":"Guestlist Bertram","typeCode":false,"productId":3,"product":{"id":3,"createdAt":"2025-06-14T18:27:22.567644+02:00","updatedAt":"2025-06-14T18:27:22.567644+02:00","deletedAt":null,"createdById":null,"createdBy":null,"updatedById":null,"updatedBy":null,"deletedById":null,"deletedBy":null,"name":"🎟️ Free","netPrice":"0","vatRate":"0","wrapAfter":false,"hidden":false,"soldOut":false,"apiExport":true,"pos":3,"totalStock":0,"unitsSold":0,"soldOutRequestCount":0,"guestlists":null}},{"id":6,"createdAt":"2025-06-14T18:27:22.569753+02:00","updatedAt":"2025-06-14T18:27:22.569753+02:00","deletedAt":null,"createdById":null,"createdBy":null,"updatedById":null,"updatedBy":null,"deletedById":null,"deletedBy":null,"name":"Guestlist Amelia","typeCode":false,"productId":3,"product":{"id":3,"createdAt":"2025-06-14T18:27:22.567644+02:00","updatedAt":"2025-06-14T18:27:22.567644+02:00","deletedAt":null,"createdById":null,"createdBy":null,"updatedById":null,"updatedBy":null,"deletedById":null,"deletedBy":null,"name":"🎟️ Free","netPrice":"0","vatRate":"0","wrapAfter":false,"hidden":false,"soldOut":false,"apiExport":true,"pos":3,"totalStock":0,"unitsSold":0,"soldOutRequestCount":0,"guestlists":null}},{"id":7,"createdAt":"2025-06-14T18:27:22.570018+02:00","updatedAt":"2025-06-14T18:27:22.570018+02:00","deletedAt":null,"createdById":null,"createdBy":null,"updatedById":null,"updatedBy":null,"deletedById":null,"deletedBy":null,"name":"Guestlist Roel","typeCode":false,"productId":3,"product":{"id":3,"createdAt":"2025-06-14T18:27:22.567644+02:00","updatedAt":"2025-06-14T18:27:22.567644+02:00","deletedAt":null,"createdById":null,"createdBy":null,"updatedById":null,"updatedBy":null,"deletedById":null,"deletedBy":null,"name":"🎟️ Free","netPrice":"0","vatRate":"0","wrapAfter":false,"hidden":false,"soldOut":false,"apiExport":true,"pos":3,"totalStock":0,"unitsSold":0,"soldOutRequestCount":0,"guestlists":null}},{"id":8,"createdAt":"2025-06-14T18:27:22.570302+02:00","updatedAt":"2025-06-14T18:27:22.570302+02:00","deletedAt":null,"createdById":null,"createdBy":null,"updatedById":null,"updatedBy":null,"deletedById":null,"deletedBy":null,"name":"Guestlist Edythe","typeCode":false,"productId":3,"product":{"id":3,"createdAt":"2025-06-14T18:27:22.567644+02:00","updatedAt":"2025-06-14T18:27:22.567644+02:00","deletedAt":null,"createdById":null,"createdBy":null,"updatedById":null,"updatedBy":null,"deletedById":null,"deletedBy":null,"name":"🎟️ Free","netPrice":"0","vatRate":"0","wrapAfter":false,"hidden":false,"soldOut":false,"apiExport":true,"pos":3,"totalStock":0,"unitsSold":0,"soldOutRequestCount":0,"guestlists":null}},{"id":9,"createdAt":"2025-06-14T18:27:22.570504+02:00","updatedAt":"2025-06-14T18:27:22.570504+02:00","deletedAt":null,"createdById":null,"createdBy":null,"updatedById":null,"updatedBy":null,"deletedById":null,"deletedBy":null,"name":"Guestlist Gudrun","typeCode":false,"productId":3,"product":{"id":3,"createdAt":"2025-06-14T18:27:22.567644+02:00","updatedAt":"2025-06-14T18:27:22.567644+02:00","deletedAt":null,"createdById":null,"createdBy":null,"updatedById":null,"updatedBy":null,"deletedById":null,"deletedBy":null,"name":"🎟️ Free","netPrice":"0","vatRate":"0","wrapAfter":false,"hidden":false,"soldOut":false,"apiExport":true,"pos":3,"totalStock":0,"unitsSold":0,"soldOutRequestCount":0,"guestlists":null}},{"id":10,"createdAt":"2025-06-14T18:27:22.570947+02:00","updatedAt":"2025-06-14T18:27:22.570947+02:00","deletedAt":null,"createdById":null,"createdBy":null,"updatedById":null,"updatedBy":null,"deletedById":null,"deletedBy":null,"name":"Guestlist Katharina","typeCode":false,"productId":3,"product":{"id":3,"createdAt":"2025-06-14T18:27:22.567644+02:00","updatedAt":"2025-06-14T18:27:22.567644+02:00","deletedAt":null,"createdById":null,"createdBy":null,"updatedById":null,"updatedBy":null,"deletedById":null,"deletedBy":null,"name":"🎟️ Free","netPrice":"0","vatRate":"0","wrapAfter":false,"hidden":false,"soldOut":false,"apiExport":true,"pos":3,"totalStock":0,"unitsSold":0,"soldOutRequestCount":0,"guestlists":null}},{"id":11,"createdAt":"2025-06-14T18:27:22.5712+02:00","updatedAt":"2025-06-14T18:27:22.5712+02:00","deletedAt":null,"createdById":null,"createdBy":null,"updatedById":null,"updatedBy":null,"deletedById":null,"deletedBy":null,"name":"Guestlist Gerda","typeCode":false,"productId":3,"product":{"id":3,"createdAt":"2025-06-14T18:27:22.567644+02:00","updatedAt":"2025-06-14T18:27:22.567644+02:00","deletedAt":null,"createdById":null,"createdBy":null,"updatedById":null,"updatedBy":null,"deletedById":null,"deletedBy":null,"name":"🎟️ Free","netPrice":"0","vatRate":"0","wrapAfter":false,"hidden":false,"soldOut":false,"apiExport":true,"pos":3,"totalStock":0,"unitsSold":0,"soldOutRequestCount":0,"guestlists":null}},{"id":12,"createdAt":"2025-06-14T18:27:22.571479+02:00","updatedAt":"2025-06-14T18:27:22.571479+02:00","deletedAt":null,"createdById":null,"createdBy":null,"updatedById":null,"updatedBy":null,"deletedById":null,"deletedBy":null,"name":"Guestlist Laverna","typeCode":false,"productId":3,"product":{"id":3,"createdAt":"2025-06-14T18:27:22.567644+02:00","updatedAt":"2025-06-14T18:27:22.567644+02:00","deletedAt":null,"createdById":null,"createdBy":null,"updatedById":null,"updatedBy":null,"deletedById":null,"deletedBy":null,"name":"🎟️ Free","netPrice":"0","vatRate":"0","wrapAfter":false,"hidden":false,"soldOut":false,"apiExport":true,"pos":3,"totalStock":0,"unitsSold":0,"soldOutRequestCount":0,"guestlists":null}},{"id":13,"createdAt":"2025-06-14T18:27:22.571662+02:00","updatedAt":"2025-06-14T18:27:22.571662+02:00","deletedAt":null,"createdById":null,"createdBy":null,"updatedById":null,"updatedBy":null,"deletedById":null,"deletedBy":null,"name":"Guestlist Mekhi","typeCode":false,"productId":3,"product":{"id":3,"createdAt":"2025-06-14T18:27:22.567644+02:00","updatedAt":"2025-06-14T18:27:22.567644+02:00","deletedAt":null,"createdById":null,"createdBy":null,"updatedById":null,"updatedBy":null,"deletedById":null,"deletedBy":null,"name":"🎟️ Free","netPrice":"0","vatRate":"0","wrapAfter":false,"hidden":false,"soldOut":false,"apiExport":true,"pos":3,"totalStock":0,"unitsSold":0,"soldOutRequestCount":0,"guestlists":null}}]
--- PASS: TestGetGuestlistsWithQuery (0.00s)
=== RUN   TestGetGuestlist
    printer.go:116: GET /api/v2/guestlists/1 HTTP/1.1
        Authorization: Bearer eyJhbGciOiJIUzI1NiIsInR5cCI6IkpXVCJ9.eyJJRCI6MiwiZXhwIjoxNzQ5OTE5MDQ0LCJvcmlnX2lhdCI6MTc0OTkxODQ0NH0.ZCidgaD-PTq18MdpyLD8KBxvVLxEJYZN5uDZ-M8TgOc
        
[GIN] 2025/06/14 - 18:27:24 | 200 |     306.917µs |                 | GET      "/api/v2/guestlists/1"
    printer.go:133: HTTP/0.0 200 OK 313.333µs
        Content-Type: application/json; charset=utf-8
        
        {"id":1,"createdAt":"2025-06-14T18:27:22.568144+02:00","updatedAt":"2025-06-14T18:27:22.568144+02:00","deletedAt":null,"createdById":null,"createdBy":null,"updatedById":null,"updatedBy":null,"deletedById":null,"deletedBy":null,"name":"Reduces Digitale Kultur","typeCode":false,"productId":2,"product":{"id":0,"createdAt":"0001-01-01T00:00:00Z","updatedAt":"0001-01-01T00:00:00Z","deletedAt":null,"createdById":null,"createdBy":null,"updatedById":null,"updatedBy":null,"deletedById":null,"deletedBy":null,"name":"","netPrice":"0","vatRate":"0","wrapAfter":false,"hidden":false,"soldOut":false,"apiExport":false,"pos":0,"totalStock":0,"unitsSold":0,"soldOutRequestCount":0,"guestlists":null}}
--- PASS: TestGetGuestlist (0.00s)
=== RUN   TestCreateUpdateAndDeleteGuestList
    printer.go:116: POST /api/v2/guestlists HTTP/1.1
        Authorization: Bearer eyJhbGciOiJIUzI1NiIsInR5cCI6IkpXVCJ9.eyJJRCI6MiwiZXhwIjoxNzQ5OTE5MDQ0LCJvcmlnX2lhdCI6MTc0OTkxODQ0NH0.ZCidgaD-PTq18MdpyLD8KBxvVLxEJYZN5uDZ-M8TgOc
        Content-Type: application/json; charset=utf-8
        
        {"name":"Test List","productId":2,"typeCode":false}
[GIN] 2025/06/14 - 18:27:24 | 201 |     362.584µs |                 | POST     "/api/v2/guestlists"
    printer.go:133: HTTP/0.0 201 Created 369.25µs
        Content-Type: application/json; charset=utf-8
        
        {"id":41,"createdAt":"2025-06-14T18:27:24.985852+02:00","updatedAt":"2025-06-14T18:27:24.985852+02:00","deletedAt":null,"createdById":2,"createdBy":null,"updatedById":null,"updatedBy":null,"deletedById":null,"deletedBy":null,"name":"Test List","typeCode":false,"productId":2,"product":{"id":0,"createdAt":"0001-01-01T00:00:00Z","updatedAt":"0001-01-01T00:00:00Z","deletedAt":null,"createdById":null,"createdBy":null,"updatedById":null,"updatedBy":null,"deletedById":null,"deletedBy":null,"name":"","netPrice":"0","vatRate":"0","wrapAfter":false,"hidden":false,"soldOut":false,"apiExport":false,"pos":0,"totalStock":0,"unitsSold":0,"soldOutRequestCount":0,"guestlists":null}}
    printer.go:116: GET /api/v2/guestlists/41 HTTP/1.1
        Authorization: Bearer eyJhbGciOiJIUzI1NiIsInR5cCI6IkpXVCJ9.eyJJRCI6MiwiZXhwIjoxNzQ5OTE5MDQ0LCJvcmlnX2lhdCI6MTc0OTkxODQ0NH0.ZCidgaD-PTq18MdpyLD8KBxvVLxEJYZN5uDZ-M8TgOc
        
[GIN] 2025/06/14 - 18:27:24 | 200 |      44.167µs |                 | GET      "/api/v2/guestlists/41"
    printer.go:133: HTTP/0.0 200 OK 48.333µs
        Content-Type: application/json; charset=utf-8
        
        {"id":41,"createdAt":"2025-06-14T18:27:24.985852+02:00","updatedAt":"2025-06-14T18:27:24.985852+02:00","deletedAt":null,"createdById":2,"createdBy":null,"updatedById":null,"updatedBy":null,"deletedById":null,"deletedBy":null,"name":"Test List","typeCode":false,"productId":2,"product":{"id":0,"createdAt":"0001-01-01T00:00:00Z","updatedAt":"0001-01-01T00:00:00Z","deletedAt":null,"createdById":null,"createdBy":null,"updatedById":null,"updatedBy":null,"deletedById":null,"deletedBy":null,"name":"","netPrice":"0","vatRate":"0","wrapAfter":false,"hidden":false,"soldOut":false,"apiExport":false,"pos":0,"totalStock":0,"unitsSold":0,"soldOutRequestCount":0,"guestlists":null}}
    printer.go:116: PUT /api/v2/guestlists/41 HTTP/1.1
        Authorization: Bearer eyJhbGciOiJIUzI1NiIsInR5cCI6IkpXVCJ9.eyJJRCI6MiwiZXhwIjoxNzQ5OTE5MDQ0LCJvcmlnX2lhdCI6MTc0OTkxODQ0NH0.ZCidgaD-PTq18MdpyLD8KBxvVLxEJYZN5uDZ-M8TgOc
        Content-Type: application/json; charset=utf-8
        
        {"name":"Test List Updated","productId":2,"typeCode":false}
[GIN] 2025/06/14 - 18:27:24 | 200 |     126.875µs |                 | PUT      "/api/v2/guestlists/41"
    printer.go:133: HTTP/0.0 200 OK 132.542µs
        Content-Type: application/json; charset=utf-8
        
        {"id":41,"createdAt":"2025-06-14T18:27:24.985852+02:00","updatedAt":"2025-06-14T18:27:24.986164+02:00","deletedAt":null,"createdById":2,"createdBy":null,"updatedById":2,"updatedBy":null,"deletedById":null,"deletedBy":null,"name":"Test List Updated","typeCode":false,"productId":2,"product":{"id":0,"createdAt":"0001-01-01T00:00:00Z","updatedAt":"0001-01-01T00:00:00Z","deletedAt":null,"createdById":null,"createdBy":null,"updatedById":null,"updatedBy":null,"deletedById":null,"deletedBy":null,"name":"","netPrice":"0","vatRate":"0","wrapAfter":false,"hidden":false,"soldOut":false,"apiExport":false,"pos":0,"totalStock":0,"unitsSold":0,"soldOutRequestCount":0,"guestlists":null}}
    printer.go:116: GET /api/v2/guestlists/41 HTTP/1.1
        Authorization: Bearer eyJhbGciOiJIUzI1NiIsInR5cCI6IkpXVCJ9.eyJJRCI6MiwiZXhwIjoxNzQ5OTE5MDQ0LCJvcmlnX2lhdCI6MTc0OTkxODQ0NH0.ZCidgaD-PTq18MdpyLD8KBxvVLxEJYZN5uDZ-M8TgOc
        
[GIN] 2025/06/14 - 18:27:24 | 200 |      81.542µs |                 | GET      "/api/v2/guestlists/41"
    printer.go:133: HTTP/0.0 200 OK 97.375µs
        Content-Type: application/json; charset=utf-8
        
        {"id":41,"createdAt":"2025-06-14T18:27:24.985852+02:00","updatedAt":"2025-06-14T18:27:24.986164+02:00","deletedAt":null,"createdById":2,"createdBy":null,"updatedById":2,"updatedBy":null,"deletedById":null,"deletedBy":null,"name":"Test List Updated","typeCode":false,"productId":2,"product":{"id":0,"createdAt":"0001-01-01T00:00:00Z","updatedAt":"0001-01-01T00:00:00Z","deletedAt":null,"createdById":null,"createdBy":null,"updatedById":null,"updatedBy":null,"deletedById":null,"deletedBy":null,"name":"","netPrice":"0","vatRate":"0","wrapAfter":false,"hidden":false,"soldOut":false,"apiExport":false,"pos":0,"totalStock":0,"unitsSold":0,"soldOutRequestCount":0,"guestlists":null}}
    printer.go:116: DELETE /api/v2/guestlists/41 HTTP/1.1
        Authorization: Bearer eyJhbGciOiJIUzI1NiIsInR5cCI6IkpXVCJ9.eyJJRCI6MiwiZXhwIjoxNzQ5OTE5MDQ0LCJvcmlnX2lhdCI6MTc0OTkxODQ0NH0.ZCidgaD-PTq18MdpyLD8KBxvVLxEJYZN5uDZ-M8TgOc
        
[GIN] 2025/06/14 - 18:27:24 | 204 |     517.208µs |                 | DELETE   "/api/v2/guestlists/41"
    printer.go:133: HTTP/0.0 204 No Content 522.958µs
        
    printer.go:116: GET /api/v2/guestlists/41 HTTP/1.1
        Authorization: Bearer eyJhbGciOiJIUzI1NiIsInR5cCI6IkpXVCJ9.eyJJRCI6MiwiZXhwIjoxNzQ5OTE5MDQ0LCJvcmlnX2lhdCI6MTc0OTkxODQ0NH0.ZCidgaD-PTq18MdpyLD8KBxvVLxEJYZN5uDZ-M8TgOc
        

2025/06/14 18:27:24 [31;1m/Users/stefan/PhpstormProjects/die-kassa/backend/internal/app/repository/sqlite/guestlist.go:68 [35;1mrecord not found
[0m[33m[0.012ms] [34;1m[rows:0][0m SELECT * FROM `guestlists` WHERE `guestlists`.`id` = 41 AND `guestlists`.`deleted_at` IS NULL ORDER BY `guestlists`.`id` LIMIT 1
[GIN] 2025/06/14 - 18:27:24 | 404 |      39.792µs |                 | GET      "/api/v2/guestlists/41"
Error #01: Not Found
    printer.go:133: HTTP/0.0 404 Not Found 45.792µs
        Content-Type: application/json; charset=utf-8
        
        {"details":"guestlist not found","error":"Not Found"}
--- PASS: TestCreateUpdateAndDeleteGuestList (0.00s)
=== RUN   TestGuestlistAuthentication
    printer.go:116: GET /api/v2/guestlists HTTP/1.1
        
[GIN] 2025/06/14 - 18:27:24 | 401 |       7.041µs |                 | GET      "/api/v2/guestlists"
    printer.go:133: HTTP/0.0 401 Unauthorized 13.292µs
        Content-Type: application/json; charset=utf-8
        Www-Authenticate: JWT realm=gin jwt
        
        {"code":401,"message":"cookie token is empty"}
    printer.go:116: GET /api/v2/guestlists/1 HTTP/1.1
        
[GIN] 2025/06/14 - 18:27:24 | 401 |       6.709µs |                 | GET      "/api/v2/guestlists/1"
    printer.go:133: HTTP/0.0 401 Unauthorized 13.75µs
        Content-Type: application/json; charset=utf-8
        Www-Authenticate: JWT realm=gin jwt
        
        {"code":401,"message":"cookie token is empty"}
    printer.go:116: POST /api/v2/guestlists HTTP/1.1
        
[GIN] 2025/06/14 - 18:27:24 | 401 |      12.708µs |                 | POST     "/api/v2/guestlists"
    printer.go:133: HTTP/0.0 401 Unauthorized 15.375µs
        Content-Type: application/json; charset=utf-8
        Www-Authenticate: JWT realm=gin jwt
        
        {"code":401,"message":"cookie token is empty"}
    printer.go:116: PUT /api/v2/guestlists/1 HTTP/1.1
        
[GIN] 2025/06/14 - 18:27:24 | 401 |        4.75µs |                 | PUT      "/api/v2/guestlists/1"
    printer.go:133: HTTP/0.0 401 Unauthorized 11.459µs
        Content-Type: application/json; charset=utf-8
        Www-Authenticate: JWT realm=gin jwt
        
        {"code":401,"message":"cookie token is empty"}
    printer.go:116: DELETE /api/v2/guestlists/1 HTTP/1.1
        
[GIN] 2025/06/14 - 18:27:24 | 401 |       5.125µs |                 | DELETE   "/api/v2/guestlists/1"
    printer.go:133: HTTP/0.0 401 Unauthorized 13.375µs
        Content-Type: application/json; charset=utf-8
        Www-Authenticate: JWT realm=gin jwt
        
        {"code":401,"message":"cookie token is empty"}
--- PASS: TestGuestlistAuthentication (0.00s)
=== RUN   TestGetProductInterest
    printer.go:116: GET /api/v2/productInterests HTTP/1.1
        Authorization: Bearer eyJhbGciOiJIUzI1NiIsInR5cCI6IkpXVCJ9.eyJJRCI6MiwiZXhwIjoxNzQ5OTE5MDQ0LCJvcmlnX2lhdCI6MTc0OTkxODQ0NH0.ZCidgaD-PTq18MdpyLD8KBxvVLxEJYZN5uDZ-M8TgOc
        
[GIN] 2025/06/14 - 18:27:24 | 200 |     392.125µs |                 | GET      "/api/v2/productInterests"
    printer.go:133: HTTP/0.0 200 OK 397.042µs
        Content-Type: application/json; charset=utf-8
        X-Total-Count: 0
        
        []
--- PASS: TestGetProductInterest (0.00s)
=== RUN   TestGetProductInterestsWithSort
    printer.go:116: GET /api/v2/productInterests?_sort=id HTTP/1.1
        Authorization: Bearer eyJhbGciOiJIUzI1NiIsInR5cCI6IkpXVCJ9.eyJJRCI6MiwiZXhwIjoxNzQ5OTE5MDQ0LCJvcmlnX2lhdCI6MTc0OTkxODQ0NH0.ZCidgaD-PTq18MdpyLD8KBxvVLxEJYZN5uDZ-M8TgOc
        
[GIN] 2025/06/14 - 18:27:24 | 200 |         382µs |                 | GET      "/api/v2/productInterests?_sort=id"
    printer.go:133: HTTP/0.0 200 OK 394.167µs
        Content-Type: application/json; charset=utf-8
        X-Total-Count: 0
        
        []
    printer.go:116: GET /api/v2/productInterests?_sort=pos HTTP/1.1
        Authorization: Bearer eyJhbGciOiJIUzI1NiIsInR5cCI6IkpXVCJ9.eyJJRCI6MiwiZXhwIjoxNzQ5OTE5MDQ0LCJvcmlnX2lhdCI6MTc0OTkxODQ0NH0.ZCidgaD-PTq18MdpyLD8KBxvVLxEJYZN5uDZ-M8TgOc
        
[GIN] 2025/06/14 - 18:27:24 | 200 |      45.916µs |                 | GET      "/api/v2/productInterests?_sort=pos"
    printer.go:133: HTTP/0.0 200 OK 50.708µs
        Content-Type: application/json; charset=utf-8
        X-Total-Count: 0
        
        []
    printer.go:116: GET /api/v2/productInterests?_sort=createdAt HTTP/1.1
        Authorization: Bearer eyJhbGciOiJIUzI1NiIsInR5cCI6IkpXVCJ9.eyJJRCI6MiwiZXhwIjoxNzQ5OTE5MDQ0LCJvcmlnX2lhdCI6MTc0OTkxODQ0NH0.ZCidgaD-PTq18MdpyLD8KBxvVLxEJYZN5uDZ-M8TgOc
        
[GIN] 2025/06/14 - 18:27:24 | 200 |      40.792µs |                 | GET      "/api/v2/productInterests?_sort=createdAt"
    printer.go:133: HTTP/0.0 200 OK 45.042µs
        Content-Type: application/json; charset=utf-8
        X-Total-Count: 0
        
        []
    printer.go:116: GET /api/v2/productInterests?_sort=product.id HTTP/1.1
        Authorization: Bearer eyJhbGciOiJIUzI1NiIsInR5cCI6IkpXVCJ9.eyJJRCI6MiwiZXhwIjoxNzQ5OTE5MDQ0LCJvcmlnX2lhdCI6MTc0OTkxODQ0NH0.ZCidgaD-PTq18MdpyLD8KBxvVLxEJYZN5uDZ-M8TgOc
        
[GIN] 2025/06/14 - 18:27:24 | 200 |      41.084µs |                 | GET      "/api/v2/productInterests?_sort=product.id"
    printer.go:133: HTTP/0.0 200 OK 45.083µs
        Content-Type: application/json; charset=utf-8
        X-Total-Count: 0
        
        []
    printer.go:116: GET /api/v2/productInterests?_sort=product.name HTTP/1.1
        Authorization: Bearer eyJhbGciOiJIUzI1NiIsInR5cCI6IkpXVCJ9.eyJJRCI6MiwiZXhwIjoxNzQ5OTE5MDQ0LCJvcmlnX2lhdCI6MTc0OTkxODQ0NH0.ZCidgaD-PTq18MdpyLD8KBxvVLxEJYZN5uDZ-M8TgOc
        
[GIN] 2025/06/14 - 18:27:24 | 200 |       42.75µs |                 | GET      "/api/v2/productInterests?_sort=product.name"
    printer.go:133: HTTP/0.0 200 OK 51.666µs
        Content-Type: application/json; charset=utf-8
        X-Total-Count: 0
        
        []
--- PASS: TestGetProductInterestsWithSort (0.00s)
=== RUN   TestCreateAndDeleteProductInterest
    printer.go:116: POST /api/v2/productInterests HTTP/1.1
        Authorization: Bearer eyJhbGciOiJIUzI1NiIsInR5cCI6IkpXVCJ9.eyJJRCI6MiwiZXhwIjoxNzQ5OTE5MDQ0LCJvcmlnX2lhdCI6MTc0OTkxODQ0NH0.ZCidgaD-PTq18MdpyLD8KBxvVLxEJYZN5uDZ-M8TgOc
        Content-Type: application/json; charset=utf-8
        
        {"productId":1}
[GIN] 2025/06/14 - 18:27:24 | 201 |       446.5µs |                 | POST     "/api/v2/productInterests"
    printer.go:133: HTTP/0.0 201 Created 456.125µs
        Content-Type: application/json; charset=utf-8
        
        {"id":1,"createdAt":"2025-06-14T18:27:24.989586+02:00","updatedAt":"2025-06-14T18:27:24.989586+02:00","deletedAt":null,"createdById":2,"createdBy":null,"updatedById":null,"updatedBy":null,"deletedById":null,"deletedBy":null,"productID":1,"product":{"id":0,"createdAt":"0001-01-01T00:00:00Z","updatedAt":"0001-01-01T00:00:00Z","deletedAt":null,"createdById":null,"createdBy":null,"updatedById":null,"updatedBy":null,"deletedById":null,"deletedBy":null,"name":"","netPrice":"0","vatRate":"0","wrapAfter":false,"hidden":false,"soldOut":false,"apiExport":false,"pos":0,"totalStock":0,"unitsSold":0,"soldOutRequestCount":0,"guestlists":null}}
    printer.go:116: GET /api/v2/productInterests HTTP/1.1
        Authorization: Bearer eyJhbGciOiJIUzI1NiIsInR5cCI6IkpXVCJ9.eyJJRCI6MiwiZXhwIjoxNzQ5OTE5MDQ0LCJvcmlnX2lhdCI6MTc0OTkxODQ0NH0.ZCidgaD-PTq18MdpyLD8KBxvVLxEJYZN5uDZ-M8TgOc
        
[GIN] 2025/06/14 - 18:27:24 | 200 |       81.25µs |                 | GET      "/api/v2/productInterests"
    printer.go:133: HTTP/0.0 200 OK 84.583µs
        Content-Type: application/json; charset=utf-8
        X-Total-Count: 1
        
        [{"id":1,"createdAt":"2025-06-14T18:27:24.989586+02:00","updatedAt":"2025-06-14T18:27:24.989586+02:00","deletedAt":null,"createdById":2,"createdBy":null,"updatedById":null,"updatedBy":null,"deletedById":null,"deletedBy":null,"productID":1,"product":{"id":1,"createdAt":"2025-06-14T18:27:22.567501+02:00","updatedAt":"2025-06-14T18:27:22.567501+02:00","deletedAt":null,"createdById":null,"createdBy":null,"updatedById":null,"updatedBy":null,"deletedById":null,"deletedBy":null,"name":"🎟️ Regular","netPrice":"37.38","vatRate":"7","wrapAfter":false,"hidden":false,"soldOut":false,"apiExport":true,"pos":1,"totalStock":0,"unitsSold":0,"soldOutRequestCount":0,"guestlists":null}}]
    printer.go:116: DELETE /api/v2/productInterests/1 HTTP/1.1
        Authorization: Bearer eyJhbGciOiJIUzI1NiIsInR5cCI6IkpXVCJ9.eyJJRCI6MiwiZXhwIjoxNzQ5OTE5MDQ0LCJvcmlnX2lhdCI6MTc0OTkxODQ0NH0.ZCidgaD-PTq18MdpyLD8KBxvVLxEJYZN5uDZ-M8TgOc
        
[GIN] 2025/06/14 - 18:27:24 | 204 |     123.125µs |                 | DELETE   "/api/v2/productInterests/1"
    printer.go:133: HTTP/0.0 204 No Content 129µs
        
    printer.go:116: GET /api/v2/productInterests HTTP/1.1
        Authorization: Bearer eyJhbGciOiJIUzI1NiIsInR5cCI6IkpXVCJ9.eyJJRCI6MiwiZXhwIjoxNzQ5OTE5MDQ0LCJvcmlnX2lhdCI6MTc0OTkxODQ0NH0.ZCidgaD-PTq18MdpyLD8KBxvVLxEJYZN5uDZ-M8TgOc
        
[GIN] 2025/06/14 - 18:27:24 | 200 |      43.083µs |                 | GET      "/api/v2/productInterests"
    printer.go:133: HTTP/0.0 200 OK 51.333µs
        Content-Type: application/json; charset=utf-8
        X-Total-Count: 0
        
        []
--- PASS: TestCreateAndDeleteProductInterest (0.00s)
=== RUN   TestProductInterestAuthentication
    printer.go:116: GET /api/v2/productInterests HTTP/1.1
        
[GIN] 2025/06/14 - 18:27:24 | 401 |         5.5µs |                 | GET      "/api/v2/productInterests"
    printer.go:133: HTTP/0.0 401 Unauthorized 9.917µs
        Content-Type: application/json; charset=utf-8
        Www-Authenticate: JWT realm=gin jwt
        
        {"code":401,"message":"cookie token is empty"}
    printer.go:116: POST /api/v2/productInterests HTTP/1.1
        
[GIN] 2025/06/14 - 18:27:24 | 401 |       8.417µs |                 | POST     "/api/v2/productInterests"
    printer.go:133: HTTP/0.0 401 Unauthorized 12.375µs
        Content-Type: application/json; charset=utf-8
        Www-Authenticate: JWT realm=gin jwt
        
        {"code":401,"message":"cookie token is empty"}
    printer.go:116: DELETE /api/v2/productInterests/1 HTTP/1.1
        
[GIN] 2025/06/14 - 18:27:24 | 401 |        10.5µs |                 | DELETE   "/api/v2/productInterests/1"
    printer.go:133: HTTP/0.0 401 Unauthorized 14.458µs
        Content-Type: application/json; charset=utf-8
        Www-Authenticate: JWT realm=gin jwt
        
        {"code":401,"message":"cookie token is empty"}
--- PASS: TestProductInterestAuthentication (0.00s)
=== RUN   TestProductStats
    printer.go:116: GET /api/v2/productStats HTTP/1.1
        Authorization: Bearer eyJhbGciOiJIUzI1NiIsInR5cCI6IkpXVCJ9.eyJJRCI6MiwiZXhwIjoxNzQ5OTE5MDQ0LCJvcmlnX2lhdCI6MTc0OTkxODQ0NH0.ZCidgaD-PTq18MdpyLD8KBxvVLxEJYZN5uDZ-M8TgOc
        
[GIN] 2025/06/14 - 18:27:24 | 200 |      1.4825ms |                 | GET      "/api/v2/productStats"
    printer.go:133: HTTP/0.0 200 OK 1.497125ms
        Content-Type: application/json; charset=utf-8
        X-Total-Count: 16
        
        [{"id":1,"name":"🎟️ Regular","soldItems":0,"totalNetPrice":"0","totalGrossPrice":"0"},{"id":2,"name":"🎟️ Reduced","soldItems":0,"totalNetPrice":"0","totalGrossPrice":"0"},{"id":3,"name":"🎟️ Free","soldItems":0,"totalNetPrice":"0","totalGrossPrice":"0"},{"id":4,"name":"🎟️ Prepaid","soldItems":9,"totalNetPrice":"0","totalGrossPrice":"0"},{"id":5,"name":"👕 Male S","soldItems":15,"totalNetPrice":"252.15","totalGrossPrice":"300"},{"id":6,"name":"👕 Male M","soldItems":6,"totalNetPrice":"100.86","totalGrossPrice":"120"},{"id":7,"name":"👕 Male L","soldItems":11,"totalNetPrice":"184.91","totalGrossPrice":"220"},{"id":8,"name":"👕 Male XL","soldItems":13,"totalNetPrice":"218.53","totalGrossPrice":"260"},{"id":9,"name":"👕 Male XXL","soldItems":11,"totalNetPrice":"184.91","totalGrossPrice":"220"},{"id":10,"name":"👕 Male 4XL","soldItems":12,"totalNetPrice":"201.72","totalGrossPrice":"240"},{"id":11,"name":"👕 Female S","soldItems":15,"totalNetPrice":"252.15","totalGrossPrice":"300"},{"id":12,"name":"👕 Female M","soldItems":13,"totalNetPrice":"218.53","totalGrossPrice":"260"},{"id":13,"name":"👕 Female L","soldItems":16,"totalNetPrice":"268.96","totalGrossPrice":"320"},{"id":14,"name":"👕 Female XL","soldItems":7,"totalNetPrice":"117.67","totalGrossPrice":"140"},{"id":15,"name":"👕 Female XXL","soldItems":6,"totalNetPrice":"100.86","totalGrossPrice":"120"},{"id":16,"name":"☕ Coffee Mug","soldItems":19,"totalNetPrice":"15.96","totalGrossPrice":"19"}]
    printer.go:116: POST /api/v2/purchases HTTP/1.1
        Authorization: Bearer eyJhbGciOiJIUzI1NiIsInR5cCI6IkpXVCJ9.eyJJRCI6MiwiZXhwIjoxNzQ5OTE5MDQ0LCJvcmlnX2lhdCI6MTc0OTkxODQ0NH0.ZCidgaD-PTq18MdpyLD8KBxvVLxEJYZN5uDZ-M8TgOc
        Content-Type: application/json; charset=utf-8
        
        {"cart":[{"ID":1,"listItems":[],"netPrice":"37.38","quantity":1}],"paymentMethod":"CASH","totalGrossPrice":"40","totalNetPrice":"37.38"}
we are here
we are done here
[GIN] 2025/06/14 - 18:27:24 | 201 |     469.333µs |                 | POST     "/api/v2/purchases"
    printer.go:133: HTTP/0.0 201 Created 474.875µs
        Content-Type: application/json; charset=utf-8
        
        {"id":"2ad970f7-18c9-4c92-9acc-f95fc2398dcf","createdAt":"2025-06-14T18:27:24.992589+02:00","createdById":2,"createdBy":null,"paymentMethod":"CASH","totalNetPrice":"37.38","sumupTransactionId":"00000000-0000-0000-0000-000000000000","sumupClientTransactionId":"00000000-0000-0000-0000-000000000000","totalGrossPrice":"40","totalVatAmount":"2.62","purchaseItems":[{"id":76,"purchaseID":"2ad970f7-18c9-4c92-9acc-f95fc2398dcf","productID":1,"product":{"id":1,"name":"🎟️ Regular","netPrice":"37.38","grossPrice":"40","vatRate":"7","vatAmount":"2.62","wrapAfter":false,"hidden":false,"soldOut":false,"apiExport":true,"pos":1,"totalStock":0,"unitsSold":0,"soldOutRequestCount":0,"guestlists":null},"quantity":1,"netPrice":"37.38","grossPrice":"40","vatRate":"7","vatAmount":"2.62","totalNetPrice":"37.38","totalGrossPrice":"40","totalVatAmount":"2.62"}],"status":"confirmed"}
Purchase response: map[createdAt:2025-06-14T18:27:24.992589+02:00 createdBy:<nil> createdById:%!s(float64=2) id:2ad970f7-18c9-4c92-9acc-f95fc2398dcf paymentMethod:CASH purchaseItems:[map[grossPrice:40 id:%!s(float64=76) netPrice:37.38 product:map[apiExport:%!s(bool=true) grossPrice:40 guestlists:<nil> hidden:%!s(bool=false) id:%!s(float64=1) name:🎟️ Regular netPrice:37.38 pos:%!s(float64=1) soldOut:%!s(bool=false) soldOutRequestCount:%!s(float64=0) totalStock:%!s(float64=0) unitsSold:%!s(float64=0) vatAmount:2.62 vatRate:7 wrapAfter:%!s(bool=false)] productID:%!s(float64=1) purchaseID:2ad970f7-18c9-4c92-9acc-f95fc2398dcf quantity:%!s(float64=1) totalGrossPrice:40 totalNetPrice:37.38 totalVatAmount:2.62 vatAmount:2.62 vatRate:7]] status:confirmed sumupClientTransactionId:00000000-0000-0000-0000-000000000000 sumupTransactionId:00000000-0000-0000-0000-000000000000 totalGrossPrice:40 totalNetPrice:37.38 totalVatAmount:2.62]
    printer.go:116: GET /api/v2/productStats HTTP/1.1
        Authorization: Bearer eyJhbGciOiJIUzI1NiIsInR5cCI6IkpXVCJ9.eyJJRCI6MiwiZXhwIjoxNzQ5OTE5MDQ0LCJvcmlnX2lhdCI6MTc0OTkxODQ0NH0.ZCidgaD-PTq18MdpyLD8KBxvVLxEJYZN5uDZ-M8TgOc
        
[GIN] 2025/06/14 - 18:27:24 | 200 |     507.666µs |                 | GET      "/api/v2/productStats"
    printer.go:133: HTTP/0.0 200 OK 520.125µs
        Content-Type: application/json; charset=utf-8
        X-Total-Count: 16
        
        [{"id":1,"name":"🎟️ Regular","soldItems":1,"totalNetPrice":"37.38","totalGrossPrice":"40"},{"id":2,"name":"🎟️ Reduced","soldItems":0,"totalNetPrice":"0","totalGrossPrice":"0"},{"id":3,"name":"🎟️ Free","soldItems":0,"totalNetPrice":"0","totalGrossPrice":"0"},{"id":4,"name":"🎟️ Prepaid","soldItems":9,"totalNetPrice":"0","totalGrossPrice":"0"},{"id":5,"name":"👕 Male S","soldItems":15,"totalNetPrice":"252.15","totalGrossPrice":"300"},{"id":6,"name":"👕 Male M","soldItems":6,"totalNetPrice":"100.86","totalGrossPrice":"120"},{"id":7,"name":"👕 Male L","soldItems":11,"totalNetPrice":"184.91","totalGrossPrice":"220"},{"id":8,"name":"👕 Male XL","soldItems":13,"totalNetPrice":"218.53","totalGrossPrice":"260"},{"id":9,"name":"👕 Male XXL","soldItems":11,"totalNetPrice":"184.91","totalGrossPrice":"220"},{"id":10,"name":"👕 Male 4XL","soldItems":12,"totalNetPrice":"201.72","totalGrossPrice":"240"},{"id":11,"name":"👕 Female S","soldItems":15,"totalNetPrice":"252.15","totalGrossPrice":"300"},{"id":12,"name":"👕 Female M","soldItems":13,"totalNetPrice":"218.53","totalGrossPrice":"260"},{"id":13,"name":"👕 Female L","soldItems":16,"totalNetPrice":"268.96","totalGrossPrice":"320"},{"id":14,"name":"👕 Female XL","soldItems":7,"totalNetPrice":"117.67","totalGrossPrice":"140"},{"id":15,"name":"👕 Female XXL","soldItems":6,"totalNetPrice":"100.86","totalGrossPrice":"120"},{"id":16,"name":"☕ Coffee Mug","soldItems":19,"totalNetPrice":"15.96","totalGrossPrice":"19"}]
    printer.go:116: DELETE /api/v2/purchases/2ad970f7-18c9-4c92-9acc-f95fc2398dcf HTTP/1.1
        Authorization: Bearer eyJhbGciOiJIUzI1NiIsInR5cCI6IkpXVCJ9.eyJJRCI6MiwiZXhwIjoxNzQ5OTE5MDQ0LCJvcmlnX2lhdCI6MTc0OTkxODQ0NH0.ZCidgaD-PTq18MdpyLD8KBxvVLxEJYZN5uDZ-M8TgOc
        
[GIN] 2025/06/14 - 18:27:24 | 204 |     277.166µs |                 | DELETE   "/api/v2/purchases/2ad970f7-18c9-4c92-9acc-f95fc2398dcf"
    printer.go:133: HTTP/0.0 204 No Content 285.584µs
        
--- PASS: TestProductStats (0.00s)
=== RUN   TestProductStatsAuthentication
    printer.go:116: GET /api/v2/productStats HTTP/1.1
        
[GIN] 2025/06/14 - 18:27:24 | 401 |        7.75µs |                 | GET      "/api/v2/productStats"
    printer.go:133: HTTP/0.0 401 Unauthorized 21.75µs
        Content-Type: application/json; charset=utf-8
        Www-Authenticate: JWT realm=gin jwt
        
        {"code":401,"message":"cookie token is empty"}
--- PASS: TestProductStatsAuthentication (0.00s)
=== RUN   TestGetProducts
    printer.go:116: GET /api/v2/products HTTP/1.1
        Authorization: Bearer eyJhbGciOiJIUzI1NiIsInR5cCI6IkpXVCJ9.eyJJRCI6MiwiZXhwIjoxNzQ5OTE5MDQ0LCJvcmlnX2lhdCI6MTc0OTkxODQ0NH0.ZCidgaD-PTq18MdpyLD8KBxvVLxEJYZN5uDZ-M8TgOc
        
[GIN] 2025/06/14 - 18:27:24 | 200 |     937.833µs |                 | GET      "/api/v2/products"
    printer.go:133: HTTP/0.0 200 OK 947.292µs
        Content-Type: application/json; charset=utf-8
        X-Total-Count: 16
        
        [{"id":1,"name":"🎟️ Regular","netPrice":"37.38","grossPrice":"40","vatRate":"7","vatAmount":"2.62","wrapAfter":false,"hidden":false,"soldOut":false,"apiExport":true,"pos":1,"totalStock":0,"guestlists":[],"unitsSold":0,"soldOutRequestCount":0},{"id":2,"name":"🎟️ Reduced","netPrice":"18.69","grossPrice":"20","vatRate":"7","vatAmount":"1.31","wrapAfter":false,"hidden":false,"soldOut":false,"apiExport":true,"pos":2,"totalStock":0,"guestlists":[{"id":1,"createdAt":"2025-06-14T18:27:22.568144+02:00","updatedAt":"2025-06-14T18:27:22.568144+02:00","deletedAt":null,"createdById":null,"createdBy":null,"updatedById":null,"updatedBy":null,"deletedById":null,"deletedBy":null,"name":"Reduces Digitale Kultur","typeCode":false,"productId":2,"product":{"id":0,"createdAt":"0001-01-01T00:00:00Z","updatedAt":"0001-01-01T00:00:00Z","deletedAt":null,"createdById":null,"createdBy":null,"updatedById":null,"updatedBy":null,"deletedById":null,"deletedBy":null,"name":"","netPrice":"0","vatRate":"0","wrapAfter":false,"hidden":false,"soldOut":false,"apiExport":false,"pos":0,"totalStock":0,"unitsSold":0,"soldOutRequestCount":0,"guestlists":null}},{"id":2,"createdAt":"2025-06-14T18:27:22.568185+02:00","updatedAt":"2025-06-14T18:27:22.568185+02:00","deletedAt":null,"createdById":null,"createdBy":null,"updatedById":null,"updatedBy":null,"deletedById":null,"deletedBy":null,"name":"Long Distance","typeCode":false,"productId":2,"product":{"id":0,"createdAt":"0001-01-01T00:00:00Z","updatedAt":"0001-01-01T00:00:00Z","deletedAt":null,"createdById":null,"createdBy":null,"updatedById":null,"updatedBy":null,"deletedById":null,"deletedBy":null,"name":"","netPrice":"0","vatRate":"0","wrapAfter":false,"hidden":false,"soldOut":false,"apiExport":false,"pos":0,"totalStock":0,"unitsSold":0,"soldOutRequestCount":0,"guestlists":null}}],"unitsSold":0,"soldOutRequestCount":0},{"id":3,"name":"🎟️ Free","netPrice":"0","grossPrice":"0","vatRate":"0","vatAmount":"0","wrapAfter":false,"hidden":false,"soldOut":false,"apiExport":true,"pos":3,"totalStock":0,"guestlists":[{"id":4,"createdAt":"2025-06-14T18:27:22.569465+02:00","updatedAt":"2025-06-14T18:27:22.569465+02:00","deletedAt":null,"createdById":null,"createdBy":null,"updatedById":null,"updatedBy":null,"deletedById":null,"deletedBy":null,"name":"Guestlist Neva","typeCode":false,"productId":3,"product":{"id":0,"createdAt":"0001-01-01T00:00:00Z","updatedAt":"0001-01-01T00:00:00Z","deletedAt":null,"createdById":null,"createdBy":null,"updatedById":null,"updatedBy":null,"deletedById":null,"deletedBy":null,"name":"","netPrice":"0","vatRate":"0","wrapAfter":false,"hidden":false,"soldOut":false,"apiExport":false,"pos":0,"totalStock":0,"unitsSold":0,"soldOutRequestCount":0,"guestlists":null}},{"id":5,"createdAt":"2025-06-14T18:27:22.569631+02:00","updatedAt":"2025-06-14T18:27:22.569631+02:00","deletedAt":null,"createdById":null,"createdBy":null,"updatedById":null,"updatedBy":null,"deletedById":null,"deletedBy":null,"name":"Guestlist Bertram","typeCode":false,"productId":3,"product":{"id":0,"createdAt":"0001-01-01T00:00:00Z","updatedAt":"0001-01-01T00:00:00Z","deletedAt":null,"createdById":null,"createdBy":null,"updatedById":null,"updatedBy":null,"deletedById":null,"deletedBy":null,"name":"","netPrice":"0","vatRate":"0","wrapAfter":false,"hidden":false,"soldOut":false,"apiExport":false,"pos":0,"totalStock":0,"unitsSold":0,"soldOutRequestCount":0,"guestlists":null}},{"id":6,"createdAt":"2025-06-14T18:27:22.569753+02:00","updatedAt":"2025-06-14T18:27:22.569753+02:00","deletedAt":null,"createdById":null,"createdBy":null,"updatedById":null,"updatedBy":null,"deletedById":null,"deletedBy":null,"name":"Guestlist Amelia","typeCode":false,"productId":3,"product":{"id":0,"createdAt":"0001-01-01T00:00:00Z","updatedAt":"0001-01-01T00:00:00Z","deletedAt":null,"createdById":null,"createdBy":null,"updatedById":null,"updatedBy":null,"deletedById":null,"deletedBy":null,"name":"","netPrice":"0","vatRate":"0","wrapAfter":false,"hidden":false,"soldOut":false,"apiExport":false,"pos":0,"totalStock":0,"unitsSold":0,"soldOutRequestCount":0,"guestlists":null}},{"id":7,"createdAt":"2025-06-14T18:27:22.570018+02:00","updatedAt":"2025-06-14T18:27:22.570018+02:00","deletedAt":null,"createdById":null,"createdBy":null,"updatedById":null,"updatedBy":null,"deletedById":null,"deletedBy":null,"name":"Guestlist Roel","typeCode":false,"productId":3,"product":{"id":0,"createdAt":"0001-01-01T00:00:00Z","updatedAt":"0001-01-01T00:00:00Z","deletedAt":null,"createdById":null,"createdBy":null,"updatedById":null,"updatedBy":null,"deletedById":null,"deletedBy":null,"name":"","netPrice":"0","vatRate":"0","wrapAfter":false,"hidden":false,"soldOut":false,"apiExport":false,"pos":0,"totalStock":0,"unitsSold":0,"soldOutRequestCount":0,"guestlists":null}},{"id":8,"createdAt":"2025-06-14T18:27:22.570302+02:00","updatedAt":"2025-06-14T18:27:22.570302+02:00","deletedAt":null,"createdById":null,"createdBy":null,"updatedById":null,"updatedBy":null,"deletedById":null,"deletedBy":null,"name":"Guestlist Edythe","typeCode":false,"productId":3,"product":{"id":0,"createdAt":"0001-01-01T00:00:00Z","updatedAt":"0001-01-01T00:00:00Z","deletedAt":null,"createdById":null,"createdBy":null,"updatedById":null,"updatedBy":null,"deletedById":null,"deletedBy":null,"name":"","netPrice":"0","vatRate":"0","wrapAfter":false,"hidden":false,"soldOut":false,"apiExport":false,"pos":0,"totalStock":0,"unitsSold":0,"soldOutRequestCount":0,"guestlists":null}},{"id":9,"createdAt":"2025-06-14T18:27:22.570504+02:00","updatedAt":"2025-06-14T18:27:22.570504+02:00","deletedAt":null,"createdById":null,"createdBy":null,"updatedById":null,"updatedBy":null,"deletedById":null,"deletedBy":null,"name":"Guestlist Gudrun","typeCode":false,"productId":3,"product":{"id":0,"createdAt":"0001-01-01T00:00:00Z","updatedAt":"0001-01-01T00:00:00Z","deletedAt":null,"createdById":null,"createdBy":null,"updatedById":null,"updatedBy":null,"deletedById":null,"deletedBy":null,"name":"","netPrice":"0","vatRate":"0","wrapAfter":false,"hidden":false,"soldOut":false,"apiExport":false,"pos":0,"totalStock":0,"unitsSold":0,"soldOutRequestCount":0,"guestlists":null}},{"id":10,"createdAt":"2025-06-14T18:27:22.570947+02:00","updatedAt":"2025-06-14T18:27:22.570947+02:00","deletedAt":null,"createdById":null,"createdBy":null,"updatedById":null,"updatedBy":null,"deletedById":null,"deletedBy":null,"name":"Guestlist Katharina","typeCode":false,"productId":3,"product":{"id":0,"createdAt":"0001-01-01T00:00:00Z","updatedAt":"0001-01-01T00:00:00Z","deletedAt":null,"createdById":null,"createdBy":null,"updatedById":null,"updatedBy":null,"deletedById":null,"deletedBy":null,"name":"","netPrice":"0","vatRate":"0","wrapAfter":false,"hidden":false,"soldOut":false,"apiExport":false,"pos":0,"totalStock":0,"unitsSold":0,"soldOutRequestCount":0,"guestlists":null}},{"id":11,"createdAt":"2025-06-14T18:27:22.5712+02:00","updatedAt":"2025-06-14T18:27:22.5712+02:00","deletedAt":null,"createdById":null,"createdBy":null,"updatedById":null,"updatedBy":null,"deletedById":null,"deletedBy":null,"name":"Guestlist Gerda","typeCode":false,"productId":3,"product":{"id":0,"createdAt":"0001-01-01T00:00:00Z","updatedAt":"0001-01-01T00:00:00Z","deletedAt":null,"createdById":null,"createdBy":null,"updatedById":null,"updatedBy":null,"deletedById":null,"deletedBy":null,"name":"","netPrice":"0","vatRate":"0","wrapAfter":false,"hidden":false,"soldOut":false,"apiExport":false,"pos":0,"totalStock":0,"unitsSold":0,"soldOutRequestCount":0,"guestlists":null}},{"id":12,"createdAt":"2025-06-14T18:27:22.571479+02:00","updatedAt":"2025-06-14T18:27:22.571479+02:00","deletedAt":null,"createdById":null,"createdBy":null,"updatedById":null,"updatedBy":null,"deletedById":null,"deletedBy":null,"name":"Guestlist Laverna","typeCode":false,"productId":3,"product":{"id":0,"createdAt":"0001-01-01T00:00:00Z","updatedAt":"0001-01-01T00:00:00Z","deletedAt":null,"createdById":null,"createdBy":null,"updatedById":null,"updatedBy":null,"deletedById":null,"deletedBy":null,"name":"","netPrice":"0","vatRate":"0","wrapAfter":false,"hidden":false,"soldOut":false,"apiExport":false,"pos":0,"totalStock":0,"unitsSold":0,"soldOutRequestCount":0,"guestlists":null}},{"id":13,"createdAt":"2025-06-14T18:27:22.571662+02:00","updatedAt":"2025-06-14T18:27:22.571662+02:00","deletedAt":null,"createdById":null,"createdBy":null,"updatedById":null,"updatedBy":null,"deletedById":null,"deletedBy":null,"name":"Guestlist Mekhi","typeCode":false,"productId":3,"product":{"id":0,"createdAt":"0001-01-01T00:00:00Z","updatedAt":"0001-01-01T00:00:00Z","deletedAt":null,"createdById":null,"createdBy":null,"updatedById":null,"updatedBy":null,"deletedById":null,"deletedBy":null,"name":"","netPrice":"0","vatRate":"0","wrapAfter":false,"hidden":false,"soldOut":false,"apiExport":false,"pos":0,"totalStock":0,"unitsSold":0,"soldOutRequestCount":0,"guestlists":null}},{"id":14,"createdAt":"2025-06-14T18:27:22.572633+02:00","updatedAt":"2025-06-14T18:27:22.572633+02:00","deletedAt":null,"createdById":null,"createdBy":null,"updatedById":null,"updatedBy":null,"deletedById":null,"deletedBy":null,"name":"Guestlist Sunny","typeCode":false,"productId":3,"product":{"id":0,"createdAt":"0001-01-01T00:00:00Z","updatedAt":"0001-01-01T00:00:00Z","deletedAt":null,"createdById":null,"createdBy":null,"updatedById":null,"updatedBy":null,"deletedById":null,"deletedBy":null,"name":"","netPrice":"0","vatRate":"0","wrapAfter":false,"hidden":false,"soldOut":false,"apiExport":false,"pos":0,"totalStock":0,"unitsSold":0,"soldOutRequestCount":0,"guestlists":null}},{"id":15,"createdAt":"2025-06-14T18:27:22.57293+02:00","updatedAt":"2025-06-14T18:27:22.57293+02:00","deletedAt":null,"createdById":null,"createdBy":null,"updatedById":null,"updatedBy":null,"deletedById":null,"deletedBy":null,"name":"Guestlist Daija","typeCode":false,"productId":3,"product":{"id":0,"createdAt":"0001-01-01T00:00:00Z","updatedAt":"0001-01-01T00:00:00Z","deletedAt":null,"createdById":null,"createdBy":null,"updatedById":null,"updatedBy":null,"deletedById":null,"deletedBy":null,"name":"","netPrice":"0","vatRate":"0","wrapAfter":false,"hidden":false,"soldOut":false,"apiExport":false,"pos":0,"totalStock":0,"unitsSold":0,"soldOutRequestCount":0,"guestlists":null}},{"id":16,"createdAt":"2025-06-14T18:27:22.573047+02:00","updatedAt":"2025-06-14T18:27:22.573047+02:00","deletedAt":null,"createdById":null,"createdBy":null,"updatedById":null,"updatedBy":null,"deletedById":null,"deletedBy":null,"name":"Guestlist Benny","typeCode":false,"productId":3,"product":{"id":0,"createdAt":"0001-01-01T00:00:00Z","updatedAt":"0001-01-01T00:00:00Z","deletedAt":null,"createdById":null,"createdBy":null,"updatedById":null,"updatedBy":null,"deletedById":null,"deletedBy":null,"name":"","netPrice":"0","vatRate":"0","wrapAfter":false,"hidden":false,"soldOut":false,"apiExport":false,"pos":0,"totalStock":0,"unitsSold":0,"soldOutRequestCount":0,"guestlists":null}},{"id":17,"createdAt":"2025-06-14T18:27:22.573317+02:00","updatedAt":"2025-06-14T18:27:22.573317+02:00","deletedAt":null,"createdById":null,"createdBy":null,"updatedById":null,"updatedBy":null,"deletedById":null,"deletedBy":null,"name":"Guestlist Wallace","typeCode":false,"productId":3,"product":{"id":0,"createdAt":"0001-01-01T00:00:00Z","updatedAt":"0001-01-01T00:00:00Z","deletedAt":null,"createdById":null,"createdBy":null,"updatedById":null,"updatedBy":null,"deletedById":null,"deletedBy":null,"name":"","netPrice":"0","vatRate":"0","wrapAfter":false,"hidden":false,"soldOut":false,"apiExport":false,"pos":0,"totalStock":0,"unitsSold":0,"soldOutRequestCount":0,"guestlists":null}},{"id":18,"createdAt":"2025-06-14T18:27:22.573573+02:00","updatedAt":"2025-06-14T18:27:22.573573+02:00","deletedAt":null,"createdById":null,"createdBy":null,"updatedById":null,"updatedBy":null,"deletedById":null,"deletedBy":null,"name":"Guestlist Kirk","typeCode":false,"productId":3,"product":{"id":0,"createdAt":"0001-01-01T00:00:00Z","updatedAt":"0001-01-01T00:00:00Z","deletedAt":null,"createdById":null,"createdBy":null,"updatedById":null,"updatedBy":null,"deletedById":null,"deletedBy":null,"name":"","netPrice":"0","vatRate":"0","wrapAfter":false,"hidden":false,"soldOut":false,"apiExport":false,"pos":0,"totalStock":0,"unitsSold":0,"soldOutRequestCount":0,"guestlists":null}},{"id":19,"createdAt":"2025-06-14T18:27:22.573799+02:00","updatedAt":"2025-06-14T18:27:22.573799+02:00","deletedAt":null,"createdById":null,"createdBy":null,"updatedById":null,"updatedBy":null,"deletedById":null,"deletedBy":null,"name":"Guestlist Opal","typeCode":false,"productId":3,"product":{"id":0,"createdAt":"0001-01-01T00:00:00Z","updatedAt":"0001-01-01T00:00:00Z","deletedAt":null,"createdById":null,"createdBy":null,"updatedById":null,"updatedBy":null,"deletedById":null,"deletedBy":null,"name":"","netPrice":"0","vatRate":"0","wrapAfter":false,"hidden":false,"soldOut":false,"apiExport":false,"pos":0,"totalStock":0,"unitsSold":0,"soldOutRequestCount":0,"guestlists":null}},{"id":20,"createdAt":"2025-06-14T18:27:22.574206+02:00","updatedAt":"2025-06-14T18:27:22.574206+02:00","deletedAt":null,"createdById":null,"createdBy":null,"updatedById":null,"updatedBy":null,"deletedById":null,"deletedBy":null,"name":"Guestlist Terence","typeCode":false,"productId":3,"product":{"id":0,"createdAt":"0001-01-01T00:00:00Z","updatedAt":"0001-01-01T00:00:00Z","deletedAt":null,"createdById":null,"createdBy":null,"updatedById":null,"updatedBy":null,"deletedById":null,"deletedBy":null,"name":"","netPrice":"0","vatRate":"0","wrapAfter":false,"hidden":false,"soldOut":false,"apiExport":false,"pos":0,"totalStock":0,"unitsSold":0,"soldOutRequestCount":0,"guestlists":null}},{"id":21,"createdAt":"2025-06-14T18:27:22.574459+02:00","updatedAt":"2025-06-14T18:27:22.574459+02:00","deletedAt":null,"createdById":null,"createdBy":null,"updatedById":null,"updatedBy":null,"deletedById":null,"deletedBy":null,"name":"Guestlist Zack","typeCode":false,"productId":3,"product":{"id":0,"createdAt":"0001-01-01T00:00:00Z","updatedAt":"0001-01-01T00:00:00Z","deletedAt":null,"createdById":null,"createdBy":null,"updatedById":null,"updatedBy":null,"deletedById":null,"deletedBy":null,"name":"","netPrice":"0","vatRate":"0","wrapAfter":false,"hidden":false,"soldOut":false,"apiExport":false,"pos":0,"totalStock":0,"unitsSold":0,"soldOutRequestCount":0,"guestlists":null}},{"id":22,"createdAt":"2025-06-14T18:27:22.574622+02:00","updatedAt":"2025-06-14T18:27:22.574622+02:00","deletedAt":null,"createdById":null,"createdBy":null,"updatedById":null,"updatedBy":null,"deletedById":null,"deletedBy":null,"name":"Guestlist Autumn","typeCode":false,"productId":3,"product":{"id":0,"createdAt":"0001-01-01T00:00:00Z","updatedAt":"0001-01-01T00:00:00Z","deletedAt":null,"createdById":null,"createdBy":null,"updatedById":null,"updatedBy":null,"deletedById":null,"deletedBy":null,"name":"","netPrice":"0","vatRate":"0","wrapAfter":false,"hidden":false,"soldOut":false,"apiExport":false,"pos":0,"totalStock":0,"unitsSold":0,"soldOutRequestCount":0,"guestlists":null}},{"id":23,"createdAt":"2025-06-14T18:27:22.574782+02:00","updatedAt":"2025-06-14T18:27:22.574782+02:00","deletedAt":null,"createdById":null,"createdBy":null,"updatedById":null,"updatedBy":null,"deletedById":null,"deletedBy":null,"name":"Guestlist Kareem","typeCode":false,"productId":3,"product":{"id":0,"createdAt":"0001-01-01T00:00:00Z","updatedAt":"0001-01-01T00:00:00Z","deletedAt":null,"createdById":null,"createdBy":null,"updatedById":null,"updatedBy":null,"deletedById":null,"deletedBy":null,"name":"","netPrice":"0","vatRate":"0","wrapAfter":false,"hidden":false,"soldOut":false,"apiExport":false,"pos":0,"totalStock":0,"unitsSold":0,"soldOutRequestCount":0,"guestlists":null}},{"id":24,"createdAt":"2025-06-14T18:27:22.575036+02:00","updatedAt":"2025-06-14T18:27:22.575036+02:00","deletedAt":null,"createdById":null,"createdBy":null,"updatedById":null,"updatedBy":null,"deletedById":null,"deletedBy":null,"name":"Guestlist Hertha","typeCode":false,"productId":3,"product":{"id":0,"createdAt":"0001-01-01T00:00:00Z","updatedAt":"0001-01-01T00:00:00Z","deletedAt":null,"createdById":null,"createdBy":null,"updatedById":null,"updatedBy":null,"deletedById":null,"deletedBy":null,"name":"","netPrice":"0","vatRate":"0","wrapAfter":false,"hidden":false,"soldOut":false,"apiExport":false,"pos":0,"totalStock":0,"unitsSold":0,"soldOutRequestCount":0,"guestlists":null}},{"id":25,"createdAt":"2025-06-14T18:27:22.575139+02:00","updatedAt":"2025-06-14T18:27:22.575139+02:00","deletedAt":null,"createdById":null,"createdBy":null,"updatedById":null,"updatedBy":null,"deletedById":null,"deletedBy":null,"name":"Guestlist Crystel","typeCode":false,"productId":3,"product":{"id":0,"createdAt":"0001-01-01T00:00:00Z","updatedAt":"0001-01-01T00:00:00Z","deletedAt":null,"createdById":null,"createdBy":null,"updatedById":null,"updatedBy":null,"deletedById":null,"deletedBy":null,"name":"","netPrice":"0","vatRate":"0","wrapAfter":false,"hidden":false,"soldOut":false,"apiExport":false,"pos":0,"totalStock":0,"unitsSold":0,"soldOutRequestCount":0,"guestlists":null}},{"id":26,"createdAt":"2025-06-14T18:27:22.575275+02:00","updatedAt":"2025-06-14T18:27:22.575275+02:00","deletedAt":null,"createdById":null,"createdBy":null,"updatedById":null,"updatedBy":null,"deletedById":null,"deletedBy":null,"name":"Guestlist Lucie","typeCode":false,"productId":3,"product":{"id":0,"createdAt":"0001-01-01T00:00:00Z","updatedAt":"0001-01-01T00:00:00Z","deletedAt":null,"createdById":null,"createdBy":null,"updatedById":null,"updatedBy":null,"deletedById":null,"deletedBy":null,"name":"","netPrice":"0","vatRate":"0","wrapAfter":false,"hidden":false,"soldOut":false,"apiExport":false,"pos":0,"totalStock":0,"unitsSold":0,"soldOutRequestCount":0,"guestlists":null}},{"id":27,"createdAt":"2025-06-14T18:27:22.575406+02:00","updatedAt":"2025-06-14T18:27:22.575406+02:00","deletedAt":null,"createdById":null,"createdBy":null,"updatedById":null,"updatedBy":null,"deletedById":null,"deletedBy":null,"name":"Guestlist Breanna","typeCode":false,"productId":3,"product":{"id":0,"createdAt":"0001-01-01T00:00:00Z","updatedAt":"0001-01-01T00:00:00Z","deletedAt":null,"createdById":null,"createdBy":null,"updatedById":null,"updatedBy":null,"deletedById":null,"deletedBy":null,"name":"","netPrice":"0","vatRate":"0","wrapAfter":false,"hidden":false,"soldOut":false,"apiExport":false,"pos":0,"totalStock":0,"unitsSold":0,"soldOutRequestCount":0,"guestlists":null}},{"id":28,"createdAt":"2025-06-14T18:27:22.575554+02:00","updatedAt":"2025-06-14T18:27:22.575554+02:00","deletedAt":null,"createdById":null,"createdBy":null,"updatedById":null,"updatedBy":null,"deletedById":null,"deletedBy":null,"name":"Guestlist Marcos","typeCode":false,"productId":3,"product":{"id":0,"createdAt":"0001-01-01T00:00:00Z","updatedAt":"0001-01-01T00:00:00Z","deletedAt":null,"createdById":null,"createdBy":null,"updatedById":null,"updatedBy":null,"deletedById":null,"deletedBy":null,"name":"","netPrice":"0","vatRate":"0","wrapAfter":false,"hidden":false,"soldOut":false,"apiExport":false,"pos":0,"totalStock":0,"unitsSold":0,"soldOutRequestCount":0,"guestlists":null}},{"id":29,"createdAt":"2025-06-14T18:27:22.575796+02:00","updatedAt":"2025-06-14T18:27:22.575796+02:00","deletedAt":null,"createdById":null,"createdBy":null,"updatedById":null,"updatedBy":null,"deletedById":null,"deletedBy":null,"name":"Guestlist Isidro","typeCode":false,"productId":3,"product":{"id":0,"createdAt":"0001-01-01T00:00:00Z","updatedAt":"0001-01-01T00:00:00Z","deletedAt":null,"createdById":null,"createdBy":null,"updatedById":null,"updatedBy":null,"deletedById":null,"deletedBy":null,"name":"","netPrice":"0","vatRate":"0","wrapAfter":false,"hidden":false,"soldOut":false,"apiExport":false,"pos":0,"totalStock":0,"unitsSold":0,"soldOutRequestCount":0,"guestlists":null}},{"id":30,"createdAt":"2025-06-14T18:27:22.575873+02:00","updatedAt":"2025-06-14T18:27:22.575873+02:00","deletedAt":null,"createdById":null,"createdBy":null,"updatedById":null,"updatedBy":null,"deletedById":null,"deletedBy":null,"name":"Guestlist Leonard","typeCode":false,"productId":3,"product":{"id":0,"createdAt":"0001-01-01T00:00:00Z","updatedAt":"0001-01-01T00:00:00Z","deletedAt":null,"createdById":null,"createdBy":null,"updatedById":null,"updatedBy":null,"deletedById":null,"deletedBy":null,"name":"","netPrice":"0","vatRate":"0","wrapAfter":false,"hidden":false,"soldOut":false,"apiExport":false,"pos":0,"totalStock":0,"unitsSold":0,"soldOutRequestCount":0,"guestlists":null}},{"id":31,"createdAt":"2025-06-14T18:27:22.576116+02:00","updatedAt":"2025-06-14T18:27:22.576116+02:00","deletedAt":null,"createdById":null,"createdBy":null,"updatedById":null,"updatedBy":null,"deletedById":null,"deletedBy":null,"name":"Guestlist Wilford","typeCode":false,"productId":3,"product":{"id":0,"createdAt":"0001-01-01T00:00:00Z","updatedAt":"0001-01-01T00:00:00Z","deletedAt":null,"createdById":null,"createdBy":null,"updatedById":null,"updatedBy":null,"deletedById":null,"deletedBy":null,"name":"","netPrice":"0","vatRate":"0","wrapAfter":false,"hidden":false,"soldOut":false,"apiExport":false,"pos":0,"totalStock":0,"unitsSold":0,"soldOutRequestCount":0,"guestlists":null}},{"id":32,"createdAt":"2025-06-14T18:27:22.576306+02:00","updatedAt":"2025-06-14T18:27:22.576306+02:00","deletedAt":null,"createdById":null,"createdBy":null,"updatedById":null,"updatedBy":null,"deletedById":null,"deletedBy":null,"name":"Guestlist Lambert","typeCode":false,"productId":3,"product":{"id":0,"createdAt":"0001-01-01T00:00:00Z","updatedAt":"0001-01-01T00:00:00Z","deletedAt":null,"createdById":null,"createdBy":null,"updatedById":null,"updatedBy":null,"deletedById":null,"deletedBy":null,"name":"","netPrice":"0","vatRate":"0","wrapAfter":false,"hidden":false,"soldOut":false,"apiExport":false,"pos":0,"totalStock":0,"unitsSold":0,"soldOutRequestCount":0,"guestlists":null}},{"id":33,"createdAt":"2025-06-14T18:27:22.576425+02:00","updatedAt":"2025-06-14T18:27:22.576425+02:00","deletedAt":null,"createdById":null,"createdBy":null,"updatedById":null,"updatedBy":null,"deletedById":null,"deletedBy":null,"name":"Guestlist Jewel","typeCode":false,"productId":3,"product":{"id":0,"createdAt":"0001-01-01T00:00:00Z","updatedAt":"0001-01-01T00:00:00Z","deletedAt":null,"createdById":null,"createdBy":null,"updatedById":null,"updatedBy":null,"deletedById":null,"deletedBy":null,"name":"","netPrice":"0","vatRate":"0","wrapAfter":false,"hidden":false,"soldOut":false,"apiExport":false,"pos":0,"totalStock":0,"unitsSold":0,"soldOutRequestCount":0,"guestlists":null}},{"id":34,"createdAt":"2025-06-14T18:27:22.576536+02:00","updatedAt":"2025-06-14T18:27:22.576536+02:00","deletedAt":null,"createdById":null,"createdBy":null,"updatedById":null,"updatedBy":null,"deletedById":null,"deletedBy":null,"name":"Guestlist Lemuel","typeCode":false,"productId":3,"product":{"id":0,"createdAt":"0001-01-01T00:00:00Z","updatedAt":"0001-01-01T00:00:00Z","deletedAt":null,"createdById":null,"createdBy":null,"updatedById":null,"updatedBy":null,"deletedById":null,"deletedBy":null,"name":"","netPrice":"0","vatRate":"0","wrapAfter":false,"hidden":false,"soldOut":false,"apiExport":false,"pos":0,"totalStock":0,"unitsSold":0,"soldOutRequestCount":0,"guestlists":null}},{"id":35,"createdAt":"2025-06-14T18:27:22.576834+02:00","updatedAt":"2025-06-14T18:27:22.576834+02:00","deletedAt":null,"createdById":null,"createdBy":null,"updatedById":null,"updatedBy":null,"deletedById":null,"deletedBy":null,"name":"Guestlist Berry","typeCode":false,"productId":3,"product":{"id":0,"createdAt":"0001-01-01T00:00:00Z","updatedAt":"0001-01-01T00:00:00Z","deletedAt":null,"createdById":null,"createdBy":null,"updatedById":null,"updatedBy":null,"deletedById":null,"deletedBy":null,"name":"","netPrice":"0","vatRate":"0","wrapAfter":false,"hidden":false,"soldOut":false,"apiExport":false,"pos":0,"totalStock":0,"unitsSold":0,"soldOutRequestCount":0,"guestlists":null}},{"id":36,"createdAt":"2025-06-14T18:27:22.577644+02:00","updatedAt":"2025-06-14T18:27:22.577644+02:00","deletedAt":null,"createdById":null,"createdBy":null,"updatedById":null,"updatedBy":null,"deletedById":null,"deletedBy":null,"name":"Guestlist Harley","typeCode":false,"productId":3,"product":{"id":0,"createdAt":"0001-01-01T00:00:00Z","updatedAt":"0001-01-01T00:00:00Z","deletedAt":null,"createdById":null,"createdBy":null,"updatedById":null,"updatedBy":null,"deletedById":null,"deletedBy":null,"name":"","netPrice":"0","vatRate":"0","wrapAfter":false,"hidden":false,"soldOut":false,"apiExport":false,"pos":0,"totalStock":0,"unitsSold":0,"soldOutRequestCount":0,"guestlists":null}},{"id":37,"createdAt":"2025-06-14T18:27:22.578025+02:00","updatedAt":"2025-06-14T18:27:22.578025+02:00","deletedAt":null,"createdById":null,"createdBy":null,"updatedById":null,"updatedBy":null,"deletedById":null,"deletedBy":null,"name":"Guestlist Reuben","typeCode":false,"productId":3,"product":{"id":0,"createdAt":"0001-01-01T00:00:00Z","updatedAt":"0001-01-01T00:00:00Z","deletedAt":null,"createdById":null,"createdBy":null,"updatedById":null,"updatedBy":null,"deletedById":null,"deletedBy":null,"name":"","netPrice":"0","vatRate":"0","wrapAfter":false,"hidden":false,"soldOut":false,"apiExport":false,"pos":0,"totalStock":0,"unitsSold":0,"soldOutRequestCount":0,"guestlists":null}},{"id":38,"createdAt":"2025-06-14T18:27:22.578208+02:00","updatedAt":"2025-06-14T18:27:22.578208+02:00","deletedAt":null,"createdById":null,"createdBy":null,"updatedById":null,"updatedBy":null,"deletedById":null,"deletedBy":null,"name":"Guestlist Kraig","typeCode":false,"productId":3,"product":{"id":0,"createdAt":"0001-01-01T00:00:00Z","updatedAt":"0001-01-01T00:00:00Z","deletedAt":null,"createdById":null,"createdBy":null,"updatedById":null,"updatedBy":null,"deletedById":null,"deletedBy":null,"name":"","netPrice":"0","vatRate":"0","wrapAfter":false,"hidden":false,"soldOut":false,"apiExport":false,"pos":0,"totalStock":0,"unitsSold":0,"soldOutRequestCount":0,"guestlists":null}},{"id":39,"createdAt":"2025-06-14T18:27:22.578544+02:00","updatedAt":"2025-06-14T18:27:22.578544+02:00","deletedAt":null,"createdById":null,"createdBy":null,"updatedById":null,"updatedBy":null,"deletedById":null,"deletedBy":null,"name":"Guestlist Leonardo","typeCode":false,"productId":3,"product":{"id":0,"createdAt":"0001-01-01T00:00:00Z","updatedAt":"0001-01-01T00:00:00Z","deletedAt":null,"createdById":null,"createdBy":null,"updatedById":null,"updatedBy":null,"deletedById":null,"deletedBy":null,"name":"","netPrice":"0","vatRate":"0","wrapAfter":false,"hidden":false,"soldOut":false,"apiExport":false,"pos":0,"totalStock":0,"unitsSold":0,"soldOutRequestCount":0,"guestlists":null}},{"id":40,"createdAt":"2025-06-14T18:27:22.578677+02:00","updatedAt":"2025-06-14T18:27:22.578677+02:00","deletedAt":null,"createdById":null,"createdBy":null,"updatedById":null,"updatedBy":null,"deletedById":null,"deletedBy":null,"name":"Guestlist Alicia","typeCode":false,"productId":3,"product":{"id":0,"createdAt":"0001-01-01T00:00:00Z","updatedAt":"0001-01-01T00:00:00Z","deletedAt":null,"createdById":null,"createdBy":null,"updatedById":null,"updatedBy":null,"deletedById":null,"deletedBy":null,"name":"","netPrice":"0","vatRate":"0","wrapAfter":false,"hidden":false,"soldOut":false,"apiExport":false,"pos":0,"totalStock":0,"unitsSold":0,"soldOutRequestCount":0,"guestlists":null}}],"unitsSold":0,"soldOutRequestCount":0},{"id":4,"name":"🎟️ Prepaid","netPrice":"0","grossPrice":"0","vatRate":"0","vatAmount":"0","wrapAfter":true,"hidden":false,"soldOut":false,"apiExport":true,"pos":4,"totalStock":0,"guestlists":[{"id":3,"createdAt":"2025-06-14T18:27:22.568211+02:00","updatedAt":"2025-06-14T18:27:22.568211+02:00","deletedAt":null,"createdById":null,"createdBy":null,"updatedById":null,"updatedBy":null,"deletedById":null,"deletedBy":null,"name":"Deine Tickets","typeCode":true,"productId":4,"product":{"id":0,"createdAt":"0001-01-01T00:00:00Z","updatedAt":"0001-01-01T00:00:00Z","deletedAt":null,"createdById":null,"createdBy":null,"updatedById":null,"updatedBy":null,"deletedById":null,"deletedBy":null,"name":"","netPrice":"0","vatRate":"0","wrapAfter":false,"hidden":false,"soldOut":false,"apiExport":false,"pos":0,"totalStock":0,"unitsSold":0,"soldOutRequestCount":0,"guestlists":null}}],"unitsSold":9,"soldOutRequestCount":0},{"id":5,"name":"👕 Male S","netPrice":"16.81","grossPrice":"20","vatRate":"19","vatAmount":"3.19","wrapAfter":false,"hidden":false,"soldOut":false,"apiExport":false,"pos":10,"totalStock":30,"guestlists":[],"unitsSold":15,"soldOutRequestCount":0},{"id":6,"name":"👕 Male M","netPrice":"16.81","grossPrice":"20","vatRate":"19","vatAmount":"3.19","wrapAfter":false,"hidden":false,"soldOut":false,"apiExport":false,"pos":10,"totalStock":7,"guestlists":[],"unitsSold":6,"soldOutRequestCount":0},{"id":7,"name":"👕 Male L","netPrice":"16.81","grossPrice":"20","vatRate":"19","vatAmount":"3.19","wrapAfter":false,"hidden":false,"soldOut":false,"apiExport":false,"pos":10,"totalStock":27,"guestlists":[],"unitsSold":11,"soldOutRequestCount":0},{"id":8,"name":"👕 Male XL","netPrice":"16.81","grossPrice":"20","vatRate":"19","vatAmount":"3.19","wrapAfter":false,"hidden":false,"soldOut":false,"apiExport":false,"pos":10,"totalStock":28,"guestlists":[],"unitsSold":13,"soldOutRequestCount":0},{"id":9,"name":"👕 Male XXL","netPrice":"16.81","grossPrice":"20","vatRate":"19","vatAmount":"3.19","wrapAfter":false,"hidden":false,"soldOut":false,"apiExport":false,"pos":10,"totalStock":12,"guestlists":[],"unitsSold":11,"soldOutRequestCount":0},{"id":10,"name":"👕 Male 4XL","netPrice":"16.81","grossPrice":"20","vatRate":"19","vatAmount":"3.19","wrapAfter":false,"hidden":false,"soldOut":false,"apiExport":false,"pos":10,"totalStock":29,"guestlists":[],"unitsSold":12,"soldOutRequestCount":0}]
--- PASS: TestGetProducts (0.01s)
=== RUN   TestGetProductsEmpty
    printer.go:116: GET /api/v2/products?id=0 HTTP/1.1
        Authorization: Bearer eyJhbGciOiJIUzI1NiIsInR5cCI6IkpXVCJ9.eyJJRCI6MiwiZXhwIjoxNzQ5OTE5MDQ0LCJvcmlnX2lhdCI6MTc0OTkxODQ0NH0.ZCidgaD-PTq18MdpyLD8KBxvVLxEJYZN5uDZ-M8TgOc
        
[GIN] 2025/06/14 - 18:27:25 | 200 |     316.333µs |                 | GET      "/api/v2/products?id=0"
    printer.go:133: HTTP/0.0 200 OK 325.584µs
        Content-Type: application/json; charset=utf-8
        X-Total-Count: 16
        
        []
--- PASS: TestGetProductsEmpty (0.00s)
=== RUN   TestGetProductsWithSort
    printer.go:116: GET /api/v2/products?_sort=id HTTP/1.1
        Authorization: Bearer eyJhbGciOiJIUzI1NiIsInR5cCI6IkpXVCJ9.eyJJRCI6MiwiZXhwIjoxNzQ5OTE5MDQ0LCJvcmlnX2lhdCI6MTc0OTkxODQ0NH0.ZCidgaD-PTq18MdpyLD8KBxvVLxEJYZN5uDZ-M8TgOc
        
[GIN] 2025/06/14 - 18:27:25 | 200 |    1.204917ms |                 | GET      "/api/v2/products?_sort=id"
    printer.go:133: HTTP/0.0 200 OK 1.213834ms
        Content-Type: application/json; charset=utf-8
        X-Total-Count: 16
        
        [{"id":1,"name":"🎟️ Regular","netPrice":"37.38","grossPrice":"40","vatRate":"7","vatAmount":"2.62","wrapAfter":false,"hidden":false,"soldOut":false,"apiExport":true,"pos":1,"totalStock":0,"guestlists":[],"unitsSold":0,"soldOutRequestCount":0},{"id":2,"name":"🎟️ Reduced","netPrice":"18.69","grossPrice":"20","vatRate":"7","vatAmount":"1.31","wrapAfter":false,"hidden":false,"soldOut":false,"apiExport":true,"pos":2,"totalStock":0,"guestlists":[{"id":1,"createdAt":"2025-06-14T18:27:22.568144+02:00","updatedAt":"2025-06-14T18:27:22.568144+02:00","deletedAt":null,"createdById":null,"createdBy":null,"updatedById":null,"updatedBy":null,"deletedById":null,"deletedBy":null,"name":"Reduces Digitale Kultur","typeCode":false,"productId":2,"product":{"id":0,"createdAt":"0001-01-01T00:00:00Z","updatedAt":"0001-01-01T00:00:00Z","deletedAt":null,"createdById":null,"createdBy":null,"updatedById":null,"updatedBy":null,"deletedById":null,"deletedBy":null,"name":"","netPrice":"0","vatRate":"0","wrapAfter":false,"hidden":false,"soldOut":false,"apiExport":false,"pos":0,"totalStock":0,"unitsSold":0,"soldOutRequestCount":0,"guestlists":null}},{"id":2,"createdAt":"2025-06-14T18:27:22.568185+02:00","updatedAt":"2025-06-14T18:27:22.568185+02:00","deletedAt":null,"createdById":null,"createdBy":null,"updatedById":null,"updatedBy":null,"deletedById":null,"deletedBy":null,"name":"Long Distance","typeCode":false,"productId":2,"product":{"id":0,"createdAt":"0001-01-01T00:00:00Z","updatedAt":"0001-01-01T00:00:00Z","deletedAt":null,"createdById":null,"createdBy":null,"updatedById":null,"updatedBy":null,"deletedById":null,"deletedBy":null,"name":"","netPrice":"0","vatRate":"0","wrapAfter":false,"hidden":false,"soldOut":false,"apiExport":false,"pos":0,"totalStock":0,"unitsSold":0,"soldOutRequestCount":0,"guestlists":null}}],"unitsSold":0,"soldOutRequestCount":0},{"id":3,"name":"🎟️ Free","netPrice":"0","grossPrice":"0","vatRate":"0","vatAmount":"0","wrapAfter":false,"hidden":false,"soldOut":false,"apiExport":true,"pos":3,"totalStock":0,"guestlists":[{"id":4,"createdAt":"2025-06-14T18:27:22.569465+02:00","updatedAt":"2025-06-14T18:27:22.569465+02:00","deletedAt":null,"createdById":null,"createdBy":null,"updatedById":null,"updatedBy":null,"deletedById":null,"deletedBy":null,"name":"Guestlist Neva","typeCode":false,"productId":3,"product":{"id":0,"createdAt":"0001-01-01T00:00:00Z","updatedAt":"0001-01-01T00:00:00Z","deletedAt":null,"createdById":null,"createdBy":null,"updatedById":null,"updatedBy":null,"deletedById":null,"deletedBy":null,"name":"","netPrice":"0","vatRate":"0","wrapAfter":false,"hidden":false,"soldOut":false,"apiExport":false,"pos":0,"totalStock":0,"unitsSold":0,"soldOutRequestCount":0,"guestlists":null}},{"id":5,"createdAt":"2025-06-14T18:27:22.569631+02:00","updatedAt":"2025-06-14T18:27:22.569631+02:00","deletedAt":null,"createdById":null,"createdBy":null,"updatedById":null,"updatedBy":null,"deletedById":null,"deletedBy":null,"name":"Guestlist Bertram","typeCode":false,"productId":3,"product":{"id":0,"createdAt":"0001-01-01T00:00:00Z","updatedAt":"0001-01-01T00:00:00Z","deletedAt":null,"createdById":null,"createdBy":null,"updatedById":null,"updatedBy":null,"deletedById":null,"deletedBy":null,"name":"","netPrice":"0","vatRate":"0","wrapAfter":false,"hidden":false,"soldOut":false,"apiExport":false,"pos":0,"totalStock":0,"unitsSold":0,"soldOutRequestCount":0,"guestlists":null}},{"id":6,"createdAt":"2025-06-14T18:27:22.569753+02:00","updatedAt":"2025-06-14T18:27:22.569753+02:00","deletedAt":null,"createdById":null,"createdBy":null,"updatedById":null,"updatedBy":null,"deletedById":null,"deletedBy":null,"name":"Guestlist Amelia","typeCode":false,"productId":3,"product":{"id":0,"createdAt":"0001-01-01T00:00:00Z","updatedAt":"0001-01-01T00:00:00Z","deletedAt":null,"createdById":null,"createdBy":null,"updatedById":null,"updatedBy":null,"deletedById":null,"deletedBy":null,"name":"","netPrice":"0","vatRate":"0","wrapAfter":false,"hidden":false,"soldOut":false,"apiExport":false,"pos":0,"totalStock":0,"unitsSold":0,"soldOutRequestCount":0,"guestlists":null}},{"id":7,"createdAt":"2025-06-14T18:27:22.570018+02:00","updatedAt":"2025-06-14T18:27:22.570018+02:00","deletedAt":null,"createdById":null,"createdBy":null,"updatedById":null,"updatedBy":null,"deletedById":null,"deletedBy":null,"name":"Guestlist Roel","typeCode":false,"productId":3,"product":{"id":0,"createdAt":"0001-01-01T00:00:00Z","updatedAt":"0001-01-01T00:00:00Z","deletedAt":null,"createdById":null,"createdBy":null,"updatedById":null,"updatedBy":null,"deletedById":null,"deletedBy":null,"name":"","netPrice":"0","vatRate":"0","wrapAfter":false,"hidden":false,"soldOut":false,"apiExport":false,"pos":0,"totalStock":0,"unitsSold":0,"soldOutRequestCount":0,"guestlists":null}},{"id":8,"createdAt":"2025-06-14T18:27:22.570302+02:00","updatedAt":"2025-06-14T18:27:22.570302+02:00","deletedAt":null,"createdById":null,"createdBy":null,"updatedById":null,"updatedBy":null,"deletedById":null,"deletedBy":null,"name":"Guestlist Edythe","typeCode":false,"productId":3,"product":{"id":0,"createdAt":"0001-01-01T00:00:00Z","updatedAt":"0001-01-01T00:00:00Z","deletedAt":null,"createdById":null,"createdBy":null,"updatedById":null,"updatedBy":null,"deletedById":null,"deletedBy":null,"name":"","netPrice":"0","vatRate":"0","wrapAfter":false,"hidden":false,"soldOut":false,"apiExport":false,"pos":0,"totalStock":0,"unitsSold":0,"soldOutRequestCount":0,"guestlists":null}},{"id":9,"createdAt":"2025-06-14T18:27:22.570504+02:00","updatedAt":"2025-06-14T18:27:22.570504+02:00","deletedAt":null,"createdById":null,"createdBy":null,"updatedById":null,"updatedBy":null,"deletedById":null,"deletedBy":null,"name":"Guestlist Gudrun","typeCode":false,"productId":3,"product":{"id":0,"createdAt":"0001-01-01T00:00:00Z","updatedAt":"0001-01-01T00:00:00Z","deletedAt":null,"createdById":null,"createdBy":null,"updatedById":null,"updatedBy":null,"deletedById":null,"deletedBy":null,"name":"","netPrice":"0","vatRate":"0","wrapAfter":false,"hidden":false,"soldOut":false,"apiExport":false,"pos":0,"totalStock":0,"unitsSold":0,"soldOutRequestCount":0,"guestlists":null}},{"id":10,"createdAt":"2025-06-14T18:27:22.570947+02:00","updatedAt":"2025-06-14T18:27:22.570947+02:00","deletedAt":null,"createdById":null,"createdBy":null,"updatedById":null,"updatedBy":null,"deletedById":null,"deletedBy":null,"name":"Guestlist Katharina","typeCode":false,"productId":3,"product":{"id":0,"createdAt":"0001-01-01T00:00:00Z","updatedAt":"0001-01-01T00:00:00Z","deletedAt":null,"createdById":null,"createdBy":null,"updatedById":null,"updatedBy":null,"deletedById":null,"deletedBy":null,"name":"","netPrice":"0","vatRate":"0","wrapAfter":false,"hidden":false,"soldOut":false,"apiExport":false,"pos":0,"totalStock":0,"unitsSold":0,"soldOutRequestCount":0,"guestlists":null}},{"id":11,"createdAt":"2025-06-14T18:27:22.5712+02:00","updatedAt":"2025-06-14T18:27:22.5712+02:00","deletedAt":null,"createdById":null,"createdBy":null,"updatedById":null,"updatedBy":null,"deletedById":null,"deletedBy":null,"name":"Guestlist Gerda","typeCode":false,"productId":3,"product":{"id":0,"createdAt":"0001-01-01T00:00:00Z","updatedAt":"0001-01-01T00:00:00Z","deletedAt":null,"createdById":null,"createdBy":null,"updatedById":null,"updatedBy":null,"deletedById":null,"deletedBy":null,"name":"","netPrice":"0","vatRate":"0","wrapAfter":false,"hidden":false,"soldOut":false,"apiExport":false,"pos":0,"totalStock":0,"unitsSold":0,"soldOutRequestCount":0,"guestlists":null}},{"id":12,"createdAt":"2025-06-14T18:27:22.571479+02:00","updatedAt":"2025-06-14T18:27:22.571479+02:00","deletedAt":null,"createdById":null,"createdBy":null,"updatedById":null,"updatedBy":null,"deletedById":null,"deletedBy":null,"name":"Guestlist Laverna","typeCode":false,"productId":3,"product":{"id":0,"createdAt":"0001-01-01T00:00:00Z","updatedAt":"0001-01-01T00:00:00Z","deletedAt":null,"createdById":null,"createdBy":null,"updatedById":null,"updatedBy":null,"deletedById":null,"deletedBy":null,"name":"","netPrice":"0","vatRate":"0","wrapAfter":false,"hidden":false,"soldOut":false,"apiExport":false,"pos":0,"totalStock":0,"unitsSold":0,"soldOutRequestCount":0,"guestlists":null}},{"id":13,"createdAt":"2025-06-14T18:27:22.571662+02:00","updatedAt":"2025-06-14T18:27:22.571662+02:00","deletedAt":null,"createdById":null,"createdBy":null,"updatedById":null,"updatedBy":null,"deletedById":null,"deletedBy":null,"name":"Guestlist Mekhi","typeCode":false,"productId":3,"product":{"id":0,"createdAt":"0001-01-01T00:00:00Z","updatedAt":"0001-01-01T00:00:00Z","deletedAt":null,"createdById":null,"createdBy":null,"updatedById":null,"updatedBy":null,"deletedById":null,"deletedBy":null,"name":"","netPrice":"0","vatRate":"0","wrapAfter":false,"hidden":false,"soldOut":false,"apiExport":false,"pos":0,"totalStock":0,"unitsSold":0,"soldOutRequestCount":0,"guestlists":null}},{"id":14,"createdAt":"2025-06-14T18:27:22.572633+02:00","updatedAt":"2025-06-14T18:27:22.572633+02:00","deletedAt":null,"createdById":null,"createdBy":null,"updatedById":null,"updatedBy":null,"deletedById":null,"deletedBy":null,"name":"Guestlist Sunny","typeCode":false,"productId":3,"product":{"id":0,"createdAt":"0001-01-01T00:00:00Z","updatedAt":"0001-01-01T00:00:00Z","deletedAt":null,"createdById":null,"createdBy":null,"updatedById":null,"updatedBy":null,"deletedById":null,"deletedBy":null,"name":"","netPrice":"0","vatRate":"0","wrapAfter":false,"hidden":false,"soldOut":false,"apiExport":false,"pos":0,"totalStock":0,"unitsSold":0,"soldOutRequestCount":0,"guestlists":null}},{"id":15,"createdAt":"2025-06-14T18:27:22.57293+02:00","updatedAt":"2025-06-14T18:27:22.57293+02:00","deletedAt":null,"createdById":null,"createdBy":null,"updatedById":null,"updatedBy":null,"deletedById":null,"deletedBy":null,"name":"Guestlist Daija","typeCode":false,"productId":3,"product":{"id":0,"createdAt":"0001-01-01T00:00:00Z","updatedAt":"0001-01-01T00:00:00Z","deletedAt":null,"createdById":null,"createdBy":null,"updatedById":null,"updatedBy":null,"deletedById":null,"deletedBy":null,"name":"","netPrice":"0","vatRate":"0","wrapAfter":false,"hidden":false,"soldOut":false,"apiExport":false,"pos":0,"totalStock":0,"unitsSold":0,"soldOutRequestCount":0,"guestlists":null}},{"id":16,"createdAt":"2025-06-14T18:27:22.573047+02:00","updatedAt":"2025-06-14T18:27:22.573047+02:00","deletedAt":null,"createdById":null,"createdBy":null,"updatedById":null,"updatedBy":null,"deletedById":null,"deletedBy":null,"name":"Guestlist Benny","typeCode":false,"productId":3,"product":{"id":0,"createdAt":"0001-01-01T00:00:00Z","updatedAt":"0001-01-01T00:00:00Z","deletedAt":null,"createdById":null,"createdBy":null,"updatedById":null,"updatedBy":null,"deletedById":null,"deletedBy":null,"name":"","netPrice":"0","vatRate":"0","wrapAfter":false,"hidden":false,"soldOut":false,"apiExport":false,"pos":0,"totalStock":0,"unitsSold":0,"soldOutRequestCount":0,"guestlists":null}},{"id":17,"createdAt":"2025-06-14T18:27:22.573317+02:00","updatedAt":"2025-06-14T18:27:22.573317+02:00","deletedAt":null,"createdById":null,"createdBy":null,"updatedById":null,"updatedBy":null,"deletedById":null,"deletedBy":null,"name":"Guestlist Wallace","typeCode":false,"productId":3,"product":{"id":0,"createdAt":"0001-01-01T00:00:00Z","updatedAt":"0001-01-01T00:00:00Z","deletedAt":null,"createdById":null,"createdBy":null,"updatedById":null,"updatedBy":null,"deletedById":null,"deletedBy":null,"name":"","netPrice":"0","vatRate":"0","wrapAfter":false,"hidden":false,"soldOut":false,"apiExport":false,"pos":0,"totalStock":0,"unitsSold":0,"soldOutRequestCount":0,"guestlists":null}},{"id":18,"createdAt":"2025-06-14T18:27:22.573573+02:00","updatedAt":"2025-06-14T18:27:22.573573+02:00","deletedAt":null,"createdById":null,"createdBy":null,"updatedById":null,"updatedBy":null,"deletedById":null,"deletedBy":null,"name":"Guestlist Kirk","typeCode":false,"productId":3,"product":{"id":0,"createdAt":"0001-01-01T00:00:00Z","updatedAt":"0001-01-01T00:00:00Z","deletedAt":null,"createdById":null,"createdBy":null,"updatedById":null,"updatedBy":null,"deletedById":null,"deletedBy":null,"name":"","netPrice":"0","vatRate":"0","wrapAfter":false,"hidden":false,"soldOut":false,"apiExport":false,"pos":0,"totalStock":0,"unitsSold":0,"soldOutRequestCount":0,"guestlists":null}},{"id":19,"createdAt":"2025-06-14T18:27:22.573799+02:00","updatedAt":"2025-06-14T18:27:22.573799+02:00","deletedAt":null,"createdById":null,"createdBy":null,"updatedById":null,"updatedBy":null,"deletedById":null,"deletedBy":null,"name":"Guestlist Opal","typeCode":false,"productId":3,"product":{"id":0,"createdAt":"0001-01-01T00:00:00Z","updatedAt":"0001-01-01T00:00:00Z","deletedAt":null,"createdById":null,"createdBy":null,"updatedById":null,"updatedBy":null,"deletedById":null,"deletedBy":null,"name":"","netPrice":"0","vatRate":"0","wrapAfter":false,"hidden":false,"soldOut":false,"apiExport":false,"pos":0,"totalStock":0,"unitsSold":0,"soldOutRequestCount":0,"guestlists":null}},{"id":20,"createdAt":"2025-06-14T18:27:22.574206+02:00","updatedAt":"2025-06-14T18:27:22.574206+02:00","deletedAt":null,"createdById":null,"createdBy":null,"updatedById":null,"updatedBy":null,"deletedById":null,"deletedBy":null,"name":"Guestlist Terence","typeCode":false,"productId":3,"product":{"id":0,"createdAt":"0001-01-01T00:00:00Z","updatedAt":"0001-01-01T00:00:00Z","deletedAt":null,"createdById":null,"createdBy":null,"updatedById":null,"updatedBy":null,"deletedById":null,"deletedBy":null,"name":"","netPrice":"0","vatRate":"0","wrapAfter":false,"hidden":false,"soldOut":false,"apiExport":false,"pos":0,"totalStock":0,"unitsSold":0,"soldOutRequestCount":0,"guestlists":null}},{"id":21,"createdAt":"2025-06-14T18:27:22.574459+02:00","updatedAt":"2025-06-14T18:27:22.574459+02:00","deletedAt":null,"createdById":null,"createdBy":null,"updatedById":null,"updatedBy":null,"deletedById":null,"deletedBy":null,"name":"Guestlist Zack","typeCode":false,"productId":3,"product":{"id":0,"createdAt":"0001-01-01T00:00:00Z","updatedAt":"0001-01-01T00:00:00Z","deletedAt":null,"createdById":null,"createdBy":null,"updatedById":null,"updatedBy":null,"deletedById":null,"deletedBy":null,"name":"","netPrice":"0","vatRate":"0","wrapAfter":false,"hidden":false,"soldOut":false,"apiExport":false,"pos":0,"totalStock":0,"unitsSold":0,"soldOutRequestCount":0,"guestlists":null}},{"id":22,"createdAt":"2025-06-14T18:27:22.574622+02:00","updatedAt":"2025-06-14T18:27:22.574622+02:00","deletedAt":null,"createdById":null,"createdBy":null,"updatedById":null,"updatedBy":null,"deletedById":null,"deletedBy":null,"name":"Guestlist Autumn","typeCode":false,"productId":3,"product":{"id":0,"createdAt":"0001-01-01T00:00:00Z","updatedAt":"0001-01-01T00:00:00Z","deletedAt":null,"createdById":null,"createdBy":null,"updatedById":null,"updatedBy":null,"deletedById":null,"deletedBy":null,"name":"","netPrice":"0","vatRate":"0","wrapAfter":false,"hidden":false,"soldOut":false,"apiExport":false,"pos":0,"totalStock":0,"unitsSold":0,"soldOutRequestCount":0,"guestlists":null}},{"id":23,"createdAt":"2025-06-14T18:27:22.574782+02:00","updatedAt":"2025-06-14T18:27:22.574782+02:00","deletedAt":null,"createdById":null,"createdBy":null,"updatedById":null,"updatedBy":null,"deletedById":null,"deletedBy":null,"name":"Guestlist Kareem","typeCode":false,"productId":3,"product":{"id":0,"createdAt":"0001-01-01T00:00:00Z","updatedAt":"0001-01-01T00:00:00Z","deletedAt":null,"createdById":null,"createdBy":null,"updatedById":null,"updatedBy":null,"deletedById":null,"deletedBy":null,"name":"","netPrice":"0","vatRate":"0","wrapAfter":false,"hidden":false,"soldOut":false,"apiExport":false,"pos":0,"totalStock":0,"unitsSold":0,"soldOutRequestCount":0,"guestlists":null}},{"id":24,"createdAt":"2025-06-14T18:27:22.575036+02:00","updatedAt":"2025-06-14T18:27:22.575036+02:00","deletedAt":null,"createdById":null,"createdBy":null,"updatedById":null,"updatedBy":null,"deletedById":null,"deletedBy":null,"name":"Guestlist Hertha","typeCode":false,"productId":3,"product":{"id":0,"createdAt":"0001-01-01T00:00:00Z","updatedAt":"0001-01-01T00:00:00Z","deletedAt":null,"createdById":null,"createdBy":null,"updatedById":null,"updatedBy":null,"deletedById":null,"deletedBy":null,"name":"","netPrice":"0","vatRate":"0","wrapAfter":false,"hidden":false,"soldOut":false,"apiExport":false,"pos":0,"totalStock":0,"unitsSold":0,"soldOutRequestCount":0,"guestlists":null}},{"id":25,"createdAt":"2025-06-14T18:27:22.575139+02:00","updatedAt":"2025-06-14T18:27:22.575139+02:00","deletedAt":null,"createdById":null,"createdBy":null,"updatedById":null,"updatedBy":null,"deletedById":null,"deletedBy":null,"name":"Guestlist Crystel","typeCode":false,"productId":3,"product":{"id":0,"createdAt":"0001-01-01T00:00:00Z","updatedAt":"0001-01-01T00:00:00Z","deletedAt":null,"createdById":null,"createdBy":null,"updatedById":null,"updatedBy":null,"deletedById":null,"deletedBy":null,"name":"","netPrice":"0","vatRate":"0","wrapAfter":false,"hidden":false,"soldOut":false,"apiExport":false,"pos":0,"totalStock":0,"unitsSold":0,"soldOutRequestCount":0,"guestlists":null}},{"id":26,"createdAt":"2025-06-14T18:27:22.575275+02:00","updatedAt":"2025-06-14T18:27:22.575275+02:00","deletedAt":null,"createdById":null,"createdBy":null,"updatedById":null,"updatedBy":null,"deletedById":null,"deletedBy":null,"name":"Guestlist Lucie","typeCode":false,"productId":3,"product":{"id":0,"createdAt":"0001-01-01T00:00:00Z","updatedAt":"0001-01-01T00:00:00Z","deletedAt":null,"createdById":null,"createdBy":null,"updatedById":null,"updatedBy":null,"deletedById":null,"deletedBy":null,"name":"","netPrice":"0","vatRate":"0","wrapAfter":false,"hidden":false,"soldOut":false,"apiExport":false,"pos":0,"totalStock":0,"unitsSold":0,"soldOutRequestCount":0,"guestlists":null}},{"id":27,"createdAt":"2025-06-14T18:27:22.575406+02:00","updatedAt":"2025-06-14T18:27:22.575406+02:00","deletedAt":null,"createdById":null,"createdBy":null,"updatedById":null,"updatedBy":null,"deletedById":null,"deletedBy":null,"name":"Guestlist Breanna","typeCode":false,"productId":3,"product":{"id":0,"createdAt":"0001-01-01T00:00:00Z","updatedAt":"0001-01-01T00:00:00Z","deletedAt":null,"createdById":null,"createdBy":null,"updatedById":null,"updatedBy":null,"deletedById":null,"deletedBy":null,"name":"","netPrice":"0","vatRate":"0","wrapAfter":false,"hidden":false,"soldOut":false,"apiExport":false,"pos":0,"totalStock":0,"unitsSold":0,"soldOutRequestCount":0,"guestlists":null}},{"id":28,"createdAt":"2025-06-14T18:27:22.575554+02:00","updatedAt":"2025-06-14T18:27:22.575554+02:00","deletedAt":null,"createdById":null,"createdBy":null,"updatedById":null,"updatedBy":null,"deletedById":null,"deletedBy":null,"name":"Guestlist Marcos","typeCode":false,"productId":3,"product":{"id":0,"createdAt":"0001-01-01T00:00:00Z","updatedAt":"0001-01-01T00:00:00Z","deletedAt":null,"createdById":null,"createdBy":null,"updatedById":null,"updatedBy":null,"deletedById":null,"deletedBy":null,"name":"","netPrice":"0","vatRate":"0","wrapAfter":false,"hidden":false,"soldOut":false,"apiExport":false,"pos":0,"totalStock":0,"unitsSold":0,"soldOutRequestCount":0,"guestlists":null}},{"id":29,"createdAt":"2025-06-14T18:27:22.575796+02:00","updatedAt":"2025-06-14T18:27:22.575796+02:00","deletedAt":null,"createdById":null,"createdBy":null,"updatedById":null,"updatedBy":null,"deletedById":null,"deletedBy":null,"name":"Guestlist Isidro","typeCode":false,"productId":3,"product":{"id":0,"createdAt":"0001-01-01T00:00:00Z","updatedAt":"0001-01-01T00:00:00Z","deletedAt":null,"createdById":null,"createdBy":null,"updatedById":null,"updatedBy":null,"deletedById":null,"deletedBy":null,"name":"","netPrice":"0","vatRate":"0","wrapAfter":false,"hidden":false,"soldOut":false,"apiExport":false,"pos":0,"totalStock":0,"unitsSold":0,"soldOutRequestCount":0,"guestlists":null}},{"id":30,"createdAt":"2025-06-14T18:27:22.575873+02:00","updatedAt":"2025-06-14T18:27:22.575873+02:00","deletedAt":null,"createdById":null,"createdBy":null,"updatedById":null,"updatedBy":null,"deletedById":null,"deletedBy":null,"name":"Guestlist Leonard","typeCode":false,"productId":3,"product":{"id":0,"createdAt":"0001-01-01T00:00:00Z","updatedAt":"0001-01-01T00:00:00Z","deletedAt":null,"createdById":null,"createdBy":null,"updatedById":null,"updatedBy":null,"deletedById":null,"deletedBy":null,"name":"","netPrice":"0","vatRate":"0","wrapAfter":false,"hidden":false,"soldOut":false,"apiExport":false,"pos":0,"totalStock":0,"unitsSold":0,"soldOutRequestCount":0,"guestlists":null}},{"id":31,"createdAt":"2025-06-14T18:27:22.576116+02:00","updatedAt":"2025-06-14T18:27:22.576116+02:00","deletedAt":null,"createdById":null,"createdBy":null,"updatedById":null,"updatedBy":null,"deletedById":null,"deletedBy":null,"name":"Guestlist Wilford","typeCode":false,"productId":3,"product":{"id":0,"createdAt":"0001-01-01T00:00:00Z","updatedAt":"0001-01-01T00:00:00Z","deletedAt":null,"createdById":null,"createdBy":null,"updatedById":null,"updatedBy":null,"deletedById":null,"deletedBy":null,"name":"","netPrice":"0","vatRate":"0","wrapAfter":false,"hidden":false,"soldOut":false,"apiExport":false,"pos":0,"totalStock":0,"unitsSold":0,"soldOutRequestCount":0,"guestlists":null}},{"id":32,"createdAt":"2025-06-14T18:27:22.576306+02:00","updatedAt":"2025-06-14T18:27:22.576306+02:00","deletedAt":null,"createdById":null,"createdBy":null,"updatedById":null,"updatedBy":null,"deletedById":null,"deletedBy":null,"name":"Guestlist Lambert","typeCode":false,"productId":3,"product":{"id":0,"createdAt":"0001-01-01T00:00:00Z","updatedAt":"0001-01-01T00:00:00Z","deletedAt":null,"createdById":null,"createdBy":null,"updatedById":null,"updatedBy":null,"deletedById":null,"deletedBy":null,"name":"","netPrice":"0","vatRate":"0","wrapAfter":false,"hidden":false,"soldOut":false,"apiExport":false,"pos":0,"totalStock":0,"unitsSold":0,"soldOutRequestCount":0,"guestlists":null}},{"id":33,"createdAt":"2025-06-14T18:27:22.576425+02:00","updatedAt":"2025-06-14T18:27:22.576425+02:00","deletedAt":null,"createdById":null,"createdBy":null,"updatedById":null,"updatedBy":null,"deletedById":null,"deletedBy":null,"name":"Guestlist Jewel","typeCode":false,"productId":3,"product":{"id":0,"createdAt":"0001-01-01T00:00:00Z","updatedAt":"0001-01-01T00:00:00Z","deletedAt":null,"createdById":null,"createdBy":null,"updatedById":null,"updatedBy":null,"deletedById":null,"deletedBy":null,"name":"","netPrice":"0","vatRate":"0","wrapAfter":false,"hidden":false,"soldOut":false,"apiExport":false,"pos":0,"totalStock":0,"unitsSold":0,"soldOutRequestCount":0,"guestlists":null}},{"id":34,"createdAt":"2025-06-14T18:27:22.576536+02:00","updatedAt":"2025-06-14T18:27:22.576536+02:00","deletedAt":null,"createdById":null,"createdBy":null,"updatedById":null,"updatedBy":null,"deletedById":null,"deletedBy":null,"name":"Guestlist Lemuel","typeCode":false,"productId":3,"product":{"id":0,"createdAt":"0001-01-01T00:00:00Z","updatedAt":"0001-01-01T00:00:00Z","deletedAt":null,"createdById":null,"createdBy":null,"updatedById":null,"updatedBy":null,"deletedById":null,"deletedBy":null,"name":"","netPrice":"0","vatRate":"0","wrapAfter":false,"hidden":false,"soldOut":false,"apiExport":false,"pos":0,"totalStock":0,"unitsSold":0,"soldOutRequestCount":0,"guestlists":null}},{"id":35,"createdAt":"2025-06-14T18:27:22.576834+02:00","updatedAt":"2025-06-14T18:27:22.576834+02:00","deletedAt":null,"createdById":null,"createdBy":null,"updatedById":null,"updatedBy":null,"deletedById":null,"deletedBy":null,"name":"Guestlist Berry","typeCode":false,"productId":3,"product":{"id":0,"createdAt":"0001-01-01T00:00:00Z","updatedAt":"0001-01-01T00:00:00Z","deletedAt":null,"createdById":null,"createdBy":null,"updatedById":null,"updatedBy":null,"deletedById":null,"deletedBy":null,"name":"","netPrice":"0","vatRate":"0","wrapAfter":false,"hidden":false,"soldOut":false,"apiExport":false,"pos":0,"totalStock":0,"unitsSold":0,"soldOutRequestCount":0,"guestlists":null}},{"id":36,"createdAt":"2025-06-14T18:27:22.577644+02:00","updatedAt":"2025-06-14T18:27:22.577644+02:00","deletedAt":null,"createdById":null,"createdBy":null,"updatedById":null,"updatedBy":null,"deletedById":null,"deletedBy":null,"name":"Guestlist Harley","typeCode":false,"productId":3,"product":{"id":0,"createdAt":"0001-01-01T00:00:00Z","updatedAt":"0001-01-01T00:00:00Z","deletedAt":null,"createdById":null,"createdBy":null,"updatedById":null,"updatedBy":null,"deletedById":null,"deletedBy":null,"name":"","netPrice":"0","vatRate":"0","wrapAfter":false,"hidden":false,"soldOut":false,"apiExport":false,"pos":0,"totalStock":0,"unitsSold":0,"soldOutRequestCount":0,"guestlists":null}},{"id":37,"createdAt":"2025-06-14T18:27:22.578025+02:00","updatedAt":"2025-06-14T18:27:22.578025+02:00","deletedAt":null,"createdById":null,"createdBy":null,"updatedById":null,"updatedBy":null,"deletedById":null,"deletedBy":null,"name":"Guestlist Reuben","typeCode":false,"productId":3,"product":{"id":0,"createdAt":"0001-01-01T00:00:00Z","updatedAt":"0001-01-01T00:00:00Z","deletedAt":null,"createdById":null,"createdBy":null,"updatedById":null,"updatedBy":null,"deletedById":null,"deletedBy":null,"name":"","netPrice":"0","vatRate":"0","wrapAfter":false,"hidden":false,"soldOut":false,"apiExport":false,"pos":0,"totalStock":0,"unitsSold":0,"soldOutRequestCount":0,"guestlists":null}},{"id":38,"createdAt":"2025-06-14T18:27:22.578208+02:00","updatedAt":"2025-06-14T18:27:22.578208+02:00","deletedAt":null,"createdById":null,"createdBy":null,"updatedById":null,"updatedBy":null,"deletedById":null,"deletedBy":null,"name":"Guestlist Kraig","typeCode":false,"productId":3,"product":{"id":0,"createdAt":"0001-01-01T00:00:00Z","updatedAt":"0001-01-01T00:00:00Z","deletedAt":null,"createdById":null,"createdBy":null,"updatedById":null,"updatedBy":null,"deletedById":null,"deletedBy":null,"name":"","netPrice":"0","vatRate":"0","wrapAfter":false,"hidden":false,"soldOut":false,"apiExport":false,"pos":0,"totalStock":0,"unitsSold":0,"soldOutRequestCount":0,"guestlists":null}},{"id":39,"createdAt":"2025-06-14T18:27:22.578544+02:00","updatedAt":"2025-06-14T18:27:22.578544+02:00","deletedAt":null,"createdById":null,"createdBy":null,"updatedById":null,"updatedBy":null,"deletedById":null,"deletedBy":null,"name":"Guestlist Leonardo","typeCode":false,"productId":3,"product":{"id":0,"createdAt":"0001-01-01T00:00:00Z","updatedAt":"0001-01-01T00:00:00Z","deletedAt":null,"createdById":null,"createdBy":null,"updatedById":null,"updatedBy":null,"deletedById":null,"deletedBy":null,"name":"","netPrice":"0","vatRate":"0","wrapAfter":false,"hidden":false,"soldOut":false,"apiExport":false,"pos":0,"totalStock":0,"unitsSold":0,"soldOutRequestCount":0,"guestlists":null}},{"id":40,"createdAt":"2025-06-14T18:27:22.578677+02:00","updatedAt":"2025-06-14T18:27:22.578677+02:00","deletedAt":null,"createdById":null,"createdBy":null,"updatedById":null,"updatedBy":null,"deletedById":null,"deletedBy":null,"name":"Guestlist Alicia","typeCode":false,"productId":3,"product":{"id":0,"createdAt":"0001-01-01T00:00:00Z","updatedAt":"0001-01-01T00:00:00Z","deletedAt":null,"createdById":null,"createdBy":null,"updatedById":null,"updatedBy":null,"deletedById":null,"deletedBy":null,"name":"","netPrice":"0","vatRate":"0","wrapAfter":false,"hidden":false,"soldOut":false,"apiExport":false,"pos":0,"totalStock":0,"unitsSold":0,"soldOutRequestCount":0,"guestlists":null}}],"unitsSold":0,"soldOutRequestCount":0},{"id":4,"name":"🎟️ Prepaid","netPrice":"0","grossPrice":"0","vatRate":"0","vatAmount":"0","wrapAfter":true,"hidden":false,"soldOut":false,"apiExport":true,"pos":4,"totalStock":0,"guestlists":[{"id":3,"createdAt":"2025-06-14T18:27:22.568211+02:00","updatedAt":"2025-06-14T18:27:22.568211+02:00","deletedAt":null,"createdById":null,"createdBy":null,"updatedById":null,"updatedBy":null,"deletedById":null,"deletedBy":null,"name":"Deine Tickets","typeCode":true,"productId":4,"product":{"id":0,"createdAt":"0001-01-01T00:00:00Z","updatedAt":"0001-01-01T00:00:00Z","deletedAt":null,"createdById":null,"createdBy":null,"updatedById":null,"updatedBy":null,"deletedById":null,"deletedBy":null,"name":"","netPrice":"0","vatRate":"0","wrapAfter":false,"hidden":false,"soldOut":false,"apiExport":false,"pos":0,"totalStock":0,"unitsSold":0,"soldOutRequestCount":0,"guestlists":null}}],"unitsSold":9,"soldOutRequestCount":0},{"id":5,"name":"👕 Male S","netPrice":"16.81","grossPrice":"20","vatRate":"19","vatAmount":"3.19","wrapAfter":false,"hidden":false,"soldOut":false,"apiExport":false,"pos":10,"totalStock":30,"guestlists":[],"unitsSold":15,"soldOutRequestCount":0},{"id":6,"name":"👕 Male M","netPrice":"16.81","grossPrice":"20","vatRate":"19","vatAmount":"3.19","wrapAfter":false,"hidden":false,"soldOut":false,"apiExport":false,"pos":10,"totalStock":7,"guestlists":[],"unitsSold":6,"soldOutRequestCount":0},{"id":7,"name":"👕 Male L","netPrice":"16.81","grossPrice":"20","vatRate":"19","vatAmount":"3.19","wrapAfter":false,"hidden":false,"soldOut":false,"apiExport":false,"pos":10,"totalStock":27,"guestlists":[],"unitsSold":11,"soldOutRequestCount":0},{"id":8,"name":"👕 Male XL","netPrice":"16.81","grossPrice":"20","vatRate":"19","vatAmount":"3.19","wrapAfter":false,"hidden":false,"soldOut":false,"apiExport":false,"pos":10,"totalStock":28,"guestlists":[],"unitsSold":13,"soldOutRequestCount":0},{"id":9,"name":"👕 Male XXL","netPrice":"16.81","grossPrice":"20","vatRate":"19","vatAmount":"3.19","wrapAfter":false,"hidden":false,"soldOut":false,"apiExport":false,"pos":10,"totalStock":12,"guestlists":[],"unitsSold":11,"soldOutRequestCount":0},{"id":10,"name":"👕 Male 4XL","netPrice":"16.81","grossPrice":"20","vatRate":"19","vatAmount":"3.19","wrapAfter":false,"hidden":false,"soldOut":false,"apiExport":false,"pos":10,"totalStock":29,"guestlists":[],"unitsSold":12,"soldOutRequestCount":0}]
    printer.go:116: GET /api/v2/products?_sort=name HTTP/1.1
        Authorization: Bearer eyJhbGciOiJIUzI1NiIsInR5cCI6IkpXVCJ9.eyJJRCI6MiwiZXhwIjoxNzQ5OTE5MDQ0LCJvcmlnX2lhdCI6MTc0OTkxODQ0NH0.ZCidgaD-PTq18MdpyLD8KBxvVLxEJYZN5uDZ-M8TgOc
        
[GIN] 2025/06/14 - 18:27:25 | 200 |     655.459µs |                 | GET      "/api/v2/products?_sort=name"
    printer.go:133: HTTP/0.0 200 OK 660.875µs
        Content-Type: application/json; charset=utf-8
        X-Total-Count: 16
        
        [{"id":16,"name":"☕ Coffee Mug","netPrice":"0.84","grossPrice":"1","vatRate":"19","vatAmount":"0.16","wrapAfter":false,"hidden":false,"soldOut":false,"apiExport":false,"pos":30,"totalStock":0,"guestlists":[],"unitsSold":19,"soldOutRequestCount":0},{"id":3,"name":"🎟️ Free","netPrice":"0","grossPrice":"0","vatRate":"0","vatAmount":"0","wrapAfter":false,"hidden":false,"soldOut":false,"apiExport":true,"pos":3,"totalStock":0,"guestlists":[{"id":4,"createdAt":"2025-06-14T18:27:22.569465+02:00","updatedAt":"2025-06-14T18:27:22.569465+02:00","deletedAt":null,"createdById":null,"createdBy":null,"updatedById":null,"updatedBy":null,"deletedById":null,"deletedBy":null,"name":"Guestlist Neva","typeCode":false,"productId":3,"product":{"id":0,"createdAt":"0001-01-01T00:00:00Z","updatedAt":"0001-01-01T00:00:00Z","deletedAt":null,"createdById":null,"createdBy":null,"updatedById":null,"updatedBy":null,"deletedById":null,"deletedBy":null,"name":"","netPrice":"0","vatRate":"0","wrapAfter":false,"hidden":false,"soldOut":false,"apiExport":false,"pos":0,"totalStock":0,"unitsSold":0,"soldOutRequestCount":0,"guestlists":null}},{"id":5,"createdAt":"2025-06-14T18:27:22.569631+02:00","updatedAt":"2025-06-14T18:27:22.569631+02:00","deletedAt":null,"createdById":null,"createdBy":null,"updatedById":null,"updatedBy":null,"deletedById":null,"deletedBy":null,"name":"Guestlist Bertram","typeCode":false,"productId":3,"product":{"id":0,"createdAt":"0001-01-01T00:00:00Z","updatedAt":"0001-01-01T00:00:00Z","deletedAt":null,"createdById":null,"createdBy":null,"updatedById":null,"updatedBy":null,"deletedById":null,"deletedBy":null,"name":"","netPrice":"0","vatRate":"0","wrapAfter":false,"hidden":false,"soldOut":false,"apiExport":false,"pos":0,"totalStock":0,"unitsSold":0,"soldOutRequestCount":0,"guestlists":null}},{"id":6,"createdAt":"2025-06-14T18:27:22.569753+02:00","updatedAt":"2025-06-14T18:27:22.569753+02:00","deletedAt":null,"createdById":null,"createdBy":null,"updatedById":null,"updatedBy":null,"deletedById":null,"deletedBy":null,"name":"Guestlist Amelia","typeCode":false,"productId":3,"product":{"id":0,"createdAt":"0001-01-01T00:00:00Z","updatedAt":"0001-01-01T00:00:00Z","deletedAt":null,"createdById":null,"createdBy":null,"updatedById":null,"updatedBy":null,"deletedById":null,"deletedBy":null,"name":"","netPrice":"0","vatRate":"0","wrapAfter":false,"hidden":false,"soldOut":false,"apiExport":false,"pos":0,"totalStock":0,"unitsSold":0,"soldOutRequestCount":0,"guestlists":null}},{"id":7,"createdAt":"2025-06-14T18:27:22.570018+02:00","updatedAt":"2025-06-14T18:27:22.570018+02:00","deletedAt":null,"createdById":null,"createdBy":null,"updatedById":null,"updatedBy":null,"deletedById":null,"deletedBy":null,"name":"Guestlist Roel","typeCode":false,"productId":3,"product":{"id":0,"createdAt":"0001-01-01T00:00:00Z","updatedAt":"0001-01-01T00:00:00Z","deletedAt":null,"createdById":null,"createdBy":null,"updatedById":null,"updatedBy":null,"deletedById":null,"deletedBy":null,"name":"","netPrice":"0","vatRate":"0","wrapAfter":false,"hidden":false,"soldOut":false,"apiExport":false,"pos":0,"totalStock":0,"unitsSold":0,"soldOutRequestCount":0,"guestlists":null}},{"id":8,"createdAt":"2025-06-14T18:27:22.570302+02:00","updatedAt":"2025-06-14T18:27:22.570302+02:00","deletedAt":null,"createdById":null,"createdBy":null,"updatedById":null,"updatedBy":null,"deletedById":null,"deletedBy":null,"name":"Guestlist Edythe","typeCode":false,"productId":3,"product":{"id":0,"createdAt":"0001-01-01T00:00:00Z","updatedAt":"0001-01-01T00:00:00Z","deletedAt":null,"createdById":null,"createdBy":null,"updatedById":null,"updatedBy":null,"deletedById":null,"deletedBy":null,"name":"","netPrice":"0","vatRate":"0","wrapAfter":false,"hidden":false,"soldOut":false,"apiExport":false,"pos":0,"totalStock":0,"unitsSold":0,"soldOutRequestCount":0,"guestlists":null}},{"id":9,"createdAt":"2025-06-14T18:27:22.570504+02:00","updatedAt":"2025-06-14T18:27:22.570504+02:00","deletedAt":null,"createdById":null,"createdBy":null,"updatedById":null,"updatedBy":null,"deletedById":null,"deletedBy":null,"name":"Guestlist Gudrun","typeCode":false,"productId":3,"product":{"id":0,"createdAt":"0001-01-01T00:00:00Z","updatedAt":"0001-01-01T00:00:00Z","deletedAt":null,"createdById":null,"createdBy":null,"updatedById":null,"updatedBy":null,"deletedById":null,"deletedBy":null,"name":"","netPrice":"0","vatRate":"0","wrapAfter":false,"hidden":false,"soldOut":false,"apiExport":false,"pos":0,"totalStock":0,"unitsSold":0,"soldOutRequestCount":0,"guestlists":null}},{"id":10,"createdAt":"2025-06-14T18:27:22.570947+02:00","updatedAt":"2025-06-14T18:27:22.570947+02:00","deletedAt":null,"createdById":null,"createdBy":null,"updatedById":null,"updatedBy":null,"deletedById":null,"deletedBy":null,"name":"Guestlist Katharina","typeCode":false,"productId":3,"product":{"id":0,"createdAt":"0001-01-01T00:00:00Z","updatedAt":"0001-01-01T00:00:00Z","deletedAt":null,"createdById":null,"createdBy":null,"updatedById":null,"updatedBy":null,"deletedById":null,"deletedBy":null,"name":"","netPrice":"0","vatRate":"0","wrapAfter":false,"hidden":false,"soldOut":false,"apiExport":false,"pos":0,"totalStock":0,"unitsSold":0,"soldOutRequestCount":0,"guestlists":null}},{"id":11,"createdAt":"2025-06-14T18:27:22.5712+02:00","updatedAt":"2025-06-14T18:27:22.5712+02:00","deletedAt":null,"createdById":null,"createdBy":null,"updatedById":null,"updatedBy":null,"deletedById":null,"deletedBy":null,"name":"Guestlist Gerda","typeCode":false,"productId":3,"product":{"id":0,"createdAt":"0001-01-01T00:00:00Z","updatedAt":"0001-01-01T00:00:00Z","deletedAt":null,"createdById":null,"createdBy":null,"updatedById":null,"updatedBy":null,"deletedById":null,"deletedBy":null,"name":"","netPrice":"0","vatRate":"0","wrapAfter":false,"hidden":false,"soldOut":false,"apiExport":false,"pos":0,"totalStock":0,"unitsSold":0,"soldOutRequestCount":0,"guestlists":null}},{"id":12,"createdAt":"2025-06-14T18:27:22.571479+02:00","updatedAt":"2025-06-14T18:27:22.571479+02:00","deletedAt":null,"createdById":null,"createdBy":null,"updatedById":null,"updatedBy":null,"deletedById":null,"deletedBy":null,"name":"Guestlist Laverna","typeCode":false,"productId":3,"product":{"id":0,"createdAt":"0001-01-01T00:00:00Z","updatedAt":"0001-01-01T00:00:00Z","deletedAt":null,"createdById":null,"createdBy":null,"updatedById":null,"updatedBy":null,"deletedById":null,"deletedBy":null,"name":"","netPrice":"0","vatRate":"0","wrapAfter":false,"hidden":false,"soldOut":false,"apiExport":false,"pos":0,"totalStock":0,"unitsSold":0,"soldOutRequestCount":0,"guestlists":null}},{"id":13,"createdAt":"2025-06-14T18:27:22.571662+02:00","updatedAt":"2025-06-14T18:27:22.571662+02:00","deletedAt":null,"createdById":null,"createdBy":null,"updatedById":null,"updatedBy":null,"deletedById":null,"deletedBy":null,"name":"Guestlist Mekhi","typeCode":false,"productId":3,"product":{"id":0,"createdAt":"0001-01-01T00:00:00Z","updatedAt":"0001-01-01T00:00:00Z","deletedAt":null,"createdById":null,"createdBy":null,"updatedById":null,"updatedBy":null,"deletedById":null,"deletedBy":null,"name":"","netPrice":"0","vatRate":"0","wrapAfter":false,"hidden":false,"soldOut":false,"apiExport":false,"pos":0,"totalStock":0,"unitsSold":0,"soldOutRequestCount":0,"guestlists":null}},{"id":14,"createdAt":"2025-06-14T18:27:22.572633+02:00","updatedAt":"2025-06-14T18:27:22.572633+02:00","deletedAt":null,"createdById":null,"createdBy":null,"updatedById":null,"updatedBy":null,"deletedById":null,"deletedBy":null,"name":"Guestlist Sunny","typeCode":false,"productId":3,"product":{"id":0,"createdAt":"0001-01-01T00:00:00Z","updatedAt":"0001-01-01T00:00:00Z","deletedAt":null,"createdById":null,"createdBy":null,"updatedById":null,"updatedBy":null,"deletedById":null,"deletedBy":null,"name":"","netPrice":"0","vatRate":"0","wrapAfter":false,"hidden":false,"soldOut":false,"apiExport":false,"pos":0,"totalStock":0,"unitsSold":0,"soldOutRequestCount":0,"guestlists":null}},{"id":15,"createdAt":"2025-06-14T18:27:22.57293+02:00","updatedAt":"2025-06-14T18:27:22.57293+02:00","deletedAt":null,"createdById":null,"createdBy":null,"updatedById":null,"updatedBy":null,"deletedById":null,"deletedBy":null,"name":"Guestlist Daija","typeCode":false,"productId":3,"product":{"id":0,"createdAt":"0001-01-01T00:00:00Z","updatedAt":"0001-01-01T00:00:00Z","deletedAt":null,"createdById":null,"createdBy":null,"updatedById":null,"updatedBy":null,"deletedById":null,"deletedBy":null,"name":"","netPrice":"0","vatRate":"0","wrapAfter":false,"hidden":false,"soldOut":false,"apiExport":false,"pos":0,"totalStock":0,"unitsSold":0,"soldOutRequestCount":0,"guestlists":null}},{"id":16,"createdAt":"2025-06-14T18:27:22.573047+02:00","updatedAt":"2025-06-14T18:27:22.573047+02:00","deletedAt":null,"createdById":null,"createdBy":null,"updatedById":null,"updatedBy":null,"deletedById":null,"deletedBy":null,"name":"Guestlist Benny","typeCode":false,"productId":3,"product":{"id":0,"createdAt":"0001-01-01T00:00:00Z","updatedAt":"0001-01-01T00:00:00Z","deletedAt":null,"createdById":null,"createdBy":null,"updatedById":null,"updatedBy":null,"deletedById":null,"deletedBy":null,"name":"","netPrice":"0","vatRate":"0","wrapAfter":false,"hidden":false,"soldOut":false,"apiExport":false,"pos":0,"totalStock":0,"unitsSold":0,"soldOutRequestCount":0,"guestlists":null}},{"id":17,"createdAt":"2025-06-14T18:27:22.573317+02:00","updatedAt":"2025-06-14T18:27:22.573317+02:00","deletedAt":null,"createdById":null,"createdBy":null,"updatedById":null,"updatedBy":null,"deletedById":null,"deletedBy":null,"name":"Guestlist Wallace","typeCode":false,"productId":3,"product":{"id":0,"createdAt":"0001-01-01T00:00:00Z","updatedAt":"0001-01-01T00:00:00Z","deletedAt":null,"createdById":null,"createdBy":null,"updatedById":null,"updatedBy":null,"deletedById":null,"deletedBy":null,"name":"","netPrice":"0","vatRate":"0","wrapAfter":false,"hidden":false,"soldOut":false,"apiExport":false,"pos":0,"totalStock":0,"unitsSold":0,"soldOutRequestCount":0,"guestlists":null}},{"id":18,"createdAt":"2025-06-14T18:27:22.573573+02:00","updatedAt":"2025-06-14T18:27:22.573573+02:00","deletedAt":null,"createdById":null,"createdBy":null,"updatedById":null,"updatedBy":null,"deletedById":null,"deletedBy":null,"name":"Guestlist Kirk","typeCode":false,"productId":3,"product":{"id":0,"createdAt":"0001-01-01T00:00:00Z","updatedAt":"0001-01-01T00:00:00Z","deletedAt":null,"createdById":null,"createdBy":null,"updatedById":null,"updatedBy":null,"deletedById":null,"deletedBy":null,"name":"","netPrice":"0","vatRate":"0","wrapAfter":false,"hidden":false,"soldOut":false,"apiExport":false,"pos":0,"totalStock":0,"unitsSold":0,"soldOutRequestCount":0,"guestlists":null}},{"id":19,"createdAt":"2025-06-14T18:27:22.573799+02:00","updatedAt":"2025-06-14T18:27:22.573799+02:00","deletedAt":null,"createdById":null,"createdBy":null,"updatedById":null,"updatedBy":null,"deletedById":null,"deletedBy":null,"name":"Guestlist Opal","typeCode":false,"productId":3,"product":{"id":0,"createdAt":"0001-01-01T00:00:00Z","updatedAt":"0001-01-01T00:00:00Z","deletedAt":null,"createdById":null,"createdBy":null,"updatedById":null,"updatedBy":null,"deletedById":null,"deletedBy":null,"name":"","netPrice":"0","vatRate":"0","wrapAfter":false,"hidden":false,"soldOut":false,"apiExport":false,"pos":0,"totalStock":0,"unitsSold":0,"soldOutRequestCount":0,"guestlists":null}},{"id":20,"createdAt":"2025-06-14T18:27:22.574206+02:00","updatedAt":"2025-06-14T18:27:22.574206+02:00","deletedAt":null,"createdById":null,"createdBy":null,"updatedById":null,"updatedBy":null,"deletedById":null,"deletedBy":null,"name":"Guestlist Terence","typeCode":false,"productId":3,"product":{"id":0,"createdAt":"0001-01-01T00:00:00Z","updatedAt":"0001-01-01T00:00:00Z","deletedAt":null,"createdById":null,"createdBy":null,"updatedById":null,"updatedBy":null,"deletedById":null,"deletedBy":null,"name":"","netPrice":"0","vatRate":"0","wrapAfter":false,"hidden":false,"soldOut":false,"apiExport":false,"pos":0,"totalStock":0,"unitsSold":0,"soldOutRequestCount":0,"guestlists":null}},{"id":21,"createdAt":"2025-06-14T18:27:22.574459+02:00","updatedAt":"2025-06-14T18:27:22.574459+02:00","deletedAt":null,"createdById":null,"createdBy":null,"updatedById":null,"updatedBy":null,"deletedById":null,"deletedBy":null,"name":"Guestlist Zack","typeCode":false,"productId":3,"product":{"id":0,"createdAt":"0001-01-01T00:00:00Z","updatedAt":"0001-01-01T00:00:00Z","deletedAt":null,"createdById":null,"createdBy":null,"updatedById":null,"updatedBy":null,"deletedById":null,"deletedBy":null,"name":"","netPrice":"0","vatRate":"0","wrapAfter":false,"hidden":false,"soldOut":false,"apiExport":false,"pos":0,"totalStock":0,"unitsSold":0,"soldOutRequestCount":0,"guestlists":null}},{"id":22,"createdAt":"2025-06-14T18:27:22.574622+02:00","updatedAt":"2025-06-14T18:27:22.574622+02:00","deletedAt":null,"createdById":null,"createdBy":null,"updatedById":null,"updatedBy":null,"deletedById":null,"deletedBy":null,"name":"Guestlist Autumn","typeCode":false,"productId":3,"product":{"id":0,"createdAt":"0001-01-01T00:00:00Z","updatedAt":"0001-01-01T00:00:00Z","deletedAt":null,"createdById":null,"createdBy":null,"updatedById":null,"updatedBy":null,"deletedById":null,"deletedBy":null,"name":"","netPrice":"0","vatRate":"0","wrapAfter":false,"hidden":false,"soldOut":false,"apiExport":false,"pos":0,"totalStock":0,"unitsSold":0,"soldOutRequestCount":0,"guestlists":null}},{"id":23,"createdAt":"2025-06-14T18:27:22.574782+02:00","updatedAt":"2025-06-14T18:27:22.574782+02:00","deletedAt":null,"createdById":null,"createdBy":null,"updatedById":null,"updatedBy":null,"deletedById":null,"deletedBy":null,"name":"Guestlist Kareem","typeCode":false,"productId":3,"product":{"id":0,"createdAt":"0001-01-01T00:00:00Z","updatedAt":"0001-01-01T00:00:00Z","deletedAt":null,"createdById":null,"createdBy":null,"updatedById":null,"updatedBy":null,"deletedById":null,"deletedBy":null,"name":"","netPrice":"0","vatRate":"0","wrapAfter":false,"hidden":false,"soldOut":false,"apiExport":false,"pos":0,"totalStock":0,"unitsSold":0,"soldOutRequestCount":0,"guestlists":null}},{"id":24,"createdAt":"2025-06-14T18:27:22.575036+02:00","updatedAt":"2025-06-14T18:27:22.575036+02:00","deletedAt":null,"createdById":null,"createdBy":null,"updatedById":null,"updatedBy":null,"deletedById":null,"deletedBy":null,"name":"Guestlist Hertha","typeCode":false,"productId":3,"product":{"id":0,"createdAt":"0001-01-01T00:00:00Z","updatedAt":"0001-01-01T00:00:00Z","deletedAt":null,"createdById":null,"createdBy":null,"updatedById":null,"updatedBy":null,"deletedById":null,"deletedBy":null,"name":"","netPrice":"0","vatRate":"0","wrapAfter":false,"hidden":false,"soldOut":false,"apiExport":false,"pos":0,"totalStock":0,"unitsSold":0,"soldOutRequestCount":0,"guestlists":null}},{"id":25,"createdAt":"2025-06-14T18:27:22.575139+02:00","updatedAt":"2025-06-14T18:27:22.575139+02:00","deletedAt":null,"createdById":null,"createdBy":null,"updatedById":null,"updatedBy":null,"deletedById":null,"deletedBy":null,"name":"Guestlist Crystel","typeCode":false,"productId":3,"product":{"id":0,"createdAt":"0001-01-01T00:00:00Z","updatedAt":"0001-01-01T00:00:00Z","deletedAt":null,"createdById":null,"createdBy":null,"updatedById":null,"updatedBy":null,"deletedById":null,"deletedBy":null,"name":"","netPrice":"0","vatRate":"0","wrapAfter":false,"hidden":false,"soldOut":false,"apiExport":false,"pos":0,"totalStock":0,"unitsSold":0,"soldOutRequestCount":0,"guestlists":null}},{"id":26,"createdAt":"2025-06-14T18:27:22.575275+02:00","updatedAt":"2025-06-14T18:27:22.575275+02:00","deletedAt":null,"createdById":null,"createdBy":null,"updatedById":null,"updatedBy":null,"deletedById":null,"deletedBy":null,"name":"Guestlist Lucie","typeCode":false,"productId":3,"product":{"id":0,"createdAt":"0001-01-01T00:00:00Z","updatedAt":"0001-01-01T00:00:00Z","deletedAt":null,"createdById":null,"createdBy":null,"updatedById":null,"updatedBy":null,"deletedById":null,"deletedBy":null,"name":"","netPrice":"0","vatRate":"0","wrapAfter":false,"hidden":false,"soldOut":false,"apiExport":false,"pos":0,"totalStock":0,"unitsSold":0,"soldOutRequestCount":0,"guestlists":null}},{"id":27,"createdAt":"2025-06-14T18:27:22.575406+02:00","updatedAt":"2025-06-14T18:27:22.575406+02:00","deletedAt":null,"createdById":null,"createdBy":null,"updatedById":null,"updatedBy":null,"deletedById":null,"deletedBy":null,"name":"Guestlist Breanna","typeCode":false,"productId":3,"product":{"id":0,"createdAt":"0001-01-01T00:00:00Z","updatedAt":"0001-01-01T00:00:00Z","deletedAt":null,"createdById":null,"createdBy":null,"updatedById":null,"updatedBy":null,"deletedById":null,"deletedBy":null,"name":"","netPrice":"0","vatRate":"0","wrapAfter":false,"hidden":false,"soldOut":false,"apiExport":false,"pos":0,"totalStock":0,"unitsSold":0,"soldOutRequestCount":0,"guestlists":null}},{"id":28,"createdAt":"2025-06-14T18:27:22.575554+02:00","updatedAt":"2025-06-14T18:27:22.575554+02:00","deletedAt":null,"createdById":null,"createdBy":null,"updatedById":null,"updatedBy":null,"deletedById":null,"deletedBy":null,"name":"Guestlist Marcos","typeCode":false,"productId":3,"product":{"id":0,"createdAt":"0001-01-01T00:00:00Z","updatedAt":"0001-01-01T00:00:00Z","deletedAt":null,"createdById":null,"createdBy":null,"updatedById":null,"updatedBy":null,"deletedById":null,"deletedBy":null,"name":"","netPrice":"0","vatRate":"0","wrapAfter":false,"hidden":false,"soldOut":false,"apiExport":false,"pos":0,"totalStock":0,"unitsSold":0,"soldOutRequestCount":0,"guestlists":null}},{"id":29,"createdAt":"2025-06-14T18:27:22.575796+02:00","updatedAt":"2025-06-14T18:27:22.575796+02:00","deletedAt":null,"createdById":null,"createdBy":null,"updatedById":null,"updatedBy":null,"deletedById":null,"deletedBy":null,"name":"Guestlist Isidro","typeCode":false,"productId":3,"product":{"id":0,"createdAt":"0001-01-01T00:00:00Z","updatedAt":"0001-01-01T00:00:00Z","deletedAt":null,"createdById":null,"createdBy":null,"updatedById":null,"updatedBy":null,"deletedById":null,"deletedBy":null,"name":"","netPrice":"0","vatRate":"0","wrapAfter":false,"hidden":false,"soldOut":false,"apiExport":false,"pos":0,"totalStock":0,"unitsSold":0,"soldOutRequestCount":0,"guestlists":null}},{"id":30,"createdAt":"2025-06-14T18:27:22.575873+02:00","updatedAt":"2025-06-14T18:27:22.575873+02:00","deletedAt":null,"createdById":null,"createdBy":null,"updatedById":null,"updatedBy":null,"deletedById":null,"deletedBy":null,"name":"Guestlist Leonard","typeCode":false,"productId":3,"product":{"id":0,"createdAt":"0001-01-01T00:00:00Z","updatedAt":"0001-01-01T00:00:00Z","deletedAt":null,"createdById":null,"createdBy":null,"updatedById":null,"updatedBy":null,"deletedById":null,"deletedBy":null,"name":"","netPrice":"0","vatRate":"0","wrapAfter":false,"hidden":false,"soldOut":false,"apiExport":false,"pos":0,"totalStock":0,"unitsSold":0,"soldOutRequestCount":0,"guestlists":null}},{"id":31,"createdAt":"2025-06-14T18:27:22.576116+02:00","updatedAt":"2025-06-14T18:27:22.576116+02:00","deletedAt":null,"createdById":null,"createdBy":null,"updatedById":null,"updatedBy":null,"deletedById":null,"deletedBy":null,"name":"Guestlist Wilford","typeCode":false,"productId":3,"product":{"id":0,"createdAt":"0001-01-01T00:00:00Z","updatedAt":"0001-01-01T00:00:00Z","deletedAt":null,"createdById":null,"createdBy":null,"updatedById":null,"updatedBy":null,"deletedById":null,"deletedBy":null,"name":"","netPrice":"0","vatRate":"0","wrapAfter":false,"hidden":false,"soldOut":false,"apiExport":false,"pos":0,"totalStock":0,"unitsSold":0,"soldOutRequestCount":0,"guestlists":null}},{"id":32,"createdAt":"2025-06-14T18:27:22.576306+02:00","updatedAt":"2025-06-14T18:27:22.576306+02:00","deletedAt":null,"createdById":null,"createdBy":null,"updatedById":null,"updatedBy":null,"deletedById":null,"deletedBy":null,"name":"Guestlist Lambert","typeCode":false,"productId":3,"product":{"id":0,"createdAt":"0001-01-01T00:00:00Z","updatedAt":"0001-01-01T00:00:00Z","deletedAt":null,"createdById":null,"createdBy":null,"updatedById":null,"updatedBy":null,"deletedById":null,"deletedBy":null,"name":"","netPrice":"0","vatRate":"0","wrapAfter":false,"hidden":false,"soldOut":false,"apiExport":false,"pos":0,"totalStock":0,"unitsSold":0,"soldOutRequestCount":0,"guestlists":null}},{"id":33,"createdAt":"2025-06-14T18:27:22.576425+02:00","updatedAt":"2025-06-14T18:27:22.576425+02:00","deletedAt":null,"createdById":null,"createdBy":null,"updatedById":null,"updatedBy":null,"deletedById":null,"deletedBy":null,"name":"Guestlist Jewel","typeCode":false,"productId":3,"product":{"id":0,"createdAt":"0001-01-01T00:00:00Z","updatedAt":"0001-01-01T00:00:00Z","deletedAt":null,"createdById":null,"createdBy":null,"updatedById":null,"updatedBy":null,"deletedById":null,"deletedBy":null,"name":"","netPrice":"0","vatRate":"0","wrapAfter":false,"hidden":false,"soldOut":false,"apiExport":false,"pos":0,"totalStock":0,"unitsSold":0,"soldOutRequestCount":0,"guestlists":null}},{"id":34,"createdAt":"2025-06-14T18:27:22.576536+02:00","updatedAt":"2025-06-14T18:27:22.576536+02:00","deletedAt":null,"createdById":null,"createdBy":null,"updatedById":null,"updatedBy":null,"deletedById":null,"deletedBy":null,"name":"Guestlist Lemuel","typeCode":false,"productId":3,"product":{"id":0,"createdAt":"0001-01-01T00:00:00Z","updatedAt":"0001-01-01T00:00:00Z","deletedAt":null,"createdById":null,"createdBy":null,"updatedById":null,"updatedBy":null,"deletedById":null,"deletedBy":null,"name":"","netPrice":"0","vatRate":"0","wrapAfter":false,"hidden":false,"soldOut":false,"apiExport":false,"pos":0,"totalStock":0,"unitsSold":0,"soldOutRequestCount":0,"guestlists":null}},{"id":35,"createdAt":"2025-06-14T18:27:22.576834+02:00","updatedAt":"2025-06-14T18:27:22.576834+02:00","deletedAt":null,"createdById":null,"createdBy":null,"updatedById":null,"updatedBy":null,"deletedById":null,"deletedBy":null,"name":"Guestlist Berry","typeCode":false,"productId":3,"product":{"id":0,"createdAt":"0001-01-01T00:00:00Z","updatedAt":"0001-01-01T00:00:00Z","deletedAt":null,"createdById":null,"createdBy":null,"updatedById":null,"updatedBy":null,"deletedById":null,"deletedBy":null,"name":"","netPrice":"0","vatRate":"0","wrapAfter":false,"hidden":false,"soldOut":false,"apiExport":false,"pos":0,"totalStock":0,"unitsSold":0,"soldOutRequestCount":0,"guestlists":null}},{"id":36,"createdAt":"2025-06-14T18:27:22.577644+02:00","updatedAt":"2025-06-14T18:27:22.577644+02:00","deletedAt":null,"createdById":null,"createdBy":null,"updatedById":null,"updatedBy":null,"deletedById":null,"deletedBy":null,"name":"Guestlist Harley","typeCode":false,"productId":3,"product":{"id":0,"createdAt":"0001-01-01T00:00:00Z","updatedAt":"0001-01-01T00:00:00Z","deletedAt":null,"createdById":null,"createdBy":null,"updatedById":null,"updatedBy":null,"deletedById":null,"deletedBy":null,"name":"","netPrice":"0","vatRate":"0","wrapAfter":false,"hidden":false,"soldOut":false,"apiExport":false,"pos":0,"totalStock":0,"unitsSold":0,"soldOutRequestCount":0,"guestlists":null}},{"id":37,"createdAt":"2025-06-14T18:27:22.578025+02:00","updatedAt":"2025-06-14T18:27:22.578025+02:00","deletedAt":null,"createdById":null,"createdBy":null,"updatedById":null,"updatedBy":null,"deletedById":null,"deletedBy":null,"name":"Guestlist Reuben","typeCode":false,"productId":3,"product":{"id":0,"createdAt":"0001-01-01T00:00:00Z","updatedAt":"0001-01-01T00:00:00Z","deletedAt":null,"createdById":null,"createdBy":null,"updatedById":null,"updatedBy":null,"deletedById":null,"deletedBy":null,"name":"","netPrice":"0","vatRate":"0","wrapAfter":false,"hidden":false,"soldOut":false,"apiExport":false,"pos":0,"totalStock":0,"unitsSold":0,"soldOutRequestCount":0,"guestlists":null}},{"id":38,"createdAt":"2025-06-14T18:27:22.578208+02:00","updatedAt":"2025-06-14T18:27:22.578208+02:00","deletedAt":null,"createdById":null,"createdBy":null,"updatedById":null,"updatedBy":null,"deletedById":null,"deletedBy":null,"name":"Guestlist Kraig","typeCode":false,"productId":3,"product":{"id":0,"createdAt":"0001-01-01T00:00:00Z","updatedAt":"0001-01-01T00:00:00Z","deletedAt":null,"createdById":null,"createdBy":null,"updatedById":null,"updatedBy":null,"deletedById":null,"deletedBy":null,"name":"","netPrice":"0","vatRate":"0","wrapAfter":false,"hidden":false,"soldOut":false,"apiExport":false,"pos":0,"totalStock":0,"unitsSold":0,"soldOutRequestCount":0,"guestlists":null}},{"id":39,"createdAt":"2025-06-14T18:27:22.578544+02:00","updatedAt":"2025-06-14T18:27:22.578544+02:00","deletedAt":null,"createdById":null,"createdBy":null,"updatedById":null,"updatedBy":null,"deletedById":null,"deletedBy":null,"name":"Guestlist Leonardo","typeCode":false,"productId":3,"product":{"id":0,"createdAt":"0001-01-01T00:00:00Z","updatedAt":"0001-01-01T00:00:00Z","deletedAt":null,"createdById":null,"createdBy":null,"updatedById":null,"updatedBy":null,"deletedById":null,"deletedBy":null,"name":"","netPrice":"0","vatRate":"0","wrapAfter":false,"hidden":false,"soldOut":false,"apiExport":false,"pos":0,"totalStock":0,"unitsSold":0,"soldOutRequestCount":0,"guestlists":null}},{"id":40,"createdAt":"2025-06-14T18:27:22.578677+02:00","updatedAt":"2025-06-14T18:27:22.578677+02:00","deletedAt":null,"createdById":null,"createdBy":null,"updatedById":null,"updatedBy":null,"deletedById":null,"deletedBy":null,"name":"Guestlist Alicia","typeCode":false,"productId":3,"product":{"id":0,"createdAt":"0001-01-01T00:00:00Z","updatedAt":"0001-01-01T00:00:00Z","deletedAt":null,"createdById":null,"createdBy":null,"updatedById":null,"updatedBy":null,"deletedById":null,"deletedBy":null,"name":"","netPrice":"0","vatRate":"0","wrapAfter":false,"hidden":false,"soldOut":false,"apiExport":false,"pos":0,"totalStock":0,"unitsSold":0,"soldOutRequestCount":0,"guestlists":null}}],"unitsSold":0,"soldOutRequestCount":0},{"id":4,"name":"🎟️ Prepaid","netPrice":"0","grossPrice":"0","vatRate":"0","vatAmount":"0","wrapAfter":true,"hidden":false,"soldOut":false,"apiExport":true,"pos":4,"totalStock":0,"guestlists":[{"id":3,"createdAt":"2025-06-14T18:27:22.568211+02:00","updatedAt":"2025-06-14T18:27:22.568211+02:00","deletedAt":null,"createdById":null,"createdBy":null,"updatedById":null,"updatedBy":null,"deletedById":null,"deletedBy":null,"name":"Deine Tickets","typeCode":true,"productId":4,"product":{"id":0,"createdAt":"0001-01-01T00:00:00Z","updatedAt":"0001-01-01T00:00:00Z","deletedAt":null,"createdById":null,"createdBy":null,"updatedById":null,"updatedBy":null,"deletedById":null,"deletedBy":null,"name":"","netPrice":"0","vatRate":"0","wrapAfter":false,"hidden":false,"soldOut":false,"apiExport":false,"pos":0,"totalStock":0,"unitsSold":0,"soldOutRequestCount":0,"guestlists":null}}],"unitsSold":9,"soldOutRequestCount":0},{"id":2,"name":"🎟️ Reduced","netPrice":"18.69","grossPrice":"20","vatRate":"7","vatAmount":"1.31","wrapAfter":false,"hidden":false,"soldOut":false,"apiExport":true,"pos":2,"totalStock":0,"guestlists":[{"id":1,"createdAt":"2025-06-14T18:27:22.568144+02:00","updatedAt":"2025-06-14T18:27:22.568144+02:00","deletedAt":null,"createdById":null,"createdBy":null,"updatedById":null,"updatedBy":null,"deletedById":null,"deletedBy":null,"name":"Reduces Digitale Kultur","typeCode":false,"productId":2,"product":{"id":0,"createdAt":"0001-01-01T00:00:00Z","updatedAt":"0001-01-01T00:00:00Z","deletedAt":null,"createdById":null,"createdBy":null,"updatedById":null,"updatedBy":null,"deletedById":null,"deletedBy":null,"name":"","netPrice":"0","vatRate":"0","wrapAfter":false,"hidden":false,"soldOut":false,"apiExport":false,"pos":0,"totalStock":0,"unitsSold":0,"soldOutRequestCount":0,"guestlists":null}},{"id":2,"createdAt":"2025-06-14T18:27:22.568185+02:00","updatedAt":"2025-06-14T18:27:22.568185+02:00","deletedAt":null,"createdById":null,"createdBy":null,"updatedById":null,"updatedBy":null,"deletedById":null,"deletedBy":null,"name":"Long Distance","typeCode":false,"productId":2,"product":{"id":0,"createdAt":"0001-01-01T00:00:00Z","updatedAt":"0001-01-01T00:00:00Z","deletedAt":null,"createdById":null,"createdBy":null,"updatedById":null,"updatedBy":null,"deletedById":null,"deletedBy":null,"name":"","netPrice":"0","vatRate":"0","wrapAfter":false,"hidden":false,"soldOut":false,"apiExport":false,"pos":0,"totalStock":0,"unitsSold":0,"soldOutRequestCount":0,"guestlists":null}}],"unitsSold":0,"soldOutRequestCount":0},{"id":1,"name":"🎟️ Regular","netPrice":"37.38","grossPrice":"40","vatRate":"7","vatAmount":"2.62","wrapAfter":false,"hidden":false,"soldOut":false,"apiExport":true,"pos":1,"totalStock":0,"guestlists":[],"unitsSold":0,"soldOutRequestCount":0},{"id":13,"name":"👕 Female L","netPrice":"16.81","grossPrice":"20","vatRate":"19","vatAmount":"3.19","wrapAfter":false,"hidden":false,"soldOut":false,"apiExport":false,"pos":10,"totalStock":19,"guestlists":[],"unitsSold":16,"soldOutRequestCount":0},{"id":12,"name":"👕 Female M","netPrice":"16.81","grossPrice":"20","vatRate":"19","vatAmount":"3.19","wrapAfter":false,"hidden":false,"soldOut":false,"apiExport":false,"pos":10,"totalStock":7,"guestlists":[],"unitsSold":13,"soldOutRequestCount":0},{"id":11,"name":"👕 Female S","netPrice":"16.81","grossPrice":"20","vatRate":"19","vatAmount":"3.19","wrapAfter":false,"hidden":false,"soldOut":false,"apiExport":false,"pos":10,"totalStock":26,"guestlists":[],"unitsSold":15,"soldOutRequestCount":0},{"id":14,"name":"👕 Female XL","netPrice":"16.81","grossPrice":"20","vatRate":"19","vatAmount":"3.19","wrapAfter":false,"hidden":false,"soldOut":false,"apiExport":false,"pos":10,"totalStock":12,"guestlists":[],"unitsSold":7,"soldOutRequestCount":0},{"id":15,"name":"👕 Female XXL","netPrice":"16.81","grossPrice":"20","vatRate":"19","vatAmount":"3.19","wrapAfter":false,"hidden":false,"soldOut":false,"apiExport":false,"pos":10,"totalStock":14,"guestlists":[],"unitsSold":6,"soldOutRequestCount":0}]
    printer.go:116: GET /api/v2/products?_sort=vatRate HTTP/1.1
        Authorization: Bearer eyJhbGciOiJIUzI1NiIsInR5cCI6IkpXVCJ9.eyJJRCI6MiwiZXhwIjoxNzQ5OTE5MDQ0LCJvcmlnX2lhdCI6MTc0OTkxODQ0NH0.ZCidgaD-PTq18MdpyLD8KBxvVLxEJYZN5uDZ-M8TgOc
        
[GIN] 2025/06/14 - 18:27:25 | 200 |     591.084µs |                 | GET      "/api/v2/products?_sort=vatRate"
    printer.go:133: HTTP/0.0 200 OK 595.375µs
        Content-Type: application/json; charset=utf-8
        X-Total-Count: 16
        
        [{"id":3,"name":"🎟️ Free","netPrice":"0","grossPrice":"0","vatRate":"0","vatAmount":"0","wrapAfter":false,"hidden":false,"soldOut":false,"apiExport":true,"pos":3,"totalStock":0,"guestlists":[{"id":4,"createdAt":"2025-06-14T18:27:22.569465+02:00","updatedAt":"2025-06-14T18:27:22.569465+02:00","deletedAt":null,"createdById":null,"createdBy":null,"updatedById":null,"updatedBy":null,"deletedById":null,"deletedBy":null,"name":"Guestlist Neva","typeCode":false,"productId":3,"product":{"id":0,"createdAt":"0001-01-01T00:00:00Z","updatedAt":"0001-01-01T00:00:00Z","deletedAt":null,"createdById":null,"createdBy":null,"updatedById":null,"updatedBy":null,"deletedById":null,"deletedBy":null,"name":"","netPrice":"0","vatRate":"0","wrapAfter":false,"hidden":false,"soldOut":false,"apiExport":false,"pos":0,"totalStock":0,"unitsSold":0,"soldOutRequestCount":0,"guestlists":null}},{"id":5,"createdAt":"2025-06-14T18:27:22.569631+02:00","updatedAt":"2025-06-14T18:27:22.569631+02:00","deletedAt":null,"createdById":null,"createdBy":null,"updatedById":null,"updatedBy":null,"deletedById":null,"deletedBy":null,"name":"Guestlist Bertram","typeCode":false,"productId":3,"product":{"id":0,"createdAt":"0001-01-01T00:00:00Z","updatedAt":"0001-01-01T00:00:00Z","deletedAt":null,"createdById":null,"createdBy":null,"updatedById":null,"updatedBy":null,"deletedById":null,"deletedBy":null,"name":"","netPrice":"0","vatRate":"0","wrapAfter":false,"hidden":false,"soldOut":false,"apiExport":false,"pos":0,"totalStock":0,"unitsSold":0,"soldOutRequestCount":0,"guestlists":null}},{"id":6,"createdAt":"2025-06-14T18:27:22.569753+02:00","updatedAt":"2025-06-14T18:27:22.569753+02:00","deletedAt":null,"createdById":null,"createdBy":null,"updatedById":null,"updatedBy":null,"deletedById":null,"deletedBy":null,"name":"Guestlist Amelia","typeCode":false,"productId":3,"product":{"id":0,"createdAt":"0001-01-01T00:00:00Z","updatedAt":"0001-01-01T00:00:00Z","deletedAt":null,"createdById":null,"createdBy":null,"updatedById":null,"updatedBy":null,"deletedById":null,"deletedBy":null,"name":"","netPrice":"0","vatRate":"0","wrapAfter":false,"hidden":false,"soldOut":false,"apiExport":false,"pos":0,"totalStock":0,"unitsSold":0,"soldOutRequestCount":0,"guestlists":null}},{"id":7,"createdAt":"2025-06-14T18:27:22.570018+02:00","updatedAt":"2025-06-14T18:27:22.570018+02:00","deletedAt":null,"createdById":null,"createdBy":null,"updatedById":null,"updatedBy":null,"deletedById":null,"deletedBy":null,"name":"Guestlist Roel","typeCode":false,"productId":3,"product":{"id":0,"createdAt":"0001-01-01T00:00:00Z","updatedAt":"0001-01-01T00:00:00Z","deletedAt":null,"createdById":null,"createdBy":null,"updatedById":null,"updatedBy":null,"deletedById":null,"deletedBy":null,"name":"","netPrice":"0","vatRate":"0","wrapAfter":false,"hidden":false,"soldOut":false,"apiExport":false,"pos":0,"totalStock":0,"unitsSold":0,"soldOutRequestCount":0,"guestlists":null}},{"id":8,"createdAt":"2025-06-14T18:27:22.570302+02:00","updatedAt":"2025-06-14T18:27:22.570302+02:00","deletedAt":null,"createdById":null,"createdBy":null,"updatedById":null,"updatedBy":null,"deletedById":null,"deletedBy":null,"name":"Guestlist Edythe","typeCode":false,"productId":3,"product":{"id":0,"createdAt":"0001-01-01T00:00:00Z","updatedAt":"0001-01-01T00:00:00Z","deletedAt":null,"createdById":null,"createdBy":null,"updatedById":null,"updatedBy":null,"deletedById":null,"deletedBy":null,"name":"","netPrice":"0","vatRate":"0","wrapAfter":false,"hidden":false,"soldOut":false,"apiExport":false,"pos":0,"totalStock":0,"unitsSold":0,"soldOutRequestCount":0,"guestlists":null}},{"id":9,"createdAt":"2025-06-14T18:27:22.570504+02:00","updatedAt":"2025-06-14T18:27:22.570504+02:00","deletedAt":null,"createdById":null,"createdBy":null,"updatedById":null,"updatedBy":null,"deletedById":null,"deletedBy":null,"name":"Guestlist Gudrun","typeCode":false,"productId":3,"product":{"id":0,"createdAt":"0001-01-01T00:00:00Z","updatedAt":"0001-01-01T00:00:00Z","deletedAt":null,"createdById":null,"createdBy":null,"updatedById":null,"updatedBy":null,"deletedById":null,"deletedBy":null,"name":"","netPrice":"0","vatRate":"0","wrapAfter":false,"hidden":false,"soldOut":false,"apiExport":false,"pos":0,"totalStock":0,"unitsSold":0,"soldOutRequestCount":0,"guestlists":null}},{"id":10,"createdAt":"2025-06-14T18:27:22.570947+02:00","updatedAt":"2025-06-14T18:27:22.570947+02:00","deletedAt":null,"createdById":null,"createdBy":null,"updatedById":null,"updatedBy":null,"deletedById":null,"deletedBy":null,"name":"Guestlist Katharina","typeCode":false,"productId":3,"product":{"id":0,"createdAt":"0001-01-01T00:00:00Z","updatedAt":"0001-01-01T00:00:00Z","deletedAt":null,"createdById":null,"createdBy":null,"updatedById":null,"updatedBy":null,"deletedById":null,"deletedBy":null,"name":"","netPrice":"0","vatRate":"0","wrapAfter":false,"hidden":false,"soldOut":false,"apiExport":false,"pos":0,"totalStock":0,"unitsSold":0,"soldOutRequestCount":0,"guestlists":null}},{"id":11,"createdAt":"2025-06-14T18:27:22.5712+02:00","updatedAt":"2025-06-14T18:27:22.5712+02:00","deletedAt":null,"createdById":null,"createdBy":null,"updatedById":null,"updatedBy":null,"deletedById":null,"deletedBy":null,"name":"Guestlist Gerda","typeCode":false,"productId":3,"product":{"id":0,"createdAt":"0001-01-01T00:00:00Z","updatedAt":"0001-01-01T00:00:00Z","deletedAt":null,"createdById":null,"createdBy":null,"updatedById":null,"updatedBy":null,"deletedById":null,"deletedBy":null,"name":"","netPrice":"0","vatRate":"0","wrapAfter":false,"hidden":false,"soldOut":false,"apiExport":false,"pos":0,"totalStock":0,"unitsSold":0,"soldOutRequestCount":0,"guestlists":null}},{"id":12,"createdAt":"2025-06-14T18:27:22.571479+02:00","updatedAt":"2025-06-14T18:27:22.571479+02:00","deletedAt":null,"createdById":null,"createdBy":null,"updatedById":null,"updatedBy":null,"deletedById":null,"deletedBy":null,"name":"Guestlist Laverna","typeCode":false,"productId":3,"product":{"id":0,"createdAt":"0001-01-01T00:00:00Z","updatedAt":"0001-01-01T00:00:00Z","deletedAt":null,"createdById":null,"createdBy":null,"updatedById":null,"updatedBy":null,"deletedById":null,"deletedBy":null,"name":"","netPrice":"0","vatRate":"0","wrapAfter":false,"hidden":false,"soldOut":false,"apiExport":false,"pos":0,"totalStock":0,"unitsSold":0,"soldOutRequestCount":0,"guestlists":null}},{"id":13,"createdAt":"2025-06-14T18:27:22.571662+02:00","updatedAt":"2025-06-14T18:27:22.571662+02:00","deletedAt":null,"createdById":null,"createdBy":null,"updatedById":null,"updatedBy":null,"deletedById":null,"deletedBy":null,"name":"Guestlist Mekhi","typeCode":false,"productId":3,"product":{"id":0,"createdAt":"0001-01-01T00:00:00Z","updatedAt":"0001-01-01T00:00:00Z","deletedAt":null,"createdById":null,"createdBy":null,"updatedById":null,"updatedBy":null,"deletedById":null,"deletedBy":null,"name":"","netPrice":"0","vatRate":"0","wrapAfter":false,"hidden":false,"soldOut":false,"apiExport":false,"pos":0,"totalStock":0,"unitsSold":0,"soldOutRequestCount":0,"guestlists":null}},{"id":14,"createdAt":"2025-06-14T18:27:22.572633+02:00","updatedAt":"2025-06-14T18:27:22.572633+02:00","deletedAt":null,"createdById":null,"createdBy":null,"updatedById":null,"updatedBy":null,"deletedById":null,"deletedBy":null,"name":"Guestlist Sunny","typeCode":false,"productId":3,"product":{"id":0,"createdAt":"0001-01-01T00:00:00Z","updatedAt":"0001-01-01T00:00:00Z","deletedAt":null,"createdById":null,"createdBy":null,"updatedById":null,"updatedBy":null,"deletedById":null,"deletedBy":null,"name":"","netPrice":"0","vatRate":"0","wrapAfter":false,"hidden":false,"soldOut":false,"apiExport":false,"pos":0,"totalStock":0,"unitsSold":0,"soldOutRequestCount":0,"guestlists":null}},{"id":15,"createdAt":"2025-06-14T18:27:22.57293+02:00","updatedAt":"2025-06-14T18:27:22.57293+02:00","deletedAt":null,"createdById":null,"createdBy":null,"updatedById":null,"updatedBy":null,"deletedById":null,"deletedBy":null,"name":"Guestlist Daija","typeCode":false,"productId":3,"product":{"id":0,"createdAt":"0001-01-01T00:00:00Z","updatedAt":"0001-01-01T00:00:00Z","deletedAt":null,"createdById":null,"createdBy":null,"updatedById":null,"updatedBy":null,"deletedById":null,"deletedBy":null,"name":"","netPrice":"0","vatRate":"0","wrapAfter":false,"hidden":false,"soldOut":false,"apiExport":false,"pos":0,"totalStock":0,"unitsSold":0,"soldOutRequestCount":0,"guestlists":null}},{"id":16,"createdAt":"2025-06-14T18:27:22.573047+02:00","updatedAt":"2025-06-14T18:27:22.573047+02:00","deletedAt":null,"createdById":null,"createdBy":null,"updatedById":null,"updatedBy":null,"deletedById":null,"deletedBy":null,"name":"Guestlist Benny","typeCode":false,"productId":3,"product":{"id":0,"createdAt":"0001-01-01T00:00:00Z","updatedAt":"0001-01-01T00:00:00Z","deletedAt":null,"createdById":null,"createdBy":null,"updatedById":null,"updatedBy":null,"deletedById":null,"deletedBy":null,"name":"","netPrice":"0","vatRate":"0","wrapAfter":false,"hidden":false,"soldOut":false,"apiExport":false,"pos":0,"totalStock":0,"unitsSold":0,"soldOutRequestCount":0,"guestlists":null}},{"id":17,"createdAt":"2025-06-14T18:27:22.573317+02:00","updatedAt":"2025-06-14T18:27:22.573317+02:00","deletedAt":null,"createdById":null,"createdBy":null,"updatedById":null,"updatedBy":null,"deletedById":null,"deletedBy":null,"name":"Guestlist Wallace","typeCode":false,"productId":3,"product":{"id":0,"createdAt":"0001-01-01T00:00:00Z","updatedAt":"0001-01-01T00:00:00Z","deletedAt":null,"createdById":null,"createdBy":null,"updatedById":null,"updatedBy":null,"deletedById":null,"deletedBy":null,"name":"","netPrice":"0","vatRate":"0","wrapAfter":false,"hidden":false,"soldOut":false,"apiExport":false,"pos":0,"totalStock":0,"unitsSold":0,"soldOutRequestCount":0,"guestlists":null}},{"id":18,"createdAt":"2025-06-14T18:27:22.573573+02:00","updatedAt":"2025-06-14T18:27:22.573573+02:00","deletedAt":null,"createdById":null,"createdBy":null,"updatedById":null,"updatedBy":null,"deletedById":null,"deletedBy":null,"name":"Guestlist Kirk","typeCode":false,"productId":3,"product":{"id":0,"createdAt":"0001-01-01T00:00:00Z","updatedAt":"0001-01-01T00:00:00Z","deletedAt":null,"createdById":null,"createdBy":null,"updatedById":null,"updatedBy":null,"deletedById":null,"deletedBy":null,"name":"","netPrice":"0","vatRate":"0","wrapAfter":false,"hidden":false,"soldOut":false,"apiExport":false,"pos":0,"totalStock":0,"unitsSold":0,"soldOutRequestCount":0,"guestlists":null}},{"id":19,"createdAt":"2025-06-14T18:27:22.573799+02:00","updatedAt":"2025-06-14T18:27:22.573799+02:00","deletedAt":null,"createdById":null,"createdBy":null,"updatedById":null,"updatedBy":null,"deletedById":null,"deletedBy":null,"name":"Guestlist Opal","typeCode":false,"productId":3,"product":{"id":0,"createdAt":"0001-01-01T00:00:00Z","updatedAt":"0001-01-01T00:00:00Z","deletedAt":null,"createdById":null,"createdBy":null,"updatedById":null,"updatedBy":null,"deletedById":null,"deletedBy":null,"name":"","netPrice":"0","vatRate":"0","wrapAfter":false,"hidden":false,"soldOut":false,"apiExport":false,"pos":0,"totalStock":0,"unitsSold":0,"soldOutRequestCount":0,"guestlists":null}},{"id":20,"createdAt":"2025-06-14T18:27:22.574206+02:00","updatedAt":"2025-06-14T18:27:22.574206+02:00","deletedAt":null,"createdById":null,"createdBy":null,"updatedById":null,"updatedBy":null,"deletedById":null,"deletedBy":null,"name":"Guestlist Terence","typeCode":false,"productId":3,"product":{"id":0,"createdAt":"0001-01-01T00:00:00Z","updatedAt":"0001-01-01T00:00:00Z","deletedAt":null,"createdById":null,"createdBy":null,"updatedById":null,"updatedBy":null,"deletedById":null,"deletedBy":null,"name":"","netPrice":"0","vatRate":"0","wrapAfter":false,"hidden":false,"soldOut":false,"apiExport":false,"pos":0,"totalStock":0,"unitsSold":0,"soldOutRequestCount":0,"guestlists":null}},{"id":21,"createdAt":"2025-06-14T18:27:22.574459+02:00","updatedAt":"2025-06-14T18:27:22.574459+02:00","deletedAt":null,"createdById":null,"createdBy":null,"updatedById":null,"updatedBy":null,"deletedById":null,"deletedBy":null,"name":"Guestlist Zack","typeCode":false,"productId":3,"product":{"id":0,"createdAt":"0001-01-01T00:00:00Z","updatedAt":"0001-01-01T00:00:00Z","deletedAt":null,"createdById":null,"createdBy":null,"updatedById":null,"updatedBy":null,"deletedById":null,"deletedBy":null,"name":"","netPrice":"0","vatRate":"0","wrapAfter":false,"hidden":false,"soldOut":false,"apiExport":false,"pos":0,"totalStock":0,"unitsSold":0,"soldOutRequestCount":0,"guestlists":null}},{"id":22,"createdAt":"2025-06-14T18:27:22.574622+02:00","updatedAt":"2025-06-14T18:27:22.574622+02:00","deletedAt":null,"createdById":null,"createdBy":null,"updatedById":null,"updatedBy":null,"deletedById":null,"deletedBy":null,"name":"Guestlist Autumn","typeCode":false,"productId":3,"product":{"id":0,"createdAt":"0001-01-01T00:00:00Z","updatedAt":"0001-01-01T00:00:00Z","deletedAt":null,"createdById":null,"createdBy":null,"updatedById":null,"updatedBy":null,"deletedById":null,"deletedBy":null,"name":"","netPrice":"0","vatRate":"0","wrapAfter":false,"hidden":false,"soldOut":false,"apiExport":false,"pos":0,"totalStock":0,"unitsSold":0,"soldOutRequestCount":0,"guestlists":null}},{"id":23,"createdAt":"2025-06-14T18:27:22.574782+02:00","updatedAt":"2025-06-14T18:27:22.574782+02:00","deletedAt":null,"createdById":null,"createdBy":null,"updatedById":null,"updatedBy":null,"deletedById":null,"deletedBy":null,"name":"Guestlist Kareem","typeCode":false,"productId":3,"product":{"id":0,"createdAt":"0001-01-01T00:00:00Z","updatedAt":"0001-01-01T00:00:00Z","deletedAt":null,"createdById":null,"createdBy":null,"updatedById":null,"updatedBy":null,"deletedById":null,"deletedBy":null,"name":"","netPrice":"0","vatRate":"0","wrapAfter":false,"hidden":false,"soldOut":false,"apiExport":false,"pos":0,"totalStock":0,"unitsSold":0,"soldOutRequestCount":0,"guestlists":null}},{"id":24,"createdAt":"2025-06-14T18:27:22.575036+02:00","updatedAt":"2025-06-14T18:27:22.575036+02:00","deletedAt":null,"createdById":null,"createdBy":null,"updatedById":null,"updatedBy":null,"deletedById":null,"deletedBy":null,"name":"Guestlist Hertha","typeCode":false,"productId":3,"product":{"id":0,"createdAt":"0001-01-01T00:00:00Z","updatedAt":"0001-01-01T00:00:00Z","deletedAt":null,"createdById":null,"createdBy":null,"updatedById":null,"updatedBy":null,"deletedById":null,"deletedBy":null,"name":"","netPrice":"0","vatRate":"0","wrapAfter":false,"hidden":false,"soldOut":false,"apiExport":false,"pos":0,"totalStock":0,"unitsSold":0,"soldOutRequestCount":0,"guestlists":null}},{"id":25,"createdAt":"2025-06-14T18:27:22.575139+02:00","updatedAt":"2025-06-14T18:27:22.575139+02:00","deletedAt":null,"createdById":null,"createdBy":null,"updatedById":null,"updatedBy":null,"deletedById":null,"deletedBy":null,"name":"Guestlist Crystel","typeCode":false,"productId":3,"product":{"id":0,"createdAt":"0001-01-01T00:00:00Z","updatedAt":"0001-01-01T00:00:00Z","deletedAt":null,"createdById":null,"createdBy":null,"updatedById":null,"updatedBy":null,"deletedById":null,"deletedBy":null,"name":"","netPrice":"0","vatRate":"0","wrapAfter":false,"hidden":false,"soldOut":false,"apiExport":false,"pos":0,"totalStock":0,"unitsSold":0,"soldOutRequestCount":0,"guestlists":null}},{"id":26,"createdAt":"2025-06-14T18:27:22.575275+02:00","updatedAt":"2025-06-14T18:27:22.575275+02:00","deletedAt":null,"createdById":null,"createdBy":null,"updatedById":null,"updatedBy":null,"deletedById":null,"deletedBy":null,"name":"Guestlist Lucie","typeCode":false,"productId":3,"product":{"id":0,"createdAt":"0001-01-01T00:00:00Z","updatedAt":"0001-01-01T00:00:00Z","deletedAt":null,"createdById":null,"createdBy":null,"updatedById":null,"updatedBy":null,"deletedById":null,"deletedBy":null,"name":"","netPrice":"0","vatRate":"0","wrapAfter":false,"hidden":false,"soldOut":false,"apiExport":false,"pos":0,"totalStock":0,"unitsSold":0,"soldOutRequestCount":0,"guestlists":null}},{"id":27,"createdAt":"2025-06-14T18:27:22.575406+02:00","updatedAt":"2025-06-14T18:27:22.575406+02:00","deletedAt":null,"createdById":null,"createdBy":null,"updatedById":null,"updatedBy":null,"deletedById":null,"deletedBy":null,"name":"Guestlist Breanna","typeCode":false,"productId":3,"product":{"id":0,"createdAt":"0001-01-01T00:00:00Z","updatedAt":"0001-01-01T00:00:00Z","deletedAt":null,"createdById":null,"createdBy":null,"updatedById":null,"updatedBy":null,"deletedById":null,"deletedBy":null,"name":"","netPrice":"0","vatRate":"0","wrapAfter":false,"hidden":false,"soldOut":false,"apiExport":false,"pos":0,"totalStock":0,"unitsSold":0,"soldOutRequestCount":0,"guestlists":null}},{"id":28,"createdAt":"2025-06-14T18:27:22.575554+02:00","updatedAt":"2025-06-14T18:27:22.575554+02:00","deletedAt":null,"createdById":null,"createdBy":null,"updatedById":null,"updatedBy":null,"deletedById":null,"deletedBy":null,"name":"Guestlist Marcos","typeCode":false,"productId":3,"product":{"id":0,"createdAt":"0001-01-01T00:00:00Z","updatedAt":"0001-01-01T00:00:00Z","deletedAt":null,"createdById":null,"createdBy":null,"updatedById":null,"updatedBy":null,"deletedById":null,"deletedBy":null,"name":"","netPrice":"0","vatRate":"0","wrapAfter":false,"hidden":false,"soldOut":false,"apiExport":false,"pos":0,"totalStock":0,"unitsSold":0,"soldOutRequestCount":0,"guestlists":null}},{"id":29,"createdAt":"2025-06-14T18:27:22.575796+02:00","updatedAt":"2025-06-14T18:27:22.575796+02:00","deletedAt":null,"createdById":null,"createdBy":null,"updatedById":null,"updatedBy":null,"deletedById":null,"deletedBy":null,"name":"Guestlist Isidro","typeCode":false,"productId":3,"product":{"id":0,"createdAt":"0001-01-01T00:00:00Z","updatedAt":"0001-01-01T00:00:00Z","deletedAt":null,"createdById":null,"createdBy":null,"updatedById":null,"updatedBy":null,"deletedById":null,"deletedBy":null,"name":"","netPrice":"0","vatRate":"0","wrapAfter":false,"hidden":false,"soldOut":false,"apiExport":false,"pos":0,"totalStock":0,"unitsSold":0,"soldOutRequestCount":0,"guestlists":null}},{"id":30,"createdAt":"2025-06-14T18:27:22.575873+02:00","updatedAt":"2025-06-14T18:27:22.575873+02:00","deletedAt":null,"createdById":null,"createdBy":null,"updatedById":null,"updatedBy":null,"deletedById":null,"deletedBy":null,"name":"Guestlist Leonard","typeCode":false,"productId":3,"product":{"id":0,"createdAt":"0001-01-01T00:00:00Z","updatedAt":"0001-01-01T00:00:00Z","deletedAt":null,"createdById":null,"createdBy":null,"updatedById":null,"updatedBy":null,"deletedById":null,"deletedBy":null,"name":"","netPrice":"0","vatRate":"0","wrapAfter":false,"hidden":false,"soldOut":false,"apiExport":false,"pos":0,"totalStock":0,"unitsSold":0,"soldOutRequestCount":0,"guestlists":null}},{"id":31,"createdAt":"2025-06-14T18:27:22.576116+02:00","updatedAt":"2025-06-14T18:27:22.576116+02:00","deletedAt":null,"createdById":null,"createdBy":null,"updatedById":null,"updatedBy":null,"deletedById":null,"deletedBy":null,"name":"Guestlist Wilford","typeCode":false,"productId":3,"product":{"id":0,"createdAt":"0001-01-01T00:00:00Z","updatedAt":"0001-01-01T00:00:00Z","deletedAt":null,"createdById":null,"createdBy":null,"updatedById":null,"updatedBy":null,"deletedById":null,"deletedBy":null,"name":"","netPrice":"0","vatRate":"0","wrapAfter":false,"hidden":false,"soldOut":false,"apiExport":false,"pos":0,"totalStock":0,"unitsSold":0,"soldOutRequestCount":0,"guestlists":null}},{"id":32,"createdAt":"2025-06-14T18:27:22.576306+02:00","updatedAt":"2025-06-14T18:27:22.576306+02:00","deletedAt":null,"createdById":null,"createdBy":null,"updatedById":null,"updatedBy":null,"deletedById":null,"deletedBy":null,"name":"Guestlist Lambert","typeCode":false,"productId":3,"product":{"id":0,"createdAt":"0001-01-01T00:00:00Z","updatedAt":"0001-01-01T00:00:00Z","deletedAt":null,"createdById":null,"createdBy":null,"updatedById":null,"updatedBy":null,"deletedById":null,"deletedBy":null,"name":"","netPrice":"0","vatRate":"0","wrapAfter":false,"hidden":false,"soldOut":false,"apiExport":false,"pos":0,"totalStock":0,"unitsSold":0,"soldOutRequestCount":0,"guestlists":null}},{"id":33,"createdAt":"2025-06-14T18:27:22.576425+02:00","updatedAt":"2025-06-14T18:27:22.576425+02:00","deletedAt":null,"createdById":null,"createdBy":null,"updatedById":null,"updatedBy":null,"deletedById":null,"deletedBy":null,"name":"Guestlist Jewel","typeCode":false,"productId":3,"product":{"id":0,"createdAt":"0001-01-01T00:00:00Z","updatedAt":"0001-01-01T00:00:00Z","deletedAt":null,"createdById":null,"createdBy":null,"updatedById":null,"updatedBy":null,"deletedById":null,"deletedBy":null,"name":"","netPrice":"0","vatRate":"0","wrapAfter":false,"hidden":false,"soldOut":false,"apiExport":false,"pos":0,"totalStock":0,"unitsSold":0,"soldOutRequestCount":0,"guestlists":null}},{"id":34,"createdAt":"2025-06-14T18:27:22.576536+02:00","updatedAt":"2025-06-14T18:27:22.576536+02:00","deletedAt":null,"createdById":null,"createdBy":null,"updatedById":null,"updatedBy":null,"deletedById":null,"deletedBy":null,"name":"Guestlist Lemuel","typeCode":false,"productId":3,"product":{"id":0,"createdAt":"0001-01-01T00:00:00Z","updatedAt":"0001-01-01T00:00:00Z","deletedAt":null,"createdById":null,"createdBy":null,"updatedById":null,"updatedBy":null,"deletedById":null,"deletedBy":null,"name":"","netPrice":"0","vatRate":"0","wrapAfter":false,"hidden":false,"soldOut":false,"apiExport":false,"pos":0,"totalStock":0,"unitsSold":0,"soldOutRequestCount":0,"guestlists":null}},{"id":35,"createdAt":"2025-06-14T18:27:22.576834+02:00","updatedAt":"2025-06-14T18:27:22.576834+02:00","deletedAt":null,"createdById":null,"createdBy":null,"updatedById":null,"updatedBy":null,"deletedById":null,"deletedBy":null,"name":"Guestlist Berry","typeCode":false,"productId":3,"product":{"id":0,"createdAt":"0001-01-01T00:00:00Z","updatedAt":"0001-01-01T00:00:00Z","deletedAt":null,"createdById":null,"createdBy":null,"updatedById":null,"updatedBy":null,"deletedById":null,"deletedBy":null,"name":"","netPrice":"0","vatRate":"0","wrapAfter":false,"hidden":false,"soldOut":false,"apiExport":false,"pos":0,"totalStock":0,"unitsSold":0,"soldOutRequestCount":0,"guestlists":null}},{"id":36,"createdAt":"2025-06-14T18:27:22.577644+02:00","updatedAt":"2025-06-14T18:27:22.577644+02:00","deletedAt":null,"createdById":null,"createdBy":null,"updatedById":null,"updatedBy":null,"deletedById":null,"deletedBy":null,"name":"Guestlist Harley","typeCode":false,"productId":3,"product":{"id":0,"createdAt":"0001-01-01T00:00:00Z","updatedAt":"0001-01-01T00:00:00Z","deletedAt":null,"createdById":null,"createdBy":null,"updatedById":null,"updatedBy":null,"deletedById":null,"deletedBy":null,"name":"","netPrice":"0","vatRate":"0","wrapAfter":false,"hidden":false,"soldOut":false,"apiExport":false,"pos":0,"totalStock":0,"unitsSold":0,"soldOutRequestCount":0,"guestlists":null}},{"id":37,"createdAt":"2025-06-14T18:27:22.578025+02:00","updatedAt":"2025-06-14T18:27:22.578025+02:00","deletedAt":null,"createdById":null,"createdBy":null,"updatedById":null,"updatedBy":null,"deletedById":null,"deletedBy":null,"name":"Guestlist Reuben","typeCode":false,"productId":3,"product":{"id":0,"createdAt":"0001-01-01T00:00:00Z","updatedAt":"0001-01-01T00:00:00Z","deletedAt":null,"createdById":null,"createdBy":null,"updatedById":null,"updatedBy":null,"deletedById":null,"deletedBy":null,"name":"","netPrice":"0","vatRate":"0","wrapAfter":false,"hidden":false,"soldOut":false,"apiExport":false,"pos":0,"totalStock":0,"unitsSold":0,"soldOutRequestCount":0,"guestlists":null}},{"id":38,"createdAt":"2025-06-14T18:27:22.578208+02:00","updatedAt":"2025-06-14T18:27:22.578208+02:00","deletedAt":null,"createdById":null,"createdBy":null,"updatedById":null,"updatedBy":null,"deletedById":null,"deletedBy":null,"name":"Guestlist Kraig","typeCode":false,"productId":3,"product":{"id":0,"createdAt":"0001-01-01T00:00:00Z","updatedAt":"0001-01-01T00:00:00Z","deletedAt":null,"createdById":null,"createdBy":null,"updatedById":null,"updatedBy":null,"deletedById":null,"deletedBy":null,"name":"","netPrice":"0","vatRate":"0","wrapAfter":false,"hidden":false,"soldOut":false,"apiExport":false,"pos":0,"totalStock":0,"unitsSold":0,"soldOutRequestCount":0,"guestlists":null}},{"id":39,"createdAt":"2025-06-14T18:27:22.578544+02:00","updatedAt":"2025-06-14T18:27:22.578544+02:00","deletedAt":null,"createdById":null,"createdBy":null,"updatedById":null,"updatedBy":null,"deletedById":null,"deletedBy":null,"name":"Guestlist Leonardo","typeCode":false,"productId":3,"product":{"id":0,"createdAt":"0001-01-01T00:00:00Z","updatedAt":"0001-01-01T00:00:00Z","deletedAt":null,"createdById":null,"createdBy":null,"updatedById":null,"updatedBy":null,"deletedById":null,"deletedBy":null,"name":"","netPrice":"0","vatRate":"0","wrapAfter":false,"hidden":false,"soldOut":false,"apiExport":false,"pos":0,"totalStock":0,"unitsSold":0,"soldOutRequestCount":0,"guestlists":null}},{"id":40,"createdAt":"2025-06-14T18:27:22.578677+02:00","updatedAt":"2025-06-14T18:27:22.578677+02:00","deletedAt":null,"createdById":null,"createdBy":null,"updatedById":null,"updatedBy":null,"deletedById":null,"deletedBy":null,"name":"Guestlist Alicia","typeCode":false,"productId":3,"product":{"id":0,"createdAt":"0001-01-01T00:00:00Z","updatedAt":"0001-01-01T00:00:00Z","deletedAt":null,"createdById":null,"createdBy":null,"updatedById":null,"updatedBy":null,"deletedById":null,"deletedBy":null,"name":"","netPrice":"0","vatRate":"0","wrapAfter":false,"hidden":false,"soldOut":false,"apiExport":false,"pos":0,"totalStock":0,"unitsSold":0,"soldOutRequestCount":0,"guestlists":null}}],"unitsSold":0,"soldOutRequestCount":0},{"id":4,"name":"🎟️ Prepaid","netPrice":"0","grossPrice":"0","vatRate":"0","vatAmount":"0","wrapAfter":true,"hidden":false,"soldOut":false,"apiExport":true,"pos":4,"totalStock":0,"guestlists":[{"id":3,"createdAt":"2025-06-14T18:27:22.568211+02:00","updatedAt":"2025-06-14T18:27:22.568211+02:00","deletedAt":null,"createdById":null,"createdBy":null,"updatedById":null,"updatedBy":null,"deletedById":null,"deletedBy":null,"name":"Deine Tickets","typeCode":true,"productId":4,"product":{"id":0,"createdAt":"0001-01-01T00:00:00Z","updatedAt":"0001-01-01T00:00:00Z","deletedAt":null,"createdById":null,"createdBy":null,"updatedById":null,"updatedBy":null,"deletedById":null,"deletedBy":null,"name":"","netPrice":"0","vatRate":"0","wrapAfter":false,"hidden":false,"soldOut":false,"apiExport":false,"pos":0,"totalStock":0,"unitsSold":0,"soldOutRequestCount":0,"guestlists":null}}],"unitsSold":9,"soldOutRequestCount":0},{"id":5,"name":"👕 Male S","netPrice":"16.81","grossPrice":"20","vatRate":"19","vatAmount":"3.19","wrapAfter":false,"hidden":false,"soldOut":false,"apiExport":false,"pos":10,"totalStock":30,"guestlists":[],"unitsSold":15,"soldOutRequestCount":0},{"id":6,"name":"👕 Male M","netPrice":"16.81","grossPrice":"20","vatRate":"19","vatAmount":"3.19","wrapAfter":false,"hidden":false,"soldOut":false,"apiExport":false,"pos":10,"totalStock":7,"guestlists":[],"unitsSold":6,"soldOutRequestCount":0},{"id":7,"name":"👕 Male L","netPrice":"16.81","grossPrice":"20","vatRate":"19","vatAmount":"3.19","wrapAfter":false,"hidden":false,"soldOut":false,"apiExport":false,"pos":10,"totalStock":27,"guestlists":[],"unitsSold":11,"soldOutRequestCount":0},{"id":8,"name":"👕 Male XL","netPrice":"16.81","grossPrice":"20","vatRate":"19","vatAmount":"3.19","wrapAfter":false,"hidden":false,"soldOut":false,"apiExport":false,"pos":10,"totalStock":28,"guestlists":[],"unitsSold":13,"soldOutRequestCount":0},{"id":9,"name":"👕 Male XXL","netPrice":"16.81","grossPrice":"20","vatRate":"19","vatAmount":"3.19","wrapAfter":false,"hidden":false,"soldOut":false,"apiExport":false,"pos":10,"totalStock":12,"guestlists":[],"unitsSold":11,"soldOutRequestCount":0},{"id":10,"name":"👕 Male 4XL","netPrice":"16.81","grossPrice":"20","vatRate":"19","vatAmount":"3.19","wrapAfter":false,"hidden":false,"soldOut":false,"apiExport":false,"pos":10,"totalStock":29,"guestlists":[],"unitsSold":12,"soldOutRequestCount":0},{"id":11,"name":"👕 Female S","netPrice":"16.81","grossPrice":"20","vatRate":"19","vatAmount":"3.19","wrapAfter":false,"hidden":false,"soldOut":false,"apiExport":false,"pos":10,"totalStock":26,"guestlists":[],"unitsSold":15,"soldOutRequestCount":0},{"id":12,"name":"👕 Female M","netPrice":"16.81","grossPrice":"20","vatRate":"19","vatAmount":"3.19","wrapAfter":false,"hidden":false,"soldOut":false,"apiExport":false,"pos":10,"totalStock":7,"guestlists":[],"unitsSold":13,"soldOutRequestCount":0}]
    printer.go:116: GET /api/v2/products?_sort=grossPrice HTTP/1.1
        Authorization: Bearer eyJhbGciOiJIUzI1NiIsInR5cCI6IkpXVCJ9.eyJJRCI6MiwiZXhwIjoxNzQ5OTE5MDQ0LCJvcmlnX2lhdCI6MTc0OTkxODQ0NH0.ZCidgaD-PTq18MdpyLD8KBxvVLxEJYZN5uDZ-M8TgOc
        
[GIN] 2025/06/14 - 18:27:25 | 200 |     841.583µs |                 | GET      "/api/v2/products?_sort=grossPrice"
    printer.go:133: HTTP/0.0 200 OK 852.667µs
        Content-Type: application/json; charset=utf-8
        X-Total-Count: 16
        
        [{"id":3,"name":"🎟️ Free","netPrice":"0","grossPrice":"0","vatRate":"0","vatAmount":"0","wrapAfter":false,"hidden":false,"soldOut":false,"apiExport":true,"pos":3,"totalStock":0,"guestlists":[{"id":4,"createdAt":"2025-06-14T18:27:22.569465+02:00","updatedAt":"2025-06-14T18:27:22.569465+02:00","deletedAt":null,"createdById":null,"createdBy":null,"updatedById":null,"updatedBy":null,"deletedById":null,"deletedBy":null,"name":"Guestlist Neva","typeCode":false,"productId":3,"product":{"id":0,"createdAt":"0001-01-01T00:00:00Z","updatedAt":"0001-01-01T00:00:00Z","deletedAt":null,"createdById":null,"createdBy":null,"updatedById":null,"updatedBy":null,"deletedById":null,"deletedBy":null,"name":"","netPrice":"0","vatRate":"0","wrapAfter":false,"hidden":false,"soldOut":false,"apiExport":false,"pos":0,"totalStock":0,"unitsSold":0,"soldOutRequestCount":0,"guestlists":null}},{"id":5,"createdAt":"2025-06-14T18:27:22.569631+02:00","updatedAt":"2025-06-14T18:27:22.569631+02:00","deletedAt":null,"createdById":null,"createdBy":null,"updatedById":null,"updatedBy":null,"deletedById":null,"deletedBy":null,"name":"Guestlist Bertram","typeCode":false,"productId":3,"product":{"id":0,"createdAt":"0001-01-01T00:00:00Z","updatedAt":"0001-01-01T00:00:00Z","deletedAt":null,"createdById":null,"createdBy":null,"updatedById":null,"updatedBy":null,"deletedById":null,"deletedBy":null,"name":"","netPrice":"0","vatRate":"0","wrapAfter":false,"hidden":false,"soldOut":false,"apiExport":false,"pos":0,"totalStock":0,"unitsSold":0,"soldOutRequestCount":0,"guestlists":null}},{"id":6,"createdAt":"2025-06-14T18:27:22.569753+02:00","updatedAt":"2025-06-14T18:27:22.569753+02:00","deletedAt":null,"createdById":null,"createdBy":null,"updatedById":null,"updatedBy":null,"deletedById":null,"deletedBy":null,"name":"Guestlist Amelia","typeCode":false,"productId":3,"product":{"id":0,"createdAt":"0001-01-01T00:00:00Z","updatedAt":"0001-01-01T00:00:00Z","deletedAt":null,"createdById":null,"createdBy":null,"updatedById":null,"updatedBy":null,"deletedById":null,"deletedBy":null,"name":"","netPrice":"0","vatRate":"0","wrapAfter":false,"hidden":false,"soldOut":false,"apiExport":false,"pos":0,"totalStock":0,"unitsSold":0,"soldOutRequestCount":0,"guestlists":null}},{"id":7,"createdAt":"2025-06-14T18:27:22.570018+02:00","updatedAt":"2025-06-14T18:27:22.570018+02:00","deletedAt":null,"createdById":null,"createdBy":null,"updatedById":null,"updatedBy":null,"deletedById":null,"deletedBy":null,"name":"Guestlist Roel","typeCode":false,"productId":3,"product":{"id":0,"createdAt":"0001-01-01T00:00:00Z","updatedAt":"0001-01-01T00:00:00Z","deletedAt":null,"createdById":null,"createdBy":null,"updatedById":null,"updatedBy":null,"deletedById":null,"deletedBy":null,"name":"","netPrice":"0","vatRate":"0","wrapAfter":false,"hidden":false,"soldOut":false,"apiExport":false,"pos":0,"totalStock":0,"unitsSold":0,"soldOutRequestCount":0,"guestlists":null}},{"id":8,"createdAt":"2025-06-14T18:27:22.570302+02:00","updatedAt":"2025-06-14T18:27:22.570302+02:00","deletedAt":null,"createdById":null,"createdBy":null,"updatedById":null,"updatedBy":null,"deletedById":null,"deletedBy":null,"name":"Guestlist Edythe","typeCode":false,"productId":3,"product":{"id":0,"createdAt":"0001-01-01T00:00:00Z","updatedAt":"0001-01-01T00:00:00Z","deletedAt":null,"createdById":null,"createdBy":null,"updatedById":null,"updatedBy":null,"deletedById":null,"deletedBy":null,"name":"","netPrice":"0","vatRate":"0","wrapAfter":false,"hidden":false,"soldOut":false,"apiExport":false,"pos":0,"totalStock":0,"unitsSold":0,"soldOutRequestCount":0,"guestlists":null}},{"id":9,"createdAt":"2025-06-14T18:27:22.570504+02:00","updatedAt":"2025-06-14T18:27:22.570504+02:00","deletedAt":null,"createdById":null,"createdBy":null,"updatedById":null,"updatedBy":null,"deletedById":null,"deletedBy":null,"name":"Guestlist Gudrun","typeCode":false,"productId":3,"product":{"id":0,"createdAt":"0001-01-01T00:00:00Z","updatedAt":"0001-01-01T00:00:00Z","deletedAt":null,"createdById":null,"createdBy":null,"updatedById":null,"updatedBy":null,"deletedById":null,"deletedBy":null,"name":"","netPrice":"0","vatRate":"0","wrapAfter":false,"hidden":false,"soldOut":false,"apiExport":false,"pos":0,"totalStock":0,"unitsSold":0,"soldOutRequestCount":0,"guestlists":null}},{"id":10,"createdAt":"2025-06-14T18:27:22.570947+02:00","updatedAt":"2025-06-14T18:27:22.570947+02:00","deletedAt":null,"createdById":null,"createdBy":null,"updatedById":null,"updatedBy":null,"deletedById":null,"deletedBy":null,"name":"Guestlist Katharina","typeCode":false,"productId":3,"product":{"id":0,"createdAt":"0001-01-01T00:00:00Z","updatedAt":"0001-01-01T00:00:00Z","deletedAt":null,"createdById":null,"createdBy":null,"updatedById":null,"updatedBy":null,"deletedById":null,"deletedBy":null,"name":"","netPrice":"0","vatRate":"0","wrapAfter":false,"hidden":false,"soldOut":false,"apiExport":false,"pos":0,"totalStock":0,"unitsSold":0,"soldOutRequestCount":0,"guestlists":null}},{"id":11,"createdAt":"2025-06-14T18:27:22.5712+02:00","updatedAt":"2025-06-14T18:27:22.5712+02:00","deletedAt":null,"createdById":null,"createdBy":null,"updatedById":null,"updatedBy":null,"deletedById":null,"deletedBy":null,"name":"Guestlist Gerda","typeCode":false,"productId":3,"product":{"id":0,"createdAt":"0001-01-01T00:00:00Z","updatedAt":"0001-01-01T00:00:00Z","deletedAt":null,"createdById":null,"createdBy":null,"updatedById":null,"updatedBy":null,"deletedById":null,"deletedBy":null,"name":"","netPrice":"0","vatRate":"0","wrapAfter":false,"hidden":false,"soldOut":false,"apiExport":false,"pos":0,"totalStock":0,"unitsSold":0,"soldOutRequestCount":0,"guestlists":null}},{"id":12,"createdAt":"2025-06-14T18:27:22.571479+02:00","updatedAt":"2025-06-14T18:27:22.571479+02:00","deletedAt":null,"createdById":null,"createdBy":null,"updatedById":null,"updatedBy":null,"deletedById":null,"deletedBy":null,"name":"Guestlist Laverna","typeCode":false,"productId":3,"product":{"id":0,"createdAt":"0001-01-01T00:00:00Z","updatedAt":"0001-01-01T00:00:00Z","deletedAt":null,"createdById":null,"createdBy":null,"updatedById":null,"updatedBy":null,"deletedById":null,"deletedBy":null,"name":"","netPrice":"0","vatRate":"0","wrapAfter":false,"hidden":false,"soldOut":false,"apiExport":false,"pos":0,"totalStock":0,"unitsSold":0,"soldOutRequestCount":0,"guestlists":null}},{"id":13,"createdAt":"2025-06-14T18:27:22.571662+02:00","updatedAt":"2025-06-14T18:27:22.571662+02:00","deletedAt":null,"createdById":null,"createdBy":null,"updatedById":null,"updatedBy":null,"deletedById":null,"deletedBy":null,"name":"Guestlist Mekhi","typeCode":false,"productId":3,"product":{"id":0,"createdAt":"0001-01-01T00:00:00Z","updatedAt":"0001-01-01T00:00:00Z","deletedAt":null,"createdById":null,"createdBy":null,"updatedById":null,"updatedBy":null,"deletedById":null,"deletedBy":null,"name":"","netPrice":"0","vatRate":"0","wrapAfter":false,"hidden":false,"soldOut":false,"apiExport":false,"pos":0,"totalStock":0,"unitsSold":0,"soldOutRequestCount":0,"guestlists":null}},{"id":14,"createdAt":"2025-06-14T18:27:22.572633+02:00","updatedAt":"2025-06-14T18:27:22.572633+02:00","deletedAt":null,"createdById":null,"createdBy":null,"updatedById":null,"updatedBy":null,"deletedById":null,"deletedBy":null,"name":"Guestlist Sunny","typeCode":false,"productId":3,"product":{"id":0,"createdAt":"0001-01-01T00:00:00Z","updatedAt":"0001-01-01T00:00:00Z","deletedAt":null,"createdById":null,"createdBy":null,"updatedById":null,"updatedBy":null,"deletedById":null,"deletedBy":null,"name":"","netPrice":"0","vatRate":"0","wrapAfter":false,"hidden":false,"soldOut":false,"apiExport":false,"pos":0,"totalStock":0,"unitsSold":0,"soldOutRequestCount":0,"guestlists":null}},{"id":15,"createdAt":"2025-06-14T18:27:22.57293+02:00","updatedAt":"2025-06-14T18:27:22.57293+02:00","deletedAt":null,"createdById":null,"createdBy":null,"updatedById":null,"updatedBy":null,"deletedById":null,"deletedBy":null,"name":"Guestlist Daija","typeCode":false,"productId":3,"product":{"id":0,"createdAt":"0001-01-01T00:00:00Z","updatedAt":"0001-01-01T00:00:00Z","deletedAt":null,"createdById":null,"createdBy":null,"updatedById":null,"updatedBy":null,"deletedById":null,"deletedBy":null,"name":"","netPrice":"0","vatRate":"0","wrapAfter":false,"hidden":false,"soldOut":false,"apiExport":false,"pos":0,"totalStock":0,"unitsSold":0,"soldOutRequestCount":0,"guestlists":null}},{"id":16,"createdAt":"2025-06-14T18:27:22.573047+02:00","updatedAt":"2025-06-14T18:27:22.573047+02:00","deletedAt":null,"createdById":null,"createdBy":null,"updatedById":null,"updatedBy":null,"deletedById":null,"deletedBy":null,"name":"Guestlist Benny","typeCode":false,"productId":3,"product":{"id":0,"createdAt":"0001-01-01T00:00:00Z","updatedAt":"0001-01-01T00:00:00Z","deletedAt":null,"createdById":null,"createdBy":null,"updatedById":null,"updatedBy":null,"deletedById":null,"deletedBy":null,"name":"","netPrice":"0","vatRate":"0","wrapAfter":false,"hidden":false,"soldOut":false,"apiExport":false,"pos":0,"totalStock":0,"unitsSold":0,"soldOutRequestCount":0,"guestlists":null}},{"id":17,"createdAt":"2025-06-14T18:27:22.573317+02:00","updatedAt":"2025-06-14T18:27:22.573317+02:00","deletedAt":null,"createdById":null,"createdBy":null,"updatedById":null,"updatedBy":null,"deletedById":null,"deletedBy":null,"name":"Guestlist Wallace","typeCode":false,"productId":3,"product":{"id":0,"createdAt":"0001-01-01T00:00:00Z","updatedAt":"0001-01-01T00:00:00Z","deletedAt":null,"createdById":null,"createdBy":null,"updatedById":null,"updatedBy":null,"deletedById":null,"deletedBy":null,"name":"","netPrice":"0","vatRate":"0","wrapAfter":false,"hidden":false,"soldOut":false,"apiExport":false,"pos":0,"totalStock":0,"unitsSold":0,"soldOutRequestCount":0,"guestlists":null}},{"id":18,"createdAt":"2025-06-14T18:27:22.573573+02:00","updatedAt":"2025-06-14T18:27:22.573573+02:00","deletedAt":null,"createdById":null,"createdBy":null,"updatedById":null,"updatedBy":null,"deletedById":null,"deletedBy":null,"name":"Guestlist Kirk","typeCode":false,"productId":3,"product":{"id":0,"createdAt":"0001-01-01T00:00:00Z","updatedAt":"0001-01-01T00:00:00Z","deletedAt":null,"createdById":null,"createdBy":null,"updatedById":null,"updatedBy":null,"deletedById":null,"deletedBy":null,"name":"","netPrice":"0","vatRate":"0","wrapAfter":false,"hidden":false,"soldOut":false,"apiExport":false,"pos":0,"totalStock":0,"unitsSold":0,"soldOutRequestCount":0,"guestlists":null}},{"id":19,"createdAt":"2025-06-14T18:27:22.573799+02:00","updatedAt":"2025-06-14T18:27:22.573799+02:00","deletedAt":null,"createdById":null,"createdBy":null,"updatedById":null,"updatedBy":null,"deletedById":null,"deletedBy":null,"name":"Guestlist Opal","typeCode":false,"productId":3,"product":{"id":0,"createdAt":"0001-01-01T00:00:00Z","updatedAt":"0001-01-01T00:00:00Z","deletedAt":null,"createdById":null,"createdBy":null,"updatedById":null,"updatedBy":null,"deletedById":null,"deletedBy":null,"name":"","netPrice":"0","vatRate":"0","wrapAfter":false,"hidden":false,"soldOut":false,"apiExport":false,"pos":0,"totalStock":0,"unitsSold":0,"soldOutRequestCount":0,"guestlists":null}},{"id":20,"createdAt":"2025-06-14T18:27:22.574206+02:00","updatedAt":"2025-06-14T18:27:22.574206+02:00","deletedAt":null,"createdById":null,"createdBy":null,"updatedById":null,"updatedBy":null,"deletedById":null,"deletedBy":null,"name":"Guestlist Terence","typeCode":false,"productId":3,"product":{"id":0,"createdAt":"0001-01-01T00:00:00Z","updatedAt":"0001-01-01T00:00:00Z","deletedAt":null,"createdById":null,"createdBy":null,"updatedById":null,"updatedBy":null,"deletedById":null,"deletedBy":null,"name":"","netPrice":"0","vatRate":"0","wrapAfter":false,"hidden":false,"soldOut":false,"apiExport":false,"pos":0,"totalStock":0,"unitsSold":0,"soldOutRequestCount":0,"guestlists":null}},{"id":21,"createdAt":"2025-06-14T18:27:22.574459+02:00","updatedAt":"2025-06-14T18:27:22.574459+02:00","deletedAt":null,"createdById":null,"createdBy":null,"updatedById":null,"updatedBy":null,"deletedById":null,"deletedBy":null,"name":"Guestlist Zack","typeCode":false,"productId":3,"product":{"id":0,"createdAt":"0001-01-01T00:00:00Z","updatedAt":"0001-01-01T00:00:00Z","deletedAt":null,"createdById":null,"createdBy":null,"updatedById":null,"updatedBy":null,"deletedById":null,"deletedBy":null,"name":"","netPrice":"0","vatRate":"0","wrapAfter":false,"hidden":false,"soldOut":false,"apiExport":false,"pos":0,"totalStock":0,"unitsSold":0,"soldOutRequestCount":0,"guestlists":null}},{"id":22,"createdAt":"2025-06-14T18:27:22.574622+02:00","updatedAt":"2025-06-14T18:27:22.574622+02:00","deletedAt":null,"createdById":null,"createdBy":null,"updatedById":null,"updatedBy":null,"deletedById":null,"deletedBy":null,"name":"Guestlist Autumn","typeCode":false,"productId":3,"product":{"id":0,"createdAt":"0001-01-01T00:00:00Z","updatedAt":"0001-01-01T00:00:00Z","deletedAt":null,"createdById":null,"createdBy":null,"updatedById":null,"updatedBy":null,"deletedById":null,"deletedBy":null,"name":"","netPrice":"0","vatRate":"0","wrapAfter":false,"hidden":false,"soldOut":false,"apiExport":false,"pos":0,"totalStock":0,"unitsSold":0,"soldOutRequestCount":0,"guestlists":null}},{"id":23,"createdAt":"2025-06-14T18:27:22.574782+02:00","updatedAt":"2025-06-14T18:27:22.574782+02:00","deletedAt":null,"createdById":null,"createdBy":null,"updatedById":null,"updatedBy":null,"deletedById":null,"deletedBy":null,"name":"Guestlist Kareem","typeCode":false,"productId":3,"product":{"id":0,"createdAt":"0001-01-01T00:00:00Z","updatedAt":"0001-01-01T00:00:00Z","deletedAt":null,"createdById":null,"createdBy":null,"updatedById":null,"updatedBy":null,"deletedById":null,"deletedBy":null,"name":"","netPrice":"0","vatRate":"0","wrapAfter":false,"hidden":false,"soldOut":false,"apiExport":false,"pos":0,"totalStock":0,"unitsSold":0,"soldOutRequestCount":0,"guestlists":null}},{"id":24,"createdAt":"2025-06-14T18:27:22.575036+02:00","updatedAt":"2025-06-14T18:27:22.575036+02:00","deletedAt":null,"createdById":null,"createdBy":null,"updatedById":null,"updatedBy":null,"deletedById":null,"deletedBy":null,"name":"Guestlist Hertha","typeCode":false,"productId":3,"product":{"id":0,"createdAt":"0001-01-01T00:00:00Z","updatedAt":"0001-01-01T00:00:00Z","deletedAt":null,"createdById":null,"createdBy":null,"updatedById":null,"updatedBy":null,"deletedById":null,"deletedBy":null,"name":"","netPrice":"0","vatRate":"0","wrapAfter":false,"hidden":false,"soldOut":false,"apiExport":false,"pos":0,"totalStock":0,"unitsSold":0,"soldOutRequestCount":0,"guestlists":null}},{"id":25,"createdAt":"2025-06-14T18:27:22.575139+02:00","updatedAt":"2025-06-14T18:27:22.575139+02:00","deletedAt":null,"createdById":null,"createdBy":null,"updatedById":null,"updatedBy":null,"deletedById":null,"deletedBy":null,"name":"Guestlist Crystel","typeCode":false,"productId":3,"product":{"id":0,"createdAt":"0001-01-01T00:00:00Z","updatedAt":"0001-01-01T00:00:00Z","deletedAt":null,"createdById":null,"createdBy":null,"updatedById":null,"updatedBy":null,"deletedById":null,"deletedBy":null,"name":"","netPrice":"0","vatRate":"0","wrapAfter":false,"hidden":false,"soldOut":false,"apiExport":false,"pos":0,"totalStock":0,"unitsSold":0,"soldOutRequestCount":0,"guestlists":null}},{"id":26,"createdAt":"2025-06-14T18:27:22.575275+02:00","updatedAt":"2025-06-14T18:27:22.575275+02:00","deletedAt":null,"createdById":null,"createdBy":null,"updatedById":null,"updatedBy":null,"deletedById":null,"deletedBy":null,"name":"Guestlist Lucie","typeCode":false,"productId":3,"product":{"id":0,"createdAt":"0001-01-01T00:00:00Z","updatedAt":"0001-01-01T00:00:00Z","deletedAt":null,"createdById":null,"createdBy":null,"updatedById":null,"updatedBy":null,"deletedById":null,"deletedBy":null,"name":"","netPrice":"0","vatRate":"0","wrapAfter":false,"hidden":false,"soldOut":false,"apiExport":false,"pos":0,"totalStock":0,"unitsSold":0,"soldOutRequestCount":0,"guestlists":null}},{"id":27,"createdAt":"2025-06-14T18:27:22.575406+02:00","updatedAt":"2025-06-14T18:27:22.575406+02:00","deletedAt":null,"createdById":null,"createdBy":null,"updatedById":null,"updatedBy":null,"deletedById":null,"deletedBy":null,"name":"Guestlist Breanna","typeCode":false,"productId":3,"product":{"id":0,"createdAt":"0001-01-01T00:00:00Z","updatedAt":"0001-01-01T00:00:00Z","deletedAt":null,"createdById":null,"createdBy":null,"updatedById":null,"updatedBy":null,"deletedById":null,"deletedBy":null,"name":"","netPrice":"0","vatRate":"0","wrapAfter":false,"hidden":false,"soldOut":false,"apiExport":false,"pos":0,"totalStock":0,"unitsSold":0,"soldOutRequestCount":0,"guestlists":null}},{"id":28,"createdAt":"2025-06-14T18:27:22.575554+02:00","updatedAt":"2025-06-14T18:27:22.575554+02:00","deletedAt":null,"createdById":null,"createdBy":null,"updatedById":null,"updatedBy":null,"deletedById":null,"deletedBy":null,"name":"Guestlist Marcos","typeCode":false,"productId":3,"product":{"id":0,"createdAt":"0001-01-01T00:00:00Z","updatedAt":"0001-01-01T00:00:00Z","deletedAt":null,"createdById":null,"createdBy":null,"updatedById":null,"updatedBy":null,"deletedById":null,"deletedBy":null,"name":"","netPrice":"0","vatRate":"0","wrapAfter":false,"hidden":false,"soldOut":false,"apiExport":false,"pos":0,"totalStock":0,"unitsSold":0,"soldOutRequestCount":0,"guestlists":null}},{"id":29,"createdAt":"2025-06-14T18:27:22.575796+02:00","updatedAt":"2025-06-14T18:27:22.575796+02:00","deletedAt":null,"createdById":null,"createdBy":null,"updatedById":null,"updatedBy":null,"deletedById":null,"deletedBy":null,"name":"Guestlist Isidro","typeCode":false,"productId":3,"product":{"id":0,"createdAt":"0001-01-01T00:00:00Z","updatedAt":"0001-01-01T00:00:00Z","deletedAt":null,"createdById":null,"createdBy":null,"updatedById":null,"updatedBy":null,"deletedById":null,"deletedBy":null,"name":"","netPrice":"0","vatRate":"0","wrapAfter":false,"hidden":false,"soldOut":false,"apiExport":false,"pos":0,"totalStock":0,"unitsSold":0,"soldOutRequestCount":0,"guestlists":null}},{"id":30,"createdAt":"2025-06-14T18:27:22.575873+02:00","updatedAt":"2025-06-14T18:27:22.575873+02:00","deletedAt":null,"createdById":null,"createdBy":null,"updatedById":null,"updatedBy":null,"deletedById":null,"deletedBy":null,"name":"Guestlist Leonard","typeCode":false,"productId":3,"product":{"id":0,"createdAt":"0001-01-01T00:00:00Z","updatedAt":"0001-01-01T00:00:00Z","deletedAt":null,"createdById":null,"createdBy":null,"updatedById":null,"updatedBy":null,"deletedById":null,"deletedBy":null,"name":"","netPrice":"0","vatRate":"0","wrapAfter":false,"hidden":false,"soldOut":false,"apiExport":false,"pos":0,"totalStock":0,"unitsSold":0,"soldOutRequestCount":0,"guestlists":null}},{"id":31,"createdAt":"2025-06-14T18:27:22.576116+02:00","updatedAt":"2025-06-14T18:27:22.576116+02:00","deletedAt":null,"createdById":null,"createdBy":null,"updatedById":null,"updatedBy":null,"deletedById":null,"deletedBy":null,"name":"Guestlist Wilford","typeCode":false,"productId":3,"product":{"id":0,"createdAt":"0001-01-01T00:00:00Z","updatedAt":"0001-01-01T00:00:00Z","deletedAt":null,"createdById":null,"createdBy":null,"updatedById":null,"updatedBy":null,"deletedById":null,"deletedBy":null,"name":"","netPrice":"0","vatRate":"0","wrapAfter":false,"hidden":false,"soldOut":false,"apiExport":false,"pos":0,"totalStock":0,"unitsSold":0,"soldOutRequestCount":0,"guestlists":null}},{"id":32,"createdAt":"2025-06-14T18:27:22.576306+02:00","updatedAt":"2025-06-14T18:27:22.576306+02:00","deletedAt":null,"createdById":null,"createdBy":null,"updatedById":null,"updatedBy":null,"deletedById":null,"deletedBy":null,"name":"Guestlist Lambert","typeCode":false,"productId":3,"product":{"id":0,"createdAt":"0001-01-01T00:00:00Z","updatedAt":"0001-01-01T00:00:00Z","deletedAt":null,"createdById":null,"createdBy":null,"updatedById":null,"updatedBy":null,"deletedById":null,"deletedBy":null,"name":"","netPrice":"0","vatRate":"0","wrapAfter":false,"hidden":false,"soldOut":false,"apiExport":false,"pos":0,"totalStock":0,"unitsSold":0,"soldOutRequestCount":0,"guestlists":null}},{"id":33,"createdAt":"2025-06-14T18:27:22.576425+02:00","updatedAt":"2025-06-14T18:27:22.576425+02:00","deletedAt":null,"createdById":null,"createdBy":null,"updatedById":null,"updatedBy":null,"deletedById":null,"deletedBy":null,"name":"Guestlist Jewel","typeCode":false,"productId":3,"product":{"id":0,"createdAt":"0001-01-01T00:00:00Z","updatedAt":"0001-01-01T00:00:00Z","deletedAt":null,"createdById":null,"createdBy":null,"updatedById":null,"updatedBy":null,"deletedById":null,"deletedBy":null,"name":"","netPrice":"0","vatRate":"0","wrapAfter":false,"hidden":false,"soldOut":false,"apiExport":false,"pos":0,"totalStock":0,"unitsSold":0,"soldOutRequestCount":0,"guestlists":null}},{"id":34,"createdAt":"2025-06-14T18:27:22.576536+02:00","updatedAt":"2025-06-14T18:27:22.576536+02:00","deletedAt":null,"createdById":null,"createdBy":null,"updatedById":null,"updatedBy":null,"deletedById":null,"deletedBy":null,"name":"Guestlist Lemuel","typeCode":false,"productId":3,"product":{"id":0,"createdAt":"0001-01-01T00:00:00Z","updatedAt":"0001-01-01T00:00:00Z","deletedAt":null,"createdById":null,"createdBy":null,"updatedById":null,"updatedBy":null,"deletedById":null,"deletedBy":null,"name":"","netPrice":"0","vatRate":"0","wrapAfter":false,"hidden":false,"soldOut":false,"apiExport":false,"pos":0,"totalStock":0,"unitsSold":0,"soldOutRequestCount":0,"guestlists":null}},{"id":35,"createdAt":"2025-06-14T18:27:22.576834+02:00","updatedAt":"2025-06-14T18:27:22.576834+02:00","deletedAt":null,"createdById":null,"createdBy":null,"updatedById":null,"updatedBy":null,"deletedById":null,"deletedBy":null,"name":"Guestlist Berry","typeCode":false,"productId":3,"product":{"id":0,"createdAt":"0001-01-01T00:00:00Z","updatedAt":"0001-01-01T00:00:00Z","deletedAt":null,"createdById":null,"createdBy":null,"updatedById":null,"updatedBy":null,"deletedById":null,"deletedBy":null,"name":"","netPrice":"0","vatRate":"0","wrapAfter":false,"hidden":false,"soldOut":false,"apiExport":false,"pos":0,"totalStock":0,"unitsSold":0,"soldOutRequestCount":0,"guestlists":null}},{"id":36,"createdAt":"2025-06-14T18:27:22.577644+02:00","updatedAt":"2025-06-14T18:27:22.577644+02:00","deletedAt":null,"createdById":null,"createdBy":null,"updatedById":null,"updatedBy":null,"deletedById":null,"deletedBy":null,"name":"Guestlist Harley","typeCode":false,"productId":3,"product":{"id":0,"createdAt":"0001-01-01T00:00:00Z","updatedAt":"0001-01-01T00:00:00Z","deletedAt":null,"createdById":null,"createdBy":null,"updatedById":null,"updatedBy":null,"deletedById":null,"deletedBy":null,"name":"","netPrice":"0","vatRate":"0","wrapAfter":false,"hidden":false,"soldOut":false,"apiExport":false,"pos":0,"totalStock":0,"unitsSold":0,"soldOutRequestCount":0,"guestlists":null}},{"id":37,"createdAt":"2025-06-14T18:27:22.578025+02:00","updatedAt":"2025-06-14T18:27:22.578025+02:00","deletedAt":null,"createdById":null,"createdBy":null,"updatedById":null,"updatedBy":null,"deletedById":null,"deletedBy":null,"name":"Guestlist Reuben","typeCode":false,"productId":3,"product":{"id":0,"createdAt":"0001-01-01T00:00:00Z","updatedAt":"0001-01-01T00:00:00Z","deletedAt":null,"createdById":null,"createdBy":null,"updatedById":null,"updatedBy":null,"deletedById":null,"deletedBy":null,"name":"","netPrice":"0","vatRate":"0","wrapAfter":false,"hidden":false,"soldOut":false,"apiExport":false,"pos":0,"totalStock":0,"unitsSold":0,"soldOutRequestCount":0,"guestlists":null}},{"id":38,"createdAt":"2025-06-14T18:27:22.578208+02:00","updatedAt":"2025-06-14T18:27:22.578208+02:00","deletedAt":null,"createdById":null,"createdBy":null,"updatedById":null,"updatedBy":null,"deletedById":null,"deletedBy":null,"name":"Guestlist Kraig","typeCode":false,"productId":3,"product":{"id":0,"createdAt":"0001-01-01T00:00:00Z","updatedAt":"0001-01-01T00:00:00Z","deletedAt":null,"createdById":null,"createdBy":null,"updatedById":null,"updatedBy":null,"deletedById":null,"deletedBy":null,"name":"","netPrice":"0","vatRate":"0","wrapAfter":false,"hidden":false,"soldOut":false,"apiExport":false,"pos":0,"totalStock":0,"unitsSold":0,"soldOutRequestCount":0,"guestlists":null}},{"id":39,"createdAt":"2025-06-14T18:27:22.578544+02:00","updatedAt":"2025-06-14T18:27:22.578544+02:00","deletedAt":null,"createdById":null,"createdBy":null,"updatedById":null,"updatedBy":null,"deletedById":null,"deletedBy":null,"name":"Guestlist Leonardo","typeCode":false,"productId":3,"product":{"id":0,"createdAt":"0001-01-01T00:00:00Z","updatedAt":"0001-01-01T00:00:00Z","deletedAt":null,"createdById":null,"createdBy":null,"updatedById":null,"updatedBy":null,"deletedById":null,"deletedBy":null,"name":"","netPrice":"0","vatRate":"0","wrapAfter":false,"hidden":false,"soldOut":false,"apiExport":false,"pos":0,"totalStock":0,"unitsSold":0,"soldOutRequestCount":0,"guestlists":null}},{"id":40,"createdAt":"2025-06-14T18:27:22.578677+02:00","updatedAt":"2025-06-14T18:27:22.578677+02:00","deletedAt":null,"createdById":null,"createdBy":null,"updatedById":null,"updatedBy":null,"deletedById":null,"deletedBy":null,"name":"Guestlist Alicia","typeCode":false,"productId":3,"product":{"id":0,"createdAt":"0001-01-01T00:00:00Z","updatedAt":"0001-01-01T00:00:00Z","deletedAt":null,"createdById":null,"createdBy":null,"updatedById":null,"updatedBy":null,"deletedById":null,"deletedBy":null,"name":"","netPrice":"0","vatRate":"0","wrapAfter":false,"hidden":false,"soldOut":false,"apiExport":false,"pos":0,"totalStock":0,"unitsSold":0,"soldOutRequestCount":0,"guestlists":null}}],"unitsSold":0,"soldOutRequestCount":0},{"id":4,"name":"🎟️ Prepaid","netPrice":"0","grossPrice":"0","vatRate":"0","vatAmount":"0","wrapAfter":true,"hidden":false,"soldOut":false,"apiExport":true,"pos":4,"totalStock":0,"guestlists":[{"id":3,"createdAt":"2025-06-14T18:27:22.568211+02:00","updatedAt":"2025-06-14T18:27:22.568211+02:00","deletedAt":null,"createdById":null,"createdBy":null,"updatedById":null,"updatedBy":null,"deletedById":null,"deletedBy":null,"name":"Deine Tickets","typeCode":true,"productId":4,"product":{"id":0,"createdAt":"0001-01-01T00:00:00Z","updatedAt":"0001-01-01T00:00:00Z","deletedAt":null,"createdById":null,"createdBy":null,"updatedById":null,"updatedBy":null,"deletedById":null,"deletedBy":null,"name":"","netPrice":"0","vatRate":"0","wrapAfter":false,"hidden":false,"soldOut":false,"apiExport":false,"pos":0,"totalStock":0,"unitsSold":0,"soldOutRequestCount":0,"guestlists":null}}],"unitsSold":9,"soldOutRequestCount":0},{"id":16,"name":"☕ Coffee Mug","netPrice":"0.84","grossPrice":"1","vatRate":"19","vatAmount":"0.16","wrapAfter":false,"hidden":false,"soldOut":false,"apiExport":false,"pos":30,"totalStock":0,"guestlists":[],"unitsSold":19,"soldOutRequestCount":0},{"id":5,"name":"👕 Male S","netPrice":"16.81","grossPrice":"20","vatRate":"19","vatAmount":"3.19","wrapAfter":false,"hidden":false,"soldOut":false,"apiExport":false,"pos":10,"totalStock":30,"guestlists":[],"unitsSold":15,"soldOutRequestCount":0},{"id":6,"name":"👕 Male M","netPrice":"16.81","grossPrice":"20","vatRate":"19","vatAmount":"3.19","wrapAfter":false,"hidden":false,"soldOut":false,"apiExport":false,"pos":10,"totalStock":7,"guestlists":[],"unitsSold":6,"soldOutRequestCount":0},{"id":7,"name":"👕 Male L","netPrice":"16.81","grossPrice":"20","vatRate":"19","vatAmount":"3.19","wrapAfter":false,"hidden":false,"soldOut":false,"apiExport":false,"pos":10,"totalStock":27,"guestlists":[],"unitsSold":11,"soldOutRequestCount":0},{"id":8,"name":"👕 Male XL","netPrice":"16.81","grossPrice":"20","vatRate":"19","vatAmount":"3.19","wrapAfter":false,"hidden":false,"soldOut":false,"apiExport":false,"pos":10,"totalStock":28,"guestlists":[],"unitsSold":13,"soldOutRequestCount":0},{"id":9,"name":"👕 Male XXL","netPrice":"16.81","grossPrice":"20","vatRate":"19","vatAmount":"3.19","wrapAfter":false,"hidden":false,"soldOut":false,"apiExport":false,"pos":10,"totalStock":12,"guestlists":[],"unitsSold":11,"soldOutRequestCount":0},{"id":10,"name":"👕 Male 4XL","netPrice":"16.81","grossPrice":"20","vatRate":"19","vatAmount":"3.19","wrapAfter":false,"hidden":false,"soldOut":false,"apiExport":false,"pos":10,"totalStock":29,"guestlists":[],"unitsSold":12,"soldOutRequestCount":0},{"id":11,"name":"👕 Female S","netPrice":"16.81","grossPrice":"20","vatRate":"19","vatAmount":"3.19","wrapAfter":false,"hidden":false,"soldOut":false,"apiExport":false,"pos":10,"totalStock":26,"guestlists":[],"unitsSold":15,"soldOutRequestCount":0}]
    printer.go:116: GET /api/v2/products?_sort=pos HTTP/1.1
        Authorization: Bearer eyJhbGciOiJIUzI1NiIsInR5cCI6IkpXVCJ9.eyJJRCI6MiwiZXhwIjoxNzQ5OTE5MDQ0LCJvcmlnX2lhdCI6MTc0OTkxODQ0NH0.ZCidgaD-PTq18MdpyLD8KBxvVLxEJYZN5uDZ-M8TgOc
        
[GIN] 2025/06/14 - 18:27:25 | 200 |     605.417µs |                 | GET      "/api/v2/products?_sort=pos"
    printer.go:133: HTTP/0.0 200 OK 612.792µs
        Content-Type: application/json; charset=utf-8
        X-Total-Count: 16
        
        [{"id":1,"name":"🎟️ Regular","netPrice":"37.38","grossPrice":"40","vatRate":"7","vatAmount":"2.62","wrapAfter":false,"hidden":false,"soldOut":false,"apiExport":true,"pos":1,"totalStock":0,"guestlists":[],"unitsSold":0,"soldOutRequestCount":0},{"id":2,"name":"🎟️ Reduced","netPrice":"18.69","grossPrice":"20","vatRate":"7","vatAmount":"1.31","wrapAfter":false,"hidden":false,"soldOut":false,"apiExport":true,"pos":2,"totalStock":0,"guestlists":[{"id":1,"createdAt":"2025-06-14T18:27:22.568144+02:00","updatedAt":"2025-06-14T18:27:22.568144+02:00","deletedAt":null,"createdById":null,"createdBy":null,"updatedById":null,"updatedBy":null,"deletedById":null,"deletedBy":null,"name":"Reduces Digitale Kultur","typeCode":false,"productId":2,"product":{"id":0,"createdAt":"0001-01-01T00:00:00Z","updatedAt":"0001-01-01T00:00:00Z","deletedAt":null,"createdById":null,"createdBy":null,"updatedById":null,"updatedBy":null,"deletedById":null,"deletedBy":null,"name":"","netPrice":"0","vatRate":"0","wrapAfter":false,"hidden":false,"soldOut":false,"apiExport":false,"pos":0,"totalStock":0,"unitsSold":0,"soldOutRequestCount":0,"guestlists":null}},{"id":2,"createdAt":"2025-06-14T18:27:22.568185+02:00","updatedAt":"2025-06-14T18:27:22.568185+02:00","deletedAt":null,"createdById":null,"createdBy":null,"updatedById":null,"updatedBy":null,"deletedById":null,"deletedBy":null,"name":"Long Distance","typeCode":false,"productId":2,"product":{"id":0,"createdAt":"0001-01-01T00:00:00Z","updatedAt":"0001-01-01T00:00:00Z","deletedAt":null,"createdById":null,"createdBy":null,"updatedById":null,"updatedBy":null,"deletedById":null,"deletedBy":null,"name":"","netPrice":"0","vatRate":"0","wrapAfter":false,"hidden":false,"soldOut":false,"apiExport":false,"pos":0,"totalStock":0,"unitsSold":0,"soldOutRequestCount":0,"guestlists":null}}],"unitsSold":0,"soldOutRequestCount":0},{"id":3,"name":"🎟️ Free","netPrice":"0","grossPrice":"0","vatRate":"0","vatAmount":"0","wrapAfter":false,"hidden":false,"soldOut":false,"apiExport":true,"pos":3,"totalStock":0,"guestlists":[{"id":4,"createdAt":"2025-06-14T18:27:22.569465+02:00","updatedAt":"2025-06-14T18:27:22.569465+02:00","deletedAt":null,"createdById":null,"createdBy":null,"updatedById":null,"updatedBy":null,"deletedById":null,"deletedBy":null,"name":"Guestlist Neva","typeCode":false,"productId":3,"product":{"id":0,"createdAt":"0001-01-01T00:00:00Z","updatedAt":"0001-01-01T00:00:00Z","deletedAt":null,"createdById":null,"createdBy":null,"updatedById":null,"updatedBy":null,"deletedById":null,"deletedBy":null,"name":"","netPrice":"0","vatRate":"0","wrapAfter":false,"hidden":false,"soldOut":false,"apiExport":false,"pos":0,"totalStock":0,"unitsSold":0,"soldOutRequestCount":0,"guestlists":null}},{"id":5,"createdAt":"2025-06-14T18:27:22.569631+02:00","updatedAt":"2025-06-14T18:27:22.569631+02:00","deletedAt":null,"createdById":null,"createdBy":null,"updatedById":null,"updatedBy":null,"deletedById":null,"deletedBy":null,"name":"Guestlist Bertram","typeCode":false,"productId":3,"product":{"id":0,"createdAt":"0001-01-01T00:00:00Z","updatedAt":"0001-01-01T00:00:00Z","deletedAt":null,"createdById":null,"createdBy":null,"updatedById":null,"updatedBy":null,"deletedById":null,"deletedBy":null,"name":"","netPrice":"0","vatRate":"0","wrapAfter":false,"hidden":false,"soldOut":false,"apiExport":false,"pos":0,"totalStock":0,"unitsSold":0,"soldOutRequestCount":0,"guestlists":null}},{"id":6,"createdAt":"2025-06-14T18:27:22.569753+02:00","updatedAt":"2025-06-14T18:27:22.569753+02:00","deletedAt":null,"createdById":null,"createdBy":null,"updatedById":null,"updatedBy":null,"deletedById":null,"deletedBy":null,"name":"Guestlist Amelia","typeCode":false,"productId":3,"product":{"id":0,"createdAt":"0001-01-01T00:00:00Z","updatedAt":"0001-01-01T00:00:00Z","deletedAt":null,"createdById":null,"createdBy":null,"updatedById":null,"updatedBy":null,"deletedById":null,"deletedBy":null,"name":"","netPrice":"0","vatRate":"0","wrapAfter":false,"hidden":false,"soldOut":false,"apiExport":false,"pos":0,"totalStock":0,"unitsSold":0,"soldOutRequestCount":0,"guestlists":null}},{"id":7,"createdAt":"2025-06-14T18:27:22.570018+02:00","updatedAt":"2025-06-14T18:27:22.570018+02:00","deletedAt":null,"createdById":null,"createdBy":null,"updatedById":null,"updatedBy":null,"deletedById":null,"deletedBy":null,"name":"Guestlist Roel","typeCode":false,"productId":3,"product":{"id":0,"createdAt":"0001-01-01T00:00:00Z","updatedAt":"0001-01-01T00:00:00Z","deletedAt":null,"createdById":null,"createdBy":null,"updatedById":null,"updatedBy":null,"deletedById":null,"deletedBy":null,"name":"","netPrice":"0","vatRate":"0","wrapAfter":false,"hidden":false,"soldOut":false,"apiExport":false,"pos":0,"totalStock":0,"unitsSold":0,"soldOutRequestCount":0,"guestlists":null}},{"id":8,"createdAt":"2025-06-14T18:27:22.570302+02:00","updatedAt":"2025-06-14T18:27:22.570302+02:00","deletedAt":null,"createdById":null,"createdBy":null,"updatedById":null,"updatedBy":null,"deletedById":null,"deletedBy":null,"name":"Guestlist Edythe","typeCode":false,"productId":3,"product":{"id":0,"createdAt":"0001-01-01T00:00:00Z","updatedAt":"0001-01-01T00:00:00Z","deletedAt":null,"createdById":null,"createdBy":null,"updatedById":null,"updatedBy":null,"deletedById":null,"deletedBy":null,"name":"","netPrice":"0","vatRate":"0","wrapAfter":false,"hidden":false,"soldOut":false,"apiExport":false,"pos":0,"totalStock":0,"unitsSold":0,"soldOutRequestCount":0,"guestlists":null}},{"id":9,"createdAt":"2025-06-14T18:27:22.570504+02:00","updatedAt":"2025-06-14T18:27:22.570504+02:00","deletedAt":null,"createdById":null,"createdBy":null,"updatedById":null,"updatedBy":null,"deletedById":null,"deletedBy":null,"name":"Guestlist Gudrun","typeCode":false,"productId":3,"product":{"id":0,"createdAt":"0001-01-01T00:00:00Z","updatedAt":"0001-01-01T00:00:00Z","deletedAt":null,"createdById":null,"createdBy":null,"updatedById":null,"updatedBy":null,"deletedById":null,"deletedBy":null,"name":"","netPrice":"0","vatRate":"0","wrapAfter":false,"hidden":false,"soldOut":false,"apiExport":false,"pos":0,"totalStock":0,"unitsSold":0,"soldOutRequestCount":0,"guestlists":null}},{"id":10,"createdAt":"2025-06-14T18:27:22.570947+02:00","updatedAt":"2025-06-14T18:27:22.570947+02:00","deletedAt":null,"createdById":null,"createdBy":null,"updatedById":null,"updatedBy":null,"deletedById":null,"deletedBy":null,"name":"Guestlist Katharina","typeCode":false,"productId":3,"product":{"id":0,"createdAt":"0001-01-01T00:00:00Z","updatedAt":"0001-01-01T00:00:00Z","deletedAt":null,"createdById":null,"createdBy":null,"updatedById":null,"updatedBy":null,"deletedById":null,"deletedBy":null,"name":"","netPrice":"0","vatRate":"0","wrapAfter":false,"hidden":false,"soldOut":false,"apiExport":false,"pos":0,"totalStock":0,"unitsSold":0,"soldOutRequestCount":0,"guestlists":null}},{"id":11,"createdAt":"2025-06-14T18:27:22.5712+02:00","updatedAt":"2025-06-14T18:27:22.5712+02:00","deletedAt":null,"createdById":null,"createdBy":null,"updatedById":null,"updatedBy":null,"deletedById":null,"deletedBy":null,"name":"Guestlist Gerda","typeCode":false,"productId":3,"product":{"id":0,"createdAt":"0001-01-01T00:00:00Z","updatedAt":"0001-01-01T00:00:00Z","deletedAt":null,"createdById":null,"createdBy":null,"updatedById":null,"updatedBy":null,"deletedById":null,"deletedBy":null,"name":"","netPrice":"0","vatRate":"0","wrapAfter":false,"hidden":false,"soldOut":false,"apiExport":false,"pos":0,"totalStock":0,"unitsSold":0,"soldOutRequestCount":0,"guestlists":null}},{"id":12,"createdAt":"2025-06-14T18:27:22.571479+02:00","updatedAt":"2025-06-14T18:27:22.571479+02:00","deletedAt":null,"createdById":null,"createdBy":null,"updatedById":null,"updatedBy":null,"deletedById":null,"deletedBy":null,"name":"Guestlist Laverna","typeCode":false,"productId":3,"product":{"id":0,"createdAt":"0001-01-01T00:00:00Z","updatedAt":"0001-01-01T00:00:00Z","deletedAt":null,"createdById":null,"createdBy":null,"updatedById":null,"updatedBy":null,"deletedById":null,"deletedBy":null,"name":"","netPrice":"0","vatRate":"0","wrapAfter":false,"hidden":false,"soldOut":false,"apiExport":false,"pos":0,"totalStock":0,"unitsSold":0,"soldOutRequestCount":0,"guestlists":null}},{"id":13,"createdAt":"2025-06-14T18:27:22.571662+02:00","updatedAt":"2025-06-14T18:27:22.571662+02:00","deletedAt":null,"createdById":null,"createdBy":null,"updatedById":null,"updatedBy":null,"deletedById":null,"deletedBy":null,"name":"Guestlist Mekhi","typeCode":false,"productId":3,"product":{"id":0,"createdAt":"0001-01-01T00:00:00Z","updatedAt":"0001-01-01T00:00:00Z","deletedAt":null,"createdById":null,"createdBy":null,"updatedById":null,"updatedBy":null,"deletedById":null,"deletedBy":null,"name":"","netPrice":"0","vatRate":"0","wrapAfter":false,"hidden":false,"soldOut":false,"apiExport":false,"pos":0,"totalStock":0,"unitsSold":0,"soldOutRequestCount":0,"guestlists":null}},{"id":14,"createdAt":"2025-06-14T18:27:22.572633+02:00","updatedAt":"2025-06-14T18:27:22.572633+02:00","deletedAt":null,"createdById":null,"createdBy":null,"updatedById":null,"updatedBy":null,"deletedById":null,"deletedBy":null,"name":"Guestlist Sunny","typeCode":false,"productId":3,"product":{"id":0,"createdAt":"0001-01-01T00:00:00Z","updatedAt":"0001-01-01T00:00:00Z","deletedAt":null,"createdById":null,"createdBy":null,"updatedById":null,"updatedBy":null,"deletedById":null,"deletedBy":null,"name":"","netPrice":"0","vatRate":"0","wrapAfter":false,"hidden":false,"soldOut":false,"apiExport":false,"pos":0,"totalStock":0,"unitsSold":0,"soldOutRequestCount":0,"guestlists":null}},{"id":15,"createdAt":"2025-06-14T18:27:22.57293+02:00","updatedAt":"2025-06-14T18:27:22.57293+02:00","deletedAt":null,"createdById":null,"createdBy":null,"updatedById":null,"updatedBy":null,"deletedById":null,"deletedBy":null,"name":"Guestlist Daija","typeCode":false,"productId":3,"product":{"id":0,"createdAt":"0001-01-01T00:00:00Z","updatedAt":"0001-01-01T00:00:00Z","deletedAt":null,"createdById":null,"createdBy":null,"updatedById":null,"updatedBy":null,"deletedById":null,"deletedBy":null,"name":"","netPrice":"0","vatRate":"0","wrapAfter":false,"hidden":false,"soldOut":false,"apiExport":false,"pos":0,"totalStock":0,"unitsSold":0,"soldOutRequestCount":0,"guestlists":null}},{"id":16,"createdAt":"2025-06-14T18:27:22.573047+02:00","updatedAt":"2025-06-14T18:27:22.573047+02:00","deletedAt":null,"createdById":null,"createdBy":null,"updatedById":null,"updatedBy":null,"deletedById":null,"deletedBy":null,"name":"Guestlist Benny","typeCode":false,"productId":3,"product":{"id":0,"createdAt":"0001-01-01T00:00:00Z","updatedAt":"0001-01-01T00:00:00Z","deletedAt":null,"createdById":null,"createdBy":null,"updatedById":null,"updatedBy":null,"deletedById":null,"deletedBy":null,"name":"","netPrice":"0","vatRate":"0","wrapAfter":false,"hidden":false,"soldOut":false,"apiExport":false,"pos":0,"totalStock":0,"unitsSold":0,"soldOutRequestCount":0,"guestlists":null}},{"id":17,"createdAt":"2025-06-14T18:27:22.573317+02:00","updatedAt":"2025-06-14T18:27:22.573317+02:00","deletedAt":null,"createdById":null,"createdBy":null,"updatedById":null,"updatedBy":null,"deletedById":null,"deletedBy":null,"name":"Guestlist Wallace","typeCode":false,"productId":3,"product":{"id":0,"createdAt":"0001-01-01T00:00:00Z","updatedAt":"0001-01-01T00:00:00Z","deletedAt":null,"createdById":null,"createdBy":null,"updatedById":null,"updatedBy":null,"deletedById":null,"deletedBy":null,"name":"","netPrice":"0","vatRate":"0","wrapAfter":false,"hidden":false,"soldOut":false,"apiExport":false,"pos":0,"totalStock":0,"unitsSold":0,"soldOutRequestCount":0,"guestlists":null}},{"id":18,"createdAt":"2025-06-14T18:27:22.573573+02:00","updatedAt":"2025-06-14T18:27:22.573573+02:00","deletedAt":null,"createdById":null,"createdBy":null,"updatedById":null,"updatedBy":null,"deletedById":null,"deletedBy":null,"name":"Guestlist Kirk","typeCode":false,"productId":3,"product":{"id":0,"createdAt":"0001-01-01T00:00:00Z","updatedAt":"0001-01-01T00:00:00Z","deletedAt":null,"createdById":null,"createdBy":null,"updatedById":null,"updatedBy":null,"deletedById":null,"deletedBy":null,"name":"","netPrice":"0","vatRate":"0","wrapAfter":false,"hidden":false,"soldOut":false,"apiExport":false,"pos":0,"totalStock":0,"unitsSold":0,"soldOutRequestCount":0,"guestlists":null}},{"id":19,"createdAt":"2025-06-14T18:27:22.573799+02:00","updatedAt":"2025-06-14T18:27:22.573799+02:00","deletedAt":null,"createdById":null,"createdBy":null,"updatedById":null,"updatedBy":null,"deletedById":null,"deletedBy":null,"name":"Guestlist Opal","typeCode":false,"productId":3,"product":{"id":0,"createdAt":"0001-01-01T00:00:00Z","updatedAt":"0001-01-01T00:00:00Z","deletedAt":null,"createdById":null,"createdBy":null,"updatedById":null,"updatedBy":null,"deletedById":null,"deletedBy":null,"name":"","netPrice":"0","vatRate":"0","wrapAfter":false,"hidden":false,"soldOut":false,"apiExport":false,"pos":0,"totalStock":0,"unitsSold":0,"soldOutRequestCount":0,"guestlists":null}},{"id":20,"createdAt":"2025-06-14T18:27:22.574206+02:00","updatedAt":"2025-06-14T18:27:22.574206+02:00","deletedAt":null,"createdById":null,"createdBy":null,"updatedById":null,"updatedBy":null,"deletedById":null,"deletedBy":null,"name":"Guestlist Terence","typeCode":false,"productId":3,"product":{"id":0,"createdAt":"0001-01-01T00:00:00Z","updatedAt":"0001-01-01T00:00:00Z","deletedAt":null,"createdById":null,"createdBy":null,"updatedById":null,"updatedBy":null,"deletedById":null,"deletedBy":null,"name":"","netPrice":"0","vatRate":"0","wrapAfter":false,"hidden":false,"soldOut":false,"apiExport":false,"pos":0,"totalStock":0,"unitsSold":0,"soldOutRequestCount":0,"guestlists":null}},{"id":21,"createdAt":"2025-06-14T18:27:22.574459+02:00","updatedAt":"2025-06-14T18:27:22.574459+02:00","deletedAt":null,"createdById":null,"createdBy":null,"updatedById":null,"updatedBy":null,"deletedById":null,"deletedBy":null,"name":"Guestlist Zack","typeCode":false,"productId":3,"product":{"id":0,"createdAt":"0001-01-01T00:00:00Z","updatedAt":"0001-01-01T00:00:00Z","deletedAt":null,"createdById":null,"createdBy":null,"updatedById":null,"updatedBy":null,"deletedById":null,"deletedBy":null,"name":"","netPrice":"0","vatRate":"0","wrapAfter":false,"hidden":false,"soldOut":false,"apiExport":false,"pos":0,"totalStock":0,"unitsSold":0,"soldOutRequestCount":0,"guestlists":null}},{"id":22,"createdAt":"2025-06-14T18:27:22.574622+02:00","updatedAt":"2025-06-14T18:27:22.574622+02:00","deletedAt":null,"createdById":null,"createdBy":null,"updatedById":null,"updatedBy":null,"deletedById":null,"deletedBy":null,"name":"Guestlist Autumn","typeCode":false,"productId":3,"product":{"id":0,"createdAt":"0001-01-01T00:00:00Z","updatedAt":"0001-01-01T00:00:00Z","deletedAt":null,"createdById":null,"createdBy":null,"updatedById":null,"updatedBy":null,"deletedById":null,"deletedBy":null,"name":"","netPrice":"0","vatRate":"0","wrapAfter":false,"hidden":false,"soldOut":false,"apiExport":false,"pos":0,"totalStock":0,"unitsSold":0,"soldOutRequestCount":0,"guestlists":null}},{"id":23,"createdAt":"2025-06-14T18:27:22.574782+02:00","updatedAt":"2025-06-14T18:27:22.574782+02:00","deletedAt":null,"createdById":null,"createdBy":null,"updatedById":null,"updatedBy":null,"deletedById":null,"deletedBy":null,"name":"Guestlist Kareem","typeCode":false,"productId":3,"product":{"id":0,"createdAt":"0001-01-01T00:00:00Z","updatedAt":"0001-01-01T00:00:00Z","deletedAt":null,"createdById":null,"createdBy":null,"updatedById":null,"updatedBy":null,"deletedById":null,"deletedBy":null,"name":"","netPrice":"0","vatRate":"0","wrapAfter":false,"hidden":false,"soldOut":false,"apiExport":false,"pos":0,"totalStock":0,"unitsSold":0,"soldOutRequestCount":0,"guestlists":null}},{"id":24,"createdAt":"2025-06-14T18:27:22.575036+02:00","updatedAt":"2025-06-14T18:27:22.575036+02:00","deletedAt":null,"createdById":null,"createdBy":null,"updatedById":null,"updatedBy":null,"deletedById":null,"deletedBy":null,"name":"Guestlist Hertha","typeCode":false,"productId":3,"product":{"id":0,"createdAt":"0001-01-01T00:00:00Z","updatedAt":"0001-01-01T00:00:00Z","deletedAt":null,"createdById":null,"createdBy":null,"updatedById":null,"updatedBy":null,"deletedById":null,"deletedBy":null,"name":"","netPrice":"0","vatRate":"0","wrapAfter":false,"hidden":false,"soldOut":false,"apiExport":false,"pos":0,"totalStock":0,"unitsSold":0,"soldOutRequestCount":0,"guestlists":null}},{"id":25,"createdAt":"2025-06-14T18:27:22.575139+02:00","updatedAt":"2025-06-14T18:27:22.575139+02:00","deletedAt":null,"createdById":null,"createdBy":null,"updatedById":null,"updatedBy":null,"deletedById":null,"deletedBy":null,"name":"Guestlist Crystel","typeCode":false,"productId":3,"product":{"id":0,"createdAt":"0001-01-01T00:00:00Z","updatedAt":"0001-01-01T00:00:00Z","deletedAt":null,"createdById":null,"createdBy":null,"updatedById":null,"updatedBy":null,"deletedById":null,"deletedBy":null,"name":"","netPrice":"0","vatRate":"0","wrapAfter":false,"hidden":false,"soldOut":false,"apiExport":false,"pos":0,"totalStock":0,"unitsSold":0,"soldOutRequestCount":0,"guestlists":null}},{"id":26,"createdAt":"2025-06-14T18:27:22.575275+02:00","updatedAt":"2025-06-14T18:27:22.575275+02:00","deletedAt":null,"createdById":null,"createdBy":null,"updatedById":null,"updatedBy":null,"deletedById":null,"deletedBy":null,"name":"Guestlist Lucie","typeCode":false,"productId":3,"product":{"id":0,"createdAt":"0001-01-01T00:00:00Z","updatedAt":"0001-01-01T00:00:00Z","deletedAt":null,"createdById":null,"createdBy":null,"updatedById":null,"updatedBy":null,"deletedById":null,"deletedBy":null,"name":"","netPrice":"0","vatRate":"0","wrapAfter":false,"hidden":false,"soldOut":false,"apiExport":false,"pos":0,"totalStock":0,"unitsSold":0,"soldOutRequestCount":0,"guestlists":null}},{"id":27,"createdAt":"2025-06-14T18:27:22.575406+02:00","updatedAt":"2025-06-14T18:27:22.575406+02:00","deletedAt":null,"createdById":null,"createdBy":null,"updatedById":null,"updatedBy":null,"deletedById":null,"deletedBy":null,"name":"Guestlist Breanna","typeCode":false,"productId":3,"product":{"id":0,"createdAt":"0001-01-01T00:00:00Z","updatedAt":"0001-01-01T00:00:00Z","deletedAt":null,"createdById":null,"createdBy":null,"updatedById":null,"updatedBy":null,"deletedById":null,"deletedBy":null,"name":"","netPrice":"0","vatRate":"0","wrapAfter":false,"hidden":false,"soldOut":false,"apiExport":false,"pos":0,"totalStock":0,"unitsSold":0,"soldOutRequestCount":0,"guestlists":null}},{"id":28,"createdAt":"2025-06-14T18:27:22.575554+02:00","updatedAt":"2025-06-14T18:27:22.575554+02:00","deletedAt":null,"createdById":null,"createdBy":null,"updatedById":null,"updatedBy":null,"deletedById":null,"deletedBy":null,"name":"Guestlist Marcos","typeCode":false,"productId":3,"product":{"id":0,"createdAt":"0001-01-01T00:00:00Z","updatedAt":"0001-01-01T00:00:00Z","deletedAt":null,"createdById":null,"createdBy":null,"updatedById":null,"updatedBy":null,"deletedById":null,"deletedBy":null,"name":"","netPrice":"0","vatRate":"0","wrapAfter":false,"hidden":false,"soldOut":false,"apiExport":false,"pos":0,"totalStock":0,"unitsSold":0,"soldOutRequestCount":0,"guestlists":null}},{"id":29,"createdAt":"2025-06-14T18:27:22.575796+02:00","updatedAt":"2025-06-14T18:27:22.575796+02:00","deletedAt":null,"createdById":null,"createdBy":null,"updatedById":null,"updatedBy":null,"deletedById":null,"deletedBy":null,"name":"Guestlist Isidro","typeCode":false,"productId":3,"product":{"id":0,"createdAt":"0001-01-01T00:00:00Z","updatedAt":"0001-01-01T00:00:00Z","deletedAt":null,"createdById":null,"createdBy":null,"updatedById":null,"updatedBy":null,"deletedById":null,"deletedBy":null,"name":"","netPrice":"0","vatRate":"0","wrapAfter":false,"hidden":false,"soldOut":false,"apiExport":false,"pos":0,"totalStock":0,"unitsSold":0,"soldOutRequestCount":0,"guestlists":null}},{"id":30,"createdAt":"2025-06-14T18:27:22.575873+02:00","updatedAt":"2025-06-14T18:27:22.575873+02:00","deletedAt":null,"createdById":null,"createdBy":null,"updatedById":null,"updatedBy":null,"deletedById":null,"deletedBy":null,"name":"Guestlist Leonard","typeCode":false,"productId":3,"product":{"id":0,"createdAt":"0001-01-01T00:00:00Z","updatedAt":"0001-01-01T00:00:00Z","deletedAt":null,"createdById":null,"createdBy":null,"updatedById":null,"updatedBy":null,"deletedById":null,"deletedBy":null,"name":"","netPrice":"0","vatRate":"0","wrapAfter":false,"hidden":false,"soldOut":false,"apiExport":false,"pos":0,"totalStock":0,"unitsSold":0,"soldOutRequestCount":0,"guestlists":null}},{"id":31,"createdAt":"2025-06-14T18:27:22.576116+02:00","updatedAt":"2025-06-14T18:27:22.576116+02:00","deletedAt":null,"createdById":null,"createdBy":null,"updatedById":null,"updatedBy":null,"deletedById":null,"deletedBy":null,"name":"Guestlist Wilford","typeCode":false,"productId":3,"product":{"id":0,"createdAt":"0001-01-01T00:00:00Z","updatedAt":"0001-01-01T00:00:00Z","deletedAt":null,"createdById":null,"createdBy":null,"updatedById":null,"updatedBy":null,"deletedById":null,"deletedBy":null,"name":"","netPrice":"0","vatRate":"0","wrapAfter":false,"hidden":false,"soldOut":false,"apiExport":false,"pos":0,"totalStock":0,"unitsSold":0,"soldOutRequestCount":0,"guestlists":null}},{"id":32,"createdAt":"2025-06-14T18:27:22.576306+02:00","updatedAt":"2025-06-14T18:27:22.576306+02:00","deletedAt":null,"createdById":null,"createdBy":null,"updatedById":null,"updatedBy":null,"deletedById":null,"deletedBy":null,"name":"Guestlist Lambert","typeCode":false,"productId":3,"product":{"id":0,"createdAt":"0001-01-01T00:00:00Z","updatedAt":"0001-01-01T00:00:00Z","deletedAt":null,"createdById":null,"createdBy":null,"updatedById":null,"updatedBy":null,"deletedById":null,"deletedBy":null,"name":"","netPrice":"0","vatRate":"0","wrapAfter":false,"hidden":false,"soldOut":false,"apiExport":false,"pos":0,"totalStock":0,"unitsSold":0,"soldOutRequestCount":0,"guestlists":null}},{"id":33,"createdAt":"2025-06-14T18:27:22.576425+02:00","updatedAt":"2025-06-14T18:27:22.576425+02:00","deletedAt":null,"createdById":null,"createdBy":null,"updatedById":null,"updatedBy":null,"deletedById":null,"deletedBy":null,"name":"Guestlist Jewel","typeCode":false,"productId":3,"product":{"id":0,"createdAt":"0001-01-01T00:00:00Z","updatedAt":"0001-01-01T00:00:00Z","deletedAt":null,"createdById":null,"createdBy":null,"updatedById":null,"updatedBy":null,"deletedById":null,"deletedBy":null,"name":"","netPrice":"0","vatRate":"0","wrapAfter":false,"hidden":false,"soldOut":false,"apiExport":false,"pos":0,"totalStock":0,"unitsSold":0,"soldOutRequestCount":0,"guestlists":null}},{"id":34,"createdAt":"2025-06-14T18:27:22.576536+02:00","updatedAt":"2025-06-14T18:27:22.576536+02:00","deletedAt":null,"createdById":null,"createdBy":null,"updatedById":null,"updatedBy":null,"deletedById":null,"deletedBy":null,"name":"Guestlist Lemuel","typeCode":false,"productId":3,"product":{"id":0,"createdAt":"0001-01-01T00:00:00Z","updatedAt":"0001-01-01T00:00:00Z","deletedAt":null,"createdById":null,"createdBy":null,"updatedById":null,"updatedBy":null,"deletedById":null,"deletedBy":null,"name":"","netPrice":"0","vatRate":"0","wrapAfter":false,"hidden":false,"soldOut":false,"apiExport":false,"pos":0,"totalStock":0,"unitsSold":0,"soldOutRequestCount":0,"guestlists":null}},{"id":35,"createdAt":"2025-06-14T18:27:22.576834+02:00","updatedAt":"2025-06-14T18:27:22.576834+02:00","deletedAt":null,"createdById":null,"createdBy":null,"updatedById":null,"updatedBy":null,"deletedById":null,"deletedBy":null,"name":"Guestlist Berry","typeCode":false,"productId":3,"product":{"id":0,"createdAt":"0001-01-01T00:00:00Z","updatedAt":"0001-01-01T00:00:00Z","deletedAt":null,"createdById":null,"createdBy":null,"updatedById":null,"updatedBy":null,"deletedById":null,"deletedBy":null,"name":"","netPrice":"0","vatRate":"0","wrapAfter":false,"hidden":false,"soldOut":false,"apiExport":false,"pos":0,"totalStock":0,"unitsSold":0,"soldOutRequestCount":0,"guestlists":null}},{"id":36,"createdAt":"2025-06-14T18:27:22.577644+02:00","updatedAt":"2025-06-14T18:27:22.577644+02:00","deletedAt":null,"createdById":null,"createdBy":null,"updatedById":null,"updatedBy":null,"deletedById":null,"deletedBy":null,"name":"Guestlist Harley","typeCode":false,"productId":3,"product":{"id":0,"createdAt":"0001-01-01T00:00:00Z","updatedAt":"0001-01-01T00:00:00Z","deletedAt":null,"createdById":null,"createdBy":null,"updatedById":null,"updatedBy":null,"deletedById":null,"deletedBy":null,"name":"","netPrice":"0","vatRate":"0","wrapAfter":false,"hidden":false,"soldOut":false,"apiExport":false,"pos":0,"totalStock":0,"unitsSold":0,"soldOutRequestCount":0,"guestlists":null}},{"id":37,"createdAt":"2025-06-14T18:27:22.578025+02:00","updatedAt":"2025-06-14T18:27:22.578025+02:00","deletedAt":null,"createdById":null,"createdBy":null,"updatedById":null,"updatedBy":null,"deletedById":null,"deletedBy":null,"name":"Guestlist Reuben","typeCode":false,"productId":3,"product":{"id":0,"createdAt":"0001-01-01T00:00:00Z","updatedAt":"0001-01-01T00:00:00Z","deletedAt":null,"createdById":null,"createdBy":null,"updatedById":null,"updatedBy":null,"deletedById":null,"deletedBy":null,"name":"","netPrice":"0","vatRate":"0","wrapAfter":false,"hidden":false,"soldOut":false,"apiExport":false,"pos":0,"totalStock":0,"unitsSold":0,"soldOutRequestCount":0,"guestlists":null}},{"id":38,"createdAt":"2025-06-14T18:27:22.578208+02:00","updatedAt":"2025-06-14T18:27:22.578208+02:00","deletedAt":null,"createdById":null,"createdBy":null,"updatedById":null,"updatedBy":null,"deletedById":null,"deletedBy":null,"name":"Guestlist Kraig","typeCode":false,"productId":3,"product":{"id":0,"createdAt":"0001-01-01T00:00:00Z","updatedAt":"0001-01-01T00:00:00Z","deletedAt":null,"createdById":null,"createdBy":null,"updatedById":null,"updatedBy":null,"deletedById":null,"deletedBy":null,"name":"","netPrice":"0","vatRate":"0","wrapAfter":false,"hidden":false,"soldOut":false,"apiExport":false,"pos":0,"totalStock":0,"unitsSold":0,"soldOutRequestCount":0,"guestlists":null}},{"id":39,"createdAt":"2025-06-14T18:27:22.578544+02:00","updatedAt":"2025-06-14T18:27:22.578544+02:00","deletedAt":null,"createdById":null,"createdBy":null,"updatedById":null,"updatedBy":null,"deletedById":null,"deletedBy":null,"name":"Guestlist Leonardo","typeCode":false,"productId":3,"product":{"id":0,"createdAt":"0001-01-01T00:00:00Z","updatedAt":"0001-01-01T00:00:00Z","deletedAt":null,"createdById":null,"createdBy":null,"updatedById":null,"updatedBy":null,"deletedById":null,"deletedBy":null,"name":"","netPrice":"0","vatRate":"0","wrapAfter":false,"hidden":false,"soldOut":false,"apiExport":false,"pos":0,"totalStock":0,"unitsSold":0,"soldOutRequestCount":0,"guestlists":null}},{"id":40,"createdAt":"2025-06-14T18:27:22.578677+02:00","updatedAt":"2025-06-14T18:27:22.578677+02:00","deletedAt":null,"createdById":null,"createdBy":null,"updatedById":null,"updatedBy":null,"deletedById":null,"deletedBy":null,"name":"Guestlist Alicia","typeCode":false,"productId":3,"product":{"id":0,"createdAt":"0001-01-01T00:00:00Z","updatedAt":"0001-01-01T00:00:00Z","deletedAt":null,"createdById":null,"createdBy":null,"updatedById":null,"updatedBy":null,"deletedById":null,"deletedBy":null,"name":"","netPrice":"0","vatRate":"0","wrapAfter":false,"hidden":false,"soldOut":false,"apiExport":false,"pos":0,"totalStock":0,"unitsSold":0,"soldOutRequestCount":0,"guestlists":null}}],"unitsSold":0,"soldOutRequestCount":0},{"id":4,"name":"🎟️ Prepaid","netPrice":"0","grossPrice":"0","vatRate":"0","vatAmount":"0","wrapAfter":true,"hidden":false,"soldOut":false,"apiExport":true,"pos":4,"totalStock":0,"guestlists":[{"id":3,"createdAt":"2025-06-14T18:27:22.568211+02:00","updatedAt":"2025-06-14T18:27:22.568211+02:00","deletedAt":null,"createdById":null,"createdBy":null,"updatedById":null,"updatedBy":null,"deletedById":null,"deletedBy":null,"name":"Deine Tickets","typeCode":true,"productId":4,"product":{"id":0,"createdAt":"0001-01-01T00:00:00Z","updatedAt":"0001-01-01T00:00:00Z","deletedAt":null,"createdById":null,"createdBy":null,"updatedById":null,"updatedBy":null,"deletedById":null,"deletedBy":null,"name":"","netPrice":"0","vatRate":"0","wrapAfter":false,"hidden":false,"soldOut":false,"apiExport":false,"pos":0,"totalStock":0,"unitsSold":0,"soldOutRequestCount":0,"guestlists":null}}],"unitsSold":9,"soldOutRequestCount":0},{"id":5,"name":"👕 Male S","netPrice":"16.81","grossPrice":"20","vatRate":"19","vatAmount":"3.19","wrapAfter":false,"hidden":false,"soldOut":false,"apiExport":false,"pos":10,"totalStock":30,"guestlists":[],"unitsSold":15,"soldOutRequestCount":0},{"id":6,"name":"👕 Male M","netPrice":"16.81","grossPrice":"20","vatRate":"19","vatAmount":"3.19","wrapAfter":false,"hidden":false,"soldOut":false,"apiExport":false,"pos":10,"totalStock":7,"guestlists":[],"unitsSold":6,"soldOutRequestCount":0},{"id":7,"name":"👕 Male L","netPrice":"16.81","grossPrice":"20","vatRate":"19","vatAmount":"3.19","wrapAfter":false,"hidden":false,"soldOut":false,"apiExport":false,"pos":10,"totalStock":27,"guestlists":[],"unitsSold":11,"soldOutRequestCount":0},{"id":8,"name":"👕 Male XL","netPrice":"16.81","grossPrice":"20","vatRate":"19","vatAmount":"3.19","wrapAfter":false,"hidden":false,"soldOut":false,"apiExport":false,"pos":10,"totalStock":28,"guestlists":[],"unitsSold":13,"soldOutRequestCount":0},{"id":9,"name":"👕 Male XXL","netPrice":"16.81","grossPrice":"20","vatRate":"19","vatAmount":"3.19","wrapAfter":false,"hidden":false,"soldOut":false,"apiExport":false,"pos":10,"totalStock":12,"guestlists":[],"unitsSold":11,"soldOutRequestCount":0},{"id":10,"name":"👕 Male 4XL","netPrice":"16.81","grossPrice":"20","vatRate":"19","vatAmount":"3.19","wrapAfter":false,"hidden":false,"soldOut":false,"apiExport":false,"pos":10,"totalStock":29,"guestlists":[],"unitsSold":12,"soldOutRequestCount":0}]
--- PASS: TestGetProductsWithSort (0.00s)
=== RUN   TestGetProduct
    printer.go:116: GET /api/v2/products/1 HTTP/1.1
        Authorization: Bearer eyJhbGciOiJIUzI1NiIsInR5cCI6IkpXVCJ9.eyJJRCI6MiwiZXhwIjoxNzQ5OTE5MDQ0LCJvcmlnX2lhdCI6MTc0OTkxODQ0NH0.ZCidgaD-PTq18MdpyLD8KBxvVLxEJYZN5uDZ-M8TgOc
        
[GIN] 2025/06/14 - 18:27:25 | 200 |     343.625µs |                 | GET      "/api/v2/products/1"
    printer.go:133: HTTP/0.0 200 OK 351.084µs
        Content-Type: application/json; charset=utf-8
        
        {"id":1,"name":"🎟️ Regular","netPrice":"37.38","grossPrice":"40","vatRate":"7","vatAmount":"2.62","wrapAfter":false,"hidden":false,"soldOut":false,"apiExport":true,"pos":1,"totalStock":0,"guestlists":null,"unitsSold":0,"soldOutRequestCount":0}
--- PASS: TestGetProduct (0.00s)
=== RUN   TestCreateUpdateAndDeleteProduct
    printer.go:116: POST /api/v2/products HTTP/1.1
        Authorization: Bearer eyJhbGciOiJIUzI1NiIsInR5cCI6IkpXVCJ9.eyJJRCI6MiwiZXhwIjoxNzQ5OTE5MDQ0LCJvcmlnX2lhdCI6MTc0OTkxODQ0NH0.ZCidgaD-PTq18MdpyLD8KBxvVLxEJYZN5uDZ-M8TgOc
        Content-Type: application/json; charset=utf-8
        
        {"hidden":false,"name":"Test Product","pos":123,"price":"10","wrapAfter":false}
[GIN] 2025/06/14 - 18:27:25 | 201 |     460.291µs |                 | POST     "/api/v2/products"
    printer.go:133: HTTP/0.0 201 Created 467.958µs
        Content-Type: application/json; charset=utf-8
        
        {"id":17,"createdAt":"2025-06-14T18:27:25.006893+02:00","updatedAt":"2025-06-14T18:27:25.006893+02:00","deletedAt":null,"createdById":2,"createdBy":null,"updatedById":null,"updatedBy":null,"deletedById":null,"deletedBy":null,"name":"Test Product","netPrice":"0","vatRate":"0","wrapAfter":false,"hidden":false,"soldOut":false,"apiExport":false,"pos":123,"totalStock":0,"unitsSold":0,"soldOutRequestCount":0,"guestlists":null}
    printer.go:116: GET /api/v2/products/17 HTTP/1.1
        Authorization: Bearer eyJhbGciOiJIUzI1NiIsInR5cCI6IkpXVCJ9.eyJJRCI6MiwiZXhwIjoxNzQ5OTE5MDQ0LCJvcmlnX2lhdCI6MTc0OTkxODQ0NH0.ZCidgaD-PTq18MdpyLD8KBxvVLxEJYZN5uDZ-M8TgOc
        
[GIN] 2025/06/14 - 18:27:25 | 200 |     134.041µs |                 | GET      "/api/v2/products/17"
    printer.go:133: HTTP/0.0 200 OK 143.417µs
        Content-Type: application/json; charset=utf-8
        
        {"id":17,"name":"Test Product","netPrice":"0","grossPrice":"0","vatRate":"0","vatAmount":"0","wrapAfter":false,"hidden":false,"soldOut":false,"apiExport":false,"pos":123,"totalStock":0,"guestlists":null,"unitsSold":0,"soldOutRequestCount":0}
    printer.go:116: PUT /api/v2/products/17 HTTP/1.1
        Authorization: Bearer eyJhbGciOiJIUzI1NiIsInR5cCI6IkpXVCJ9.eyJJRCI6MiwiZXhwIjoxNzQ5OTE5MDQ0LCJvcmlnX2lhdCI6MTc0OTkxODQ0NH0.ZCidgaD-PTq18MdpyLD8KBxvVLxEJYZN5uDZ-M8TgOc
        Content-Type: application/json; charset=utf-8
        
        {"hidden":false,"name":"Test Product Updated","pos":123,"price":"20","wrapAfter":false}
[GIN] 2025/06/14 - 18:27:25 | 200 |     167.958µs |                 | PUT      "/api/v2/products/17"
    printer.go:133: HTTP/0.0 200 OK 172.792µs
        Content-Type: application/json; charset=utf-8
        
        {"id":17,"createdAt":"2025-06-14T18:27:25.006893+02:00","updatedAt":"2025-06-14T18:27:25.007379+02:00","deletedAt":null,"createdById":2,"createdBy":null,"updatedById":2,"updatedBy":null,"deletedById":null,"deletedBy":null,"name":"Test Product Updated","netPrice":"0","vatRate":"0","wrapAfter":false,"hidden":false,"soldOut":false,"apiExport":false,"pos":123,"totalStock":0,"unitsSold":0,"soldOutRequestCount":0,"guestlists":null}
    printer.go:116: GET /api/v2/products/17 HTTP/1.1
        Authorization: Bearer eyJhbGciOiJIUzI1NiIsInR5cCI6IkpXVCJ9.eyJJRCI6MiwiZXhwIjoxNzQ5OTE5MDQ0LCJvcmlnX2lhdCI6MTc0OTkxODQ0NH0.ZCidgaD-PTq18MdpyLD8KBxvVLxEJYZN5uDZ-M8TgOc
        
[GIN] 2025/06/14 - 18:27:25 | 200 |      73.125µs |                 | GET      "/api/v2/products/17"
    printer.go:133: HTTP/0.0 200 OK 77.333µs
        Content-Type: application/json; charset=utf-8
        
        {"id":17,"name":"Test Product Updated","netPrice":"0","grossPrice":"0","vatRate":"0","vatAmount":"0","wrapAfter":false,"hidden":false,"soldOut":false,"apiExport":false,"pos":123,"totalStock":0,"guestlists":null,"unitsSold":0,"soldOutRequestCount":0}
    printer.go:116: POST /login HTTP/1.1
        Content-Type: application/json; charset=utf-8
        
        {"login":"admin","password":"admin"}
[GIN] 2025/06/14 - 18:27:25 | 200 |  790.992416ms |                 | POST     "/login"
    printer.go:133: HTTP/0.0 200 OK 791.023333ms
        Content-Type: application/json; charset=utf-8
        
        {"code":200,"token":"eyJhbGciOiJIUzI1NiIsInR5cCI6IkpXVCJ9.eyJJRCI6MSwiZXhwIjoxNzQ5OTE5MDQ1LCJvcmlnX2lhdCI6MTc0OTkxODQ0NX0.BAaYiHUyM7vW-J-8CCL2JDUy1pF1ULaK6ppRiNCgqfY","expire":"2025-06-14T18:37:25+02:00","role":"admin","username":"admin","gravatarUrl":"https://www.gravatar.com/avatar/258d8dc916db8cea2cafb6c3cd0cb0246efe061421dbd83ec3a350428cabda4f","id":1}
    printer.go:116: DELETE /api/v2/products/17 HTTP/1.1
        Authorization: Bearer eyJhbGciOiJIUzI1NiIsInR5cCI6IkpXVCJ9.eyJJRCI6MSwiZXhwIjoxNzQ5OTE5MDQ1LCJvcmlnX2lhdCI6MTc0OTkxODQ0NX0.BAaYiHUyM7vW-J-8CCL2JDUy1pF1ULaK6ppRiNCgqfY
        
[GIN] 2025/06/14 - 18:27:25 | 204 |     223.083µs |                 | DELETE   "/api/v2/products/17"
    printer.go:133: HTTP/0.0 204 No Content 230.667µs
        
    printer.go:116: GET /api/v2/products/17 HTTP/1.1
        Authorization: Bearer eyJhbGciOiJIUzI1NiIsInR5cCI6IkpXVCJ9.eyJJRCI6MiwiZXhwIjoxNzQ5OTE5MDQ0LCJvcmlnX2lhdCI6MTc0OTkxODQ0NH0.ZCidgaD-PTq18MdpyLD8KBxvVLxEJYZN5uDZ-M8TgOc
        

2025/06/14 18:27:25 [31;1m/Users/stefan/PhpstormProjects/die-kassa/backend/internal/app/repository/sqlite/products.go:62 [35;1mrecord not found
[0m[33m[0.015ms] [34;1m[rows:0][0m SELECT * FROM `Products` WHERE `Products`.`id` = 17 AND `Products`.`deleted_at` IS NULL ORDER BY `Products`.`id` LIMIT 1
[GIN] 2025/06/14 - 18:27:25 | 404 |      51.959µs |                 | GET      "/api/v2/products/17"
Error #01: Not Found
    printer.go:133: HTTP/0.0 404 Not Found 57.333µs
        Content-Type: application/json; charset=utf-8
        
        {"details":"product not found","error":"Not Found"}
--- PASS: TestCreateUpdateAndDeleteProduct (0.79s)
=== RUN   TestDemoUserIsNotAllowedToDeleteAProduct
    printer.go:116: DELETE /api/v2/products/1 HTTP/1.1
        Authorization: Bearer eyJhbGciOiJIUzI1NiIsInR5cCI6IkpXVCJ9.eyJJRCI6MiwiZXhwIjoxNzQ5OTE5MDQ0LCJvcmlnX2lhdCI6MTc0OTkxODQ0NH0.ZCidgaD-PTq18MdpyLD8KBxvVLxEJYZN5uDZ-M8TgOc
        
[GIN] 2025/06/14 - 18:27:25 | 403 |     372.667µs |                 | DELETE   "/api/v2/products/1"
Error #01: Forbidden
    printer.go:133: HTTP/0.0 403 Forbidden 382.5µs
        Content-Type: application/json; charset=utf-8
        
        {"details":"You do not have permission to access this resource.","error":"Forbidden"}
--- PASS: TestDemoUserIsNotAllowedToDeleteAProduct (0.00s)
=== RUN   TestProductAuthentication
    printer.go:116: GET /api/v2/products HTTP/1.1
        
[GIN] 2025/06/14 - 18:27:25 | 401 |       8.792µs |                 | GET      "/api/v2/products"
    printer.go:133: HTTP/0.0 401 Unauthorized 14µs
        Content-Type: application/json; charset=utf-8
        Www-Authenticate: JWT realm=gin jwt
        
        {"code":401,"message":"cookie token is empty"}
    printer.go:116: GET /api/v2/products/1 HTTP/1.1
        
[GIN] 2025/06/14 - 18:27:25 | 401 |       6.458µs |                 | GET      "/api/v2/products/1"
    printer.go:133: HTTP/0.0 401 Unauthorized 10.75µs
        Content-Type: application/json; charset=utf-8
        Www-Authenticate: JWT realm=gin jwt
        
        {"code":401,"message":"cookie token is empty"}
    printer.go:116: POST /api/v2/products HTTP/1.1
        
[GIN] 2025/06/14 - 18:27:25 | 401 |       5.834µs |                 | POST     "/api/v2/products"
    printer.go:133: HTTP/0.0 401 Unauthorized 9.125µs
        Content-Type: application/json; charset=utf-8
        Www-Authenticate: JWT realm=gin jwt
        
        {"code":401,"message":"cookie token is empty"}
    printer.go:116: PUT /api/v2/products/1 HTTP/1.1
        
[GIN] 2025/06/14 - 18:27:25 | 401 |       5.042µs |                 | PUT      "/api/v2/products/1"
    printer.go:133: HTTP/0.0 401 Unauthorized 8.167µs
        Content-Type: application/json; charset=utf-8
        Www-Authenticate: JWT realm=gin jwt
        
        {"code":401,"message":"cookie token is empty"}
    printer.go:116: DELETE /api/v2/products/1 HTTP/1.1
        
[GIN] 2025/06/14 - 18:27:25 | 401 |       4.042µs |                 | DELETE   "/api/v2/products/1"
    printer.go:133: HTTP/0.0 401 Unauthorized 7µs
        Content-Type: application/json; charset=utf-8
        Www-Authenticate: JWT realm=gin jwt
        
        {"code":401,"message":"cookie token is empty"}
--- PASS: TestProductAuthentication (0.00s)
=== RUN   TestPurchaseExportForEntityEndpoints
    printer.go:116: GET /api/v2/purchases/export HTTP/1.1
        
[GIN] 2025/06/14 - 18:27:25 | 401 |       9.292µs |                 | GET      "/api/v2/purchases/export"
    printer.go:133: HTTP/0.0 401 Unauthorized 16.167µs
        Content-Type: application/json; charset=utf-8
        Www-Authenticate: JWT realm=gin jwt
        
        {"code":401,"message":"cookie token is empty"}
--- PASS: TestPurchaseExportForEntityEndpoints (0.00s)
=== RUN   TestGetPurchaseExport
    printer.go:116: GET /api/v2/purchases/export HTTP/1.1
        Authorization: Bearer eyJhbGciOiJIUzI1NiIsInR5cCI6IkpXVCJ9.eyJJRCI6MiwiZXhwIjoxNzQ5OTE5MDQ0LCJvcmlnX2lhdCI6MTc0OTkxODQ0NH0.ZCidgaD-PTq18MdpyLD8KBxvVLxEJYZN5uDZ-M8TgOc
        
2025/06/14 18:27:25 Payment methods filter:  {0 [] 0x140003a01c0 <nil> <nil> []}
[GIN] 2025/06/14 - 18:27:25 | 200 |    1.464959ms |                 | GET      "/api/v2/purchases/export"
    printer.go:133: HTTP/0.0 200 OK 1.475333ms
        Content-Disposition: attachment; filename="purchases_20250614182725_all.csv"
        Content-Type: text/csv
        
        Time,Purchase ID,Quantity,Product Name,VAT Rate,Gross Price,Net Price,VAT Amount,Total Gross Price,Total Net Price,Total VAT Amount,Purchase Gross Price,Purchase Net Price,Purchase VAT,Payment Method
        2025-06-14 18:27:22,93e850cf-d71f-46ef-8101-e1821a3b340d,1,👕 Female XL,19%,20.00,16.81,3.19,20.00,16.81,3.19,100.00,84.05,15.95,CASH
        2025-06-14 18:27:22,93e850cf-d71f-46ef-8101-e1821a3b340d,1,👕 Female S,19%,20.00,16.81,3.19,20.00,16.81,3.19,100.00,84.05,15.95,CASH
        2025-06-14 18:27:22,93e850cf-d71f-46ef-8101-e1821a3b340d,3,👕 Female XL,19%,20.00,16.81,3.19,60.00,50.43,9.57,100.00,84.05,15.95,CASH
        2025-06-14 18:27:22,40dde6ca-f58d-40ed-acb8-c88d4917fab8,3,☕ Coffee Mug,19%,1.00,0.84,0.16,3.00,2.52,0.48,3.00,2.52,0.48,CASH
        2025-06-14 18:27:22,4cb50210-82c0-4f50-874a-814ba0fb37a9,3,👕 Male S,19%,20.00,16.81,3.19,60.00,50.43,9.57,200.00,168.10,31.90,CC
        2025-06-14 18:27:22,4cb50210-82c0-4f50-874a-814ba0fb37a9,3,👕 Female L,19%,20.00,16.81,3.19,60.00,50.43,9.57,200.00,168.10,31.90,CC
        2025-06-14 18:27:22,4cb50210-82c0-4f50-874a-814ba0fb37a9,3,👕 Male XXL,19%,20.00,16.81,3.19,60.00,50.43,9.57,200.00,168.10,31.90,CC
        2025-06-14 18:27:22,4cb50210-82c0-4f50-874a-814ba0fb37a9,1,👕 Male S,19%,20.00,16.81,3.19,20.00,16.81,3.19,200.00,168.10,31.90,CC
        2025-06-14 18:27:22,31e07ea3-57f8-4a2c-abd6-80fac6a737c8,3,👕 Female L,19%,20.00,16.81,3.19,60.00,50.43,9.57,100.00,84.05,15.95,CASH
        2025-06-14 18:27:22,31e07ea3-57f8-4a2c-abd6-80fac6a737c8,2,👕 Female XXL,19%,20.00,16.81,3.19,40.00,33.62,6.38,100.00,84.05,15.95,CASH
        2025-06-14 18:27:22,f60464b7-eee8-47e6-a3a7-0639bbd8faf0,2,👕 Female S,19%,20.00,16.81,3.19,40.00,33.62,6.38,80.00,67.24,12.76,CASH
        2025-06-14 18:27:22,f60464b7-eee8-47e6-a3a7-0639bbd8faf0,2,👕 Male S,19%,20.00,16.81,3.19,40.00,33.62,6.38,80.00,67.24,12.76,CASH
        2025-06-14 18:27:22,bf396cc1-89b2-461b-bfc9-494021d28aa5,3,🎟️ Prepaid,0%,0.00,0.00,0.00,0.00,0.00,0.00,102.00,85.73,16.27,CC
        2025-06-14 18:27:22,bf396cc1-89b2-461b-bfc9-494021d28aa5,2,☕ Coffee Mug,19%,1.00,0.84,0.16,2.00,1.68,0.32,102.00,85.73,16.27,CC
        2025-06-14 18:27:22,bf396cc1-89b2-461b-bfc9-494021d28aa5,2,👕 Female L,19%,20.00,16.81,3.19,40.00,33.62,6.38,102.00,85.73,16.27,CC
        2025-06-14 18:27:22,bf396cc1-89b2-461b-bfc9-494021d28aa5,3,👕 Female S,19%,20.00,16.81,3.19,60.00,50.43,9.57,102.00,85.73,16.27,CC
        2025-06-14 18:27:22,91fcd827-69f9-4e7c-b529-e4237a27df0f,2,🎟️ Prepaid,0%,0.00,0.00,0.00,0.00,0.00,0.00,100.00,84.05,15.95,CC
        2025-06-14 18:27:22,91fcd827-69f9-4e7c-b529-e4237a27df0f,3,👕 Male L,19%,20.00,16.81,3.19,60.00,50.43,9.57,100.00,84.05,15.95,CC
        2025-06-14 18:27:22,91fcd827-69f9-4e7c-b529-e4237a27df0f,2,👕 Female M,19%,20.00,16.81,3.19,40.00,33.62,6.38,100.00,84.05,15.95,CC
        2025-06-14 18:27:22,780429e0-8146-4077-840d-2c9917dafde8,1,👕 Female S,19%,20.00,16.81,3.19,20.00,16.81,3.19,200.00,168.10,31.90,CC
        2025-06-14 18:27:22,780429e0-8146-4077-840d-2c9917dafde8,3,👕 Female L,19%,20.00,16.81,3.19,60.00,50.43,9.57,200.00,168.10,31.90,CC
        2025-06-14 18:27:22,780429e0-8146-4077-840d-2c9917dafde8,1,👕 Male S,19%,20.00,16.81,3.19,20.00,16.81,3.19,200.00,168.10,31.90,CC
        2025-06-14 18:27:22,780429e0-8146-4077-840d-2c9917dafde8,3,👕 Male XL,19%,20.00,16.81,3.19,60.00,50.43,9.57,200.00,168.10,31.90,CC
        2025-06-14 18:27:22,780429e0-8146-4077-840d-2c9917dafde8,2,👕 Male L,19%,20.00,16.81,3.19,40.00,33.62,6.38,200.00,168.10,31.90,CC
        2025-06-14 18:27:22,d91430a2-4a1b-4a0e-a313-8f8c1843e43c,2,👕 Male XXL,19%,20.00,16.81,3.19,40.00,33.62,6.38,140.00,117.67,22.33,CASH
        2025-06-14 18:27:22,d91430a2-4a1b-4a0e-a313-8f8c1843e43c,3,👕 Female M,19%,20.00,16.81,3.19,60.00,50.43,9.57,140.00,117.67,22.33,CASH
        2025-06-14 18:27:22,d91430a2-4a1b-4a0e-a313-8f8c1843e43c,2,👕 Female M,19%,20.00,16.81,3.19,40.00,33.62,6.38,140.00,117.67,22.33,CASH
        2025-06-14 18:27:22,2d7977a7-313c-42a3-abd8-9ff853865f18,2,👕 Male XL,19%,20.00,16.81,3.19,40.00,33.62,6.38,120.00,100.86,19.14,CC
        2025-06-14 18:27:22,2d7977a7-313c-42a3-abd8-9ff853865f18,1,👕 Female S,19%,20.00,16.81,3.19,20.00,16.81,3.19,120.00,100.86,19.14,CC
        2025-06-14 18:27:22,2d7977a7-313c-42a3-abd8-9ff853865f18,3,👕 Male 4XL,19%,20.00,16.81,3.19,60.00,50.43,9.57,120.00,100.86,19.14,CC
        2025-06-14 18:27:22,09eb4373-8db8-4146-a760-bf59dc2459c0,3,👕 Female XXL,19%,20.00,16.81,3.19,60.00,50.43,9.57,60.00,50.43,9.57,CASH
        2025-06-14 18:27:22,e91d84bc-af04-4c73-861a-9834502a4a6b,1,👕 Female XL,19%,20.00,16.81,3.19,20.00,16.81,3.19,20.00,16.81,3.19,CASH
        2025-06-14 18:27:22,d5ca0d12-ff8f-4130-bcc6-012129a9af3e,2,👕 Male S,19%,20.00,16.81,3.19,40.00,33.62,6.38,60.00,50.43,9.57,CC
        2025-06-14 18:27:22,d5ca0d12-ff8f-4130-bcc6-012129a9af3e,1,🎟️ Prepaid,0%,0.00,0.00,0.00,0.00,0.00,0.00,60.00,50.43,9.57,CC
        2025-06-14 18:27:22,d5ca0d12-ff8f-4130-bcc6-012129a9af3e,1,👕 Female M,19%,20.00,16.81,3.19,20.00,16.81,3.19,60.00,50.43,9.57,CC
        2025-06-14 18:27:22,22ebdcfa-c86f-43d7-9159-34046725a34b,1,👕 Female XXL,19%,20.00,16.81,3.19,20.00,16.81,3.19,20.00,16.81,3.19,CASH
        2025-06-14 18:27:22,65d1fd96-5911-43c2-9eb8-b61e963f4de5,3,👕 Female L,19%,20.00,16.81,3.19,60.00,50.43,9.57,140.00,117.67,22.33,CC
        2025-06-14 18:27:22,65d1fd96-5911-43c2-9eb8-b61e963f4de5,1,👕 Female L,19%,20.00,16.81,3.19,20.00,16.81,3.19,140.00,117.67,22.33,CC
        2025-06-14 18:27:22,65d1fd96-5911-43c2-9eb8-b61e963f4de5,3,👕 Male XL,19%,20.00,16.81,3.19,60.00,50.43,9.57,140.00,117.67,22.33,CC
        2025-06-14 18:27:22,0b2a38e8-fe28-4fc0-bca2-62bcc8dcf76c,2,👕 Male 4XL,19%,20.00,16.81,3.19,40.00,33.62,6.38,40.00,33.62,6.38,CC
        2025-06-14 18:27:22,64034a23-fec3-48e5-bbca-2792a2020d51,2,👕 Male 4XL,19%,20.00,16.81,3.19,40.00,33.62,6.38,80.00,67.24,12.76,CC
        2025-06-14 18:27:22,64034a23-fec3-48e5-bbca-2792a2020d51,2,👕 Female S,19%,20.00,16.81,3.19,40.00,33.62,6.38,80.00,67.24,12.76,CC
        2025-06-14 18:27:22,c33fbd27-48c3-4543-82f6-519e44a02bac,1,👕 Female M,19%,20.00,16.81,3.19,20.00,16.81,3.19,120.00,100.86,19.14,CASH
        2025-06-14 18:27:22,c33fbd27-48c3-4543-82f6-519e44a02bac,2,👕 Male L,19%,20.00,16.81,3.19,40.00,33.62,6.38,120.00,100.86,19.14,CASH
        2025-06-14 18:27:22,c33fbd27-48c3-4543-82f6-519e44a02bac,3,👕 Male 4XL,19%,20.00,16.81,3.19,60.00,50.43,9.57,120.00,100.86,19.14,CASH
        2025-06-14 18:27:22,43e0933b-bf57-420c-a49d-8c5471294501,3,👕 Male S,19%,20.00,16.81,3.19,60.00,50.43,9.57,120.00,100.86,19.14,CC
        2025-06-14 18:27:22,43e0933b-bf57-420c-a49d-8c5471294501,3,👕 Female S,19%,20.00,16.81,3.19,60.00,50.43,9.57,120.00,100.86,19.14,CC
        2025-06-14 18:27:22,43e0933b-bf57-420c-a49d-8c5471294501,1,🎟️ Prepaid,0%,0.00,0.00,0.00,0.00,0.00,0.00,120.00,100.86,19.14,CC
        2025-06-14 18:27:22,17d6001b-8ab6-4d22-a572-1cee024862ab,1,🎟️ Prepaid,0%,0.00,0.00,0.00,0.00,0.00,0.00,22.00,18.49,3.51,CC
        2025-06-14 18:27:22,17d6001b-8ab6-4d22-a572-1cee024862ab,1,👕 Male XXL,19%,20.00,16.81,3.19,20.00,16.81,3.19,22.00,18.49,3.51,CC
        2025-06-14 18:27:22,17d6001b-8ab6-4d22-a572-1cee024862ab,2,☕ Coffee Mug,19%,1.00,0.84,0.16,2.00,1.68,0.32,22.00,18.49,3.51,CC
        2025-06-14 18:27:22,aff5992f-7ec2-4ee2-81cf-2ee425c03edd,1,👕 Male XL,19%,20.00,16.81,3.19,20.00,16.81,3.19,100.00,84.05,15.95,CC
        2025-06-14 18:27:22,aff5992f-7ec2-4ee2-81cf-2ee425c03edd,2,👕 Female XL,19%,20.00,16.81,3.19,40.00,33.62,6.38,100.00,84.05,15.95,CC
        2025-06-14 18:27:22,aff5992f-7ec2-4ee2-81cf-2ee425c03edd,2,👕 Female M,19%,20.00,16.81,3.19,40.00,33.62,6.38,100.00,84.05,15.95,CC
        2025-06-14 18:27:22,368cdbc6-7e5f-4ca0-8cee-1e14e1db0b99,1,🎟️ Prepaid,0%,0.00,0.00,0.00,0.00,0.00,0.00,103.00,86.57,16.43,CASH
        2025-06-14 18:27:22,368cdbc6-7e5f-4ca0-8cee-1e14e1db0b99,3,👕 Male S,19%,20.00,16.81,3.19,60.00,50.43,9.57,103.00,86.57,16.43,CASH
        2025-06-14 18:27:22,368cdbc6-7e5f-4ca0-8cee-1e14e1db0b99,3,☕ Coffee Mug,19%,1.00,0.84,0.16,3.00,2.52,0.48,103.00,86.57,16.43,CASH
        2025-06-14 18:27:22,368cdbc6-7e5f-4ca0-8cee-1e14e1db0b99,2,👕 Female M,19%,20.00,16.81,3.19,40.00,33.62,6.38,103.00,86.57,16.43,CASH
        2025-06-14 18:27:22,4dc63e1f-425e-47e1-ac61-099842baeaba,3,👕 Male XXL,19%,20.00,16.81,3.19,60.00,50.43,9.57,60.00,50.43,9.57,CASH
        2025-06-14 18:27:22,7c297e46-8030-497e-b67c-07ba82fc543f,2,👕 Female S,19%,20.00,16.81,3.19,40.00,33.62,6.38,80.00,67.24,12.76,CASH
        2025-06-14 18:27:22,7c297e46-8030-497e-b67c-07ba82fc543f,1,👕 Male 4XL,19%,20.00,16.81,3.19,20.00,16.81,3.19,80.00,67.24,12.76,CASH
        2025-06-14 18:27:22,7c297e46-8030-497e-b67c-07ba82fc543f,1,👕 Male M,19%,20.00,16.81,3.19,20.00,16.81,3.19,80.00,67.24,12.76,CASH
        2025-06-14 18:27:22,1df86102-a363-443f-964c-71173d67ab25,3,👕 Male XL,19%,20.00,16.81,3.19,60.00,50.43,9.57,60.00,50.43,9.57,CASH
        2025-06-14 18:27:22,14b1dd42-0f67-4b3b-8ffc-456504ab652b,2,👕 Male XXL,19%,20.00,16.81,3.19,40.00,33.62,6.38,62.00,52.11,9.89,CASH
        2025-06-14 18:27:22,14b1dd42-0f67-4b3b-8ffc-456504ab652b,2,☕ Coffee Mug,19%,1.00,0.84,0.16,2.00,1.68,0.32,62.00,52.11,9.89,CASH
        2025-06-14 18:27:22,14b1dd42-0f67-4b3b-8ffc-456504ab652b,1,👕 Female L,19%,20.00,16.81,3.19,20.00,16.81,3.19,62.00,52.11,9.89,CASH
        2025-06-14 18:27:22,3be57dcf-b7e4-4e25-a4ba-f6b64aa45c33,1,👕 Male 4XL,19%,20.00,16.81,3.19,20.00,16.81,3.19,40.00,33.62,6.38,CC
        2025-06-14 18:27:22,3be57dcf-b7e4-4e25-a4ba-f6b64aa45c33,1,👕 Male XL,19%,20.00,16.81,3.19,20.00,16.81,3.19,40.00,33.62,6.38,CC
        2025-06-14 18:27:22,1f58e8fb-b275-48f7-9770-beebf3c070f1,2,☕ Coffee Mug,19%,1.00,0.84,0.16,2.00,1.68,0.32,85.00,71.44,13.56,CASH
        2025-06-14 18:27:22,1f58e8fb-b275-48f7-9770-beebf3c070f1,1,👕 Male L,19%,20.00,16.81,3.19,20.00,16.81,3.19,85.00,71.44,13.56,CASH
        2025-06-14 18:27:22,1f58e8fb-b275-48f7-9770-beebf3c070f1,3,☕ Coffee Mug,19%,1.00,0.84,0.16,3.00,2.52,0.48,85.00,71.44,13.56,CASH
        2025-06-14 18:27:22,1f58e8fb-b275-48f7-9770-beebf3c070f1,3,👕 Male M,19%,20.00,16.81,3.19,60.00,50.43,9.57,85.00,71.44,13.56,CASH
        2025-06-14 18:27:22,08addd76-cfa3-4519-92e6-14efd315201d,2,👕 Male M,19%,20.00,16.81,3.19,40.00,33.62,6.38,102.00,85.73,16.27,CASH
        2025-06-14 18:27:22,08addd76-cfa3-4519-92e6-14efd315201d,2,☕ Coffee Mug,19%,1.00,0.84,0.16,2.00,1.68,0.32,102.00,85.73,16.27,CASH
        2025-06-14 18:27:22,08addd76-cfa3-4519-92e6-14efd315201d,3,👕 Male L,19%,20.00,16.81,3.19,60.00,50.43,9.57,102.00,85.73,16.27,CASH
--- PASS: TestGetPurchaseExport (0.00s)
=== RUN   TestGetPurchaseExportFilterOnCASH
    printer.go:116: GET /api/v2/purchases/export?paymentMethods=CASH HTTP/1.1
        Authorization: Bearer eyJhbGciOiJIUzI1NiIsInR5cCI6IkpXVCJ9.eyJJRCI6MiwiZXhwIjoxNzQ5OTE5MDQ0LCJvcmlnX2lhdCI6MTc0OTkxODQ0NH0.ZCidgaD-PTq18MdpyLD8KBxvVLxEJYZN5uDZ-M8TgOc
        
2025/06/14 18:27:25 Payment methods filter:  {0 [CASH] 0x1400051d0e0 <nil> <nil> []}
[GIN] 2025/06/14 - 18:27:25 | 200 |     928.458µs |                 | GET      "/api/v2/purchases/export?paymentMethods=CASH"
    printer.go:133: HTTP/0.0 200 OK 942.292µs
        Content-Disposition: attachment; filename="purchases_20250614182725_cash.csv"
        Content-Type: text/csv
        
        Time,Purchase ID,Quantity,Product Name,VAT Rate,Gross Price,Net Price,VAT Amount,Total Gross Price,Total Net Price,Total VAT Amount,Purchase Gross Price,Purchase Net Price,Purchase VAT,Payment Method
        2025-06-14 18:27:22,93e850cf-d71f-46ef-8101-e1821a3b340d,1,👕 Female XL,19%,20.00,16.81,3.19,20.00,16.81,3.19,100.00,84.05,15.95,CASH
        2025-06-14 18:27:22,93e850cf-d71f-46ef-8101-e1821a3b340d,1,👕 Female S,19%,20.00,16.81,3.19,20.00,16.81,3.19,100.00,84.05,15.95,CASH
        2025-06-14 18:27:22,93e850cf-d71f-46ef-8101-e1821a3b340d,3,👕 Female XL,19%,20.00,16.81,3.19,60.00,50.43,9.57,100.00,84.05,15.95,CASH
        2025-06-14 18:27:22,40dde6ca-f58d-40ed-acb8-c88d4917fab8,3,☕ Coffee Mug,19%,1.00,0.84,0.16,3.00,2.52,0.48,3.00,2.52,0.48,CASH
        2025-06-14 18:27:22,31e07ea3-57f8-4a2c-abd6-80fac6a737c8,3,👕 Female L,19%,20.00,16.81,3.19,60.00,50.43,9.57,100.00,84.05,15.95,CASH
        2025-06-14 18:27:22,31e07ea3-57f8-4a2c-abd6-80fac6a737c8,2,👕 Female XXL,19%,20.00,16.81,3.19,40.00,33.62,6.38,100.00,84.05,15.95,CASH
        2025-06-14 18:27:22,f60464b7-eee8-47e6-a3a7-0639bbd8faf0,2,👕 Female S,19%,20.00,16.81,3.19,40.00,33.62,6.38,80.00,67.24,12.76,CASH
        2025-06-14 18:27:22,f60464b7-eee8-47e6-a3a7-0639bbd8faf0,2,👕 Male S,19%,20.00,16.81,3.19,40.00,33.62,6.38,80.00,67.24,12.76,CASH
        2025-06-14 18:27:22,d91430a2-4a1b-4a0e-a313-8f8c1843e43c,2,👕 Male XXL,19%,20.00,16.81,3.19,40.00,33.62,6.38,140.00,117.67,22.33,CASH
        2025-06-14 18:27:22,d91430a2-4a1b-4a0e-a313-8f8c1843e43c,3,👕 Female M,19%,20.00,16.81,3.19,60.00,50.43,9.57,140.00,117.67,22.33,CASH
        2025-06-14 18:27:22,d91430a2-4a1b-4a0e-a313-8f8c1843e43c,2,👕 Female M,19%,20.00,16.81,3.19,40.00,33.62,6.38,140.00,117.67,22.33,CASH
        2025-06-14 18:27:22,09eb4373-8db8-4146-a760-bf59dc2459c0,3,👕 Female XXL,19%,20.00,16.81,3.19,60.00,50.43,9.57,60.00,50.43,9.57,CASH
        2025-06-14 18:27:22,e91d84bc-af04-4c73-861a-9834502a4a6b,1,👕 Female XL,19%,20.00,16.81,3.19,20.00,16.81,3.19,20.00,16.81,3.19,CASH
        2025-06-14 18:27:22,22ebdcfa-c86f-43d7-9159-34046725a34b,1,👕 Female XXL,19%,20.00,16.81,3.19,20.00,16.81,3.19,20.00,16.81,3.19,CASH
        2025-06-14 18:27:22,c33fbd27-48c3-4543-82f6-519e44a02bac,1,👕 Female M,19%,20.00,16.81,3.19,20.00,16.81,3.19,120.00,100.86,19.14,CASH
        2025-06-14 18:27:22,c33fbd27-48c3-4543-82f6-519e44a02bac,2,👕 Male L,19%,20.00,16.81,3.19,40.00,33.62,6.38,120.00,100.86,19.14,CASH
        2025-06-14 18:27:22,c33fbd27-48c3-4543-82f6-519e44a02bac,3,👕 Male 4XL,19%,20.00,16.81,3.19,60.00,50.43,9.57,120.00,100.86,19.14,CASH
        2025-06-14 18:27:22,368cdbc6-7e5f-4ca0-8cee-1e14e1db0b99,1,🎟️ Prepaid,0%,0.00,0.00,0.00,0.00,0.00,0.00,103.00,86.57,16.43,CASH
        2025-06-14 18:27:22,368cdbc6-7e5f-4ca0-8cee-1e14e1db0b99,3,👕 Male S,19%,20.00,16.81,3.19,60.00,50.43,9.57,103.00,86.57,16.43,CASH
        2025-06-14 18:27:22,368cdbc6-7e5f-4ca0-8cee-1e14e1db0b99,3,☕ Coffee Mug,19%,1.00,0.84,0.16,3.00,2.52,0.48,103.00,86.57,16.43,CASH
        2025-06-14 18:27:22,368cdbc6-7e5f-4ca0-8cee-1e14e1db0b99,2,👕 Female M,19%,20.00,16.81,3.19,40.00,33.62,6.38,103.00,86.57,16.43,CASH
        2025-06-14 18:27:22,4dc63e1f-425e-47e1-ac61-099842baeaba,3,👕 Male XXL,19%,20.00,16.81,3.19,60.00,50.43,9.57,60.00,50.43,9.57,CASH
        2025-06-14 18:27:22,7c297e46-8030-497e-b67c-07ba82fc543f,2,👕 Female S,19%,20.00,16.81,3.19,40.00,33.62,6.38,80.00,67.24,12.76,CASH
        2025-06-14 18:27:22,7c297e46-8030-497e-b67c-07ba82fc543f,1,👕 Male 4XL,19%,20.00,16.81,3.19,20.00,16.81,3.19,80.00,67.24,12.76,CASH
        2025-06-14 18:27:22,7c297e46-8030-497e-b67c-07ba82fc543f,1,👕 Male M,19%,20.00,16.81,3.19,20.00,16.81,3.19,80.00,67.24,12.76,CASH
        2025-06-14 18:27:22,1df86102-a363-443f-964c-71173d67ab25,3,👕 Male XL,19%,20.00,16.81,3.19,60.00,50.43,9.57,60.00,50.43,9.57,CASH
        2025-06-14 18:27:22,14b1dd42-0f67-4b3b-8ffc-456504ab652b,2,👕 Male XXL,19%,20.00,16.81,3.19,40.00,33.62,6.38,62.00,52.11,9.89,CASH
        2025-06-14 18:27:22,14b1dd42-0f67-4b3b-8ffc-456504ab652b,2,☕ Coffee Mug,19%,1.00,0.84,0.16,2.00,1.68,0.32,62.00,52.11,9.89,CASH
        2025-06-14 18:27:22,14b1dd42-0f67-4b3b-8ffc-456504ab652b,1,👕 Female L,19%,20.00,16.81,3.19,20.00,16.81,3.19,62.00,52.11,9.89,CASH
        2025-06-14 18:27:22,1f58e8fb-b275-48f7-9770-beebf3c070f1,2,☕ Coffee Mug,19%,1.00,0.84,0.16,2.00,1.68,0.32,85.00,71.44,13.56,CASH
        2025-06-14 18:27:22,1f58e8fb-b275-48f7-9770-beebf3c070f1,1,👕 Male L,19%,20.00,16.81,3.19,20.00,16.81,3.19,85.00,71.44,13.56,CASH
        2025-06-14 18:27:22,1f58e8fb-b275-48f7-9770-beebf3c070f1,3,☕ Coffee Mug,19%,1.00,0.84,0.16,3.00,2.52,0.48,85.00,71.44,13.56,CASH
        2025-06-14 18:27:22,1f58e8fb-b275-48f7-9770-beebf3c070f1,3,👕 Male M,19%,20.00,16.81,3.19,60.00,50.43,9.57,85.00,71.44,13.56,CASH
        2025-06-14 18:27:22,08addd76-cfa3-4519-92e6-14efd315201d,2,👕 Male M,19%,20.00,16.81,3.19,40.00,33.62,6.38,102.00,85.73,16.27,CASH
        2025-06-14 18:27:22,08addd76-cfa3-4519-92e6-14efd315201d,2,☕ Coffee Mug,19%,1.00,0.84,0.16,2.00,1.68,0.32,102.00,85.73,16.27,CASH
        2025-06-14 18:27:22,08addd76-cfa3-4519-92e6-14efd315201d,3,👕 Male L,19%,20.00,16.81,3.19,60.00,50.43,9.57,102.00,85.73,16.27,CASH
--- PASS: TestGetPurchaseExportFilterOnCASH (0.00s)
=== RUN   TestGetPurchaseExportFilterOnCC
    printer.go:116: GET /api/v2/purchases/export?paymentMethods=CC HTTP/1.1
        Authorization: Bearer eyJhbGciOiJIUzI1NiIsInR5cCI6IkpXVCJ9.eyJJRCI6MiwiZXhwIjoxNzQ5OTE5MDQ0LCJvcmlnX2lhdCI6MTc0OTkxODQ0NH0.ZCidgaD-PTq18MdpyLD8KBxvVLxEJYZN5uDZ-M8TgOc
        
2025/06/14 18:27:25 Payment methods filter:  {0 [CC] 0x14000552970 <nil> <nil> []}
[GIN] 2025/06/14 - 18:27:25 | 200 |     887.875µs |                 | GET      "/api/v2/purchases/export?paymentMethods=CC"
    printer.go:133: HTTP/0.0 200 OK 901.541µs
        Content-Disposition: attachment; filename="purchases_20250614182725_cc.csv"
        Content-Type: text/csv
        
        Time,Purchase ID,Quantity,Product Name,VAT Rate,Gross Price,Net Price,VAT Amount,Total Gross Price,Total Net Price,Total VAT Amount,Purchase Gross Price,Purchase Net Price,Purchase VAT,Payment Method
        2025-06-14 18:27:22,4cb50210-82c0-4f50-874a-814ba0fb37a9,3,👕 Male S,19%,20.00,16.81,3.19,60.00,50.43,9.57,200.00,168.10,31.90,CC
        2025-06-14 18:27:22,4cb50210-82c0-4f50-874a-814ba0fb37a9,3,👕 Female L,19%,20.00,16.81,3.19,60.00,50.43,9.57,200.00,168.10,31.90,CC
        2025-06-14 18:27:22,4cb50210-82c0-4f50-874a-814ba0fb37a9,3,👕 Male XXL,19%,20.00,16.81,3.19,60.00,50.43,9.57,200.00,168.10,31.90,CC
        2025-06-14 18:27:22,4cb50210-82c0-4f50-874a-814ba0fb37a9,1,👕 Male S,19%,20.00,16.81,3.19,20.00,16.81,3.19,200.00,168.10,31.90,CC
        2025-06-14 18:27:22,bf396cc1-89b2-461b-bfc9-494021d28aa5,3,🎟️ Prepaid,0%,0.00,0.00,0.00,0.00,0.00,0.00,102.00,85.73,16.27,CC
        2025-06-14 18:27:22,bf396cc1-89b2-461b-bfc9-494021d28aa5,2,☕ Coffee Mug,19%,1.00,0.84,0.16,2.00,1.68,0.32,102.00,85.73,16.27,CC
        2025-06-14 18:27:22,bf396cc1-89b2-461b-bfc9-494021d28aa5,2,👕 Female L,19%,20.00,16.81,3.19,40.00,33.62,6.38,102.00,85.73,16.27,CC
        2025-06-14 18:27:22,bf396cc1-89b2-461b-bfc9-494021d28aa5,3,👕 Female S,19%,20.00,16.81,3.19,60.00,50.43,9.57,102.00,85.73,16.27,CC
        2025-06-14 18:27:22,91fcd827-69f9-4e7c-b529-e4237a27df0f,2,🎟️ Prepaid,0%,0.00,0.00,0.00,0.00,0.00,0.00,100.00,84.05,15.95,CC
        2025-06-14 18:27:22,91fcd827-69f9-4e7c-b529-e4237a27df0f,3,👕 Male L,19%,20.00,16.81,3.19,60.00,50.43,9.57,100.00,84.05,15.95,CC
        2025-06-14 18:27:22,91fcd827-69f9-4e7c-b529-e4237a27df0f,2,👕 Female M,19%,20.00,16.81,3.19,40.00,33.62,6.38,100.00,84.05,15.95,CC
        2025-06-14 18:27:22,780429e0-8146-4077-840d-2c9917dafde8,1,👕 Female S,19%,20.00,16.81,3.19,20.00,16.81,3.19,200.00,168.10,31.90,CC
        2025-06-14 18:27:22,780429e0-8146-4077-840d-2c9917dafde8,3,👕 Female L,19%,20.00,16.81,3.19,60.00,50.43,9.57,200.00,168.10,31.90,CC
        2025-06-14 18:27:22,780429e0-8146-4077-840d-2c9917dafde8,1,👕 Male S,19%,20.00,16.81,3.19,20.00,16.81,3.19,200.00,168.10,31.90,CC
        2025-06-14 18:27:22,780429e0-8146-4077-840d-2c9917dafde8,3,👕 Male XL,19%,20.00,16.81,3.19,60.00,50.43,9.57,200.00,168.10,31.90,CC
        2025-06-14 18:27:22,780429e0-8146-4077-840d-2c9917dafde8,2,👕 Male L,19%,20.00,16.81,3.19,40.00,33.62,6.38,200.00,168.10,31.90,CC
        2025-06-14 18:27:22,2d7977a7-313c-42a3-abd8-9ff853865f18,2,👕 Male XL,19%,20.00,16.81,3.19,40.00,33.62,6.38,120.00,100.86,19.14,CC
        2025-06-14 18:27:22,2d7977a7-313c-42a3-abd8-9ff853865f18,1,👕 Female S,19%,20.00,16.81,3.19,20.00,16.81,3.19,120.00,100.86,19.14,CC
        2025-06-14 18:27:22,2d7977a7-313c-42a3-abd8-9ff853865f18,3,👕 Male 4XL,19%,20.00,16.81,3.19,60.00,50.43,9.57,120.00,100.86,19.14,CC
        2025-06-14 18:27:22,d5ca0d12-ff8f-4130-bcc6-012129a9af3e,2,👕 Male S,19%,20.00,16.81,3.19,40.00,33.62,6.38,60.00,50.43,9.57,CC
        2025-06-14 18:27:22,d5ca0d12-ff8f-4130-bcc6-012129a9af3e,1,🎟️ Prepaid,0%,0.00,0.00,0.00,0.00,0.00,0.00,60.00,50.43,9.57,CC
        2025-06-14 18:27:22,d5ca0d12-ff8f-4130-bcc6-012129a9af3e,1,👕 Female M,19%,20.00,16.81,3.19,20.00,16.81,3.19,60.00,50.43,9.57,CC
        2025-06-14 18:27:22,65d1fd96-5911-43c2-9eb8-b61e963f4de5,3,👕 Female L,19%,20.00,16.81,3.19,60.00,50.43,9.57,140.00,117.67,22.33,CC
        2025-06-14 18:27:22,65d1fd96-5911-43c2-9eb8-b61e963f4de5,1,👕 Female L,19%,20.00,16.81,3.19,20.00,16.81,3.19,140.00,117.67,22.33,CC
        2025-06-14 18:27:22,65d1fd96-5911-43c2-9eb8-b61e963f4de5,3,👕 Male XL,19%,20.00,16.81,3.19,60.00,50.43,9.57,140.00,117.67,22.33,CC
        2025-06-14 18:27:22,0b2a38e8-fe28-4fc0-bca2-62bcc8dcf76c,2,👕 Male 4XL,19%,20.00,16.81,3.19,40.00,33.62,6.38,40.00,33.62,6.38,CC
        2025-06-14 18:27:22,64034a23-fec3-48e5-bbca-2792a2020d51,2,👕 Male 4XL,19%,20.00,16.81,3.19,40.00,33.62,6.38,80.00,67.24,12.76,CC
        2025-06-14 18:27:22,64034a23-fec3-48e5-bbca-2792a2020d51,2,👕 Female S,19%,20.00,16.81,3.19,40.00,33.62,6.38,80.00,67.24,12.76,CC
        2025-06-14 18:27:22,43e0933b-bf57-420c-a49d-8c5471294501,3,👕 Male S,19%,20.00,16.81,3.19,60.00,50.43,9.57,120.00,100.86,19.14,CC
        2025-06-14 18:27:22,43e0933b-bf57-420c-a49d-8c5471294501,3,👕 Female S,19%,20.00,16.81,3.19,60.00,50.43,9.57,120.00,100.86,19.14,CC
        2025-06-14 18:27:22,43e0933b-bf57-420c-a49d-8c5471294501,1,🎟️ Prepaid,0%,0.00,0.00,0.00,0.00,0.00,0.00,120.00,100.86,19.14,CC
        2025-06-14 18:27:22,17d6001b-8ab6-4d22-a572-1cee024862ab,1,🎟️ Prepaid,0%,0.00,0.00,0.00,0.00,0.00,0.00,22.00,18.49,3.51,CC
        2025-06-14 18:27:22,17d6001b-8ab6-4d22-a572-1cee024862ab,1,👕 Male XXL,19%,20.00,16.81,3.19,20.00,16.81,3.19,22.00,18.49,3.51,CC
        2025-06-14 18:27:22,17d6001b-8ab6-4d22-a572-1cee024862ab,2,☕ Coffee Mug,19%,1.00,0.84,0.16,2.00,1.68,0.32,22.00,18.49,3.51,CC
        2025-06-14 18:27:22,aff5992f-7ec2-4ee2-81cf-2ee425c03edd,1,👕 Male XL,19%,20.00,16.81,3.19,20.00,16.81,3.19,100.00,84.05,15.95,CC
        2025-06-14 18:27:22,aff5992f-7ec2-4ee2-81cf-2ee425c03edd,2,👕 Female XL,19%,20.00,16.81,3.19,40.00,33.62,6.38,100.00,84.05,15.95,CC
        2025-06-14 18:27:22,aff5992f-7ec2-4ee2-81cf-2ee425c03edd,2,👕 Female M,19%,20.00,16.81,3.19,40.00,33.62,6.38,100.00,84.05,15.95,CC
        2025-06-14 18:27:22,3be57dcf-b7e4-4e25-a4ba-f6b64aa45c33,1,👕 Male 4XL,19%,20.00,16.81,3.19,20.00,16.81,3.19,40.00,33.62,6.38,CC
        2025-06-14 18:27:22,3be57dcf-b7e4-4e25-a4ba-f6b64aa45c33,1,👕 Male XL,19%,20.00,16.81,3.19,20.00,16.81,3.19,40.00,33.62,6.38,CC
--- PASS: TestGetPurchaseExportFilterOnCC (0.00s)
=== RUN   TestPurchaseStats
    printer.go:116: GET /api/v2/purchases/stats HTTP/1.1
        
[GIN] 2025/06/14 - 18:27:25 | 200 |      65.041µs |                 | GET      "/api/v2/purchases/stats"
    printer.go:133: HTTP/0.0 200 OK 69.584µs
        Access-Control-Allow-Origin: *
        Content-Type: application/json; charset=utf-8
        
        {"stats":[{"ProductID":4,"Quantity":9,"Name":"🎟️ Prepaid"}],"totalQuantity":9}
    printer.go:116: POST /api/v2/purchases HTTP/1.1
        Authorization: Bearer eyJhbGciOiJIUzI1NiIsInR5cCI6IkpXVCJ9.eyJJRCI6MiwiZXhwIjoxNzQ5OTE5MDQ0LCJvcmlnX2lhdCI6MTc0OTkxODQ0NH0.ZCidgaD-PTq18MdpyLD8KBxvVLxEJYZN5uDZ-M8TgOc
        Content-Type: application/json; charset=utf-8
        
        {"cart":[{"ID":1,"listItems":[],"netPrice":"37.38","quantity":1}],"paymentMethod":"CASH","totalGrossPrice":"40","totalNetPrice":"37.38"}
we are here
we are done here
[GIN] 2025/06/14 - 18:27:25 | 201 |     738.792µs |                 | POST     "/api/v2/purchases"
    printer.go:133: HTTP/0.0 201 Created 745.792µs
        Content-Type: application/json; charset=utf-8
        
        {"id":"d64d6412-bd0a-4911-a7a6-63dbe96d0335","createdAt":"2025-06-14T18:27:25.805069+02:00","createdById":2,"createdBy":null,"paymentMethod":"CASH","totalNetPrice":"37.38","sumupTransactionId":"00000000-0000-0000-0000-000000000000","sumupClientTransactionId":"00000000-0000-0000-0000-000000000000","totalGrossPrice":"40","totalVatAmount":"2.62","purchaseItems":[{"id":77,"purchaseID":"d64d6412-bd0a-4911-a7a6-63dbe96d0335","productID":1,"product":{"id":1,"name":"🎟️ Regular","netPrice":"37.38","grossPrice":"40","vatRate":"7","vatAmount":"2.62","wrapAfter":false,"hidden":false,"soldOut":false,"apiExport":true,"pos":1,"totalStock":0,"unitsSold":0,"soldOutRequestCount":0,"guestlists":null},"quantity":1,"netPrice":"37.38","grossPrice":"40","vatRate":"7","vatAmount":"2.62","totalNetPrice":"37.38","totalGrossPrice":"40","totalVatAmount":"2.62"}],"status":"confirmed"}
Purchase response: map[createdAt:2025-06-14T18:27:25.805069+02:00 createdBy:<nil> createdById:%!s(float64=2) id:d64d6412-bd0a-4911-a7a6-63dbe96d0335 paymentMethod:CASH purchaseItems:[map[grossPrice:40 id:%!s(float64=77) netPrice:37.38 product:map[apiExport:%!s(bool=true) grossPrice:40 guestlists:<nil> hidden:%!s(bool=false) id:%!s(float64=1) name:🎟️ Regular netPrice:37.38 pos:%!s(float64=1) soldOut:%!s(bool=false) soldOutRequestCount:%!s(float64=0) totalStock:%!s(float64=0) unitsSold:%!s(float64=0) vatAmount:2.62 vatRate:7 wrapAfter:%!s(bool=false)] productID:%!s(float64=1) purchaseID:d64d6412-bd0a-4911-a7a6-63dbe96d0335 quantity:%!s(float64=1) totalGrossPrice:40 totalNetPrice:37.38 totalVatAmount:2.62 vatAmount:2.62 vatRate:7]] status:confirmed sumupClientTransactionId:00000000-0000-0000-0000-000000000000 sumupTransactionId:00000000-0000-0000-0000-000000000000 totalGrossPrice:40 totalNetPrice:37.38 totalVatAmount:2.62]
    printer.go:116: GET /api/v2/purchases/stats HTTP/1.1
        
[GIN] 2025/06/14 - 18:27:25 | 200 |      42.417µs |                 | GET      "/api/v2/purchases/stats"
    printer.go:133: HTTP/0.0 200 OK 49.917µs
        Access-Control-Allow-Origin: *
        Content-Type: application/json; charset=utf-8
        
        {"stats":[{"ProductID":1,"Quantity":1,"Name":"🎟️ Regular"},{"ProductID":4,"Quantity":9,"Name":"🎟️ Prepaid"}],"totalQuantity":10}
    printer.go:116: DELETE /api/v2/purchases/d64d6412-bd0a-4911-a7a6-63dbe96d0335 HTTP/1.1
        Authorization: Bearer eyJhbGciOiJIUzI1NiIsInR5cCI6IkpXVCJ9.eyJJRCI6MiwiZXhwIjoxNzQ5OTE5MDQ0LCJvcmlnX2lhdCI6MTc0OTkxODQ0NH0.ZCidgaD-PTq18MdpyLD8KBxvVLxEJYZN5uDZ-M8TgOc
        
[GIN] 2025/06/14 - 18:27:25 | 204 |     599.416µs |                 | DELETE   "/api/v2/purchases/d64d6412-bd0a-4911-a7a6-63dbe96d0335"
    printer.go:133: HTTP/0.0 204 No Content 606.959µs
        
--- PASS: TestPurchaseStats (0.00s)
=== RUN   TestGetPurchasesList
    printer.go:116: GET /api/v2/purchases HTTP/1.1
        Authorization: Bearer eyJhbGciOiJIUzI1NiIsInR5cCI6IkpXVCJ9.eyJJRCI6MiwiZXhwIjoxNzQ5OTE5MDQ0LCJvcmlnX2lhdCI6MTc0OTkxODQ0NH0.ZCidgaD-PTq18MdpyLD8KBxvVLxEJYZN5uDZ-M8TgOc
        
[GIN] 2025/06/14 - 18:27:25 | 200 |    1.069458ms |                 | GET      "/api/v2/purchases"
    printer.go:133: HTTP/0.0 200 OK 1.07475ms
        Content-Type: application/json; charset=utf-8
        X-Total-Count: 29
        
        [{"id":"08addd76-cfa3-4519-92e6-14efd315201d","createdAt":"2025-06-14T18:27:22.580967+02:00","createdById":2,"createdBy":{"id":2,"createdAt":"2025-06-14T18:27:22.567164+02:00","updatedAt":"2025-06-14T18:27:22.567164+02:00","deletedAt":null,"username":"demo","email":"demo@example.com","admin":false},"paymentMethod":"CASH","totalNetPrice":"85.73","sumupTransactionId":"00000000-0000-0000-0000-000000000000","sumupClientTransactionId":"00000000-0000-0000-0000-000000000000","totalGrossPrice":"102","totalVatAmount":"16.27","purchaseItems":[{"id":73,"purchaseID":"08addd76-cfa3-4519-92e6-14efd315201d","productID":6,"product":{"id":6,"name":"👕 Male M","netPrice":"16.81","grossPrice":"20","vatRate":"19","vatAmount":"3.19","wrapAfter":false,"hidden":false,"soldOut":false,"apiExport":false,"pos":10,"totalStock":7,"unitsSold":0,"soldOutRequestCount":0,"guestlists":null},"quantity":2,"netPrice":"16.81","grossPrice":"20","vatRate":"19","vatAmount":"3.19","totalNetPrice":"33.62","totalGrossPrice":"40","totalVatAmount":"6.38"},{"id":74,"purchaseID":"08addd76-cfa3-4519-92e6-14efd315201d","productID":16,"product":{"id":16,"name":"☕ Coffee Mug","netPrice":"0.84","grossPrice":"1","vatRate":"19","vatAmount":"0.16","wrapAfter":false,"hidden":false,"soldOut":false,"apiExport":false,"pos":30,"totalStock":0,"unitsSold":0,"soldOutRequestCount":0,"guestlists":null},"quantity":2,"netPrice":"0.84","grossPrice":"1","vatRate":"19","vatAmount":"0.16","totalNetPrice":"1.68","totalGrossPrice":"2","totalVatAmount":"0.32"},{"id":75,"purchaseID":"08addd76-cfa3-4519-92e6-14efd315201d","productID":7,"product":{"id":7,"name":"👕 Male L","netPrice":"16.81","grossPrice":"20","vatRate":"19","vatAmount":"3.19","wrapAfter":false,"hidden":false,"soldOut":false,"apiExport":false,"pos":10,"totalStock":27,"unitsSold":0,"soldOutRequestCount":0,"guestlists":null},"quantity":3,"netPrice":"16.81","grossPrice":"20","vatRate":"19","vatAmount":"3.19","totalNetPrice":"50.43","totalGrossPrice":"60","totalVatAmount":"9.57"}],"status":"confirmed"},{"id":"1f58e8fb-b275-48f7-9770-beebf3c070f1","createdAt":"2025-06-14T18:27:22.580898+02:00","createdById":2,"createdBy":{"id":2,"createdAt":"2025-06-14T18:27:22.567164+02:00","updatedAt":"2025-06-14T18:27:22.567164+02:00","deletedAt":null,"username":"demo","email":"demo@example.com","admin":false},"paymentMethod":"CASH","totalNetPrice":"71.44","sumupTransactionId":"00000000-0000-0000-0000-000000000000","sumupClientTransactionId":"00000000-0000-0000-0000-000000000000","totalGrossPrice":"85","totalVatAmount":"13.56","purchaseItems":[{"id":69,"purchaseID":"1f58e8fb-b275-48f7-9770-beebf3c070f1","productID":16,"product":{"id":16,"name":"☕ Coffee Mug","netPrice":"0.84","grossPrice":"1","vatRate":"19","vatAmount":"0.16","wrapAfter":false,"hidden":false,"soldOut":false,"apiExport":false,"pos":30,"totalStock":0,"unitsSold":0,"soldOutRequestCount":0,"guestlists":null},"quantity":2,"netPrice":"0.84","grossPrice":"1","vatRate":"19","vatAmount":"0.16","totalNetPrice":"1.68","totalGrossPrice":"2","totalVatAmount":"0.32"},{"id":70,"purchaseID":"1f58e8fb-b275-48f7-9770-beebf3c070f1","productID":7,"product":{"id":7,"name":"👕 Male L","netPrice":"16.81","grossPrice":"20","vatRate":"19","vatAmount":"3.19","wrapAfter":false,"hidden":false,"soldOut":false,"apiExport":false,"pos":10,"totalStock":27,"unitsSold":0,"soldOutRequestCount":0,"guestlists":null},"quantity":1,"netPrice":"16.81","grossPrice":"20","vatRate":"19","vatAmount":"3.19","totalNetPrice":"16.81","totalGrossPrice":"20","totalVatAmount":"3.19"},{"id":71,"purchaseID":"1f58e8fb-b275-48f7-9770-beebf3c070f1","productID":16,"product":{"id":16,"name":"☕ Coffee Mug","netPrice":"0.84","grossPrice":"1","vatRate":"19","vatAmount":"0.16","wrapAfter":false,"hidden":false,"soldOut":false,"apiExport":false,"pos":30,"totalStock":0,"unitsSold":0,"soldOutRequestCount":0,"guestlists":null},"quantity":3,"netPrice":"0.84","grossPrice":"1","vatRate":"19","vatAmount":"0.16","totalNetPrice":"2.52","totalGrossPrice":"3","totalVatAmount":"0.48"},{"id":72,"purchaseID":"1f58e8fb-b275-48f7-9770-beebf3c070f1","productID":6,"product":{"id":6,"name":"👕 Male M","netPrice":"16.81","grossPrice":"20","vatRate":"19","vatAmount":"3.19","wrapAfter":false,"hidden":false,"soldOut":false,"apiExport":false,"pos":10,"totalStock":7,"unitsSold":0,"soldOutRequestCount":0,"guestlists":null},"quantity":3,"netPrice":"16.81","grossPrice":"20","vatRate":"19","vatAmount":"3.19","totalNetPrice":"50.43","totalGrossPrice":"60","totalVatAmount":"9.57"}],"status":"confirmed"},{"id":"3be57dcf-b7e4-4e25-a4ba-f6b64aa45c33","createdAt":"2025-06-14T18:27:22.580836+02:00","createdById":2,"createdBy":{"id":2,"createdAt":"2025-06-14T18:27:22.567164+02:00","updatedAt":"2025-06-14T18:27:22.567164+02:00","deletedAt":null,"username":"demo","email":"demo@example.com","admin":false},"paymentMethod":"CC","totalNetPrice":"33.62","sumupTransactionId":"00000000-0000-0000-0000-000000000000","sumupClientTransactionId":"00000000-0000-0000-0000-000000000000","totalGrossPrice":"40","totalVatAmount":"6.38","purchaseItems":[{"id":67,"purchaseID":"3be57dcf-b7e4-4e25-a4ba-f6b64aa45c33","productID":10,"product":{"id":10,"name":"👕 Male 4XL","netPrice":"16.81","grossPrice":"20","vatRate":"19","vatAmount":"3.19","wrapAfter":false,"hidden":false,"soldOut":false,"apiExport":false,"pos":10,"totalStock":29,"unitsSold":0,"soldOutRequestCount":0,"guestlists":null},"quantity":1,"netPrice":"16.81","grossPrice":"20","vatRate":"19","vatAmount":"3.19","totalNetPrice":"16.81","totalGrossPrice":"20","totalVatAmount":"3.19"},{"id":68,"purchaseID":"3be57dcf-b7e4-4e25-a4ba-f6b64aa45c33","productID":8,"product":{"id":8,"name":"👕 Male XL","netPrice":"16.81","grossPrice":"20","vatRate":"19","vatAmount":"3.19","wrapAfter":false,"hidden":false,"soldOut":false,"apiExport":false,"pos":10,"totalStock":28,"unitsSold":0,"soldOutRequestCount":0,"guestlists":null},"quantity":1,"netPrice":"16.81","grossPrice":"20","vatRate":"19","vatAmount":"3.19","totalNetPrice":"16.81","totalGrossPrice":"20","totalVatAmount":"3.19"}],"status":"confirmed"},{"id":"14b1dd42-0f67-4b3b-8ffc-456504ab652b","createdAt":"2025-06-14T18:27:22.580771+02:00","createdById":2,"createdBy":{"id":2,"createdAt":"2025-06-14T18:27:22.567164+02:00","updatedAt":"2025-06-14T18:27:22.567164+02:00","deletedAt":null,"username":"demo","email":"demo@example.com","admin":false},"paymentMethod":"CASH","totalNetPrice":"52.11","sumupTransactionId":"00000000-0000-0000-0000-000000000000","sumupClientTransactionId":"00000000-0000-0000-0000-000000000000","totalGrossPrice":"62","totalVatAmount":"9.89","purchaseItems":[{"id":64,"purchaseID":"14b1dd42-0f67-4b3b-8ffc-456504ab652b","productID":9,"product":{"id":9,"name":"👕 Male XXL","netPrice":"16.81","grossPrice":"20","vatRate":"19","vatAmount":"3.19","wrapAfter":false,"hidden":false,"soldOut":false,"apiExport":false,"pos":10,"totalStock":12,"unitsSold":0,"soldOutRequestCount":0,"guestlists":null},"quantity":2,"netPrice":"16.81","grossPrice":"20","vatRate":"19","vatAmount":"3.19","totalNetPrice":"33.62","totalGrossPrice":"40","totalVatAmount":"6.38"},{"id":65,"purchaseID":"14b1dd42-0f67-4b3b-8ffc-456504ab652b","productID":16,"product":{"id":16,"name":"☕ Coffee Mug","netPrice":"0.84","grossPrice":"1","vatRate":"19","vatAmount":"0.16","wrapAfter":false,"hidden":false,"soldOut":false,"apiExport":false,"pos":30,"totalStock":0,"unitsSold":0,"soldOutRequestCount":0,"guestlists":null},"quantity":2,"netPrice":"0.84","grossPrice":"1","vatRate":"19","vatAmount":"0.16","totalNetPrice":"1.68","totalGrossPrice":"2","totalVatAmount":"0.32"},{"id":66,"purchaseID":"14b1dd42-0f67-4b3b-8ffc-456504ab652b","productID":13,"product":{"id":13,"name":"👕 Female L","netPrice":"16.81","grossPrice":"20","vatRate":"19","vatAmount":"3.19","wrapAfter":false,"hidden":false,"soldOut":false,"apiExport":false,"pos":10,"totalStock":19,"unitsSold":0,"soldOutRequestCount":0,"guestlists":null},"quantity":1,"netPrice":"16.81","grossPrice":"20","vatRate":"19","vatAmount":"3.19","totalNetPrice":"16.81","totalGrossPrice":"20","totalVatAmount":"3.19"}],"status":"confirmed"},{"id":"1df86102-a363-443f-964c-71173d67ab25","createdAt":"2025-06-14T18:27:22.580719+02:00","createdById":2,"createdBy":{"id":2,"createdAt":"2025-06-14T18:27:22.567164+02:00","updatedAt":"2025-06-14T18:27:22.567164+02:00","deletedAt":null,"username":"demo","email":"demo@example.com","admin":false},"paymentMethod":"CASH","totalNetPrice":"50.43","sumupTransactionId":"00000000-0000-0000-0000-000000000000","sumupClientTransactionId":"00000000-0000-0000-0000-000000000000","totalGrossPrice":"60","totalVatAmount":"9.57","purchaseItems":[{"id":63,"purchaseID":"1df86102-a363-443f-964c-71173d67ab25","productID":8,"product":{"id":8,"name":"👕 Male XL","netPrice":"16.81","grossPrice":"20","vatRate":"19","vatAmount":"3.19","wrapAfter":false,"hidden":false,"soldOut":false,"apiExport":false,"pos":10,"totalStock":28,"unitsSold":0,"soldOutRequestCount":0,"guestlists":null},"quantity":3,"netPrice":"16.81","grossPrice":"20","vatRate":"19","vatAmount":"3.19","totalNetPrice":"50.43","totalGrossPrice":"60","totalVatAmount":"9.57"}],"status":"confirmed"},{"id":"7c297e46-8030-497e-b67c-07ba82fc543f","createdAt":"2025-06-14T18:27:22.580658+02:00","createdById":2,"createdBy":{"id":2,"createdAt":"2025-06-14T18:27:22.567164+02:00","updatedAt":"2025-06-14T18:27:22.567164+02:00","deletedAt":null,"username":"demo","email":"demo@example.com","admin":false},"paymentMethod":"CASH","totalNetPrice":"67.24","sumupTransactionId":"00000000-0000-0000-0000-000000000000","sumupClientTransactionId":"00000000-0000-0000-0000-000000000000","totalGrossPrice":"80","totalVatAmount":"12.76","purchaseItems":[{"id":60,"purchaseID":"7c297e46-8030-497e-b67c-07ba82fc543f","productID":11,"product":{"id":11,"name":"👕 Female S","netPrice":"16.81","grossPrice":"20","vatRate":"19","vatAmount":"3.19","wrapAfter":false,"hidden":false,"soldOut":false,"apiExport":false,"pos":10,"totalStock":26,"unitsSold":0,"soldOutRequestCount":0,"guestlists":null},"quantity":2,"netPrice":"16.81","grossPrice":"20","vatRate":"19","vatAmount":"3.19","totalNetPrice":"33.62","totalGrossPrice":"40","totalVatAmount":"6.38"},{"id":61,"purchaseID":"7c297e46-8030-497e-b67c-07ba82fc543f","productID":10,"product":{"id":10,"name":"👕 Male 4XL","netPrice":"16.81","grossPrice":"20","vatRate":"19","vatAmount":"3.19","wrapAfter":false,"hidden":false,"soldOut":false,"apiExport":false,"pos":10,"totalStock":29,"unitsSold":0,"soldOutRequestCount":0,"guestlists":null},"quantity":1,"netPrice":"16.81","grossPrice":"20","vatRate":"19","vatAmount":"3.19","totalNetPrice":"16.81","totalGrossPrice":"20","totalVatAmount":"3.19"},{"id":62,"purchaseID":"7c297e46-8030-497e-b67c-07ba82fc543f","productID":6,"product":{"id":6,"name":"👕 Male M","netPrice":"16.81","grossPrice":"20","vatRate":"19","vatAmount":"3.19","wrapAfter":false,"hidden":false,"soldOut":false,"apiExport":false,"pos":10,"totalStock":7,"unitsSold":0,"soldOutRequestCount":0,"guestlists":null},"quantity":1,"netPrice":"16.81","grossPrice":"20","vatRate":"19","vatAmount":"3.19","totalNetPrice":"16.81","totalGrossPrice":"20","totalVatAmount":"3.19"}],"status":"confirmed"},{"id":"4dc63e1f-425e-47e1-ac61-099842baeaba","createdAt":"2025-06-14T18:27:22.580596+02:00","createdById":2,"createdBy":{"id":2,"createdAt":"2025-06-14T18:27:22.567164+02:00","updatedAt":"2025-06-14T18:27:22.567164+02:00","deletedAt":null,"username":"demo","email":"demo@example.com","admin":false},"paymentMethod":"CASH","totalNetPrice":"50.43","sumupTransactionId":"00000000-0000-0000-0000-000000000000","sumupClientTransactionId":"00000000-0000-0000-0000-000000000000","totalGrossPrice":"60","totalVatAmount":"9.57","purchaseItems":[{"id":59,"purchaseID":"4dc63e1f-425e-47e1-ac61-099842baeaba","productID":9,"product":{"id":9,"name":"👕 Male XXL","netPrice":"16.81","grossPrice":"20","vatRate":"19","vatAmount":"3.19","wrapAfter":false,"hidden":false,"soldOut":false,"apiExport":false,"pos":10,"totalStock":12,"unitsSold":0,"soldOutRequestCount":0,"guestlists":null},"quantity":3,"netPrice":"16.81","grossPrice":"20","vatRate":"19","vatAmount":"3.19","totalNetPrice":"50.43","totalGrossPrice":"60","totalVatAmount":"9.57"}],"status":"confirmed"},{"id":"368cdbc6-7e5f-4ca0-8cee-1e14e1db0b99","createdAt":"2025-06-14T18:27:22.58052+02:00","createdById":2,"createdBy":{"id":2,"createdAt":"2025-06-14T18:27:22.567164+02:00","updatedAt":"2025-06-14T18:27:22.567164+02:00","deletedAt":null,"username":"demo","email":"demo@example.com","admin":false},"paymentMethod":"CASH","totalNetPrice":"86.57","sumupTransactionId":"00000000-0000-0000-0000-000000000000","sumupClientTransactionId":"00000000-0000-0000-0000-000000000000","totalGrossPrice":"103","totalVatAmount":"16.43","purchaseItems":[{"id":55,"purchaseID":"368cdbc6-7e5f-4ca0-8cee-1e14e1db0b99","productID":4,"product":{"id":4,"name":"🎟️ Prepaid","netPrice":"0","grossPrice":"0","vatRate":"0","vatAmount":"0","wrapAfter":true,"hidden":false,"soldOut":false,"apiExport":true,"pos":4,"totalStock":0,"unitsSold":0,"soldOutRequestCount":0,"guestlists":null},"quantity":1,"netPrice":"0","grossPrice":"0","vatRate":"0","vatAmount":"0","totalNetPrice":"0","totalGrossPrice":"0","totalVatAmount":"0"},{"id":56,"purchaseID":"368cdbc6-7e5f-4ca0-8cee-1e14e1db0b99","productID":5,"product":{"id":5,"name":"👕 Male S","netPrice":"16.81","grossPrice":"20","vatRate":"19","vatAmount":"3.19","wrapAfter":false,"hidden":false,"soldOut":false,"apiExport":false,"pos":10,"totalStock":30,"unitsSold":0,"soldOutRequestCount":0,"guestlists":null},"quantity":3,"netPrice":"16.81","grossPrice":"20","vatRate":"19","vatAmount":"3.19","totalNetPrice":"50.43","totalGrossPrice":"60","totalVatAmount":"9.57"},{"id":57,"purchaseID":"368cdbc6-7e5f-4ca0-8cee-1e14e1db0b99","productID":16,"product":{"id":16,"name":"☕ Coffee Mug","netPrice":"0.84","grossPrice":"1","vatRate":"19","vatAmount":"0.16","wrapAfter":false,"hidden":false,"soldOut":false,"apiExport":false,"pos":30,"totalStock":0,"unitsSold":0,"soldOutRequestCount":0,"guestlists":null},"quantity":3,"netPrice":"0.84","grossPrice":"1","vatRate":"19","vatAmount":"0.16","totalNetPrice":"2.52","totalGrossPrice":"3","totalVatAmount":"0.48"},{"id":58,"purchaseID":"368cdbc6-7e5f-4ca0-8cee-1e14e1db0b99","productID":12,"product":{"id":12,"name":"👕 Female M","netPrice":"16.81","grossPrice":"20","vatRate":"19","vatAmount":"3.19","wrapAfter":false,"hidden":false,"soldOut":false,"apiExport":false,"pos":10,"totalStock":7,"unitsSold":0,"soldOutRequestCount":0,"guestlists":null},"quantity":2,"netPrice":"16.81","grossPrice":"20","vatRate":"19","vatAmount":"3.19","totalNetPrice":"33.62","totalGrossPrice":"40","totalVatAmount":"6.38"}],"status":"confirmed"},{"id":"aff5992f-7ec2-4ee2-81cf-2ee425c03edd","createdAt":"2025-06-14T18:27:22.580451+02:00","createdById":2,"createdBy":{"id":2,"createdAt":"2025-06-14T18:27:22.567164+02:00","updatedAt":"2025-06-14T18:27:22.567164+02:00","deletedAt":null,"username":"demo","email":"demo@example.com","admin":false},"paymentMethod":"CC","totalNetPrice":"84.05","sumupTransactionId":"00000000-0000-0000-0000-000000000000","sumupClientTransactionId":"00000000-0000-0000-0000-000000000000","totalGrossPrice":"100","totalVatAmount":"15.95","purchaseItems":[{"id":52,"purchaseID":"aff5992f-7ec2-4ee2-81cf-2ee425c03edd","productID":8,"product":{"id":8,"name":"👕 Male XL","netPrice":"16.81","grossPrice":"20","vatRate":"19","vatAmount":"3.19","wrapAfter":false,"hidden":false,"soldOut":false,"apiExport":false,"pos":10,"totalStock":28,"unitsSold":0,"soldOutRequestCount":0,"guestlists":null},"quantity":1,"netPrice":"16.81","grossPrice":"20","vatRate":"19","vatAmount":"3.19","totalNetPrice":"16.81","totalGrossPrice":"20","totalVatAmount":"3.19"},{"id":53,"purchaseID":"aff5992f-7ec2-4ee2-81cf-2ee425c03edd","productID":14,"product":{"id":14,"name":"👕 Female XL","netPrice":"16.81","grossPrice":"20","vatRate":"19","vatAmount":"3.19","wrapAfter":false,"hidden":false,"soldOut":false,"apiExport":false,"pos":10,"totalStock":12,"unitsSold":0,"soldOutRequestCount":0,"guestlists":null},"quantity":2,"netPrice":"16.81","grossPrice":"20","vatRate":"19","vatAmount":"3.19","totalNetPrice":"33.62","totalGrossPrice":"40","totalVatAmount":"6.38"},{"id":54,"purchaseID":"aff5992f-7ec2-4ee2-81cf-2ee425c03edd","productID":12,"product":{"id":12,"name":"👕 Female M","netPrice":"16.81","grossPrice":"20","vatRate":"19","vatAmount":"3.19","wrapAfter":false,"hidden":false,"soldOut":false,"apiExport":false,"pos":10,"totalStock":7,"unitsSold":0,"soldOutRequestCount":0,"guestlists":null},"quantity":2,"netPrice":"16.81","grossPrice":"20","vatRate":"19","vatAmount":"3.19","totalNetPrice":"33.62","totalGrossPrice":"40","totalVatAmount":"6.38"}],"status":"confirmed"},{"id":"17d6001b-8ab6-4d22-a572-1cee024862ab","createdAt":"2025-06-14T18:27:22.580378+02:00","createdById":2,"createdBy":{"id":2,"createdAt":"2025-06-14T18:27:22.567164+02:00","updatedAt":"2025-06-14T18:27:22.567164+02:00","deletedAt":null,"username":"demo","email":"demo@example.com","admin":false},"paymentMethod":"CC","totalNetPrice":"18.49","sumupTransactionId":"00000000-0000-0000-0000-000000000000","sumupClientTransactionId":"00000000-0000-0000-0000-000000000000","totalGrossPrice":"22","totalVatAmount":"3.51","purchaseItems":[{"id":49,"purchaseID":"17d6001b-8ab6-4d22-a572-1cee024862ab","productID":4,"product":{"id":4,"name":"🎟️ Prepaid","netPrice":"0","grossPrice":"0","vatRate":"0","vatAmount":"0","wrapAfter":true,"hidden":false,"soldOut":false,"apiExport":true,"pos":4,"totalStock":0,"unitsSold":0,"soldOutRequestCount":0,"guestlists":null},"quantity":1,"netPrice":"0","grossPrice":"0","vatRate":"0","vatAmount":"0","totalNetPrice":"0","totalGrossPrice":"0","totalVatAmount":"0"},{"id":50,"purchaseID":"17d6001b-8ab6-4d22-a572-1cee024862ab","productID":9,"product":{"id":9,"name":"👕 Male XXL","netPrice":"16.81","grossPrice":"20","vatRate":"19","vatAmount":"3.19","wrapAfter":false,"hidden":false,"soldOut":false,"apiExport":false,"pos":10,"totalStock":12,"unitsSold":0,"soldOutRequestCount":0,"guestlists":null},"quantity":1,"netPrice":"16.81","grossPrice":"20","vatRate":"19","vatAmount":"3.19","totalNetPrice":"16.81","totalGrossPrice":"20","totalVatAmount":"3.19"},{"id":51,"purchaseID":"17d6001b-8ab6-4d22-a572-1cee024862ab","productID":16,"product":{"id":16,"name":"☕ Coffee Mug","netPrice":"0.84","grossPrice":"1","vatRate":"19","vatAmount":"0.16","wrapAfter":false,"hidden":false,"soldOut":false,"apiExport":false,"pos":30,"totalStock":0,"unitsSold":0,"soldOutRequestCount":0,"guestlists":null},"quantity":2,"netPrice":"0.84","grossPrice":"1","vatRate":"19","vatAmount":"0.16","totalNetPrice":"1.68","totalGrossPrice":"2","totalVatAmount":"0.32"}],"status":"confirmed"}]
--- PASS: TestGetPurchasesList (0.00s)
=== RUN   TestGetPurchasesListWithAllFilters
    printer.go:116: GET /api/v2/purchases?createdById=1&id=1%2C2%2C3&paymentMethod=CASH&totalGrossPrice_gte=1&totalGrossPrice_lte=100 HTTP/1.1
        Authorization: Bearer eyJhbGciOiJIUzI1NiIsInR5cCI6IkpXVCJ9.eyJJRCI6MiwiZXhwIjoxNzQ5OTE5MDQ0LCJvcmlnX2lhdCI6MTc0OTkxODQ0NH0.ZCidgaD-PTq18MdpyLD8KBxvVLxEJYZN5uDZ-M8TgOc
        
2025/06/14 18:27:25 Error converting 1,2,3 to int: strconv.Atoi: parsing "1,2,3": invalid syntax
[GIN] 2025/06/14 - 18:27:25 | 200 |     605.833µs |                 | GET      "/api/v2/purchases?createdById=1&id=1%2C2%2C3&paymentMethod=CASH&totalGrossPrice_gte=1&totalGrossPrice_lte=100"
    printer.go:133: HTTP/0.0 200 OK 612.916µs
        Content-Type: application/json; charset=utf-8
        X-Total-Count: 0
        
        []
--- PASS: TestGetPurchasesListWithAllFilters (0.00s)
=== RUN   TestGetPurchasesWithSort
    printer.go:116: GET /api/v2/purchases?_sort=id HTTP/1.1
        Authorization: Bearer eyJhbGciOiJIUzI1NiIsInR5cCI6IkpXVCJ9.eyJJRCI6MiwiZXhwIjoxNzQ5OTE5MDQ0LCJvcmlnX2lhdCI6MTc0OTkxODQ0NH0.ZCidgaD-PTq18MdpyLD8KBxvVLxEJYZN5uDZ-M8TgOc
        
[GIN] 2025/06/14 - 18:27:25 | 200 |    1.052125ms |                 | GET      "/api/v2/purchases?_sort=id"
    printer.go:133: HTTP/0.0 200 OK 1.059667ms
        Content-Type: application/json; charset=utf-8
        X-Total-Count: 29
        
        [{"id":"f60464b7-eee8-47e6-a3a7-0639bbd8faf0","createdAt":"2025-06-14T18:27:22.579321+02:00","createdById":2,"createdBy":{"id":2,"createdAt":"2025-06-14T18:27:22.567164+02:00","updatedAt":"2025-06-14T18:27:22.567164+02:00","deletedAt":null,"username":"demo","email":"demo@example.com","admin":false},"paymentMethod":"CASH","totalNetPrice":"67.24","sumupTransactionId":"00000000-0000-0000-0000-000000000000","sumupClientTransactionId":"00000000-0000-0000-0000-000000000000","totalGrossPrice":"80","totalVatAmount":"12.76","purchaseItems":[{"id":11,"purchaseID":"f60464b7-eee8-47e6-a3a7-0639bbd8faf0","productID":11,"product":{"id":11,"name":"👕 Female S","netPrice":"16.81","grossPrice":"20","vatRate":"19","vatAmount":"3.19","wrapAfter":false,"hidden":false,"soldOut":false,"apiExport":false,"pos":10,"totalStock":26,"unitsSold":0,"soldOutRequestCount":0,"guestlists":null},"quantity":2,"netPrice":"16.81","grossPrice":"20","vatRate":"19","vatAmount":"3.19","totalNetPrice":"33.62","totalGrossPrice":"40","totalVatAmount":"6.38"},{"id":12,"purchaseID":"f60464b7-eee8-47e6-a3a7-0639bbd8faf0","productID":5,"product":{"id":5,"name":"👕 Male S","netPrice":"16.81","grossPrice":"20","vatRate":"19","vatAmount":"3.19","wrapAfter":false,"hidden":false,"soldOut":false,"apiExport":false,"pos":10,"totalStock":30,"unitsSold":0,"soldOutRequestCount":0,"guestlists":null},"quantity":2,"netPrice":"16.81","grossPrice":"20","vatRate":"19","vatAmount":"3.19","totalNetPrice":"33.62","totalGrossPrice":"40","totalVatAmount":"6.38"}],"status":"confirmed"},{"id":"e91d84bc-af04-4c73-861a-9834502a4a6b","createdAt":"2025-06-14T18:27:22.57983+02:00","createdById":2,"createdBy":{"id":2,"createdAt":"2025-06-14T18:27:22.567164+02:00","updatedAt":"2025-06-14T18:27:22.567164+02:00","deletedAt":null,"username":"demo","email":"demo@example.com","admin":false},"paymentMethod":"CASH","totalNetPrice":"16.81","sumupTransactionId":"00000000-0000-0000-0000-000000000000","sumupClientTransactionId":"00000000-0000-0000-0000-000000000000","totalGrossPrice":"20","totalVatAmount":"3.19","purchaseItems":[{"id":32,"purchaseID":"e91d84bc-af04-4c73-861a-9834502a4a6b","productID":14,"product":{"id":14,"name":"👕 Female XL","netPrice":"16.81","grossPrice":"20","vatRate":"19","vatAmount":"3.19","wrapAfter":false,"hidden":false,"soldOut":false,"apiExport":false,"pos":10,"totalStock":12,"unitsSold":0,"soldOutRequestCount":0,"guestlists":null},"quantity":1,"netPrice":"16.81","grossPrice":"20","vatRate":"19","vatAmount":"3.19","totalNetPrice":"16.81","totalGrossPrice":"20","totalVatAmount":"3.19"}],"status":"confirmed"},{"id":"d91430a2-4a1b-4a0e-a313-8f8c1843e43c","createdAt":"2025-06-14T18:27:22.579627+02:00","createdById":2,"createdBy":{"id":2,"createdAt":"2025-06-14T18:27:22.567164+02:00","updatedAt":"2025-06-14T18:27:22.567164+02:00","deletedAt":null,"username":"demo","email":"demo@example.com","admin":false},"paymentMethod":"CASH","totalNetPrice":"117.67","sumupTransactionId":"00000000-0000-0000-0000-000000000000","sumupClientTransactionId":"00000000-0000-0000-0000-000000000000","totalGrossPrice":"140","totalVatAmount":"22.33","purchaseItems":[{"id":25,"purchaseID":"d91430a2-4a1b-4a0e-a313-8f8c1843e43c","productID":9,"product":{"id":9,"name":"👕 Male XXL","netPrice":"16.81","grossPrice":"20","vatRate":"19","vatAmount":"3.19","wrapAfter":false,"hidden":false,"soldOut":false,"apiExport":false,"pos":10,"totalStock":12,"unitsSold":0,"soldOutRequestCount":0,"guestlists":null},"quantity":2,"netPrice":"16.81","grossPrice":"20","vatRate":"19","vatAmount":"3.19","totalNetPrice":"33.62","totalGrossPrice":"40","totalVatAmount":"6.38"},{"id":26,"purchaseID":"d91430a2-4a1b-4a0e-a313-8f8c1843e43c","productID":12,"product":{"id":12,"name":"👕 Female M","netPrice":"16.81","grossPrice":"20","vatRate":"19","vatAmount":"3.19","wrapAfter":false,"hidden":false,"soldOut":false,"apiExport":false,"pos":10,"totalStock":7,"unitsSold":0,"soldOutRequestCount":0,"guestlists":null},"quantity":3,"netPrice":"16.81","grossPrice":"20","vatRate":"19","vatAmount":"3.19","totalNetPrice":"50.43","totalGrossPrice":"60","totalVatAmount":"9.57"},{"id":27,"purchaseID":"d91430a2-4a1b-4a0e-a313-8f8c1843e43c","productID":12,"product":{"id":12,"name":"👕 Female M","netPrice":"16.81","grossPrice":"20","vatRate":"19","vatAmount":"3.19","wrapAfter":false,"hidden":false,"soldOut":false,"apiExport":false,"pos":10,"totalStock":7,"unitsSold":0,"soldOutRequestCount":0,"guestlists":null},"quantity":2,"netPrice":"16.81","grossPrice":"20","vatRate":"19","vatAmount":"3.19","totalNetPrice":"33.62","totalGrossPrice":"40","totalVatAmount":"6.38"}],"status":"confirmed"},{"id":"d5ca0d12-ff8f-4130-bcc6-012129a9af3e","createdAt":"2025-06-14T18:27:22.579887+02:00","createdById":2,"createdBy":{"id":2,"createdAt":"2025-06-14T18:27:22.567164+02:00","updatedAt":"2025-06-14T18:27:22.567164+02:00","deletedAt":null,"username":"demo","email":"demo@example.com","admin":false},"paymentMethod":"CC","totalNetPrice":"50.43","sumupTransactionId":"00000000-0000-0000-0000-000000000000","sumupClientTransactionId":"00000000-0000-0000-0000-000000000000","totalGrossPrice":"60","totalVatAmount":"9.57","purchaseItems":[{"id":33,"purchaseID":"d5ca0d12-ff8f-4130-bcc6-012129a9af3e","productID":5,"product":{"id":5,"name":"👕 Male S","netPrice":"16.81","grossPrice":"20","vatRate":"19","vatAmount":"3.19","wrapAfter":false,"hidden":false,"soldOut":false,"apiExport":false,"pos":10,"totalStock":30,"unitsSold":0,"soldOutRequestCount":0,"guestlists":null},"quantity":2,"netPrice":"16.81","grossPrice":"20","vatRate":"19","vatAmount":"3.19","totalNetPrice":"33.62","totalGrossPrice":"40","totalVatAmount":"6.38"},{"id":34,"purchaseID":"d5ca0d12-ff8f-4130-bcc6-012129a9af3e","productID":4,"product":{"id":4,"name":"🎟️ Prepaid","netPrice":"0","grossPrice":"0","vatRate":"0","vatAmount":"0","wrapAfter":true,"hidden":false,"soldOut":false,"apiExport":true,"pos":4,"totalStock":0,"unitsSold":0,"soldOutRequestCount":0,"guestlists":null},"quantity":1,"netPrice":"0","grossPrice":"0","vatRate":"0","vatAmount":"0","totalNetPrice":"0","totalGrossPrice":"0","totalVatAmount":"0"},{"id":35,"purchaseID":"d5ca0d12-ff8f-4130-bcc6-012129a9af3e","productID":12,"product":{"id":12,"name":"👕 Female M","netPrice":"16.81","grossPrice":"20","vatRate":"19","vatAmount":"3.19","wrapAfter":false,"hidden":false,"soldOut":false,"apiExport":false,"pos":10,"totalStock":7,"unitsSold":0,"soldOutRequestCount":0,"guestlists":null},"quantity":1,"netPrice":"16.81","grossPrice":"20","vatRate":"19","vatAmount":"3.19","totalNetPrice":"16.81","totalGrossPrice":"20","totalVatAmount":"3.19"}],"status":"confirmed"},{"id":"c33fbd27-48c3-4543-82f6-519e44a02bac","createdAt":"2025-06-14T18:27:22.580233+02:00","createdById":2,"createdBy":{"id":2,"createdAt":"2025-06-14T18:27:22.567164+02:00","updatedAt":"2025-06-14T18:27:22.567164+02:00","deletedAt":null,"username":"demo","email":"demo@example.com","admin":false},"paymentMethod":"CASH","totalNetPrice":"100.86","sumupTransactionId":"00000000-0000-0000-0000-000000000000","sumupClientTransactionId":"00000000-0000-0000-0000-000000000000","totalGrossPrice":"120","totalVatAmount":"19.14","purchaseItems":[{"id":43,"purchaseID":"c33fbd27-48c3-4543-82f6-519e44a02bac","productID":12,"product":{"id":12,"name":"👕 Female M","netPrice":"16.81","grossPrice":"20","vatRate":"19","vatAmount":"3.19","wrapAfter":false,"hidden":false,"soldOut":false,"apiExport":false,"pos":10,"totalStock":7,"unitsSold":0,"soldOutRequestCount":0,"guestlists":null},"quantity":1,"netPrice":"16.81","grossPrice":"20","vatRate":"19","vatAmount":"3.19","totalNetPrice":"16.81","totalGrossPrice":"20","totalVatAmount":"3.19"},{"id":44,"purchaseID":"c33fbd27-48c3-4543-82f6-519e44a02bac","productID":7,"product":{"id":7,"name":"👕 Male L","netPrice":"16.81","grossPrice":"20","vatRate":"19","vatAmount":"3.19","wrapAfter":false,"hidden":false,"soldOut":false,"apiExport":false,"pos":10,"totalStock":27,"unitsSold":0,"soldOutRequestCount":0,"guestlists":null},"quantity":2,"netPrice":"16.81","grossPrice":"20","vatRate":"19","vatAmount":"3.19","totalNetPrice":"33.62","totalGrossPrice":"40","totalVatAmount":"6.38"},{"id":45,"purchaseID":"c33fbd27-48c3-4543-82f6-519e44a02bac","productID":10,"product":{"id":10,"name":"👕 Male 4XL","netPrice":"16.81","grossPrice":"20","vatRate":"19","vatAmount":"3.19","wrapAfter":false,"hidden":false,"soldOut":false,"apiExport":false,"pos":10,"totalStock":29,"unitsSold":0,"soldOutRequestCount":0,"guestlists":null},"quantity":3,"netPrice":"16.81","grossPrice":"20","vatRate":"19","vatAmount":"3.19","totalNetPrice":"50.43","totalGrossPrice":"60","totalVatAmount":"9.57"}],"status":"confirmed"},{"id":"bf396cc1-89b2-461b-bfc9-494021d28aa5","createdAt":"2025-06-14T18:27:22.579384+02:00","createdById":2,"createdBy":{"id":2,"createdAt":"2025-06-14T18:27:22.567164+02:00","updatedAt":"2025-06-14T18:27:22.567164+02:00","deletedAt":null,"username":"demo","email":"demo@example.com","admin":false},"paymentMethod":"CC","totalNetPrice":"85.73","sumupTransactionId":"00000000-0000-0000-0000-000000000000","sumupClientTransactionId":"00000000-0000-0000-0000-000000000000","totalGrossPrice":"102","totalVatAmount":"16.27","purchaseItems":[{"id":13,"purchaseID":"bf396cc1-89b2-461b-bfc9-494021d28aa5","productID":4,"product":{"id":4,"name":"🎟️ Prepaid","netPrice":"0","grossPrice":"0","vatRate":"0","vatAmount":"0","wrapAfter":true,"hidden":false,"soldOut":false,"apiExport":true,"pos":4,"totalStock":0,"unitsSold":0,"soldOutRequestCount":0,"guestlists":null},"quantity":3,"netPrice":"0","grossPrice":"0","vatRate":"0","vatAmount":"0","totalNetPrice":"0","totalGrossPrice":"0","totalVatAmount":"0"},{"id":14,"purchaseID":"bf396cc1-89b2-461b-bfc9-494021d28aa5","productID":16,"product":{"id":16,"name":"☕ Coffee Mug","netPrice":"0.84","grossPrice":"1","vatRate":"19","vatAmount":"0.16","wrapAfter":false,"hidden":false,"soldOut":false,"apiExport":false,"pos":30,"totalStock":0,"unitsSold":0,"soldOutRequestCount":0,"guestlists":null},"quantity":2,"netPrice":"0.84","grossPrice":"1","vatRate":"19","vatAmount":"0.16","totalNetPrice":"1.68","totalGrossPrice":"2","totalVatAmount":"0.32"},{"id":15,"purchaseID":"bf396cc1-89b2-461b-bfc9-494021d28aa5","productID":13,"product":{"id":13,"name":"👕 Female L","netPrice":"16.81","grossPrice":"20","vatRate":"19","vatAmount":"3.19","wrapAfter":false,"hidden":false,"soldOut":false,"apiExport":false,"pos":10,"totalStock":19,"unitsSold":0,"soldOutRequestCount":0,"guestlists":null},"quantity":2,"netPrice":"16.81","grossPrice":"20","vatRate":"19","vatAmount":"3.19","totalNetPrice":"33.62","totalGrossPrice":"40","totalVatAmount":"6.38"},{"id":16,"purchaseID":"bf396cc1-89b2-461b-bfc9-494021d28aa5","productID":11,"product":{"id":11,"name":"👕 Female S","netPrice":"16.81","grossPrice":"20","vatRate":"19","vatAmount":"3.19","wrapAfter":false,"hidden":false,"soldOut":false,"apiExport":false,"pos":10,"totalStock":26,"unitsSold":0,"soldOutRequestCount":0,"guestlists":null},"quantity":3,"netPrice":"16.81","grossPrice":"20","vatRate":"19","vatAmount":"3.19","totalNetPrice":"50.43","totalGrossPrice":"60","totalVatAmount":"9.57"}],"status":"confirmed"},{"id":"aff5992f-7ec2-4ee2-81cf-2ee425c03edd","createdAt":"2025-06-14T18:27:22.580451+02:00","createdById":2,"createdBy":{"id":2,"createdAt":"2025-06-14T18:27:22.567164+02:00","updatedAt":"2025-06-14T18:27:22.567164+02:00","deletedAt":null,"username":"demo","email":"demo@example.com","admin":false},"paymentMethod":"CC","totalNetPrice":"84.05","sumupTransactionId":"00000000-0000-0000-0000-000000000000","sumupClientTransactionId":"00000000-0000-0000-0000-000000000000","totalGrossPrice":"100","totalVatAmount":"15.95","purchaseItems":[{"id":52,"purchaseID":"aff5992f-7ec2-4ee2-81cf-2ee425c03edd","productID":8,"product":{"id":8,"name":"👕 Male XL","netPrice":"16.81","grossPrice":"20","vatRate":"19","vatAmount":"3.19","wrapAfter":false,"hidden":false,"soldOut":false,"apiExport":false,"pos":10,"totalStock":28,"unitsSold":0,"soldOutRequestCount":0,"guestlists":null},"quantity":1,"netPrice":"16.81","grossPrice":"20","vatRate":"19","vatAmount":"3.19","totalNetPrice":"16.81","totalGrossPrice":"20","totalVatAmount":"3.19"},{"id":53,"purchaseID":"aff5992f-7ec2-4ee2-81cf-2ee425c03edd","productID":14,"product":{"id":14,"name":"👕 Female XL","netPrice":"16.81","grossPrice":"20","vatRate":"19","vatAmount":"3.19","wrapAfter":false,"hidden":false,"soldOut":false,"apiExport":false,"pos":10,"totalStock":12,"unitsSold":0,"soldOutRequestCount":0,"guestlists":null},"quantity":2,"netPrice":"16.81","grossPrice":"20","vatRate":"19","vatAmount":"3.19","totalNetPrice":"33.62","totalGrossPrice":"40","totalVatAmount":"6.38"},{"id":54,"purchaseID":"aff5992f-7ec2-4ee2-81cf-2ee425c03edd","productID":12,"product":{"id":12,"name":"👕 Female M","netPrice":"16.81","grossPrice":"20","vatRate":"19","vatAmount":"3.19","wrapAfter":false,"hidden":false,"soldOut":false,"apiExport":false,"pos":10,"totalStock":7,"unitsSold":0,"soldOutRequestCount":0,"guestlists":null},"quantity":2,"netPrice":"16.81","grossPrice":"20","vatRate":"19","vatAmount":"3.19","totalNetPrice":"33.62","totalGrossPrice":"40","totalVatAmount":"6.38"}],"status":"confirmed"},{"id":"93e850cf-d71f-46ef-8101-e1821a3b340d","createdAt":"2025-06-14T18:27:22.578941+02:00","createdById":2,"createdBy":{"id":2,"createdAt":"2025-06-14T18:27:22.567164+02:00","updatedAt":"2025-06-14T18:27:22.567164+02:00","deletedAt":null,"username":"demo","email":"demo@example.com","admin":false},"paymentMethod":"CASH","totalNetPrice":"84.05","sumupTransactionId":"00000000-0000-0000-0000-000000000000","sumupClientTransactionId":"00000000-0000-0000-0000-000000000000","totalGrossPrice":"100","totalVatAmount":"15.95","purchaseItems":[{"id":1,"purchaseID":"93e850cf-d71f-46ef-8101-e1821a3b340d","productID":14,"product":{"id":14,"name":"👕 Female XL","netPrice":"16.81","grossPrice":"20","vatRate":"19","vatAmount":"3.19","wrapAfter":false,"hidden":false,"soldOut":false,"apiExport":false,"pos":10,"totalStock":12,"unitsSold":0,"soldOutRequestCount":0,"guestlists":null},"quantity":1,"netPrice":"16.81","grossPrice":"20","vatRate":"19","vatAmount":"3.19","totalNetPrice":"16.81","totalGrossPrice":"20","totalVatAmount":"3.19"},{"id":2,"purchaseID":"93e850cf-d71f-46ef-8101-e1821a3b340d","productID":11,"product":{"id":11,"name":"👕 Female S","netPrice":"16.81","grossPrice":"20","vatRate":"19","vatAmount":"3.19","wrapAfter":false,"hidden":false,"soldOut":false,"apiExport":false,"pos":10,"totalStock":26,"unitsSold":0,"soldOutRequestCount":0,"guestlists":null},"quantity":1,"netPrice":"16.81","grossPrice":"20","vatRate":"19","vatAmount":"3.19","totalNetPrice":"16.81","totalGrossPrice":"20","totalVatAmount":"3.19"},{"id":3,"purchaseID":"93e850cf-d71f-46ef-8101-e1821a3b340d","productID":14,"product":{"id":14,"name":"👕 Female XL","netPrice":"16.81","grossPrice":"20","vatRate":"19","vatAmount":"3.19","wrapAfter":false,"hidden":false,"soldOut":false,"apiExport":false,"pos":10,"totalStock":12,"unitsSold":0,"soldOutRequestCount":0,"guestlists":null},"quantity":3,"netPrice":"16.81","grossPrice":"20","vatRate":"19","vatAmount":"3.19","totalNetPrice":"50.43","totalGrossPrice":"60","totalVatAmount":"9.57"}],"status":"confirmed"},{"id":"91fcd827-69f9-4e7c-b529-e4237a27df0f","createdAt":"2025-06-14T18:27:22.579469+02:00","createdById":2,"createdBy":{"id":2,"createdAt":"2025-06-14T18:27:22.567164+02:00","updatedAt":"2025-06-14T18:27:22.567164+02:00","deletedAt":null,"username":"demo","email":"demo@example.com","admin":false},"paymentMethod":"CC","totalNetPrice":"84.05","sumupTransactionId":"00000000-0000-0000-0000-000000000000","sumupClientTransactionId":"00000000-0000-0000-0000-000000000000","totalGrossPrice":"100","totalVatAmount":"15.95","purchaseItems":[{"id":17,"purchaseID":"91fcd827-69f9-4e7c-b529-e4237a27df0f","productID":4,"product":{"id":4,"name":"🎟️ Prepaid","netPrice":"0","grossPrice":"0","vatRate":"0","vatAmount":"0","wrapAfter":true,"hidden":false,"soldOut":false,"apiExport":true,"pos":4,"totalStock":0,"unitsSold":0,"soldOutRequestCount":0,"guestlists":null},"quantity":2,"netPrice":"0","grossPrice":"0","vatRate":"0","vatAmount":"0","totalNetPrice":"0","totalGrossPrice":"0","totalVatAmount":"0"},{"id":18,"purchaseID":"91fcd827-69f9-4e7c-b529-e4237a27df0f","productID":7,"product":{"id":7,"name":"👕 Male L","netPrice":"16.81","grossPrice":"20","vatRate":"19","vatAmount":"3.19","wrapAfter":false,"hidden":false,"soldOut":false,"apiExport":false,"pos":10,"totalStock":27,"unitsSold":0,"soldOutRequestCount":0,"guestlists":null},"quantity":3,"netPrice":"16.81","grossPrice":"20","vatRate":"19","vatAmount":"3.19","totalNetPrice":"50.43","totalGrossPrice":"60","totalVatAmount":"9.57"},{"id":19,"purchaseID":"91fcd827-69f9-4e7c-b529-e4237a27df0f","productID":12,"product":{"id":12,"name":"👕 Female M","netPrice":"16.81","grossPrice":"20","vatRate":"19","vatAmount":"3.19","wrapAfter":false,"hidden":false,"soldOut":false,"apiExport":false,"pos":10,"totalStock":7,"unitsSold":0,"soldOutRequestCount":0,"guestlists":null},"quantity":2,"netPrice":"16.81","grossPrice":"20","vatRate":"19","vatAmount":"3.19","totalNetPrice":"33.62","totalGrossPrice":"40","totalVatAmount":"6.38"}],"status":"confirmed"},{"id":"7c297e46-8030-497e-b67c-07ba82fc543f","createdAt":"2025-06-14T18:27:22.580658+02:00","createdById":2,"createdBy":{"id":2,"createdAt":"2025-06-14T18:27:22.567164+02:00","updatedAt":"2025-06-14T18:27:22.567164+02:00","deletedAt":null,"username":"demo","email":"demo@example.com","admin":false},"paymentMethod":"CASH","totalNetPrice":"67.24","sumupTransactionId":"00000000-0000-0000-0000-000000000000","sumupClientTransactionId":"00000000-0000-0000-0000-000000000000","totalGrossPrice":"80","totalVatAmount":"12.76","purchaseItems":[{"id":60,"purchaseID":"7c297e46-8030-497e-b67c-07ba82fc543f","productID":11,"product":{"id":11,"name":"👕 Female S","netPrice":"16.81","grossPrice":"20","vatRate":"19","vatAmount":"3.19","wrapAfter":false,"hidden":false,"soldOut":false,"apiExport":false,"pos":10,"totalStock":26,"unitsSold":0,"soldOutRequestCount":0,"guestlists":null},"quantity":2,"netPrice":"16.81","grossPrice":"20","vatRate":"19","vatAmount":"3.19","totalNetPrice":"33.62","totalGrossPrice":"40","totalVatAmount":"6.38"},{"id":61,"purchaseID":"7c297e46-8030-497e-b67c-07ba82fc543f","productID":10,"product":{"id":10,"name":"👕 Male 4XL","netPrice":"16.81","grossPrice":"20","vatRate":"19","vatAmount":"3.19","wrapAfter":false,"hidden":false,"soldOut":false,"apiExport":false,"pos":10,"totalStock":29,"unitsSold":0,"soldOutRequestCount":0,"guestlists":null},"quantity":1,"netPrice":"16.81","grossPrice":"20","vatRate":"19","vatAmount":"3.19","totalNetPrice":"16.81","totalGrossPrice":"20","totalVatAmount":"3.19"},{"id":62,"purchaseID":"7c297e46-8030-497e-b67c-07ba82fc543f","productID":6,"product":{"id":6,"name":"👕 Male M","netPrice":"16.81","grossPrice":"20","vatRate":"19","vatAmount":"3.19","wrapAfter":false,"hidden":false,"soldOut":false,"apiExport":false,"pos":10,"totalStock":7,"unitsSold":0,"soldOutRequestCount":0,"guestlists":null},"quantity":1,"netPrice":"16.81","grossPrice":"20","vatRate":"19","vatAmount":"3.19","totalNetPrice":"16.81","totalGrossPrice":"20","totalVatAmount":"3.19"}],"status":"confirmed"}]
    printer.go:116: GET /api/v2/purchases?_sort=createdAt HTTP/1.1
        Authorization: Bearer eyJhbGciOiJIUzI1NiIsInR5cCI6IkpXVCJ9.eyJJRCI6MiwiZXhwIjoxNzQ5OTE5MDQ0LCJvcmlnX2lhdCI6MTc0OTkxODQ0NH0.ZCidgaD-PTq18MdpyLD8KBxvVLxEJYZN5uDZ-M8TgOc
        
[GIN] 2025/06/14 - 18:27:25 | 200 |     558.291µs |                 | GET      "/api/v2/purchases?_sort=createdAt"
    printer.go:133: HTTP/0.0 200 OK 568.791µs
        Content-Type: application/json; charset=utf-8
        X-Total-Count: 29
        
        [{"id":"08addd76-cfa3-4519-92e6-14efd315201d","createdAt":"2025-06-14T18:27:22.580967+02:00","createdById":2,"createdBy":{"id":2,"createdAt":"2025-06-14T18:27:22.567164+02:00","updatedAt":"2025-06-14T18:27:22.567164+02:00","deletedAt":null,"username":"demo","email":"demo@example.com","admin":false},"paymentMethod":"CASH","totalNetPrice":"85.73","sumupTransactionId":"00000000-0000-0000-0000-000000000000","sumupClientTransactionId":"00000000-0000-0000-0000-000000000000","totalGrossPrice":"102","totalVatAmount":"16.27","purchaseItems":[{"id":73,"purchaseID":"08addd76-cfa3-4519-92e6-14efd315201d","productID":6,"product":{"id":6,"name":"👕 Male M","netPrice":"16.81","grossPrice":"20","vatRate":"19","vatAmount":"3.19","wrapAfter":false,"hidden":false,"soldOut":false,"apiExport":false,"pos":10,"totalStock":7,"unitsSold":0,"soldOutRequestCount":0,"guestlists":null},"quantity":2,"netPrice":"16.81","grossPrice":"20","vatRate":"19","vatAmount":"3.19","totalNetPrice":"33.62","totalGrossPrice":"40","totalVatAmount":"6.38"},{"id":74,"purchaseID":"08addd76-cfa3-4519-92e6-14efd315201d","productID":16,"product":{"id":16,"name":"☕ Coffee Mug","netPrice":"0.84","grossPrice":"1","vatRate":"19","vatAmount":"0.16","wrapAfter":false,"hidden":false,"soldOut":false,"apiExport":false,"pos":30,"totalStock":0,"unitsSold":0,"soldOutRequestCount":0,"guestlists":null},"quantity":2,"netPrice":"0.84","grossPrice":"1","vatRate":"19","vatAmount":"0.16","totalNetPrice":"1.68","totalGrossPrice":"2","totalVatAmount":"0.32"},{"id":75,"purchaseID":"08addd76-cfa3-4519-92e6-14efd315201d","productID":7,"product":{"id":7,"name":"👕 Male L","netPrice":"16.81","grossPrice":"20","vatRate":"19","vatAmount":"3.19","wrapAfter":false,"hidden":false,"soldOut":false,"apiExport":false,"pos":10,"totalStock":27,"unitsSold":0,"soldOutRequestCount":0,"guestlists":null},"quantity":3,"netPrice":"16.81","grossPrice":"20","vatRate":"19","vatAmount":"3.19","totalNetPrice":"50.43","totalGrossPrice":"60","totalVatAmount":"9.57"}],"status":"confirmed"},{"id":"1f58e8fb-b275-48f7-9770-beebf3c070f1","createdAt":"2025-06-14T18:27:22.580898+02:00","createdById":2,"createdBy":{"id":2,"createdAt":"2025-06-14T18:27:22.567164+02:00","updatedAt":"2025-06-14T18:27:22.567164+02:00","deletedAt":null,"username":"demo","email":"demo@example.com","admin":false},"paymentMethod":"CASH","totalNetPrice":"71.44","sumupTransactionId":"00000000-0000-0000-0000-000000000000","sumupClientTransactionId":"00000000-0000-0000-0000-000000000000","totalGrossPrice":"85","totalVatAmount":"13.56","purchaseItems":[{"id":69,"purchaseID":"1f58e8fb-b275-48f7-9770-beebf3c070f1","productID":16,"product":{"id":16,"name":"☕ Coffee Mug","netPrice":"0.84","grossPrice":"1","vatRate":"19","vatAmount":"0.16","wrapAfter":false,"hidden":false,"soldOut":false,"apiExport":false,"pos":30,"totalStock":0,"unitsSold":0,"soldOutRequestCount":0,"guestlists":null},"quantity":2,"netPrice":"0.84","grossPrice":"1","vatRate":"19","vatAmount":"0.16","totalNetPrice":"1.68","totalGrossPrice":"2","totalVatAmount":"0.32"},{"id":70,"purchaseID":"1f58e8fb-b275-48f7-9770-beebf3c070f1","productID":7,"product":{"id":7,"name":"👕 Male L","netPrice":"16.81","grossPrice":"20","vatRate":"19","vatAmount":"3.19","wrapAfter":false,"hidden":false,"soldOut":false,"apiExport":false,"pos":10,"totalStock":27,"unitsSold":0,"soldOutRequestCount":0,"guestlists":null},"quantity":1,"netPrice":"16.81","grossPrice":"20","vatRate":"19","vatAmount":"3.19","totalNetPrice":"16.81","totalGrossPrice":"20","totalVatAmount":"3.19"},{"id":71,"purchaseID":"1f58e8fb-b275-48f7-9770-beebf3c070f1","productID":16,"product":{"id":16,"name":"☕ Coffee Mug","netPrice":"0.84","grossPrice":"1","vatRate":"19","vatAmount":"0.16","wrapAfter":false,"hidden":false,"soldOut":false,"apiExport":false,"pos":30,"totalStock":0,"unitsSold":0,"soldOutRequestCount":0,"guestlists":null},"quantity":3,"netPrice":"0.84","grossPrice":"1","vatRate":"19","vatAmount":"0.16","totalNetPrice":"2.52","totalGrossPrice":"3","totalVatAmount":"0.48"},{"id":72,"purchaseID":"1f58e8fb-b275-48f7-9770-beebf3c070f1","productID":6,"product":{"id":6,"name":"👕 Male M","netPrice":"16.81","grossPrice":"20","vatRate":"19","vatAmount":"3.19","wrapAfter":false,"hidden":false,"soldOut":false,"apiExport":false,"pos":10,"totalStock":7,"unitsSold":0,"soldOutRequestCount":0,"guestlists":null},"quantity":3,"netPrice":"16.81","grossPrice":"20","vatRate":"19","vatAmount":"3.19","totalNetPrice":"50.43","totalGrossPrice":"60","totalVatAmount":"9.57"}],"status":"confirmed"},{"id":"3be57dcf-b7e4-4e25-a4ba-f6b64aa45c33","createdAt":"2025-06-14T18:27:22.580836+02:00","createdById":2,"createdBy":{"id":2,"createdAt":"2025-06-14T18:27:22.567164+02:00","updatedAt":"2025-06-14T18:27:22.567164+02:00","deletedAt":null,"username":"demo","email":"demo@example.com","admin":false},"paymentMethod":"CC","totalNetPrice":"33.62","sumupTransactionId":"00000000-0000-0000-0000-000000000000","sumupClientTransactionId":"00000000-0000-0000-0000-000000000000","totalGrossPrice":"40","totalVatAmount":"6.38","purchaseItems":[{"id":67,"purchaseID":"3be57dcf-b7e4-4e25-a4ba-f6b64aa45c33","productID":10,"product":{"id":10,"name":"👕 Male 4XL","netPrice":"16.81","grossPrice":"20","vatRate":"19","vatAmount":"3.19","wrapAfter":false,"hidden":false,"soldOut":false,"apiExport":false,"pos":10,"totalStock":29,"unitsSold":0,"soldOutRequestCount":0,"guestlists":null},"quantity":1,"netPrice":"16.81","grossPrice":"20","vatRate":"19","vatAmount":"3.19","totalNetPrice":"16.81","totalGrossPrice":"20","totalVatAmount":"3.19"},{"id":68,"purchaseID":"3be57dcf-b7e4-4e25-a4ba-f6b64aa45c33","productID":8,"product":{"id":8,"name":"👕 Male XL","netPrice":"16.81","grossPrice":"20","vatRate":"19","vatAmount":"3.19","wrapAfter":false,"hidden":false,"soldOut":false,"apiExport":false,"pos":10,"totalStock":28,"unitsSold":0,"soldOutRequestCount":0,"guestlists":null},"quantity":1,"netPrice":"16.81","grossPrice":"20","vatRate":"19","vatAmount":"3.19","totalNetPrice":"16.81","totalGrossPrice":"20","totalVatAmount":"3.19"}],"status":"confirmed"},{"id":"14b1dd42-0f67-4b3b-8ffc-456504ab652b","createdAt":"2025-06-14T18:27:22.580771+02:00","createdById":2,"createdBy":{"id":2,"createdAt":"2025-06-14T18:27:22.567164+02:00","updatedAt":"2025-06-14T18:27:22.567164+02:00","deletedAt":null,"username":"demo","email":"demo@example.com","admin":false},"paymentMethod":"CASH","totalNetPrice":"52.11","sumupTransactionId":"00000000-0000-0000-0000-000000000000","sumupClientTransactionId":"00000000-0000-0000-0000-000000000000","totalGrossPrice":"62","totalVatAmount":"9.89","purchaseItems":[{"id":64,"purchaseID":"14b1dd42-0f67-4b3b-8ffc-456504ab652b","productID":9,"product":{"id":9,"name":"👕 Male XXL","netPrice":"16.81","grossPrice":"20","vatRate":"19","vatAmount":"3.19","wrapAfter":false,"hidden":false,"soldOut":false,"apiExport":false,"pos":10,"totalStock":12,"unitsSold":0,"soldOutRequestCount":0,"guestlists":null},"quantity":2,"netPrice":"16.81","grossPrice":"20","vatRate":"19","vatAmount":"3.19","totalNetPrice":"33.62","totalGrossPrice":"40","totalVatAmount":"6.38"},{"id":65,"purchaseID":"14b1dd42-0f67-4b3b-8ffc-456504ab652b","productID":16,"product":{"id":16,"name":"☕ Coffee Mug","netPrice":"0.84","grossPrice":"1","vatRate":"19","vatAmount":"0.16","wrapAfter":false,"hidden":false,"soldOut":false,"apiExport":false,"pos":30,"totalStock":0,"unitsSold":0,"soldOutRequestCount":0,"guestlists":null},"quantity":2,"netPrice":"0.84","grossPrice":"1","vatRate":"19","vatAmount":"0.16","totalNetPrice":"1.68","totalGrossPrice":"2","totalVatAmount":"0.32"},{"id":66,"purchaseID":"14b1dd42-0f67-4b3b-8ffc-456504ab652b","productID":13,"product":{"id":13,"name":"👕 Female L","netPrice":"16.81","grossPrice":"20","vatRate":"19","vatAmount":"3.19","wrapAfter":false,"hidden":false,"soldOut":false,"apiExport":false,"pos":10,"totalStock":19,"unitsSold":0,"soldOutRequestCount":0,"guestlists":null},"quantity":1,"netPrice":"16.81","grossPrice":"20","vatRate":"19","vatAmount":"3.19","totalNetPrice":"16.81","totalGrossPrice":"20","totalVatAmount":"3.19"}],"status":"confirmed"},{"id":"1df86102-a363-443f-964c-71173d67ab25","createdAt":"2025-06-14T18:27:22.580719+02:00","createdById":2,"createdBy":{"id":2,"createdAt":"2025-06-14T18:27:22.567164+02:00","updatedAt":"2025-06-14T18:27:22.567164+02:00","deletedAt":null,"username":"demo","email":"demo@example.com","admin":false},"paymentMethod":"CASH","totalNetPrice":"50.43","sumupTransactionId":"00000000-0000-0000-0000-000000000000","sumupClientTransactionId":"00000000-0000-0000-0000-000000000000","totalGrossPrice":"60","totalVatAmount":"9.57","purchaseItems":[{"id":63,"purchaseID":"1df86102-a363-443f-964c-71173d67ab25","productID":8,"product":{"id":8,"name":"👕 Male XL","netPrice":"16.81","grossPrice":"20","vatRate":"19","vatAmount":"3.19","wrapAfter":false,"hidden":false,"soldOut":false,"apiExport":false,"pos":10,"totalStock":28,"unitsSold":0,"soldOutRequestCount":0,"guestlists":null},"quantity":3,"netPrice":"16.81","grossPrice":"20","vatRate":"19","vatAmount":"3.19","totalNetPrice":"50.43","totalGrossPrice":"60","totalVatAmount":"9.57"}],"status":"confirmed"},{"id":"7c297e46-8030-497e-b67c-07ba82fc543f","createdAt":"2025-06-14T18:27:22.580658+02:00","createdById":2,"createdBy":{"id":2,"createdAt":"2025-06-14T18:27:22.567164+02:00","updatedAt":"2025-06-14T18:27:22.567164+02:00","deletedAt":null,"username":"demo","email":"demo@example.com","admin":false},"paymentMethod":"CASH","totalNetPrice":"67.24","sumupTransactionId":"00000000-0000-0000-0000-000000000000","sumupClientTransactionId":"00000000-0000-0000-0000-000000000000","totalGrossPrice":"80","totalVatAmount":"12.76","purchaseItems":[{"id":60,"purchaseID":"7c297e46-8030-497e-b67c-07ba82fc543f","productID":11,"product":{"id":11,"name":"👕 Female S","netPrice":"16.81","grossPrice":"20","vatRate":"19","vatAmount":"3.19","wrapAfter":false,"hidden":false,"soldOut":false,"apiExport":false,"pos":10,"totalStock":26,"unitsSold":0,"soldOutRequestCount":0,"guestlists":null},"quantity":2,"netPrice":"16.81","grossPrice":"20","vatRate":"19","vatAmount":"3.19","totalNetPrice":"33.62","totalGrossPrice":"40","totalVatAmount":"6.38"},{"id":61,"purchaseID":"7c297e46-8030-497e-b67c-07ba82fc543f","productID":10,"product":{"id":10,"name":"👕 Male 4XL","netPrice":"16.81","grossPrice":"20","vatRate":"19","vatAmount":"3.19","wrapAfter":false,"hidden":false,"soldOut":false,"apiExport":false,"pos":10,"totalStock":29,"unitsSold":0,"soldOutRequestCount":0,"guestlists":null},"quantity":1,"netPrice":"16.81","grossPrice":"20","vatRate":"19","vatAmount":"3.19","totalNetPrice":"16.81","totalGrossPrice":"20","totalVatAmount":"3.19"},{"id":62,"purchaseID":"7c297e46-8030-497e-b67c-07ba82fc543f","productID":6,"product":{"id":6,"name":"👕 Male M","netPrice":"16.81","grossPrice":"20","vatRate":"19","vatAmount":"3.19","wrapAfter":false,"hidden":false,"soldOut":false,"apiExport":false,"pos":10,"totalStock":7,"unitsSold":0,"soldOutRequestCount":0,"guestlists":null},"quantity":1,"netPrice":"16.81","grossPrice":"20","vatRate":"19","vatAmount":"3.19","totalNetPrice":"16.81","totalGrossPrice":"20","totalVatAmount":"3.19"}],"status":"confirmed"},{"id":"4dc63e1f-425e-47e1-ac61-099842baeaba","createdAt":"2025-06-14T18:27:22.580596+02:00","createdById":2,"createdBy":{"id":2,"createdAt":"2025-06-14T18:27:22.567164+02:00","updatedAt":"2025-06-14T18:27:22.567164+02:00","deletedAt":null,"username":"demo","email":"demo@example.com","admin":false},"paymentMethod":"CASH","totalNetPrice":"50.43","sumupTransactionId":"00000000-0000-0000-0000-000000000000","sumupClientTransactionId":"00000000-0000-0000-0000-000000000000","totalGrossPrice":"60","totalVatAmount":"9.57","purchaseItems":[{"id":59,"purchaseID":"4dc63e1f-425e-47e1-ac61-099842baeaba","productID":9,"product":{"id":9,"name":"👕 Male XXL","netPrice":"16.81","grossPrice":"20","vatRate":"19","vatAmount":"3.19","wrapAfter":false,"hidden":false,"soldOut":false,"apiExport":false,"pos":10,"totalStock":12,"unitsSold":0,"soldOutRequestCount":0,"guestlists":null},"quantity":3,"netPrice":"16.81","grossPrice":"20","vatRate":"19","vatAmount":"3.19","totalNetPrice":"50.43","totalGrossPrice":"60","totalVatAmount":"9.57"}],"status":"confirmed"},{"id":"368cdbc6-7e5f-4ca0-8cee-1e14e1db0b99","createdAt":"2025-06-14T18:27:22.58052+02:00","createdById":2,"createdBy":{"id":2,"createdAt":"2025-06-14T18:27:22.567164+02:00","updatedAt":"2025-06-14T18:27:22.567164+02:00","deletedAt":null,"username":"demo","email":"demo@example.com","admin":false},"paymentMethod":"CASH","totalNetPrice":"86.57","sumupTransactionId":"00000000-0000-0000-0000-000000000000","sumupClientTransactionId":"00000000-0000-0000-0000-000000000000","totalGrossPrice":"103","totalVatAmount":"16.43","purchaseItems":[{"id":55,"purchaseID":"368cdbc6-7e5f-4ca0-8cee-1e14e1db0b99","productID":4,"product":{"id":4,"name":"🎟️ Prepaid","netPrice":"0","grossPrice":"0","vatRate":"0","vatAmount":"0","wrapAfter":true,"hidden":false,"soldOut":false,"apiExport":true,"pos":4,"totalStock":0,"unitsSold":0,"soldOutRequestCount":0,"guestlists":null},"quantity":1,"netPrice":"0","grossPrice":"0","vatRate":"0","vatAmount":"0","totalNetPrice":"0","totalGrossPrice":"0","totalVatAmount":"0"},{"id":56,"purchaseID":"368cdbc6-7e5f-4ca0-8cee-1e14e1db0b99","productID":5,"product":{"id":5,"name":"👕 Male S","netPrice":"16.81","grossPrice":"20","vatRate":"19","vatAmount":"3.19","wrapAfter":false,"hidden":false,"soldOut":false,"apiExport":false,"pos":10,"totalStock":30,"unitsSold":0,"soldOutRequestCount":0,"guestlists":null},"quantity":3,"netPrice":"16.81","grossPrice":"20","vatRate":"19","vatAmount":"3.19","totalNetPrice":"50.43","totalGrossPrice":"60","totalVatAmount":"9.57"},{"id":57,"purchaseID":"368cdbc6-7e5f-4ca0-8cee-1e14e1db0b99","productID":16,"product":{"id":16,"name":"☕ Coffee Mug","netPrice":"0.84","grossPrice":"1","vatRate":"19","vatAmount":"0.16","wrapAfter":false,"hidden":false,"soldOut":false,"apiExport":false,"pos":30,"totalStock":0,"unitsSold":0,"soldOutRequestCount":0,"guestlists":null},"quantity":3,"netPrice":"0.84","grossPrice":"1","vatRate":"19","vatAmount":"0.16","totalNetPrice":"2.52","totalGrossPrice":"3","totalVatAmount":"0.48"},{"id":58,"purchaseID":"368cdbc6-7e5f-4ca0-8cee-1e14e1db0b99","productID":12,"product":{"id":12,"name":"👕 Female M","netPrice":"16.81","grossPrice":"20","vatRate":"19","vatAmount":"3.19","wrapAfter":false,"hidden":false,"soldOut":false,"apiExport":false,"pos":10,"totalStock":7,"unitsSold":0,"soldOutRequestCount":0,"guestlists":null},"quantity":2,"netPrice":"16.81","grossPrice":"20","vatRate":"19","vatAmount":"3.19","totalNetPrice":"33.62","totalGrossPrice":"40","totalVatAmount":"6.38"}],"status":"confirmed"},{"id":"aff5992f-7ec2-4ee2-81cf-2ee425c03edd","createdAt":"2025-06-14T18:27:22.580451+02:00","createdById":2,"createdBy":{"id":2,"createdAt":"2025-06-14T18:27:22.567164+02:00","updatedAt":"2025-06-14T18:27:22.567164+02:00","deletedAt":null,"username":"demo","email":"demo@example.com","admin":false},"paymentMethod":"CC","totalNetPrice":"84.05","sumupTransactionId":"00000000-0000-0000-0000-000000000000","sumupClientTransactionId":"00000000-0000-0000-0000-000000000000","totalGrossPrice":"100","totalVatAmount":"15.95","purchaseItems":[{"id":52,"purchaseID":"aff5992f-7ec2-4ee2-81cf-2ee425c03edd","productID":8,"product":{"id":8,"name":"👕 Male XL","netPrice":"16.81","grossPrice":"20","vatRate":"19","vatAmount":"3.19","wrapAfter":false,"hidden":false,"soldOut":false,"apiExport":false,"pos":10,"totalStock":28,"unitsSold":0,"soldOutRequestCount":0,"guestlists":null},"quantity":1,"netPrice":"16.81","grossPrice":"20","vatRate":"19","vatAmount":"3.19","totalNetPrice":"16.81","totalGrossPrice":"20","totalVatAmount":"3.19"},{"id":53,"purchaseID":"aff5992f-7ec2-4ee2-81cf-2ee425c03edd","productID":14,"product":{"id":14,"name":"👕 Female XL","netPrice":"16.81","grossPrice":"20","vatRate":"19","vatAmount":"3.19","wrapAfter":false,"hidden":false,"soldOut":false,"apiExport":false,"pos":10,"totalStock":12,"unitsSold":0,"soldOutRequestCount":0,"guestlists":null},"quantity":2,"netPrice":"16.81","grossPrice":"20","vatRate":"19","vatAmount":"3.19","totalNetPrice":"33.62","totalGrossPrice":"40","totalVatAmount":"6.38"},{"id":54,"purchaseID":"aff5992f-7ec2-4ee2-81cf-2ee425c03edd","productID":12,"product":{"id":12,"name":"👕 Female M","netPrice":"16.81","grossPrice":"20","vatRate":"19","vatAmount":"3.19","wrapAfter":false,"hidden":false,"soldOut":false,"apiExport":false,"pos":10,"totalStock":7,"unitsSold":0,"soldOutRequestCount":0,"guestlists":null},"quantity":2,"netPrice":"16.81","grossPrice":"20","vatRate":"19","vatAmount":"3.19","totalNetPrice":"33.62","totalGrossPrice":"40","totalVatAmount":"6.38"}],"status":"confirmed"},{"id":"17d6001b-8ab6-4d22-a572-1cee024862ab","createdAt":"2025-06-14T18:27:22.580378+02:00","createdById":2,"createdBy":{"id":2,"createdAt":"2025-06-14T18:27:22.567164+02:00","updatedAt":"2025-06-14T18:27:22.567164+02:00","deletedAt":null,"username":"demo","email":"demo@example.com","admin":false},"paymentMethod":"CC","totalNetPrice":"18.49","sumupTransactionId":"00000000-0000-0000-0000-000000000000","sumupClientTransactionId":"00000000-0000-0000-0000-000000000000","totalGrossPrice":"22","totalVatAmount":"3.51","purchaseItems":[{"id":49,"purchaseID":"17d6001b-8ab6-4d22-a572-1cee024862ab","productID":4,"product":{"id":4,"name":"🎟️ Prepaid","netPrice":"0","grossPrice":"0","vatRate":"0","vatAmount":"0","wrapAfter":true,"hidden":false,"soldOut":false,"apiExport":true,"pos":4,"totalStock":0,"unitsSold":0,"soldOutRequestCount":0,"guestlists":null},"quantity":1,"netPrice":"0","grossPrice":"0","vatRate":"0","vatAmount":"0","totalNetPrice":"0","totalGrossPrice":"0","totalVatAmount":"0"},{"id":50,"purchaseID":"17d6001b-8ab6-4d22-a572-1cee024862ab","productID":9,"product":{"id":9,"name":"👕 Male XXL","netPrice":"16.81","grossPrice":"20","vatRate":"19","vatAmount":"3.19","wrapAfter":false,"hidden":false,"soldOut":false,"apiExport":false,"pos":10,"totalStock":12,"unitsSold":0,"soldOutRequestCount":0,"guestlists":null},"quantity":1,"netPrice":"16.81","grossPrice":"20","vatRate":"19","vatAmount":"3.19","totalNetPrice":"16.81","totalGrossPrice":"20","totalVatAmount":"3.19"},{"id":51,"purchaseID":"17d6001b-8ab6-4d22-a572-1cee024862ab","productID":16,"product":{"id":16,"name":"☕ Coffee Mug","netPrice":"0.84","grossPrice":"1","vatRate":"19","vatAmount":"0.16","wrapAfter":false,"hidden":false,"soldOut":false,"apiExport":false,"pos":30,"totalStock":0,"unitsSold":0,"soldOutRequestCount":0,"guestlists":null},"quantity":2,"netPrice":"0.84","grossPrice":"1","vatRate":"19","vatAmount":"0.16","totalNetPrice":"1.68","totalGrossPrice":"2","totalVatAmount":"0.32"}],"status":"confirmed"}]
    printer.go:116: GET /api/v2/purchases?_sort=totalGrossPrice HTTP/1.1
        Authorization: Bearer eyJhbGciOiJIUzI1NiIsInR5cCI6IkpXVCJ9.eyJJRCI6MiwiZXhwIjoxNzQ5OTE5MDQ0LCJvcmlnX2lhdCI6MTc0OTkxODQ0NH0.ZCidgaD-PTq18MdpyLD8KBxvVLxEJYZN5uDZ-M8TgOc
        
[GIN] 2025/06/14 - 18:27:25 | 200 |     859.292µs |                 | GET      "/api/v2/purchases?_sort=totalGrossPrice"
    printer.go:133: HTTP/0.0 200 OK 865µs
        Content-Type: application/json; charset=utf-8
        X-Total-Count: 29
        
        [{"id":"1f58e8fb-b275-48f7-9770-beebf3c070f1","createdAt":"2025-06-14T18:27:22.580898+02:00","createdById":2,"createdBy":{"id":2,"createdAt":"2025-06-14T18:27:22.567164+02:00","updatedAt":"2025-06-14T18:27:22.567164+02:00","deletedAt":null,"username":"demo","email":"demo@example.com","admin":false},"paymentMethod":"CASH","totalNetPrice":"71.44","sumupTransactionId":"00000000-0000-0000-0000-000000000000","sumupClientTransactionId":"00000000-0000-0000-0000-000000000000","totalGrossPrice":"85","totalVatAmount":"13.56","purchaseItems":[{"id":69,"purchaseID":"1f58e8fb-b275-48f7-9770-beebf3c070f1","productID":16,"product":{"id":16,"name":"☕ Coffee Mug","netPrice":"0.84","grossPrice":"1","vatRate":"19","vatAmount":"0.16","wrapAfter":false,"hidden":false,"soldOut":false,"apiExport":false,"pos":30,"totalStock":0,"unitsSold":0,"soldOutRequestCount":0,"guestlists":null},"quantity":2,"netPrice":"0.84","grossPrice":"1","vatRate":"19","vatAmount":"0.16","totalNetPrice":"1.68","totalGrossPrice":"2","totalVatAmount":"0.32"},{"id":70,"purchaseID":"1f58e8fb-b275-48f7-9770-beebf3c070f1","productID":7,"product":{"id":7,"name":"👕 Male L","netPrice":"16.81","grossPrice":"20","vatRate":"19","vatAmount":"3.19","wrapAfter":false,"hidden":false,"soldOut":false,"apiExport":false,"pos":10,"totalStock":27,"unitsSold":0,"soldOutRequestCount":0,"guestlists":null},"quantity":1,"netPrice":"16.81","grossPrice":"20","vatRate":"19","vatAmount":"3.19","totalNetPrice":"16.81","totalGrossPrice":"20","totalVatAmount":"3.19"},{"id":71,"purchaseID":"1f58e8fb-b275-48f7-9770-beebf3c070f1","productID":16,"product":{"id":16,"name":"☕ Coffee Mug","netPrice":"0.84","grossPrice":"1","vatRate":"19","vatAmount":"0.16","wrapAfter":false,"hidden":false,"soldOut":false,"apiExport":false,"pos":30,"totalStock":0,"unitsSold":0,"soldOutRequestCount":0,"guestlists":null},"quantity":3,"netPrice":"0.84","grossPrice":"1","vatRate":"19","vatAmount":"0.16","totalNetPrice":"2.52","totalGrossPrice":"3","totalVatAmount":"0.48"},{"id":72,"purchaseID":"1f58e8fb-b275-48f7-9770-beebf3c070f1","productID":6,"product":{"id":6,"name":"👕 Male M","netPrice":"16.81","grossPrice":"20","vatRate":"19","vatAmount":"3.19","wrapAfter":false,"hidden":false,"soldOut":false,"apiExport":false,"pos":10,"totalStock":7,"unitsSold":0,"soldOutRequestCount":0,"guestlists":null},"quantity":3,"netPrice":"16.81","grossPrice":"20","vatRate":"19","vatAmount":"3.19","totalNetPrice":"50.43","totalGrossPrice":"60","totalVatAmount":"9.57"}],"status":"confirmed"},{"id":"7c297e46-8030-497e-b67c-07ba82fc543f","createdAt":"2025-06-14T18:27:22.580658+02:00","createdById":2,"createdBy":{"id":2,"createdAt":"2025-06-14T18:27:22.567164+02:00","updatedAt":"2025-06-14T18:27:22.567164+02:00","deletedAt":null,"username":"demo","email":"demo@example.com","admin":false},"paymentMethod":"CASH","totalNetPrice":"67.24","sumupTransactionId":"00000000-0000-0000-0000-000000000000","sumupClientTransactionId":"00000000-0000-0000-0000-000000000000","totalGrossPrice":"80","totalVatAmount":"12.76","purchaseItems":[{"id":60,"purchaseID":"7c297e46-8030-497e-b67c-07ba82fc543f","productID":11,"product":{"id":11,"name":"👕 Female S","netPrice":"16.81","grossPrice":"20","vatRate":"19","vatAmount":"3.19","wrapAfter":false,"hidden":false,"soldOut":false,"apiExport":false,"pos":10,"totalStock":26,"unitsSold":0,"soldOutRequestCount":0,"guestlists":null},"quantity":2,"netPrice":"16.81","grossPrice":"20","vatRate":"19","vatAmount":"3.19","totalNetPrice":"33.62","totalGrossPrice":"40","totalVatAmount":"6.38"},{"id":61,"purchaseID":"7c297e46-8030-497e-b67c-07ba82fc543f","productID":10,"product":{"id":10,"name":"👕 Male 4XL","netPrice":"16.81","grossPrice":"20","vatRate":"19","vatAmount":"3.19","wrapAfter":false,"hidden":false,"soldOut":false,"apiExport":false,"pos":10,"totalStock":29,"unitsSold":0,"soldOutRequestCount":0,"guestlists":null},"quantity":1,"netPrice":"16.81","grossPrice":"20","vatRate":"19","vatAmount":"3.19","totalNetPrice":"16.81","totalGrossPrice":"20","totalVatAmount":"3.19"},{"id":62,"purchaseID":"7c297e46-8030-497e-b67c-07ba82fc543f","productID":6,"product":{"id":6,"name":"👕 Male M","netPrice":"16.81","grossPrice":"20","vatRate":"19","vatAmount":"3.19","wrapAfter":false,"hidden":false,"soldOut":false,"apiExport":false,"pos":10,"totalStock":7,"unitsSold":0,"soldOutRequestCount":0,"guestlists":null},"quantity":1,"netPrice":"16.81","grossPrice":"20","vatRate":"19","vatAmount":"3.19","totalNetPrice":"16.81","totalGrossPrice":"20","totalVatAmount":"3.19"}],"status":"confirmed"},{"id":"64034a23-fec3-48e5-bbca-2792a2020d51","createdAt":"2025-06-14T18:27:22.580168+02:00","createdById":2,"createdBy":{"id":2,"createdAt":"2025-06-14T18:27:22.567164+02:00","updatedAt":"2025-06-14T18:27:22.567164+02:00","deletedAt":null,"username":"demo","email":"demo@example.com","admin":false},"paymentMethod":"CC","totalNetPrice":"67.24","sumupTransactionId":"00000000-0000-0000-0000-000000000000","sumupClientTransactionId":"00000000-0000-0000-0000-000000000000","totalGrossPrice":"80","totalVatAmount":"12.76","purchaseItems":[{"id":41,"purchaseID":"64034a23-fec3-48e5-bbca-2792a2020d51","productID":10,"product":{"id":10,"name":"👕 Male 4XL","netPrice":"16.81","grossPrice":"20","vatRate":"19","vatAmount":"3.19","wrapAfter":false,"hidden":false,"soldOut":false,"apiExport":false,"pos":10,"totalStock":29,"unitsSold":0,"soldOutRequestCount":0,"guestlists":null},"quantity":2,"netPrice":"16.81","grossPrice":"20","vatRate":"19","vatAmount":"3.19","totalNetPrice":"33.62","totalGrossPrice":"40","totalVatAmount":"6.38"},{"id":42,"purchaseID":"64034a23-fec3-48e5-bbca-2792a2020d51","productID":11,"product":{"id":11,"name":"👕 Female S","netPrice":"16.81","grossPrice":"20","vatRate":"19","vatAmount":"3.19","wrapAfter":false,"hidden":false,"soldOut":false,"apiExport":false,"pos":10,"totalStock":26,"unitsSold":0,"soldOutRequestCount":0,"guestlists":null},"quantity":2,"netPrice":"16.81","grossPrice":"20","vatRate":"19","vatAmount":"3.19","totalNetPrice":"33.62","totalGrossPrice":"40","totalVatAmount":"6.38"}],"status":"confirmed"},{"id":"f60464b7-eee8-47e6-a3a7-0639bbd8faf0","createdAt":"2025-06-14T18:27:22.579321+02:00","createdById":2,"createdBy":{"id":2,"createdAt":"2025-06-14T18:27:22.567164+02:00","updatedAt":"2025-06-14T18:27:22.567164+02:00","deletedAt":null,"username":"demo","email":"demo@example.com","admin":false},"paymentMethod":"CASH","totalNetPrice":"67.24","sumupTransactionId":"00000000-0000-0000-0000-000000000000","sumupClientTransactionId":"00000000-0000-0000-0000-000000000000","totalGrossPrice":"80","totalVatAmount":"12.76","purchaseItems":[{"id":11,"purchaseID":"f60464b7-eee8-47e6-a3a7-0639bbd8faf0","productID":11,"product":{"id":11,"name":"👕 Female S","netPrice":"16.81","grossPrice":"20","vatRate":"19","vatAmount":"3.19","wrapAfter":false,"hidden":false,"soldOut":false,"apiExport":false,"pos":10,"totalStock":26,"unitsSold":0,"soldOutRequestCount":0,"guestlists":null},"quantity":2,"netPrice":"16.81","grossPrice":"20","vatRate":"19","vatAmount":"3.19","totalNetPrice":"33.62","totalGrossPrice":"40","totalVatAmount":"6.38"},{"id":12,"purchaseID":"f60464b7-eee8-47e6-a3a7-0639bbd8faf0","productID":5,"product":{"id":5,"name":"👕 Male S","netPrice":"16.81","grossPrice":"20","vatRate":"19","vatAmount":"3.19","wrapAfter":false,"hidden":false,"soldOut":false,"apiExport":false,"pos":10,"totalStock":30,"unitsSold":0,"soldOutRequestCount":0,"guestlists":null},"quantity":2,"netPrice":"16.81","grossPrice":"20","vatRate":"19","vatAmount":"3.19","totalNetPrice":"33.62","totalGrossPrice":"40","totalVatAmount":"6.38"}],"status":"confirmed"},{"id":"14b1dd42-0f67-4b3b-8ffc-456504ab652b","createdAt":"2025-06-14T18:27:22.580771+02:00","createdById":2,"createdBy":{"id":2,"createdAt":"2025-06-14T18:27:22.567164+02:00","updatedAt":"2025-06-14T18:27:22.567164+02:00","deletedAt":null,"username":"demo","email":"demo@example.com","admin":false},"paymentMethod":"CASH","totalNetPrice":"52.11","sumupTransactionId":"00000000-0000-0000-0000-000000000000","sumupClientTransactionId":"00000000-0000-0000-0000-000000000000","totalGrossPrice":"62","totalVatAmount":"9.89","purchaseItems":[{"id":64,"purchaseID":"14b1dd42-0f67-4b3b-8ffc-456504ab652b","productID":9,"product":{"id":9,"name":"👕 Male XXL","netPrice":"16.81","grossPrice":"20","vatRate":"19","vatAmount":"3.19","wrapAfter":false,"hidden":false,"soldOut":false,"apiExport":false,"pos":10,"totalStock":12,"unitsSold":0,"soldOutRequestCount":0,"guestlists":null},"quantity":2,"netPrice":"16.81","grossPrice":"20","vatRate":"19","vatAmount":"3.19","totalNetPrice":"33.62","totalGrossPrice":"40","totalVatAmount":"6.38"},{"id":65,"purchaseID":"14b1dd42-0f67-4b3b-8ffc-456504ab652b","productID":16,"product":{"id":16,"name":"☕ Coffee Mug","netPrice":"0.84","grossPrice":"1","vatRate":"19","vatAmount":"0.16","wrapAfter":false,"hidden":false,"soldOut":false,"apiExport":false,"pos":30,"totalStock":0,"unitsSold":0,"soldOutRequestCount":0,"guestlists":null},"quantity":2,"netPrice":"0.84","grossPrice":"1","vatRate":"19","vatAmount":"0.16","totalNetPrice":"1.68","totalGrossPrice":"2","totalVatAmount":"0.32"},{"id":66,"purchaseID":"14b1dd42-0f67-4b3b-8ffc-456504ab652b","productID":13,"product":{"id":13,"name":"👕 Female L","netPrice":"16.81","grossPrice":"20","vatRate":"19","vatAmount":"3.19","wrapAfter":false,"hidden":false,"soldOut":false,"apiExport":false,"pos":10,"totalStock":19,"unitsSold":0,"soldOutRequestCount":0,"guestlists":null},"quantity":1,"netPrice":"16.81","grossPrice":"20","vatRate":"19","vatAmount":"3.19","totalNetPrice":"16.81","totalGrossPrice":"20","totalVatAmount":"3.19"}],"status":"confirmed"},{"id":"1df86102-a363-443f-964c-71173d67ab25","createdAt":"2025-06-14T18:27:22.580719+02:00","createdById":2,"createdBy":{"id":2,"createdAt":"2025-06-14T18:27:22.567164+02:00","updatedAt":"2025-06-14T18:27:22.567164+02:00","deletedAt":null,"username":"demo","email":"demo@example.com","admin":false},"paymentMethod":"CASH","totalNetPrice":"50.43","sumupTransactionId":"00000000-0000-0000-0000-000000000000","sumupClientTransactionId":"00000000-0000-0000-0000-000000000000","totalGrossPrice":"60","totalVatAmount":"9.57","purchaseItems":[{"id":63,"purchaseID":"1df86102-a363-443f-964c-71173d67ab25","productID":8,"product":{"id":8,"name":"👕 Male XL","netPrice":"16.81","grossPrice":"20","vatRate":"19","vatAmount":"3.19","wrapAfter":false,"hidden":false,"soldOut":false,"apiExport":false,"pos":10,"totalStock":28,"unitsSold":0,"soldOutRequestCount":0,"guestlists":null},"quantity":3,"netPrice":"16.81","grossPrice":"20","vatRate":"19","vatAmount":"3.19","totalNetPrice":"50.43","totalGrossPrice":"60","totalVatAmount":"9.57"}],"status":"confirmed"},{"id":"4dc63e1f-425e-47e1-ac61-099842baeaba","createdAt":"2025-06-14T18:27:22.580596+02:00","createdById":2,"createdBy":{"id":2,"createdAt":"2025-06-14T18:27:22.567164+02:00","updatedAt":"2025-06-14T18:27:22.567164+02:00","deletedAt":null,"username":"demo","email":"demo@example.com","admin":false},"paymentMethod":"CASH","totalNetPrice":"50.43","sumupTransactionId":"00000000-0000-0000-0000-000000000000","sumupClientTransactionId":"00000000-0000-0000-0000-000000000000","totalGrossPrice":"60","totalVatAmount":"9.57","purchaseItems":[{"id":59,"purchaseID":"4dc63e1f-425e-47e1-ac61-099842baeaba","productID":9,"product":{"id":9,"name":"👕 Male XXL","netPrice":"16.81","grossPrice":"20","vatRate":"19","vatAmount":"3.19","wrapAfter":false,"hidden":false,"soldOut":false,"apiExport":false,"pos":10,"totalStock":12,"unitsSold":0,"soldOutRequestCount":0,"guestlists":null},"quantity":3,"netPrice":"16.81","grossPrice":"20","vatRate":"19","vatAmount":"3.19","totalNetPrice":"50.43","totalGrossPrice":"60","totalVatAmount":"9.57"}],"status":"confirmed"},{"id":"d5ca0d12-ff8f-4130-bcc6-012129a9af3e","createdAt":"2025-06-14T18:27:22.579887+02:00","createdById":2,"createdBy":{"id":2,"createdAt":"2025-06-14T18:27:22.567164+02:00","updatedAt":"2025-06-14T18:27:22.567164+02:00","deletedAt":null,"username":"demo","email":"demo@example.com","admin":false},"paymentMethod":"CC","totalNetPrice":"50.43","sumupTransactionId":"00000000-0000-0000-0000-000000000000","sumupClientTransactionId":"00000000-0000-0000-0000-000000000000","totalGrossPrice":"60","totalVatAmount":"9.57","purchaseItems":[{"id":33,"purchaseID":"d5ca0d12-ff8f-4130-bcc6-012129a9af3e","productID":5,"product":{"id":5,"name":"👕 Male S","netPrice":"16.81","grossPrice":"20","vatRate":"19","vatAmount":"3.19","wrapAfter":false,"hidden":false,"soldOut":false,"apiExport":false,"pos":10,"totalStock":30,"unitsSold":0,"soldOutRequestCount":0,"guestlists":null},"quantity":2,"netPrice":"16.81","grossPrice":"20","vatRate":"19","vatAmount":"3.19","totalNetPrice":"33.62","totalGrossPrice":"40","totalVatAmount":"6.38"},{"id":34,"purchaseID":"d5ca0d12-ff8f-4130-bcc6-012129a9af3e","productID":4,"product":{"id":4,"name":"🎟️ Prepaid","netPrice":"0","grossPrice":"0","vatRate":"0","vatAmount":"0","wrapAfter":true,"hidden":false,"soldOut":false,"apiExport":true,"pos":4,"totalStock":0,"unitsSold":0,"soldOutRequestCount":0,"guestlists":null},"quantity":1,"netPrice":"0","grossPrice":"0","vatRate":"0","vatAmount":"0","totalNetPrice":"0","totalGrossPrice":"0","totalVatAmount":"0"},{"id":35,"purchaseID":"d5ca0d12-ff8f-4130-bcc6-012129a9af3e","productID":12,"product":{"id":12,"name":"👕 Female M","netPrice":"16.81","grossPrice":"20","vatRate":"19","vatAmount":"3.19","wrapAfter":false,"hidden":false,"soldOut":false,"apiExport":false,"pos":10,"totalStock":7,"unitsSold":0,"soldOutRequestCount":0,"guestlists":null},"quantity":1,"netPrice":"16.81","grossPrice":"20","vatRate":"19","vatAmount":"3.19","totalNetPrice":"16.81","totalGrossPrice":"20","totalVatAmount":"3.19"}],"status":"confirmed"},{"id":"09eb4373-8db8-4146-a760-bf59dc2459c0","createdAt":"2025-06-14T18:27:22.579771+02:00","createdById":2,"createdBy":{"id":2,"createdAt":"2025-06-14T18:27:22.567164+02:00","updatedAt":"2025-06-14T18:27:22.567164+02:00","deletedAt":null,"username":"demo","email":"demo@example.com","admin":false},"paymentMethod":"CASH","totalNetPrice":"50.43","sumupTransactionId":"00000000-0000-0000-0000-000000000000","sumupClientTransactionId":"00000000-0000-0000-0000-000000000000","totalGrossPrice":"60","totalVatAmount":"9.57","purchaseItems":[{"id":31,"purchaseID":"09eb4373-8db8-4146-a760-bf59dc2459c0","productID":15,"product":{"id":15,"name":"👕 Female XXL","netPrice":"16.81","grossPrice":"20","vatRate":"19","vatAmount":"3.19","wrapAfter":false,"hidden":false,"soldOut":false,"apiExport":false,"pos":10,"totalStock":14,"unitsSold":0,"soldOutRequestCount":0,"guestlists":null},"quantity":3,"netPrice":"16.81","grossPrice":"20","vatRate":"19","vatAmount":"3.19","totalNetPrice":"50.43","totalGrossPrice":"60","totalVatAmount":"9.57"}],"status":"confirmed"},{"id":"3be57dcf-b7e4-4e25-a4ba-f6b64aa45c33","createdAt":"2025-06-14T18:27:22.580836+02:00","createdById":2,"createdBy":{"id":2,"createdAt":"2025-06-14T18:27:22.567164+02:00","updatedAt":"2025-06-14T18:27:22.567164+02:00","deletedAt":null,"username":"demo","email":"demo@example.com","admin":false},"paymentMethod":"CC","totalNetPrice":"33.62","sumupTransactionId":"00000000-0000-0000-0000-000000000000","sumupClientTransactionId":"00000000-0000-0000-0000-000000000000","totalGrossPrice":"40","totalVatAmount":"6.38","purchaseItems":[{"id":67,"purchaseID":"3be57dcf-b7e4-4e25-a4ba-f6b64aa45c33","productID":10,"product":{"id":10,"name":"👕 Male 4XL","netPrice":"16.81","grossPrice":"20","vatRate":"19","vatAmount":"3.19","wrapAfter":false,"hidden":false,"soldOut":false,"apiExport":false,"pos":10,"totalStock":29,"unitsSold":0,"soldOutRequestCount":0,"guestlists":null},"quantity":1,"netPrice":"16.81","grossPrice":"20","vatRate":"19","vatAmount":"3.19","totalNetPrice":"16.81","totalGrossPrice":"20","totalVatAmount":"3.19"},{"id":68,"purchaseID":"3be57dcf-b7e4-4e25-a4ba-f6b64aa45c33","productID":8,"product":{"id":8,"name":"👕 Male XL","netPrice":"16.81","grossPrice":"20","vatRate":"19","vatAmount":"3.19","wrapAfter":false,"hidden":false,"soldOut":false,"apiExport":false,"pos":10,"totalStock":28,"unitsSold":0,"soldOutRequestCount":0,"guestlists":null},"quantity":1,"netPrice":"16.81","grossPrice":"20","vatRate":"19","vatAmount":"3.19","totalNetPrice":"16.81","totalGrossPrice":"20","totalVatAmount":"3.19"}],"status":"confirmed"}]
    printer.go:116: GET /api/v2/purchases?_sort=createdBy.username HTTP/1.1
        Authorization: Bearer eyJhbGciOiJIUzI1NiIsInR5cCI6IkpXVCJ9.eyJJRCI6MiwiZXhwIjoxNzQ5OTE5MDQ0LCJvcmlnX2lhdCI6MTc0OTkxODQ0NH0.ZCidgaD-PTq18MdpyLD8KBxvVLxEJYZN5uDZ-M8TgOc
        
[GIN] 2025/06/14 - 18:27:25 | 200 |     542.459µs |                 | GET      "/api/v2/purchases?_sort=createdBy.username"
    printer.go:133: HTTP/0.0 200 OK 546.667µs
        Content-Type: application/json; charset=utf-8
        X-Total-Count: 29
        
        [{"id":"08addd76-cfa3-4519-92e6-14efd315201d","createdAt":"2025-06-14T18:27:22.580967+02:00","createdById":2,"createdBy":{"id":2,"createdAt":"2025-06-14T18:27:22.567164+02:00","updatedAt":"2025-06-14T18:27:22.567164+02:00","deletedAt":null,"username":"demo","email":"demo@example.com","admin":false},"paymentMethod":"CASH","totalNetPrice":"85.73","sumupTransactionId":"00000000-0000-0000-0000-000000000000","sumupClientTransactionId":"00000000-0000-0000-0000-000000000000","totalGrossPrice":"102","totalVatAmount":"16.27","purchaseItems":[{"id":73,"purchaseID":"08addd76-cfa3-4519-92e6-14efd315201d","productID":6,"product":{"id":6,"name":"👕 Male M","netPrice":"16.81","grossPrice":"20","vatRate":"19","vatAmount":"3.19","wrapAfter":false,"hidden":false,"soldOut":false,"apiExport":false,"pos":10,"totalStock":7,"unitsSold":0,"soldOutRequestCount":0,"guestlists":null},"quantity":2,"netPrice":"16.81","grossPrice":"20","vatRate":"19","vatAmount":"3.19","totalNetPrice":"33.62","totalGrossPrice":"40","totalVatAmount":"6.38"},{"id":74,"purchaseID":"08addd76-cfa3-4519-92e6-14efd315201d","productID":16,"product":{"id":16,"name":"☕ Coffee Mug","netPrice":"0.84","grossPrice":"1","vatRate":"19","vatAmount":"0.16","wrapAfter":false,"hidden":false,"soldOut":false,"apiExport":false,"pos":30,"totalStock":0,"unitsSold":0,"soldOutRequestCount":0,"guestlists":null},"quantity":2,"netPrice":"0.84","grossPrice":"1","vatRate":"19","vatAmount":"0.16","totalNetPrice":"1.68","totalGrossPrice":"2","totalVatAmount":"0.32"},{"id":75,"purchaseID":"08addd76-cfa3-4519-92e6-14efd315201d","productID":7,"product":{"id":7,"name":"👕 Male L","netPrice":"16.81","grossPrice":"20","vatRate":"19","vatAmount":"3.19","wrapAfter":false,"hidden":false,"soldOut":false,"apiExport":false,"pos":10,"totalStock":27,"unitsSold":0,"soldOutRequestCount":0,"guestlists":null},"quantity":3,"netPrice":"16.81","grossPrice":"20","vatRate":"19","vatAmount":"3.19","totalNetPrice":"50.43","totalGrossPrice":"60","totalVatAmount":"9.57"}],"status":"confirmed"},{"id":"1f58e8fb-b275-48f7-9770-beebf3c070f1","createdAt":"2025-06-14T18:27:22.580898+02:00","createdById":2,"createdBy":{"id":2,"createdAt":"2025-06-14T18:27:22.567164+02:00","updatedAt":"2025-06-14T18:27:22.567164+02:00","deletedAt":null,"username":"demo","email":"demo@example.com","admin":false},"paymentMethod":"CASH","totalNetPrice":"71.44","sumupTransactionId":"00000000-0000-0000-0000-000000000000","sumupClientTransactionId":"00000000-0000-0000-0000-000000000000","totalGrossPrice":"85","totalVatAmount":"13.56","purchaseItems":[{"id":69,"purchaseID":"1f58e8fb-b275-48f7-9770-beebf3c070f1","productID":16,"product":{"id":16,"name":"☕ Coffee Mug","netPrice":"0.84","grossPrice":"1","vatRate":"19","vatAmount":"0.16","wrapAfter":false,"hidden":false,"soldOut":false,"apiExport":false,"pos":30,"totalStock":0,"unitsSold":0,"soldOutRequestCount":0,"guestlists":null},"quantity":2,"netPrice":"0.84","grossPrice":"1","vatRate":"19","vatAmount":"0.16","totalNetPrice":"1.68","totalGrossPrice":"2","totalVatAmount":"0.32"},{"id":70,"purchaseID":"1f58e8fb-b275-48f7-9770-beebf3c070f1","productID":7,"product":{"id":7,"name":"👕 Male L","netPrice":"16.81","grossPrice":"20","vatRate":"19","vatAmount":"3.19","wrapAfter":false,"hidden":false,"soldOut":false,"apiExport":false,"pos":10,"totalStock":27,"unitsSold":0,"soldOutRequestCount":0,"guestlists":null},"quantity":1,"netPrice":"16.81","grossPrice":"20","vatRate":"19","vatAmount":"3.19","totalNetPrice":"16.81","totalGrossPrice":"20","totalVatAmount":"3.19"},{"id":71,"purchaseID":"1f58e8fb-b275-48f7-9770-beebf3c070f1","productID":16,"product":{"id":16,"name":"☕ Coffee Mug","netPrice":"0.84","grossPrice":"1","vatRate":"19","vatAmount":"0.16","wrapAfter":false,"hidden":false,"soldOut":false,"apiExport":false,"pos":30,"totalStock":0,"unitsSold":0,"soldOutRequestCount":0,"guestlists":null},"quantity":3,"netPrice":"0.84","grossPrice":"1","vatRate":"19","vatAmount":"0.16","totalNetPrice":"2.52","totalGrossPrice":"3","totalVatAmount":"0.48"},{"id":72,"purchaseID":"1f58e8fb-b275-48f7-9770-beebf3c070f1","productID":6,"product":{"id":6,"name":"👕 Male M","netPrice":"16.81","grossPrice":"20","vatRate":"19","vatAmount":"3.19","wrapAfter":false,"hidden":false,"soldOut":false,"apiExport":false,"pos":10,"totalStock":7,"unitsSold":0,"soldOutRequestCount":0,"guestlists":null},"quantity":3,"netPrice":"16.81","grossPrice":"20","vatRate":"19","vatAmount":"3.19","totalNetPrice":"50.43","totalGrossPrice":"60","totalVatAmount":"9.57"}],"status":"confirmed"},{"id":"3be57dcf-b7e4-4e25-a4ba-f6b64aa45c33","createdAt":"2025-06-14T18:27:22.580836+02:00","createdById":2,"createdBy":{"id":2,"createdAt":"2025-06-14T18:27:22.567164+02:00","updatedAt":"2025-06-14T18:27:22.567164+02:00","deletedAt":null,"username":"demo","email":"demo@example.com","admin":false},"paymentMethod":"CC","totalNetPrice":"33.62","sumupTransactionId":"00000000-0000-0000-0000-000000000000","sumupClientTransactionId":"00000000-0000-0000-0000-000000000000","totalGrossPrice":"40","totalVatAmount":"6.38","purchaseItems":[{"id":67,"purchaseID":"3be57dcf-b7e4-4e25-a4ba-f6b64aa45c33","productID":10,"product":{"id":10,"name":"👕 Male 4XL","netPrice":"16.81","grossPrice":"20","vatRate":"19","vatAmount":"3.19","wrapAfter":false,"hidden":false,"soldOut":false,"apiExport":false,"pos":10,"totalStock":29,"unitsSold":0,"soldOutRequestCount":0,"guestlists":null},"quantity":1,"netPrice":"16.81","grossPrice":"20","vatRate":"19","vatAmount":"3.19","totalNetPrice":"16.81","totalGrossPrice":"20","totalVatAmount":"3.19"},{"id":68,"purchaseID":"3be57dcf-b7e4-4e25-a4ba-f6b64aa45c33","productID":8,"product":{"id":8,"name":"👕 Male XL","netPrice":"16.81","grossPrice":"20","vatRate":"19","vatAmount":"3.19","wrapAfter":false,"hidden":false,"soldOut":false,"apiExport":false,"pos":10,"totalStock":28,"unitsSold":0,"soldOutRequestCount":0,"guestlists":null},"quantity":1,"netPrice":"16.81","grossPrice":"20","vatRate":"19","vatAmount":"3.19","totalNetPrice":"16.81","totalGrossPrice":"20","totalVatAmount":"3.19"}],"status":"confirmed"},{"id":"14b1dd42-0f67-4b3b-8ffc-456504ab652b","createdAt":"2025-06-14T18:27:22.580771+02:00","createdById":2,"createdBy":{"id":2,"createdAt":"2025-06-14T18:27:22.567164+02:00","updatedAt":"2025-06-14T18:27:22.567164+02:00","deletedAt":null,"username":"demo","email":"demo@example.com","admin":false},"paymentMethod":"CASH","totalNetPrice":"52.11","sumupTransactionId":"00000000-0000-0000-0000-000000000000","sumupClientTransactionId":"00000000-0000-0000-0000-000000000000","totalGrossPrice":"62","totalVatAmount":"9.89","purchaseItems":[{"id":64,"purchaseID":"14b1dd42-0f67-4b3b-8ffc-456504ab652b","productID":9,"product":{"id":9,"name":"👕 Male XXL","netPrice":"16.81","grossPrice":"20","vatRate":"19","vatAmount":"3.19","wrapAfter":false,"hidden":false,"soldOut":false,"apiExport":false,"pos":10,"totalStock":12,"unitsSold":0,"soldOutRequestCount":0,"guestlists":null},"quantity":2,"netPrice":"16.81","grossPrice":"20","vatRate":"19","vatAmount":"3.19","totalNetPrice":"33.62","totalGrossPrice":"40","totalVatAmount":"6.38"},{"id":65,"purchaseID":"14b1dd42-0f67-4b3b-8ffc-456504ab652b","productID":16,"product":{"id":16,"name":"☕ Coffee Mug","netPrice":"0.84","grossPrice":"1","vatRate":"19","vatAmount":"0.16","wrapAfter":false,"hidden":false,"soldOut":false,"apiExport":false,"pos":30,"totalStock":0,"unitsSold":0,"soldOutRequestCount":0,"guestlists":null},"quantity":2,"netPrice":"0.84","grossPrice":"1","vatRate":"19","vatAmount":"0.16","totalNetPrice":"1.68","totalGrossPrice":"2","totalVatAmount":"0.32"},{"id":66,"purchaseID":"14b1dd42-0f67-4b3b-8ffc-456504ab652b","productID":13,"product":{"id":13,"name":"👕 Female L","netPrice":"16.81","grossPrice":"20","vatRate":"19","vatAmount":"3.19","wrapAfter":false,"hidden":false,"soldOut":false,"apiExport":false,"pos":10,"totalStock":19,"unitsSold":0,"soldOutRequestCount":0,"guestlists":null},"quantity":1,"netPrice":"16.81","grossPrice":"20","vatRate":"19","vatAmount":"3.19","totalNetPrice":"16.81","totalGrossPrice":"20","totalVatAmount":"3.19"}],"status":"confirmed"},{"id":"1df86102-a363-443f-964c-71173d67ab25","createdAt":"2025-06-14T18:27:22.580719+02:00","createdById":2,"createdBy":{"id":2,"createdAt":"2025-06-14T18:27:22.567164+02:00","updatedAt":"2025-06-14T18:27:22.567164+02:00","deletedAt":null,"username":"demo","email":"demo@example.com","admin":false},"paymentMethod":"CASH","totalNetPrice":"50.43","sumupTransactionId":"00000000-0000-0000-0000-000000000000","sumupClientTransactionId":"00000000-0000-0000-0000-000000000000","totalGrossPrice":"60","totalVatAmount":"9.57","purchaseItems":[{"id":63,"purchaseID":"1df86102-a363-443f-964c-71173d67ab25","productID":8,"product":{"id":8,"name":"👕 Male XL","netPrice":"16.81","grossPrice":"20","vatRate":"19","vatAmount":"3.19","wrapAfter":false,"hidden":false,"soldOut":false,"apiExport":false,"pos":10,"totalStock":28,"unitsSold":0,"soldOutRequestCount":0,"guestlists":null},"quantity":3,"netPrice":"16.81","grossPrice":"20","vatRate":"19","vatAmount":"3.19","totalNetPrice":"50.43","totalGrossPrice":"60","totalVatAmount":"9.57"}],"status":"confirmed"},{"id":"7c297e46-8030-497e-b67c-07ba82fc543f","createdAt":"2025-06-14T18:27:22.580658+02:00","createdById":2,"createdBy":{"id":2,"createdAt":"2025-06-14T18:27:22.567164+02:00","updatedAt":"2025-06-14T18:27:22.567164+02:00","deletedAt":null,"username":"demo","email":"demo@example.com","admin":false},"paymentMethod":"CASH","totalNetPrice":"67.24","sumupTransactionId":"00000000-0000-0000-0000-000000000000","sumupClientTransactionId":"00000000-0000-0000-0000-000000000000","totalGrossPrice":"80","totalVatAmount":"12.76","purchaseItems":[{"id":60,"purchaseID":"7c297e46-8030-497e-b67c-07ba82fc543f","productID":11,"product":{"id":11,"name":"👕 Female S","netPrice":"16.81","grossPrice":"20","vatRate":"19","vatAmount":"3.19","wrapAfter":false,"hidden":false,"soldOut":false,"apiExport":false,"pos":10,"totalStock":26,"unitsSold":0,"soldOutRequestCount":0,"guestlists":null},"quantity":2,"netPrice":"16.81","grossPrice":"20","vatRate":"19","vatAmount":"3.19","totalNetPrice":"33.62","totalGrossPrice":"40","totalVatAmount":"6.38"},{"id":61,"purchaseID":"7c297e46-8030-497e-b67c-07ba82fc543f","productID":10,"product":{"id":10,"name":"👕 Male 4XL","netPrice":"16.81","grossPrice":"20","vatRate":"19","vatAmount":"3.19","wrapAfter":false,"hidden":false,"soldOut":false,"apiExport":false,"pos":10,"totalStock":29,"unitsSold":0,"soldOutRequestCount":0,"guestlists":null},"quantity":1,"netPrice":"16.81","grossPrice":"20","vatRate":"19","vatAmount":"3.19","totalNetPrice":"16.81","totalGrossPrice":"20","totalVatAmount":"3.19"},{"id":62,"purchaseID":"7c297e46-8030-497e-b67c-07ba82fc543f","productID":6,"product":{"id":6,"name":"👕 Male M","netPrice":"16.81","grossPrice":"20","vatRate":"19","vatAmount":"3.19","wrapAfter":false,"hidden":false,"soldOut":false,"apiExport":false,"pos":10,"totalStock":7,"unitsSold":0,"soldOutRequestCount":0,"guestlists":null},"quantity":1,"netPrice":"16.81","grossPrice":"20","vatRate":"19","vatAmount":"3.19","totalNetPrice":"16.81","totalGrossPrice":"20","totalVatAmount":"3.19"}],"status":"confirmed"},{"id":"4dc63e1f-425e-47e1-ac61-099842baeaba","createdAt":"2025-06-14T18:27:22.580596+02:00","createdById":2,"createdBy":{"id":2,"createdAt":"2025-06-14T18:27:22.567164+02:00","updatedAt":"2025-06-14T18:27:22.567164+02:00","deletedAt":null,"username":"demo","email":"demo@example.com","admin":false},"paymentMethod":"CASH","totalNetPrice":"50.43","sumupTransactionId":"00000000-0000-0000-0000-000000000000","sumupClientTransactionId":"00000000-0000-0000-0000-000000000000","totalGrossPrice":"60","totalVatAmount":"9.57","purchaseItems":[{"id":59,"purchaseID":"4dc63e1f-425e-47e1-ac61-099842baeaba","productID":9,"product":{"id":9,"name":"👕 Male XXL","netPrice":"16.81","grossPrice":"20","vatRate":"19","vatAmount":"3.19","wrapAfter":false,"hidden":false,"soldOut":false,"apiExport":false,"pos":10,"totalStock":12,"unitsSold":0,"soldOutRequestCount":0,"guestlists":null},"quantity":3,"netPrice":"16.81","grossPrice":"20","vatRate":"19","vatAmount":"3.19","totalNetPrice":"50.43","totalGrossPrice":"60","totalVatAmount":"9.57"}],"status":"confirmed"},{"id":"368cdbc6-7e5f-4ca0-8cee-1e14e1db0b99","createdAt":"2025-06-14T18:27:22.58052+02:00","createdById":2,"createdBy":{"id":2,"createdAt":"2025-06-14T18:27:22.567164+02:00","updatedAt":"2025-06-14T18:27:22.567164+02:00","deletedAt":null,"username":"demo","email":"demo@example.com","admin":false},"paymentMethod":"CASH","totalNetPrice":"86.57","sumupTransactionId":"00000000-0000-0000-0000-000000000000","sumupClientTransactionId":"00000000-0000-0000-0000-000000000000","totalGrossPrice":"103","totalVatAmount":"16.43","purchaseItems":[{"id":55,"purchaseID":"368cdbc6-7e5f-4ca0-8cee-1e14e1db0b99","productID":4,"product":{"id":4,"name":"🎟️ Prepaid","netPrice":"0","grossPrice":"0","vatRate":"0","vatAmount":"0","wrapAfter":true,"hidden":false,"soldOut":false,"apiExport":true,"pos":4,"totalStock":0,"unitsSold":0,"soldOutRequestCount":0,"guestlists":null},"quantity":1,"netPrice":"0","grossPrice":"0","vatRate":"0","vatAmount":"0","totalNetPrice":"0","totalGrossPrice":"0","totalVatAmount":"0"},{"id":56,"purchaseID":"368cdbc6-7e5f-4ca0-8cee-1e14e1db0b99","productID":5,"product":{"id":5,"name":"👕 Male S","netPrice":"16.81","grossPrice":"20","vatRate":"19","vatAmount":"3.19","wrapAfter":false,"hidden":false,"soldOut":false,"apiExport":false,"pos":10,"totalStock":30,"unitsSold":0,"soldOutRequestCount":0,"guestlists":null},"quantity":3,"netPrice":"16.81","grossPrice":"20","vatRate":"19","vatAmount":"3.19","totalNetPrice":"50.43","totalGrossPrice":"60","totalVatAmount":"9.57"},{"id":57,"purchaseID":"368cdbc6-7e5f-4ca0-8cee-1e14e1db0b99","productID":16,"product":{"id":16,"name":"☕ Coffee Mug","netPrice":"0.84","grossPrice":"1","vatRate":"19","vatAmount":"0.16","wrapAfter":false,"hidden":false,"soldOut":false,"apiExport":false,"pos":30,"totalStock":0,"unitsSold":0,"soldOutRequestCount":0,"guestlists":null},"quantity":3,"netPrice":"0.84","grossPrice":"1","vatRate":"19","vatAmount":"0.16","totalNetPrice":"2.52","totalGrossPrice":"3","totalVatAmount":"0.48"},{"id":58,"purchaseID":"368cdbc6-7e5f-4ca0-8cee-1e14e1db0b99","productID":12,"product":{"id":12,"name":"👕 Female M","netPrice":"16.81","grossPrice":"20","vatRate":"19","vatAmount":"3.19","wrapAfter":false,"hidden":false,"soldOut":false,"apiExport":false,"pos":10,"totalStock":7,"unitsSold":0,"soldOutRequestCount":0,"guestlists":null},"quantity":2,"netPrice":"16.81","grossPrice":"20","vatRate":"19","vatAmount":"3.19","totalNetPrice":"33.62","totalGrossPrice":"40","totalVatAmount":"6.38"}],"status":"confirmed"},{"id":"aff5992f-7ec2-4ee2-81cf-2ee425c03edd","createdAt":"2025-06-14T18:27:22.580451+02:00","createdById":2,"createdBy":{"id":2,"createdAt":"2025-06-14T18:27:22.567164+02:00","updatedAt":"2025-06-14T18:27:22.567164+02:00","deletedAt":null,"username":"demo","email":"demo@example.com","admin":false},"paymentMethod":"CC","totalNetPrice":"84.05","sumupTransactionId":"00000000-0000-0000-0000-000000000000","sumupClientTransactionId":"00000000-0000-0000-0000-000000000000","totalGrossPrice":"100","totalVatAmount":"15.95","purchaseItems":[{"id":52,"purchaseID":"aff5992f-7ec2-4ee2-81cf-2ee425c03edd","productID":8,"product":{"id":8,"name":"👕 Male XL","netPrice":"16.81","grossPrice":"20","vatRate":"19","vatAmount":"3.19","wrapAfter":false,"hidden":false,"soldOut":false,"apiExport":false,"pos":10,"totalStock":28,"unitsSold":0,"soldOutRequestCount":0,"guestlists":null},"quantity":1,"netPrice":"16.81","grossPrice":"20","vatRate":"19","vatAmount":"3.19","totalNetPrice":"16.81","totalGrossPrice":"20","totalVatAmount":"3.19"},{"id":53,"purchaseID":"aff5992f-7ec2-4ee2-81cf-2ee425c03edd","productID":14,"product":{"id":14,"name":"👕 Female XL","netPrice":"16.81","grossPrice":"20","vatRate":"19","vatAmount":"3.19","wrapAfter":false,"hidden":false,"soldOut":false,"apiExport":false,"pos":10,"totalStock":12,"unitsSold":0,"soldOutRequestCount":0,"guestlists":null},"quantity":2,"netPrice":"16.81","grossPrice":"20","vatRate":"19","vatAmount":"3.19","totalNetPrice":"33.62","totalGrossPrice":"40","totalVatAmount":"6.38"},{"id":54,"purchaseID":"aff5992f-7ec2-4ee2-81cf-2ee425c03edd","productID":12,"product":{"id":12,"name":"👕 Female M","netPrice":"16.81","grossPrice":"20","vatRate":"19","vatAmount":"3.19","wrapAfter":false,"hidden":false,"soldOut":false,"apiExport":false,"pos":10,"totalStock":7,"unitsSold":0,"soldOutRequestCount":0,"guestlists":null},"quantity":2,"netPrice":"16.81","grossPrice":"20","vatRate":"19","vatAmount":"3.19","totalNetPrice":"33.62","totalGrossPrice":"40","totalVatAmount":"6.38"}],"status":"confirmed"},{"id":"17d6001b-8ab6-4d22-a572-1cee024862ab","createdAt":"2025-06-14T18:27:22.580378+02:00","createdById":2,"createdBy":{"id":2,"createdAt":"2025-06-14T18:27:22.567164+02:00","updatedAt":"2025-06-14T18:27:22.567164+02:00","deletedAt":null,"username":"demo","email":"demo@example.com","admin":false},"paymentMethod":"CC","totalNetPrice":"18.49","sumupTransactionId":"00000000-0000-0000-0000-000000000000","sumupClientTransactionId":"00000000-0000-0000-0000-000000000000","totalGrossPrice":"22","totalVatAmount":"3.51","purchaseItems":[{"id":49,"purchaseID":"17d6001b-8ab6-4d22-a572-1cee024862ab","productID":4,"product":{"id":4,"name":"🎟️ Prepaid","netPrice":"0","grossPrice":"0","vatRate":"0","vatAmount":"0","wrapAfter":true,"hidden":false,"soldOut":false,"apiExport":true,"pos":4,"totalStock":0,"unitsSold":0,"soldOutRequestCount":0,"guestlists":null},"quantity":1,"netPrice":"0","grossPrice":"0","vatRate":"0","vatAmount":"0","totalNetPrice":"0","totalGrossPrice":"0","totalVatAmount":"0"},{"id":50,"purchaseID":"17d6001b-8ab6-4d22-a572-1cee024862ab","productID":9,"product":{"id":9,"name":"👕 Male XXL","netPrice":"16.81","grossPrice":"20","vatRate":"19","vatAmount":"3.19","wrapAfter":false,"hidden":false,"soldOut":false,"apiExport":false,"pos":10,"totalStock":12,"unitsSold":0,"soldOutRequestCount":0,"guestlists":null},"quantity":1,"netPrice":"16.81","grossPrice":"20","vatRate":"19","vatAmount":"3.19","totalNetPrice":"16.81","totalGrossPrice":"20","totalVatAmount":"3.19"},{"id":51,"purchaseID":"17d6001b-8ab6-4d22-a572-1cee024862ab","productID":16,"product":{"id":16,"name":"☕ Coffee Mug","netPrice":"0.84","grossPrice":"1","vatRate":"19","vatAmount":"0.16","wrapAfter":false,"hidden":false,"soldOut":false,"apiExport":false,"pos":30,"totalStock":0,"unitsSold":0,"soldOutRequestCount":0,"guestlists":null},"quantity":2,"netPrice":"0.84","grossPrice":"1","vatRate":"19","vatAmount":"0.16","totalNetPrice":"1.68","totalGrossPrice":"2","totalVatAmount":"0.32"}],"status":"confirmed"}]
    printer.go:116: GET /api/v2/purchases?_sort=paymentMethod HTTP/1.1
        Authorization: Bearer eyJhbGciOiJIUzI1NiIsInR5cCI6IkpXVCJ9.eyJJRCI6MiwiZXhwIjoxNzQ5OTE5MDQ0LCJvcmlnX2lhdCI6MTc0OTkxODQ0NH0.ZCidgaD-PTq18MdpyLD8KBxvVLxEJYZN5uDZ-M8TgOc
        
[GIN] 2025/06/14 - 18:27:25 | 200 |     582.667µs |                 | GET      "/api/v2/purchases?_sort=paymentMethod"
    printer.go:133: HTTP/0.0 200 OK 586.916µs
        Content-Type: application/json; charset=utf-8
        X-Total-Count: 29
        
        [{"id":"3be57dcf-b7e4-4e25-a4ba-f6b64aa45c33","createdAt":"2025-06-14T18:27:22.580836+02:00","createdById":2,"createdBy":{"id":2,"createdAt":"2025-06-14T18:27:22.567164+02:00","updatedAt":"2025-06-14T18:27:22.567164+02:00","deletedAt":null,"username":"demo","email":"demo@example.com","admin":false},"paymentMethod":"CC","totalNetPrice":"33.62","sumupTransactionId":"00000000-0000-0000-0000-000000000000","sumupClientTransactionId":"00000000-0000-0000-0000-000000000000","totalGrossPrice":"40","totalVatAmount":"6.38","purchaseItems":[{"id":67,"purchaseID":"3be57dcf-b7e4-4e25-a4ba-f6b64aa45c33","productID":10,"product":{"id":10,"name":"👕 Male 4XL","netPrice":"16.81","grossPrice":"20","vatRate":"19","vatAmount":"3.19","wrapAfter":false,"hidden":false,"soldOut":false,"apiExport":false,"pos":10,"totalStock":29,"unitsSold":0,"soldOutRequestCount":0,"guestlists":null},"quantity":1,"netPrice":"16.81","grossPrice":"20","vatRate":"19","vatAmount":"3.19","totalNetPrice":"16.81","totalGrossPrice":"20","totalVatAmount":"3.19"},{"id":68,"purchaseID":"3be57dcf-b7e4-4e25-a4ba-f6b64aa45c33","productID":8,"product":{"id":8,"name":"👕 Male XL","netPrice":"16.81","grossPrice":"20","vatRate":"19","vatAmount":"3.19","wrapAfter":false,"hidden":false,"soldOut":false,"apiExport":false,"pos":10,"totalStock":28,"unitsSold":0,"soldOutRequestCount":0,"guestlists":null},"quantity":1,"netPrice":"16.81","grossPrice":"20","vatRate":"19","vatAmount":"3.19","totalNetPrice":"16.81","totalGrossPrice":"20","totalVatAmount":"3.19"}],"status":"confirmed"},{"id":"aff5992f-7ec2-4ee2-81cf-2ee425c03edd","createdAt":"2025-06-14T18:27:22.580451+02:00","createdById":2,"createdBy":{"id":2,"createdAt":"2025-06-14T18:27:22.567164+02:00","updatedAt":"2025-06-14T18:27:22.567164+02:00","deletedAt":null,"username":"demo","email":"demo@example.com","admin":false},"paymentMethod":"CC","totalNetPrice":"84.05","sumupTransactionId":"00000000-0000-0000-0000-000000000000","sumupClientTransactionId":"00000000-0000-0000-0000-000000000000","totalGrossPrice":"100","totalVatAmount":"15.95","purchaseItems":[{"id":52,"purchaseID":"aff5992f-7ec2-4ee2-81cf-2ee425c03edd","productID":8,"product":{"id":8,"name":"👕 Male XL","netPrice":"16.81","grossPrice":"20","vatRate":"19","vatAmount":"3.19","wrapAfter":false,"hidden":false,"soldOut":false,"apiExport":false,"pos":10,"totalStock":28,"unitsSold":0,"soldOutRequestCount":0,"guestlists":null},"quantity":1,"netPrice":"16.81","grossPrice":"20","vatRate":"19","vatAmount":"3.19","totalNetPrice":"16.81","totalGrossPrice":"20","totalVatAmount":"3.19"},{"id":53,"purchaseID":"aff5992f-7ec2-4ee2-81cf-2ee425c03edd","productID":14,"product":{"id":14,"name":"👕 Female XL","netPrice":"16.81","grossPrice":"20","vatRate":"19","vatAmount":"3.19","wrapAfter":false,"hidden":false,"soldOut":false,"apiExport":false,"pos":10,"totalStock":12,"unitsSold":0,"soldOutRequestCount":0,"guestlists":null},"quantity":2,"netPrice":"16.81","grossPrice":"20","vatRate":"19","vatAmount":"3.19","totalNetPrice":"33.62","totalGrossPrice":"40","totalVatAmount":"6.38"},{"id":54,"purchaseID":"aff5992f-7ec2-4ee2-81cf-2ee425c03edd","productID":12,"product":{"id":12,"name":"👕 Female M","netPrice":"16.81","grossPrice":"20","vatRate":"19","vatAmount":"3.19","wrapAfter":false,"hidden":false,"soldOut":false,"apiExport":false,"pos":10,"totalStock":7,"unitsSold":0,"soldOutRequestCount":0,"guestlists":null},"quantity":2,"netPrice":"16.81","grossPrice":"20","vatRate":"19","vatAmount":"3.19","totalNetPrice":"33.62","totalGrossPrice":"40","totalVatAmount":"6.38"}],"status":"confirmed"},{"id":"17d6001b-8ab6-4d22-a572-1cee024862ab","createdAt":"2025-06-14T18:27:22.580378+02:00","createdById":2,"createdBy":{"id":2,"createdAt":"2025-06-14T18:27:22.567164+02:00","updatedAt":"2025-06-14T18:27:22.567164+02:00","deletedAt":null,"username":"demo","email":"demo@example.com","admin":false},"paymentMethod":"CC","totalNetPrice":"18.49","sumupTransactionId":"00000000-0000-0000-0000-000000000000","sumupClientTransactionId":"00000000-0000-0000-0000-000000000000","totalGrossPrice":"22","totalVatAmount":"3.51","purchaseItems":[{"id":49,"purchaseID":"17d6001b-8ab6-4d22-a572-1cee024862ab","productID":4,"product":{"id":4,"name":"🎟️ Prepaid","netPrice":"0","grossPrice":"0","vatRate":"0","vatAmount":"0","wrapAfter":true,"hidden":false,"soldOut":false,"apiExport":true,"pos":4,"totalStock":0,"unitsSold":0,"soldOutRequestCount":0,"guestlists":null},"quantity":1,"netPrice":"0","grossPrice":"0","vatRate":"0","vatAmount":"0","totalNetPrice":"0","totalGrossPrice":"0","totalVatAmount":"0"},{"id":50,"purchaseID":"17d6001b-8ab6-4d22-a572-1cee024862ab","productID":9,"product":{"id":9,"name":"👕 Male XXL","netPrice":"16.81","grossPrice":"20","vatRate":"19","vatAmount":"3.19","wrapAfter":false,"hidden":false,"soldOut":false,"apiExport":false,"pos":10,"totalStock":12,"unitsSold":0,"soldOutRequestCount":0,"guestlists":null},"quantity":1,"netPrice":"16.81","grossPrice":"20","vatRate":"19","vatAmount":"3.19","totalNetPrice":"16.81","totalGrossPrice":"20","totalVatAmount":"3.19"},{"id":51,"purchaseID":"17d6001b-8ab6-4d22-a572-1cee024862ab","productID":16,"product":{"id":16,"name":"☕ Coffee Mug","netPrice":"0.84","grossPrice":"1","vatRate":"19","vatAmount":"0.16","wrapAfter":false,"hidden":false,"soldOut":false,"apiExport":false,"pos":30,"totalStock":0,"unitsSold":0,"soldOutRequestCount":0,"guestlists":null},"quantity":2,"netPrice":"0.84","grossPrice":"1","vatRate":"19","vatAmount":"0.16","totalNetPrice":"1.68","totalGrossPrice":"2","totalVatAmount":"0.32"}],"status":"confirmed"},{"id":"43e0933b-bf57-420c-a49d-8c5471294501","createdAt":"2025-06-14T18:27:22.580313+02:00","createdById":2,"createdBy":{"id":2,"createdAt":"2025-06-14T18:27:22.567164+02:00","updatedAt":"2025-06-14T18:27:22.567164+02:00","deletedAt":null,"username":"demo","email":"demo@example.com","admin":false},"paymentMethod":"CC","totalNetPrice":"100.86","sumupTransactionId":"00000000-0000-0000-0000-000000000000","sumupClientTransactionId":"00000000-0000-0000-0000-000000000000","totalGrossPrice":"120","totalVatAmount":"19.14","purchaseItems":[{"id":46,"purchaseID":"43e0933b-bf57-420c-a49d-8c5471294501","productID":5,"product":{"id":5,"name":"👕 Male S","netPrice":"16.81","grossPrice":"20","vatRate":"19","vatAmount":"3.19","wrapAfter":false,"hidden":false,"soldOut":false,"apiExport":false,"pos":10,"totalStock":30,"unitsSold":0,"soldOutRequestCount":0,"guestlists":null},"quantity":3,"netPrice":"16.81","grossPrice":"20","vatRate":"19","vatAmount":"3.19","totalNetPrice":"50.43","totalGrossPrice":"60","totalVatAmount":"9.57"},{"id":47,"purchaseID":"43e0933b-bf57-420c-a49d-8c5471294501","productID":11,"product":{"id":11,"name":"👕 Female S","netPrice":"16.81","grossPrice":"20","vatRate":"19","vatAmount":"3.19","wrapAfter":false,"hidden":false,"soldOut":false,"apiExport":false,"pos":10,"totalStock":26,"unitsSold":0,"soldOutRequestCount":0,"guestlists":null},"quantity":3,"netPrice":"16.81","grossPrice":"20","vatRate":"19","vatAmount":"3.19","totalNetPrice":"50.43","totalGrossPrice":"60","totalVatAmount":"9.57"},{"id":48,"purchaseID":"43e0933b-bf57-420c-a49d-8c5471294501","productID":4,"product":{"id":4,"name":"🎟️ Prepaid","netPrice":"0","grossPrice":"0","vatRate":"0","vatAmount":"0","wrapAfter":true,"hidden":false,"soldOut":false,"apiExport":true,"pos":4,"totalStock":0,"unitsSold":0,"soldOutRequestCount":0,"guestlists":null},"quantity":1,"netPrice":"0","grossPrice":"0","vatRate":"0","vatAmount":"0","totalNetPrice":"0","totalGrossPrice":"0","totalVatAmount":"0"}],"status":"confirmed"},{"id":"64034a23-fec3-48e5-bbca-2792a2020d51","createdAt":"2025-06-14T18:27:22.580168+02:00","createdById":2,"createdBy":{"id":2,"createdAt":"2025-06-14T18:27:22.567164+02:00","updatedAt":"2025-06-14T18:27:22.567164+02:00","deletedAt":null,"username":"demo","email":"demo@example.com","admin":false},"paymentMethod":"CC","totalNetPrice":"67.24","sumupTransactionId":"00000000-0000-0000-0000-000000000000","sumupClientTransactionId":"00000000-0000-0000-0000-000000000000","totalGrossPrice":"80","totalVatAmount":"12.76","purchaseItems":[{"id":41,"purchaseID":"64034a23-fec3-48e5-bbca-2792a2020d51","productID":10,"product":{"id":10,"name":"👕 Male 4XL","netPrice":"16.81","grossPrice":"20","vatRate":"19","vatAmount":"3.19","wrapAfter":false,"hidden":false,"soldOut":false,"apiExport":false,"pos":10,"totalStock":29,"unitsSold":0,"soldOutRequestCount":0,"guestlists":null},"quantity":2,"netPrice":"16.81","grossPrice":"20","vatRate":"19","vatAmount":"3.19","totalNetPrice":"33.62","totalGrossPrice":"40","totalVatAmount":"6.38"},{"id":42,"purchaseID":"64034a23-fec3-48e5-bbca-2792a2020d51","productID":11,"product":{"id":11,"name":"👕 Female S","netPrice":"16.81","grossPrice":"20","vatRate":"19","vatAmount":"3.19","wrapAfter":false,"hidden":false,"soldOut":false,"apiExport":false,"pos":10,"totalStock":26,"unitsSold":0,"soldOutRequestCount":0,"guestlists":null},"quantity":2,"netPrice":"16.81","grossPrice":"20","vatRate":"19","vatAmount":"3.19","totalNetPrice":"33.62","totalGrossPrice":"40","totalVatAmount":"6.38"}],"status":"confirmed"},{"id":"0b2a38e8-fe28-4fc0-bca2-62bcc8dcf76c","createdAt":"2025-06-14T18:27:22.580102+02:00","createdById":2,"createdBy":{"id":2,"createdAt":"2025-06-14T18:27:22.567164+02:00","updatedAt":"2025-06-14T18:27:22.567164+02:00","deletedAt":null,"username":"demo","email":"demo@example.com","admin":false},"paymentMethod":"CC","totalNetPrice":"33.62","sumupTransactionId":"00000000-0000-0000-0000-000000000000","sumupClientTransactionId":"00000000-0000-0000-0000-000000000000","totalGrossPrice":"40","totalVatAmount":"6.38","purchaseItems":[{"id":40,"purchaseID":"0b2a38e8-fe28-4fc0-bca2-62bcc8dcf76c","productID":10,"product":{"id":10,"name":"👕 Male 4XL","netPrice":"16.81","grossPrice":"20","vatRate":"19","vatAmount":"3.19","wrapAfter":false,"hidden":false,"soldOut":false,"apiExport":false,"pos":10,"totalStock":29,"unitsSold":0,"soldOutRequestCount":0,"guestlists":null},"quantity":2,"netPrice":"16.81","grossPrice":"20","vatRate":"19","vatAmount":"3.19","totalNetPrice":"33.62","totalGrossPrice":"40","totalVatAmount":"6.38"}],"status":"confirmed"},{"id":"65d1fd96-5911-43c2-9eb8-b61e963f4de5","createdAt":"2025-06-14T18:27:22.580015+02:00","createdById":2,"createdBy":{"id":2,"createdAt":"2025-06-14T18:27:22.567164+02:00","updatedAt":"2025-06-14T18:27:22.567164+02:00","deletedAt":null,"username":"demo","email":"demo@example.com","admin":false},"paymentMethod":"CC","totalNetPrice":"117.67","sumupTransactionId":"00000000-0000-0000-0000-000000000000","sumupClientTransactionId":"00000000-0000-0000-0000-000000000000","totalGrossPrice":"140","totalVatAmount":"22.33","purchaseItems":[{"id":37,"purchaseID":"65d1fd96-5911-43c2-9eb8-b61e963f4de5","productID":13,"product":{"id":13,"name":"👕 Female L","netPrice":"16.81","grossPrice":"20","vatRate":"19","vatAmount":"3.19","wrapAfter":false,"hidden":false,"soldOut":false,"apiExport":false,"pos":10,"totalStock":19,"unitsSold":0,"soldOutRequestCount":0,"guestlists":null},"quantity":3,"netPrice":"16.81","grossPrice":"20","vatRate":"19","vatAmount":"3.19","totalNetPrice":"50.43","totalGrossPrice":"60","totalVatAmount":"9.57"},{"id":38,"purchaseID":"65d1fd96-5911-43c2-9eb8-b61e963f4de5","productID":13,"product":{"id":13,"name":"👕 Female L","netPrice":"16.81","grossPrice":"20","vatRate":"19","vatAmount":"3.19","wrapAfter":false,"hidden":false,"soldOut":false,"apiExport":false,"pos":10,"totalStock":19,"unitsSold":0,"soldOutRequestCount":0,"guestlists":null},"quantity":1,"netPrice":"16.81","grossPrice":"20","vatRate":"19","vatAmount":"3.19","totalNetPrice":"16.81","totalGrossPrice":"20","totalVatAmount":"3.19"},{"id":39,"purchaseID":"65d1fd96-5911-43c2-9eb8-b61e963f4de5","productID":8,"product":{"id":8,"name":"👕 Male XL","netPrice":"16.81","grossPrice":"20","vatRate":"19","vatAmount":"3.19","wrapAfter":false,"hidden":false,"soldOut":false,"apiExport":false,"pos":10,"totalStock":28,"unitsSold":0,"soldOutRequestCount":0,"guestlists":null},"quantity":3,"netPrice":"16.81","grossPrice":"20","vatRate":"19","vatAmount":"3.19","totalNetPrice":"50.43","totalGrossPrice":"60","totalVatAmount":"9.57"}],"status":"confirmed"},{"id":"d5ca0d12-ff8f-4130-bcc6-012129a9af3e","createdAt":"2025-06-14T18:27:22.579887+02:00","createdById":2,"createdBy":{"id":2,"createdAt":"2025-06-14T18:27:22.567164+02:00","updatedAt":"2025-06-14T18:27:22.567164+02:00","deletedAt":null,"username":"demo","email":"demo@example.com","admin":false},"paymentMethod":"CC","totalNetPrice":"50.43","sumupTransactionId":"00000000-0000-0000-0000-000000000000","sumupClientTransactionId":"00000000-0000-0000-0000-000000000000","totalGrossPrice":"60","totalVatAmount":"9.57","purchaseItems":[{"id":33,"purchaseID":"d5ca0d12-ff8f-4130-bcc6-012129a9af3e","productID":5,"product":{"id":5,"name":"👕 Male S","netPrice":"16.81","grossPrice":"20","vatRate":"19","vatAmount":"3.19","wrapAfter":false,"hidden":false,"soldOut":false,"apiExport":false,"pos":10,"totalStock":30,"unitsSold":0,"soldOutRequestCount":0,"guestlists":null},"quantity":2,"netPrice":"16.81","grossPrice":"20","vatRate":"19","vatAmount":"3.19","totalNetPrice":"33.62","totalGrossPrice":"40","totalVatAmount":"6.38"},{"id":34,"purchaseID":"d5ca0d12-ff8f-4130-bcc6-012129a9af3e","productID":4,"product":{"id":4,"name":"🎟️ Prepaid","netPrice":"0","grossPrice":"0","vatRate":"0","vatAmount":"0","wrapAfter":true,"hidden":false,"soldOut":false,"apiExport":true,"pos":4,"totalStock":0,"unitsSold":0,"soldOutRequestCount":0,"guestlists":null},"quantity":1,"netPrice":"0","grossPrice":"0","vatRate":"0","vatAmount":"0","totalNetPrice":"0","totalGrossPrice":"0","totalVatAmount":"0"},{"id":35,"purchaseID":"d5ca0d12-ff8f-4130-bcc6-012129a9af3e","productID":12,"product":{"id":12,"name":"👕 Female M","netPrice":"16.81","grossPrice":"20","vatRate":"19","vatAmount":"3.19","wrapAfter":false,"hidden":false,"soldOut":false,"apiExport":false,"pos":10,"totalStock":7,"unitsSold":0,"soldOutRequestCount":0,"guestlists":null},"quantity":1,"netPrice":"16.81","grossPrice":"20","vatRate":"19","vatAmount":"3.19","totalNetPrice":"16.81","totalGrossPrice":"20","totalVatAmount":"3.19"}],"status":"confirmed"},{"id":"2d7977a7-313c-42a3-abd8-9ff853865f18","createdAt":"2025-06-14T18:27:22.579697+02:00","createdById":2,"createdBy":{"id":2,"createdAt":"2025-06-14T18:27:22.567164+02:00","updatedAt":"2025-06-14T18:27:22.567164+02:00","deletedAt":null,"username":"demo","email":"demo@example.com","admin":false},"paymentMethod":"CC","totalNetPrice":"100.86","sumupTransactionId":"00000000-0000-0000-0000-000000000000","sumupClientTransactionId":"00000000-0000-0000-0000-000000000000","totalGrossPrice":"120","totalVatAmount":"19.14","purchaseItems":[{"id":28,"purchaseID":"2d7977a7-313c-42a3-abd8-9ff853865f18","productID":8,"product":{"id":8,"name":"👕 Male XL","netPrice":"16.81","grossPrice":"20","vatRate":"19","vatAmount":"3.19","wrapAfter":false,"hidden":false,"soldOut":false,"apiExport":false,"pos":10,"totalStock":28,"unitsSold":0,"soldOutRequestCount":0,"guestlists":null},"quantity":2,"netPrice":"16.81","grossPrice":"20","vatRate":"19","vatAmount":"3.19","totalNetPrice":"33.62","totalGrossPrice":"40","totalVatAmount":"6.38"},{"id":29,"purchaseID":"2d7977a7-313c-42a3-abd8-9ff853865f18","productID":11,"product":{"id":11,"name":"👕 Female S","netPrice":"16.81","grossPrice":"20","vatRate":"19","vatAmount":"3.19","wrapAfter":false,"hidden":false,"soldOut":false,"apiExport":false,"pos":10,"totalStock":26,"unitsSold":0,"soldOutRequestCount":0,"guestlists":null},"quantity":1,"netPrice":"16.81","grossPrice":"20","vatRate":"19","vatAmount":"3.19","totalNetPrice":"16.81","totalGrossPrice":"20","totalVatAmount":"3.19"},{"id":30,"purchaseID":"2d7977a7-313c-42a3-abd8-9ff853865f18","productID":10,"product":{"id":10,"name":"👕 Male 4XL","netPrice":"16.81","grossPrice":"20","vatRate":"19","vatAmount":"3.19","wrapAfter":false,"hidden":false,"soldOut":false,"apiExport":false,"pos":10,"totalStock":29,"unitsSold":0,"soldOutRequestCount":0,"guestlists":null},"quantity":3,"netPrice":"16.81","grossPrice":"20","vatRate":"19","vatAmount":"3.19","totalNetPrice":"50.43","totalGrossPrice":"60","totalVatAmount":"9.57"}],"status":"confirmed"},{"id":"780429e0-8146-4077-840d-2c9917dafde8","createdAt":"2025-06-14T18:27:22.579549+02:00","createdById":2,"createdBy":{"id":2,"createdAt":"2025-06-14T18:27:22.567164+02:00","updatedAt":"2025-06-14T18:27:22.567164+02:00","deletedAt":null,"username":"demo","email":"demo@example.com","admin":false},"paymentMethod":"CC","totalNetPrice":"168.1","sumupTransactionId":"00000000-0000-0000-0000-000000000000","sumupClientTransactionId":"00000000-0000-0000-0000-000000000000","totalGrossPrice":"200","totalVatAmount":"31.9","purchaseItems":[{"id":20,"purchaseID":"780429e0-8146-4077-840d-2c9917dafde8","productID":11,"product":{"id":11,"name":"👕 Female S","netPrice":"16.81","grossPrice":"20","vatRate":"19","vatAmount":"3.19","wrapAfter":false,"hidden":false,"soldOut":false,"apiExport":false,"pos":10,"totalStock":26,"unitsSold":0,"soldOutRequestCount":0,"guestlists":null},"quantity":1,"netPrice":"16.81","grossPrice":"20","vatRate":"19","vatAmount":"3.19","totalNetPrice":"16.81","totalGrossPrice":"20","totalVatAmount":"3.19"},{"id":21,"purchaseID":"780429e0-8146-4077-840d-2c9917dafde8","productID":13,"product":{"id":13,"name":"👕 Female L","netPrice":"16.81","grossPrice":"20","vatRate":"19","vatAmount":"3.19","wrapAfter":false,"hidden":false,"soldOut":false,"apiExport":false,"pos":10,"totalStock":19,"unitsSold":0,"soldOutRequestCount":0,"guestlists":null},"quantity":3,"netPrice":"16.81","grossPrice":"20","vatRate":"19","vatAmount":"3.19","totalNetPrice":"50.43","totalGrossPrice":"60","totalVatAmount":"9.57"},{"id":22,"purchaseID":"780429e0-8146-4077-840d-2c9917dafde8","productID":5,"product":{"id":5,"name":"👕 Male S","netPrice":"16.81","grossPrice":"20","vatRate":"19","vatAmount":"3.19","wrapAfter":false,"hidden":false,"soldOut":false,"apiExport":false,"pos":10,"totalStock":30,"unitsSold":0,"soldOutRequestCount":0,"guestlists":null},"quantity":1,"netPrice":"16.81","grossPrice":"20","vatRate":"19","vatAmount":"3.19","totalNetPrice":"16.81","totalGrossPrice":"20","totalVatAmount":"3.19"},{"id":23,"purchaseID":"780429e0-8146-4077-840d-2c9917dafde8","productID":8,"product":{"id":8,"name":"👕 Male XL","netPrice":"16.81","grossPrice":"20","vatRate":"19","vatAmount":"3.19","wrapAfter":false,"hidden":false,"soldOut":false,"apiExport":false,"pos":10,"totalStock":28,"unitsSold":0,"soldOutRequestCount":0,"guestlists":null},"quantity":3,"netPrice":"16.81","grossPrice":"20","vatRate":"19","vatAmount":"3.19","totalNetPrice":"50.43","totalGrossPrice":"60","totalVatAmount":"9.57"},{"id":24,"purchaseID":"780429e0-8146-4077-840d-2c9917dafde8","productID":7,"product":{"id":7,"name":"👕 Male L","netPrice":"16.81","grossPrice":"20","vatRate":"19","vatAmount":"3.19","wrapAfter":false,"hidden":false,"soldOut":false,"apiExport":false,"pos":10,"totalStock":27,"unitsSold":0,"soldOutRequestCount":0,"guestlists":null},"quantity":2,"netPrice":"16.81","grossPrice":"20","vatRate":"19","vatAmount":"3.19","totalNetPrice":"33.62","totalGrossPrice":"40","totalVatAmount":"6.38"}],"status":"confirmed"}]
--- PASS: TestGetPurchasesWithSort (0.00s)
=== RUN   TestCreatePurchaseWithList
    printer.go:116: POST /api/v2/purchases HTTP/1.1
        Authorization: Bearer eyJhbGciOiJIUzI1NiIsInR5cCI6IkpXVCJ9.eyJJRCI6MiwiZXhwIjoxNzQ5OTE5MDQ0LCJvcmlnX2lhdCI6MTc0OTkxODQ0NH0.ZCidgaD-PTq18MdpyLD8KBxvVLxEJYZN5uDZ-M8TgOc
        Content-Type: application/json; charset=utf-8
        
        {"cart":[{"ID":2,"listItems":[{"ID":1,"attendedGuests":1}],"netPrice":"18.69","quantity":1}],"paymentMethod":"CC","totalGrossPrice":"20","totalNetPrice":"18.69"}
we are here
we are done here
[GIN] 2025/06/14 - 18:27:25 | 201 |    1.434709ms |                 | POST     "/api/v2/purchases"
    printer.go:133: HTTP/0.0 201 Created 1.441125ms
        Content-Type: application/json; charset=utf-8
        
        {"id":"ea98f975-4b4a-492d-ab48-0a0028194991","createdAt":"2025-06-14T18:27:25.814895+02:00","createdById":2,"createdBy":null,"paymentMethod":"CC","totalNetPrice":"18.69","sumupTransactionId":"00000000-0000-0000-0000-000000000000","sumupClientTransactionId":"00000000-0000-0000-0000-000000000000","totalGrossPrice":"20","totalVatAmount":"1.31","purchaseItems":[{"id":78,"purchaseID":"ea98f975-4b4a-492d-ab48-0a0028194991","productID":2,"product":{"id":2,"name":"🎟️ Reduced","netPrice":"18.69","grossPrice":"20","vatRate":"7","vatAmount":"1.31","wrapAfter":false,"hidden":false,"soldOut":false,"apiExport":true,"pos":2,"totalStock":0,"unitsSold":0,"soldOutRequestCount":0,"guestlists":null},"quantity":1,"netPrice":"18.69","grossPrice":"20","vatRate":"7","vatAmount":"1.31","totalNetPrice":"18.69","totalGrossPrice":"20","totalVatAmount":"1.31"}],"status":"confirmed"}
    printer.go:116: GET /api/v2/purchases/ea98f975-4b4a-492d-ab48-0a0028194991 HTTP/1.1
        Authorization: Bearer eyJhbGciOiJIUzI1NiIsInR5cCI6IkpXVCJ9.eyJJRCI6MiwiZXhwIjoxNzQ5OTE5MDQ0LCJvcmlnX2lhdCI6MTc0OTkxODQ0NH0.ZCidgaD-PTq18MdpyLD8KBxvVLxEJYZN5uDZ-M8TgOc
        
[GIN] 2025/06/14 - 18:27:25 | 200 |      88.459µs |                 | GET      "/api/v2/purchases/ea98f975-4b4a-492d-ab48-0a0028194991"
    printer.go:133: HTTP/0.0 200 OK 92.916µs
        Content-Type: application/json; charset=utf-8
        
        {"id":"ea98f975-4b4a-492d-ab48-0a0028194991","createdAt":"2025-06-14T18:27:25.814895+02:00","createdById":2,"createdBy":null,"paymentMethod":"CC","totalNetPrice":"18.69","sumupTransactionId":"00000000-0000-0000-0000-000000000000","sumupClientTransactionId":"00000000-0000-0000-0000-000000000000","totalGrossPrice":"20","totalVatAmount":"1.31","purchaseItems":[{"id":78,"purchaseID":"ea98f975-4b4a-492d-ab48-0a0028194991","productID":2,"product":{"id":2,"name":"🎟️ Reduced","netPrice":"18.69","grossPrice":"20","vatRate":"7","vatAmount":"1.31","wrapAfter":false,"hidden":false,"soldOut":false,"apiExport":true,"pos":2,"totalStock":0,"unitsSold":0,"soldOutRequestCount":0,"guestlists":null},"quantity":1,"netPrice":"18.69","grossPrice":"20","vatRate":"7","vatAmount":"1.31","totalNetPrice":"18.69","totalGrossPrice":"20","totalVatAmount":"1.31"}],"status":"confirmed"}
    printer.go:116: GET /api/v2/purchases?_order=DESC&_sort=createdAt HTTP/1.1
        Authorization: Bearer eyJhbGciOiJIUzI1NiIsInR5cCI6IkpXVCJ9.eyJJRCI6MiwiZXhwIjoxNzQ5OTE5MDQ0LCJvcmlnX2lhdCI6MTc0OTkxODQ0NH0.ZCidgaD-PTq18MdpyLD8KBxvVLxEJYZN5uDZ-M8TgOc
        
[GIN] 2025/06/14 - 18:27:25 | 200 |     508.042µs |                 | GET      "/api/v2/purchases?_order=DESC&_sort=createdAt"
    printer.go:133: HTTP/0.0 200 OK 515.25µs
        Content-Type: application/json; charset=utf-8
        X-Total-Count: 30
        
        [{"id":"ea98f975-4b4a-492d-ab48-0a0028194991","createdAt":"2025-06-14T18:27:25.814895+02:00","createdById":2,"createdBy":{"id":2,"createdAt":"2025-06-14T18:27:22.567164+02:00","updatedAt":"2025-06-14T18:27:22.567164+02:00","deletedAt":null,"username":"demo","email":"demo@example.com","admin":false},"paymentMethod":"CC","totalNetPrice":"18.69","sumupTransactionId":"00000000-0000-0000-0000-000000000000","sumupClientTransactionId":"00000000-0000-0000-0000-000000000000","totalGrossPrice":"20","totalVatAmount":"1.31","purchaseItems":[{"id":78,"purchaseID":"ea98f975-4b4a-492d-ab48-0a0028194991","productID":2,"product":{"id":2,"name":"🎟️ Reduced","netPrice":"18.69","grossPrice":"20","vatRate":"7","vatAmount":"1.31","wrapAfter":false,"hidden":false,"soldOut":false,"apiExport":true,"pos":2,"totalStock":0,"unitsSold":0,"soldOutRequestCount":0,"guestlists":null},"quantity":1,"netPrice":"18.69","grossPrice":"20","vatRate":"7","vatAmount":"1.31","totalNetPrice":"18.69","totalGrossPrice":"20","totalVatAmount":"1.31"}],"status":"confirmed"},{"id":"08addd76-cfa3-4519-92e6-14efd315201d","createdAt":"2025-06-14T18:27:22.580967+02:00","createdById":2,"createdBy":{"id":2,"createdAt":"2025-06-14T18:27:22.567164+02:00","updatedAt":"2025-06-14T18:27:22.567164+02:00","deletedAt":null,"username":"demo","email":"demo@example.com","admin":false},"paymentMethod":"CASH","totalNetPrice":"85.73","sumupTransactionId":"00000000-0000-0000-0000-000000000000","sumupClientTransactionId":"00000000-0000-0000-0000-000000000000","totalGrossPrice":"102","totalVatAmount":"16.27","purchaseItems":[{"id":73,"purchaseID":"08addd76-cfa3-4519-92e6-14efd315201d","productID":6,"product":{"id":6,"name":"👕 Male M","netPrice":"16.81","grossPrice":"20","vatRate":"19","vatAmount":"3.19","wrapAfter":false,"hidden":false,"soldOut":false,"apiExport":false,"pos":10,"totalStock":7,"unitsSold":0,"soldOutRequestCount":0,"guestlists":null},"quantity":2,"netPrice":"16.81","grossPrice":"20","vatRate":"19","vatAmount":"3.19","totalNetPrice":"33.62","totalGrossPrice":"40","totalVatAmount":"6.38"},{"id":74,"purchaseID":"08addd76-cfa3-4519-92e6-14efd315201d","productID":16,"product":{"id":16,"name":"☕ Coffee Mug","netPrice":"0.84","grossPrice":"1","vatRate":"19","vatAmount":"0.16","wrapAfter":false,"hidden":false,"soldOut":false,"apiExport":false,"pos":30,"totalStock":0,"unitsSold":0,"soldOutRequestCount":0,"guestlists":null},"quantity":2,"netPrice":"0.84","grossPrice":"1","vatRate":"19","vatAmount":"0.16","totalNetPrice":"1.68","totalGrossPrice":"2","totalVatAmount":"0.32"},{"id":75,"purchaseID":"08addd76-cfa3-4519-92e6-14efd315201d","productID":7,"product":{"id":7,"name":"👕 Male L","netPrice":"16.81","grossPrice":"20","vatRate":"19","vatAmount":"3.19","wrapAfter":false,"hidden":false,"soldOut":false,"apiExport":false,"pos":10,"totalStock":27,"unitsSold":0,"soldOutRequestCount":0,"guestlists":null},"quantity":3,"netPrice":"16.81","grossPrice":"20","vatRate":"19","vatAmount":"3.19","totalNetPrice":"50.43","totalGrossPrice":"60","totalVatAmount":"9.57"}],"status":"confirmed"},{"id":"1f58e8fb-b275-48f7-9770-beebf3c070f1","createdAt":"2025-06-14T18:27:22.580898+02:00","createdById":2,"createdBy":{"id":2,"createdAt":"2025-06-14T18:27:22.567164+02:00","updatedAt":"2025-06-14T18:27:22.567164+02:00","deletedAt":null,"username":"demo","email":"demo@example.com","admin":false},"paymentMethod":"CASH","totalNetPrice":"71.44","sumupTransactionId":"00000000-0000-0000-0000-000000000000","sumupClientTransactionId":"00000000-0000-0000-0000-000000000000","totalGrossPrice":"85","totalVatAmount":"13.56","purchaseItems":[{"id":69,"purchaseID":"1f58e8fb-b275-48f7-9770-beebf3c070f1","productID":16,"product":{"id":16,"name":"☕ Coffee Mug","netPrice":"0.84","grossPrice":"1","vatRate":"19","vatAmount":"0.16","wrapAfter":false,"hidden":false,"soldOut":false,"apiExport":false,"pos":30,"totalStock":0,"unitsSold":0,"soldOutRequestCount":0,"guestlists":null},"quantity":2,"netPrice":"0.84","grossPrice":"1","vatRate":"19","vatAmount":"0.16","totalNetPrice":"1.68","totalGrossPrice":"2","totalVatAmount":"0.32"},{"id":70,"purchaseID":"1f58e8fb-b275-48f7-9770-beebf3c070f1","productID":7,"product":{"id":7,"name":"👕 Male L","netPrice":"16.81","grossPrice":"20","vatRate":"19","vatAmount":"3.19","wrapAfter":false,"hidden":false,"soldOut":false,"apiExport":false,"pos":10,"totalStock":27,"unitsSold":0,"soldOutRequestCount":0,"guestlists":null},"quantity":1,"netPrice":"16.81","grossPrice":"20","vatRate":"19","vatAmount":"3.19","totalNetPrice":"16.81","totalGrossPrice":"20","totalVatAmount":"3.19"},{"id":71,"purchaseID":"1f58e8fb-b275-48f7-9770-beebf3c070f1","productID":16,"product":{"id":16,"name":"☕ Coffee Mug","netPrice":"0.84","grossPrice":"1","vatRate":"19","vatAmount":"0.16","wrapAfter":false,"hidden":false,"soldOut":false,"apiExport":false,"pos":30,"totalStock":0,"unitsSold":0,"soldOutRequestCount":0,"guestlists":null},"quantity":3,"netPrice":"0.84","grossPrice":"1","vatRate":"19","vatAmount":"0.16","totalNetPrice":"2.52","totalGrossPrice":"3","totalVatAmount":"0.48"},{"id":72,"purchaseID":"1f58e8fb-b275-48f7-9770-beebf3c070f1","productID":6,"product":{"id":6,"name":"👕 Male M","netPrice":"16.81","grossPrice":"20","vatRate":"19","vatAmount":"3.19","wrapAfter":false,"hidden":false,"soldOut":false,"apiExport":false,"pos":10,"totalStock":7,"unitsSold":0,"soldOutRequestCount":0,"guestlists":null},"quantity":3,"netPrice":"16.81","grossPrice":"20","vatRate":"19","vatAmount":"3.19","totalNetPrice":"50.43","totalGrossPrice":"60","totalVatAmount":"9.57"}],"status":"confirmed"},{"id":"3be57dcf-b7e4-4e25-a4ba-f6b64aa45c33","createdAt":"2025-06-14T18:27:22.580836+02:00","createdById":2,"createdBy":{"id":2,"createdAt":"2025-06-14T18:27:22.567164+02:00","updatedAt":"2025-06-14T18:27:22.567164+02:00","deletedAt":null,"username":"demo","email":"demo@example.com","admin":false},"paymentMethod":"CC","totalNetPrice":"33.62","sumupTransactionId":"00000000-0000-0000-0000-000000000000","sumupClientTransactionId":"00000000-0000-0000-0000-000000000000","totalGrossPrice":"40","totalVatAmount":"6.38","purchaseItems":[{"id":67,"purchaseID":"3be57dcf-b7e4-4e25-a4ba-f6b64aa45c33","productID":10,"product":{"id":10,"name":"👕 Male 4XL","netPrice":"16.81","grossPrice":"20","vatRate":"19","vatAmount":"3.19","wrapAfter":false,"hidden":false,"soldOut":false,"apiExport":false,"pos":10,"totalStock":29,"unitsSold":0,"soldOutRequestCount":0,"guestlists":null},"quantity":1,"netPrice":"16.81","grossPrice":"20","vatRate":"19","vatAmount":"3.19","totalNetPrice":"16.81","totalGrossPrice":"20","totalVatAmount":"3.19"},{"id":68,"purchaseID":"3be57dcf-b7e4-4e25-a4ba-f6b64aa45c33","productID":8,"product":{"id":8,"name":"👕 Male XL","netPrice":"16.81","grossPrice":"20","vatRate":"19","vatAmount":"3.19","wrapAfter":false,"hidden":false,"soldOut":false,"apiExport":false,"pos":10,"totalStock":28,"unitsSold":0,"soldOutRequestCount":0,"guestlists":null},"quantity":1,"netPrice":"16.81","grossPrice":"20","vatRate":"19","vatAmount":"3.19","totalNetPrice":"16.81","totalGrossPrice":"20","totalVatAmount":"3.19"}],"status":"confirmed"},{"id":"14b1dd42-0f67-4b3b-8ffc-456504ab652b","createdAt":"2025-06-14T18:27:22.580771+02:00","createdById":2,"createdBy":{"id":2,"createdAt":"2025-06-14T18:27:22.567164+02:00","updatedAt":"2025-06-14T18:27:22.567164+02:00","deletedAt":null,"username":"demo","email":"demo@example.com","admin":false},"paymentMethod":"CASH","totalNetPrice":"52.11","sumupTransactionId":"00000000-0000-0000-0000-000000000000","sumupClientTransactionId":"00000000-0000-0000-0000-000000000000","totalGrossPrice":"62","totalVatAmount":"9.89","purchaseItems":[{"id":64,"purchaseID":"14b1dd42-0f67-4b3b-8ffc-456504ab652b","productID":9,"product":{"id":9,"name":"👕 Male XXL","netPrice":"16.81","grossPrice":"20","vatRate":"19","vatAmount":"3.19","wrapAfter":false,"hidden":false,"soldOut":false,"apiExport":false,"pos":10,"totalStock":12,"unitsSold":0,"soldOutRequestCount":0,"guestlists":null},"quantity":2,"netPrice":"16.81","grossPrice":"20","vatRate":"19","vatAmount":"3.19","totalNetPrice":"33.62","totalGrossPrice":"40","totalVatAmount":"6.38"},{"id":65,"purchaseID":"14b1dd42-0f67-4b3b-8ffc-456504ab652b","productID":16,"product":{"id":16,"name":"☕ Coffee Mug","netPrice":"0.84","grossPrice":"1","vatRate":"19","vatAmount":"0.16","wrapAfter":false,"hidden":false,"soldOut":false,"apiExport":false,"pos":30,"totalStock":0,"unitsSold":0,"soldOutRequestCount":0,"guestlists":null},"quantity":2,"netPrice":"0.84","grossPrice":"1","vatRate":"19","vatAmount":"0.16","totalNetPrice":"1.68","totalGrossPrice":"2","totalVatAmount":"0.32"},{"id":66,"purchaseID":"14b1dd42-0f67-4b3b-8ffc-456504ab652b","productID":13,"product":{"id":13,"name":"👕 Female L","netPrice":"16.81","grossPrice":"20","vatRate":"19","vatAmount":"3.19","wrapAfter":false,"hidden":false,"soldOut":false,"apiExport":false,"pos":10,"totalStock":19,"unitsSold":0,"soldOutRequestCount":0,"guestlists":null},"quantity":1,"netPrice":"16.81","grossPrice":"20","vatRate":"19","vatAmount":"3.19","totalNetPrice":"16.81","totalGrossPrice":"20","totalVatAmount":"3.19"}],"status":"confirmed"},{"id":"1df86102-a363-443f-964c-71173d67ab25","createdAt":"2025-06-14T18:27:22.580719+02:00","createdById":2,"createdBy":{"id":2,"createdAt":"2025-06-14T18:27:22.567164+02:00","updatedAt":"2025-06-14T18:27:22.567164+02:00","deletedAt":null,"username":"demo","email":"demo@example.com","admin":false},"paymentMethod":"CASH","totalNetPrice":"50.43","sumupTransactionId":"00000000-0000-0000-0000-000000000000","sumupClientTransactionId":"00000000-0000-0000-0000-000000000000","totalGrossPrice":"60","totalVatAmount":"9.57","purchaseItems":[{"id":63,"purchaseID":"1df86102-a363-443f-964c-71173d67ab25","productID":8,"product":{"id":8,"name":"👕 Male XL","netPrice":"16.81","grossPrice":"20","vatRate":"19","vatAmount":"3.19","wrapAfter":false,"hidden":false,"soldOut":false,"apiExport":false,"pos":10,"totalStock":28,"unitsSold":0,"soldOutRequestCount":0,"guestlists":null},"quantity":3,"netPrice":"16.81","grossPrice":"20","vatRate":"19","vatAmount":"3.19","totalNetPrice":"50.43","totalGrossPrice":"60","totalVatAmount":"9.57"}],"status":"confirmed"},{"id":"7c297e46-8030-497e-b67c-07ba82fc543f","createdAt":"2025-06-14T18:27:22.580658+02:00","createdById":2,"createdBy":{"id":2,"createdAt":"2025-06-14T18:27:22.567164+02:00","updatedAt":"2025-06-14T18:27:22.567164+02:00","deletedAt":null,"username":"demo","email":"demo@example.com","admin":false},"paymentMethod":"CASH","totalNetPrice":"67.24","sumupTransactionId":"00000000-0000-0000-0000-000000000000","sumupClientTransactionId":"00000000-0000-0000-0000-000000000000","totalGrossPrice":"80","totalVatAmount":"12.76","purchaseItems":[{"id":60,"purchaseID":"7c297e46-8030-497e-b67c-07ba82fc543f","productID":11,"product":{"id":11,"name":"👕 Female S","netPrice":"16.81","grossPrice":"20","vatRate":"19","vatAmount":"3.19","wrapAfter":false,"hidden":false,"soldOut":false,"apiExport":false,"pos":10,"totalStock":26,"unitsSold":0,"soldOutRequestCount":0,"guestlists":null},"quantity":2,"netPrice":"16.81","grossPrice":"20","vatRate":"19","vatAmount":"3.19","totalNetPrice":"33.62","totalGrossPrice":"40","totalVatAmount":"6.38"},{"id":61,"purchaseID":"7c297e46-8030-497e-b67c-07ba82fc543f","productID":10,"product":{"id":10,"name":"👕 Male 4XL","netPrice":"16.81","grossPrice":"20","vatRate":"19","vatAmount":"3.19","wrapAfter":false,"hidden":false,"soldOut":false,"apiExport":false,"pos":10,"totalStock":29,"unitsSold":0,"soldOutRequestCount":0,"guestlists":null},"quantity":1,"netPrice":"16.81","grossPrice":"20","vatRate":"19","vatAmount":"3.19","totalNetPrice":"16.81","totalGrossPrice":"20","totalVatAmount":"3.19"},{"id":62,"purchaseID":"7c297e46-8030-497e-b67c-07ba82fc543f","productID":6,"product":{"id":6,"name":"👕 Male M","netPrice":"16.81","grossPrice":"20","vatRate":"19","vatAmount":"3.19","wrapAfter":false,"hidden":false,"soldOut":false,"apiExport":false,"pos":10,"totalStock":7,"unitsSold":0,"soldOutRequestCount":0,"guestlists":null},"quantity":1,"netPrice":"16.81","grossPrice":"20","vatRate":"19","vatAmount":"3.19","totalNetPrice":"16.81","totalGrossPrice":"20","totalVatAmount":"3.19"}],"status":"confirmed"},{"id":"4dc63e1f-425e-47e1-ac61-099842baeaba","createdAt":"2025-06-14T18:27:22.580596+02:00","createdById":2,"createdBy":{"id":2,"createdAt":"2025-06-14T18:27:22.567164+02:00","updatedAt":"2025-06-14T18:27:22.567164+02:00","deletedAt":null,"username":"demo","email":"demo@example.com","admin":false},"paymentMethod":"CASH","totalNetPrice":"50.43","sumupTransactionId":"00000000-0000-0000-0000-000000000000","sumupClientTransactionId":"00000000-0000-0000-0000-000000000000","totalGrossPrice":"60","totalVatAmount":"9.57","purchaseItems":[{"id":59,"purchaseID":"4dc63e1f-425e-47e1-ac61-099842baeaba","productID":9,"product":{"id":9,"name":"👕 Male XXL","netPrice":"16.81","grossPrice":"20","vatRate":"19","vatAmount":"3.19","wrapAfter":false,"hidden":false,"soldOut":false,"apiExport":false,"pos":10,"totalStock":12,"unitsSold":0,"soldOutRequestCount":0,"guestlists":null},"quantity":3,"netPrice":"16.81","grossPrice":"20","vatRate":"19","vatAmount":"3.19","totalNetPrice":"50.43","totalGrossPrice":"60","totalVatAmount":"9.57"}],"status":"confirmed"},{"id":"368cdbc6-7e5f-4ca0-8cee-1e14e1db0b99","createdAt":"2025-06-14T18:27:22.58052+02:00","createdById":2,"createdBy":{"id":2,"createdAt":"2025-06-14T18:27:22.567164+02:00","updatedAt":"2025-06-14T18:27:22.567164+02:00","deletedAt":null,"username":"demo","email":"demo@example.com","admin":false},"paymentMethod":"CASH","totalNetPrice":"86.57","sumupTransactionId":"00000000-0000-0000-0000-000000000000","sumupClientTransactionId":"00000000-0000-0000-0000-000000000000","totalGrossPrice":"103","totalVatAmount":"16.43","purchaseItems":[{"id":55,"purchaseID":"368cdbc6-7e5f-4ca0-8cee-1e14e1db0b99","productID":4,"product":{"id":4,"name":"🎟️ Prepaid","netPrice":"0","grossPrice":"0","vatRate":"0","vatAmount":"0","wrapAfter":true,"hidden":false,"soldOut":false,"apiExport":true,"pos":4,"totalStock":0,"unitsSold":0,"soldOutRequestCount":0,"guestlists":null},"quantity":1,"netPrice":"0","grossPrice":"0","vatRate":"0","vatAmount":"0","totalNetPrice":"0","totalGrossPrice":"0","totalVatAmount":"0"},{"id":56,"purchaseID":"368cdbc6-7e5f-4ca0-8cee-1e14e1db0b99","productID":5,"product":{"id":5,"name":"👕 Male S","netPrice":"16.81","grossPrice":"20","vatRate":"19","vatAmount":"3.19","wrapAfter":false,"hidden":false,"soldOut":false,"apiExport":false,"pos":10,"totalStock":30,"unitsSold":0,"soldOutRequestCount":0,"guestlists":null},"quantity":3,"netPrice":"16.81","grossPrice":"20","vatRate":"19","vatAmount":"3.19","totalNetPrice":"50.43","totalGrossPrice":"60","totalVatAmount":"9.57"},{"id":57,"purchaseID":"368cdbc6-7e5f-4ca0-8cee-1e14e1db0b99","productID":16,"product":{"id":16,"name":"☕ Coffee Mug","netPrice":"0.84","grossPrice":"1","vatRate":"19","vatAmount":"0.16","wrapAfter":false,"hidden":false,"soldOut":false,"apiExport":false,"pos":30,"totalStock":0,"unitsSold":0,"soldOutRequestCount":0,"guestlists":null},"quantity":3,"netPrice":"0.84","grossPrice":"1","vatRate":"19","vatAmount":"0.16","totalNetPrice":"2.52","totalGrossPrice":"3","totalVatAmount":"0.48"},{"id":58,"purchaseID":"368cdbc6-7e5f-4ca0-8cee-1e14e1db0b99","productID":12,"product":{"id":12,"name":"👕 Female M","netPrice":"16.81","grossPrice":"20","vatRate":"19","vatAmount":"3.19","wrapAfter":false,"hidden":false,"soldOut":false,"apiExport":false,"pos":10,"totalStock":7,"unitsSold":0,"soldOutRequestCount":0,"guestlists":null},"quantity":2,"netPrice":"16.81","grossPrice":"20","vatRate":"19","vatAmount":"3.19","totalNetPrice":"33.62","totalGrossPrice":"40","totalVatAmount":"6.38"}],"status":"confirmed"},{"id":"aff5992f-7ec2-4ee2-81cf-2ee425c03edd","createdAt":"2025-06-14T18:27:22.580451+02:00","createdById":2,"createdBy":{"id":2,"createdAt":"2025-06-14T18:27:22.567164+02:00","updatedAt":"2025-06-14T18:27:22.567164+02:00","deletedAt":null,"username":"demo","email":"demo@example.com","admin":false},"paymentMethod":"CC","totalNetPrice":"84.05","sumupTransactionId":"00000000-0000-0000-0000-000000000000","sumupClientTransactionId":"00000000-0000-0000-0000-000000000000","totalGrossPrice":"100","totalVatAmount":"15.95","purchaseItems":[{"id":52,"purchaseID":"aff5992f-7ec2-4ee2-81cf-2ee425c03edd","productID":8,"product":{"id":8,"name":"👕 Male XL","netPrice":"16.81","grossPrice":"20","vatRate":"19","vatAmount":"3.19","wrapAfter":false,"hidden":false,"soldOut":false,"apiExport":false,"pos":10,"totalStock":28,"unitsSold":0,"soldOutRequestCount":0,"guestlists":null},"quantity":1,"netPrice":"16.81","grossPrice":"20","vatRate":"19","vatAmount":"3.19","totalNetPrice":"16.81","totalGrossPrice":"20","totalVatAmount":"3.19"},{"id":53,"purchaseID":"aff5992f-7ec2-4ee2-81cf-2ee425c03edd","productID":14,"product":{"id":14,"name":"👕 Female XL","netPrice":"16.81","grossPrice":"20","vatRate":"19","vatAmount":"3.19","wrapAfter":false,"hidden":false,"soldOut":false,"apiExport":false,"pos":10,"totalStock":12,"unitsSold":0,"soldOutRequestCount":0,"guestlists":null},"quantity":2,"netPrice":"16.81","grossPrice":"20","vatRate":"19","vatAmount":"3.19","totalNetPrice":"33.62","totalGrossPrice":"40","totalVatAmount":"6.38"},{"id":54,"purchaseID":"aff5992f-7ec2-4ee2-81cf-2ee425c03edd","productID":12,"product":{"id":12,"name":"👕 Female M","netPrice":"16.81","grossPrice":"20","vatRate":"19","vatAmount":"3.19","wrapAfter":false,"hidden":false,"soldOut":false,"apiExport":false,"pos":10,"totalStock":7,"unitsSold":0,"soldOutRequestCount":0,"guestlists":null},"quantity":2,"netPrice":"16.81","grossPrice":"20","vatRate":"19","vatAmount":"3.19","totalNetPrice":"33.62","totalGrossPrice":"40","totalVatAmount":"6.38"}],"status":"confirmed"}]
    printer.go:116: DELETE /api/v2/purchases/ea98f975-4b4a-492d-ab48-0a0028194991 HTTP/1.1
        Authorization: Bearer eyJhbGciOiJIUzI1NiIsInR5cCI6IkpXVCJ9.eyJJRCI6MiwiZXhwIjoxNzQ5OTE5MDQ0LCJvcmlnX2lhdCI6MTc0OTkxODQ0NH0.ZCidgaD-PTq18MdpyLD8KBxvVLxEJYZN5uDZ-M8TgOc
        
[GIN] 2025/06/14 - 18:27:25 | 204 |     201.542µs |                 | DELETE   "/api/v2/purchases/ea98f975-4b4a-492d-ab48-0a0028194991"
    printer.go:133: HTTP/0.0 204 No Content 217.458µs
        
    printer.go:116: GET /api/v2/purchases/ea98f975-4b4a-492d-ab48-0a0028194991 HTTP/1.1
        Authorization: Bearer eyJhbGciOiJIUzI1NiIsInR5cCI6IkpXVCJ9.eyJJRCI6MiwiZXhwIjoxNzQ5OTE5MDQ0LCJvcmlnX2lhdCI6MTc0OTkxODQ0NH0.ZCidgaD-PTq18MdpyLD8KBxvVLxEJYZN5uDZ-M8TgOc
        

2025/06/14 18:27:25 [31;1m/Users/stefan/PhpstormProjects/die-kassa/backend/internal/app/repository/sqlite/purchases.go:96 [35;1mrecord not found
[0m[33m[0.022ms] [34;1m[rows:0][0m SELECT * FROM `purchases` WHERE id = "ea98f975-4b4a-492d-ab48-0a0028194991" AND `purchases`.`deleted_at` IS NULL ORDER BY `purchases`.`id` LIMIT 1
[GIN] 2025/06/14 - 18:27:25 | 404 |      55.458µs |                 | GET      "/api/v2/purchases/ea98f975-4b4a-492d-ab48-0a0028194991"
Error #01: Not Found
    printer.go:133: HTTP/0.0 404 Not Found 66.084µs
        Content-Type: application/json; charset=utf-8
        
        {"details":"purchase not found","error":"Not Found"}
--- PASS: TestCreatePurchaseWithList (0.00s)
=== RUN   TestCreatePurchaseWithWrongTotalGrossPrice
    printer.go:116: POST /api/v2/purchases HTTP/1.1
        Authorization: Bearer eyJhbGciOiJIUzI1NiIsInR5cCI6IkpXVCJ9.eyJJRCI6MiwiZXhwIjoxNzQ5OTE5MDQ0LCJvcmlnX2lhdCI6MTc0OTkxODQ0NH0.ZCidgaD-PTq18MdpyLD8KBxvVLxEJYZN5uDZ-M8TgOc
        Content-Type: application/json; charset=utf-8
        
        {"cart":[{"ID":2,"listItems":[],"netPrice":"18.69","quantity":1}],"paymentMethod":"CASH","totalGrossPrice":"21","totalNetPrice":"18.69"}
[GIN] 2025/06/14 - 18:27:25 | 400 |     355.959µs |                 | POST     "/api/v2/purchases"
Error #01: Invalid Request
    printer.go:133: HTTP/0.0 400 Bad Request 361.833µs
        Content-Type: application/json; charset=utf-8
        
        {"details":"Total gross price does not match","error":"Invalid Request"}
--- PASS: TestCreatePurchaseWithWrongTotalGrossPrice (0.00s)
=== RUN   TestCreatePurchaseWithWrongTotalNetPrice
    printer.go:116: POST /api/v2/purchases HTTP/1.1
        Authorization: Bearer eyJhbGciOiJIUzI1NiIsInR5cCI6IkpXVCJ9.eyJJRCI6MiwiZXhwIjoxNzQ5OTE5MDQ0LCJvcmlnX2lhdCI6MTc0OTkxODQ0NH0.ZCidgaD-PTq18MdpyLD8KBxvVLxEJYZN5uDZ-M8TgOc
        Content-Type: application/json; charset=utf-8
        
        {"cart":[{"ID":2,"listItems":[],"netPrice":"18.69","quantity":1}],"paymentMethod":"CASH","totalGrossPrice":"20","totalNetPrice":"1.69"}
[GIN] 2025/06/14 - 18:27:25 | 400 |     310.666µs |                 | POST     "/api/v2/purchases"
Error #01: Invalid Request
    printer.go:133: HTTP/0.0 400 Bad Request 315.208µs
        Content-Type: application/json; charset=utf-8
        
        {"details":"Total net price does not match","error":"Invalid Request"}
--- PASS: TestCreatePurchaseWithWrongTotalNetPrice (0.00s)
=== RUN   TestCreatePurchaseWithWrongProductPrice
    printer.go:116: POST /api/v2/purchases HTTP/1.1
        Authorization: Bearer eyJhbGciOiJIUzI1NiIsInR5cCI6IkpXVCJ9.eyJJRCI6MiwiZXhwIjoxNzQ5OTE5MDQ0LCJvcmlnX2lhdCI6MTc0OTkxODQ0NH0.ZCidgaD-PTq18MdpyLD8KBxvVLxEJYZN5uDZ-M8TgOc
        Content-Type: application/json; charset=utf-8
        
        {"cart":[{"ID":2,"listItems":[],"netPrice":"1.69","quantity":1}],"paymentMethod":"CASH","totalGrossPrice":"20","totalNetPrice":"18.69"}
[GIN] 2025/06/14 - 18:27:25 | 400 |     310.292µs |                 | POST     "/api/v2/purchases"
Error #01: Invalid Request
    printer.go:133: HTTP/0.0 400 Bad Request 316.167µs
        Content-Type: application/json; charset=utf-8
        
        {"details":"Invalid product price","error":"Invalid Request"}
--- PASS: TestCreatePurchaseWithWrongProductPrice (0.00s)
=== RUN   TestCreatePurchaseWithInvalidProduct
    printer.go:116: POST /api/v2/purchases HTTP/1.1
        Authorization: Bearer eyJhbGciOiJIUzI1NiIsInR5cCI6IkpXVCJ9.eyJJRCI6MiwiZXhwIjoxNzQ5OTE5MDQ0LCJvcmlnX2lhdCI6MTc0OTkxODQ0NH0.ZCidgaD-PTq18MdpyLD8KBxvVLxEJYZN5uDZ-M8TgOc
        Content-Type: application/json; charset=utf-8
        
        {"cart":[{"ID":123,"listItems":[],"netPrice":"21","quantity":1}],"paymentMethod":"CASH","totalGrossPrice":"21","totalNetPrice":"21"}

2025/06/14 18:27:25 [31;1m/Users/stefan/PhpstormProjects/die-kassa/backend/internal/app/repository/sqlite/products.go:62 [35;1mrecord not found
[0m[33m[0.187ms] [34;1m[rows:0][0m SELECT * FROM `Products` WHERE `Products`.`id` = 123 AND `Products`.`deleted_at` IS NULL ORDER BY `Products`.`id` LIMIT 1
[GIN] 2025/06/14 - 18:27:25 | 400 |     308.583µs |                 | POST     "/api/v2/purchases"
Error #01: Invalid Request
    printer.go:133: HTTP/0.0 400 Bad Request 324µs
        Content-Type: application/json; charset=utf-8
        
        {"details":"Product not found","error":"Invalid Request"}
--- PASS: TestCreatePurchaseWithInvalidProduct (0.00s)
=== RUN   TestCreatePurchaseWithInvalidPaymentMethod
    printer.go:116: POST /api/v2/purchases HTTP/1.1
        Authorization: Bearer eyJhbGciOiJIUzI1NiIsInR5cCI6IkpXVCJ9.eyJJRCI6MiwiZXhwIjoxNzQ5OTE5MDQ0LCJvcmlnX2lhdCI6MTc0OTkxODQ0NH0.ZCidgaD-PTq18MdpyLD8KBxvVLxEJYZN5uDZ-M8TgOc
        Content-Type: application/json; charset=utf-8
        
        {"cart":[{"ID":123,"listItems":[],"netPrice":"21","quantity":1}],"paymentMethod":"INVALID","totalGrossPrice":"21","totalNetPrice":"21"}
[GIN] 2025/06/14 - 18:27:25 | 400 |     117.083µs |                 | POST     "/api/v2/purchases"
Error #01: Invalid Request
    printer.go:133: HTTP/0.0 400 Bad Request 122.583µs
        Content-Type: application/json; charset=utf-8
        
        {"details":"invalid payment method","error":"Invalid Request"}
--- PASS: TestCreatePurchaseWithInvalidPaymentMethod (0.00s)
=== RUN   TestCreatePurchaseWithListForWrongProduct
    printer.go:116: POST /api/v2/purchases HTTP/1.1
        Authorization: Bearer eyJhbGciOiJIUzI1NiIsInR5cCI6IkpXVCJ9.eyJJRCI6MiwiZXhwIjoxNzQ5OTE5MDQ0LCJvcmlnX2lhdCI6MTc0OTkxODQ0NH0.ZCidgaD-PTq18MdpyLD8KBxvVLxEJYZN5uDZ-M8TgOc
        Content-Type: application/json; charset=utf-8
        
        {"cart":[{"ID":3,"listItems":[{"ID":1,"attendedGuests":1}],"netPrice":0,"quantity":1}],"paymentMethod":"CASH","totalGrossPrice":"0","totalNetPrice":"0"}
[GIN] 2025/06/14 - 18:27:25 | 400 |     664.167µs |                 | POST     "/api/v2/purchases"
Error #01: Invalid Request
    printer.go:133: HTTP/0.0 400 Bad Request 673.458µs
        Content-Type: application/json; charset=utf-8
        
        {"details":"List item does not belong to product","error":"Invalid Request"}
--- PASS: TestCreatePurchaseWithListForWrongProduct (0.00s)
=== RUN   TestCreatePurchaseWithListForAttendedGuestTooHigh
    printer.go:116: POST /api/v2/purchases HTTP/1.1
        Authorization: Bearer eyJhbGciOiJIUzI1NiIsInR5cCI6IkpXVCJ9.eyJJRCI6MiwiZXhwIjoxNzQ5OTE5MDQ0LCJvcmlnX2lhdCI6MTc0OTkxODQ0NH0.ZCidgaD-PTq18MdpyLD8KBxvVLxEJYZN5uDZ-M8TgOc
        Content-Type: application/json; charset=utf-8
        
        {"cart":[{"ID":3,"listItems":[{"ID":1,"attendedGuests":15}],"netPrice":0,"quantity":1}],"paymentMethod":"CASH","totalGrossPrice":"0","totalNetPrice":"0"}
[GIN] 2025/06/14 - 18:27:25 | 400 |     561.792µs |                 | POST     "/api/v2/purchases"
Error #01: Invalid Request
    printer.go:133: HTTP/0.0 400 Bad Request 566.916µs
        Content-Type: application/json; charset=utf-8
        
        {"details":"Additional guests exceed available guests","error":"Invalid Request"}
--- PASS: TestCreatePurchaseWithListForAttendedGuestTooHigh (0.00s)
=== RUN   TestPurchasesAuthentication
    printer.go:116: POST /api/v2/purchases HTTP/1.1
        Authorization: Bearer eyJhbGciOiJIUzI1NiIsInR5cCI6IkpXVCJ9.eyJJRCI6MiwiZXhwIjoxNzQ5OTE5MDQ0LCJvcmlnX2lhdCI6MTc0OTkxODQ0NH0.ZCidgaD-PTq18MdpyLD8KBxvVLxEJYZN5uDZ-M8TgOc
        Content-Type: application/json; charset=utf-8
        
        {"cart":[{"ID":1,"listItems":[],"netPrice":"37.38","quantity":1}],"paymentMethod":"CASH","totalGrossPrice":"40","totalNetPrice":"37.38"}
we are here
we are done here
[GIN] 2025/06/14 - 18:27:25 | 201 |      924.25µs |                 | POST     "/api/v2/purchases"
    printer.go:133: HTTP/0.0 201 Created 953.125µs
        Content-Type: application/json; charset=utf-8
        
        {"id":"78a3786e-db14-49db-9535-6026c65d5628","createdAt":"2025-06-14T18:27:25.82224+02:00","createdById":2,"createdBy":null,"paymentMethod":"CASH","totalNetPrice":"37.38","sumupTransactionId":"00000000-0000-0000-0000-000000000000","sumupClientTransactionId":"00000000-0000-0000-0000-000000000000","totalGrossPrice":"40","totalVatAmount":"2.62","purchaseItems":[{"id":79,"purchaseID":"78a3786e-db14-49db-9535-6026c65d5628","productID":1,"product":{"id":1,"name":"🎟️ Regular","netPrice":"37.38","grossPrice":"40","vatRate":"7","vatAmount":"2.62","wrapAfter":false,"hidden":false,"soldOut":false,"apiExport":true,"pos":1,"totalStock":0,"unitsSold":0,"soldOutRequestCount":0,"guestlists":null},"quantity":1,"netPrice":"37.38","grossPrice":"40","vatRate":"7","vatAmount":"2.62","totalNetPrice":"37.38","totalGrossPrice":"40","totalVatAmount":"2.62"}],"status":"confirmed"}
Purchase response: map[createdAt:2025-06-14T18:27:25.82224+02:00 createdBy:<nil> createdById:%!s(float64=2) id:78a3786e-db14-49db-9535-6026c65d5628 paymentMethod:CASH purchaseItems:[map[grossPrice:40 id:%!s(float64=79) netPrice:37.38 product:map[apiExport:%!s(bool=true) grossPrice:40 guestlists:<nil> hidden:%!s(bool=false) id:%!s(float64=1) name:🎟️ Regular netPrice:37.38 pos:%!s(float64=1) soldOut:%!s(bool=false) soldOutRequestCount:%!s(float64=0) totalStock:%!s(float64=0) unitsSold:%!s(float64=0) vatAmount:2.62 vatRate:7 wrapAfter:%!s(bool=false)] productID:%!s(float64=1) purchaseID:78a3786e-db14-49db-9535-6026c65d5628 quantity:%!s(float64=1) totalGrossPrice:40 totalNetPrice:37.38 totalVatAmount:2.62 vatAmount:2.62 vatRate:7]] status:confirmed sumupClientTransactionId:00000000-0000-0000-0000-000000000000 sumupTransactionId:00000000-0000-0000-0000-000000000000 totalGrossPrice:40 totalNetPrice:37.38 totalVatAmount:2.62]
    printer.go:116: GET /api/v2/purchases HTTP/1.1
        
[GIN] 2025/06/14 - 18:27:25 | 401 |      11.209µs |                 | GET      "/api/v2/purchases"
    printer.go:133: HTTP/0.0 401 Unauthorized 14.625µs
        Content-Type: application/json; charset=utf-8
        Www-Authenticate: JWT realm=gin jwt
        
        {"code":401,"message":"cookie token is empty"}
    printer.go:116: GET /api/v2/purchases/78a3786e-db14-49db-9535-6026c65d5628 HTTP/1.1
        
[GIN] 2025/06/14 - 18:27:25 | 401 |       6.042µs |                 | GET      "/api/v2/purchases/78a3786e-db14-49db-9535-6026c65d5628"
    printer.go:133: HTTP/0.0 401 Unauthorized 13.25µs
        Content-Type: application/json; charset=utf-8
        Www-Authenticate: JWT realm=gin jwt
        
        {"code":401,"message":"cookie token is empty"}
    printer.go:116: POST /api/v2/purchases HTTP/1.1
        
[GIN] 2025/06/14 - 18:27:25 | 401 |       4.917µs |                 | POST     "/api/v2/purchases"
    printer.go:133: HTTP/0.0 401 Unauthorized 11.584µs
        Content-Type: application/json; charset=utf-8
        Www-Authenticate: JWT realm=gin jwt
        
        {"code":401,"message":"cookie token is empty"}
    printer.go:116: DELETE /api/v2/purchases/78a3786e-db14-49db-9535-6026c65d5628 HTTP/1.1
        
[GIN] 2025/06/14 - 18:27:25 | 401 |       4.666µs |                 | DELETE   "/api/v2/purchases/78a3786e-db14-49db-9535-6026c65d5628"
    printer.go:133: HTTP/0.0 401 Unauthorized 7.709µs
        Content-Type: application/json; charset=utf-8
        Www-Authenticate: JWT realm=gin jwt
        
        {"code":401,"message":"cookie token is empty"}
    printer.go:116: DELETE /api/v2/purchases/78a3786e-db14-49db-9535-6026c65d5628 HTTP/1.1
        Authorization: Bearer eyJhbGciOiJIUzI1NiIsInR5cCI6IkpXVCJ9.eyJJRCI6MiwiZXhwIjoxNzQ5OTE5MDQ0LCJvcmlnX2lhdCI6MTc0OTkxODQ0NH0.ZCidgaD-PTq18MdpyLD8KBxvVLxEJYZN5uDZ-M8TgOc
        
[GIN] 2025/06/14 - 18:27:25 | 204 |     286.916µs |                 | DELETE   "/api/v2/purchases/78a3786e-db14-49db-9535-6026c65d5628"
    printer.go:133: HTTP/0.0 204 No Content 292µs
        
--- PASS: TestPurchasesAuthentication (0.00s)
=== RUN   TestPurchaseGetByIdWithoutUuid
    printer.go:116: GET /api/v2/purchases/123 HTTP/1.1
        Authorization: Bearer eyJhbGciOiJIUzI1NiIsInR5cCI6IkpXVCJ9.eyJJRCI6MiwiZXhwIjoxNzQ5OTE5MDQ0LCJvcmlnX2lhdCI6MTc0OTkxODQ0NH0.ZCidgaD-PTq18MdpyLD8KBxvVLxEJYZN5uDZ-M8TgOc
        
[GIN] 2025/06/14 - 18:27:25 | 400 |      21.625µs |                 | GET      "/api/v2/purchases/123"
Error #01: Invalid Request
    printer.go:133: HTTP/0.0 400 Bad Request 31.958µs
        Content-Type: application/json; charset=utf-8
        
        {"details":"Invalid purchase ID","error":"Invalid Request"}
--- PASS: TestPurchaseGetByIdWithoutUuid (0.00s)
=== RUN   TestPurchaseDeleteWithoutUuid
    printer.go:116: DELETE /api/v2/purchases/123 HTTP/1.1
        Authorization: Bearer eyJhbGciOiJIUzI1NiIsInR5cCI6IkpXVCJ9.eyJJRCI6MiwiZXhwIjoxNzQ5OTE5MDQ0LCJvcmlnX2lhdCI6MTc0OTkxODQ0NH0.ZCidgaD-PTq18MdpyLD8KBxvVLxEJYZN5uDZ-M8TgOc
        
[GIN] 2025/06/14 - 18:27:25 | 400 |       103.5µs |                 | DELETE   "/api/v2/purchases/123"
Error #01: Invalid Request
    printer.go:133: HTTP/0.0 400 Bad Request 107.959µs
        Content-Type: application/json; charset=utf-8
        
        {"details":"Invalid purchase ID","error":"Invalid Request"}
--- PASS: TestPurchaseDeleteWithoutUuid (0.00s)
=== RUN   TestGetSumupReaders
    printer.go:116: GET /api/v2/sumup/readers HTTP/1.1
        Authorization: Bearer eyJhbGciOiJIUzI1NiIsInR5cCI6IkpXVCJ9.eyJJRCI6MiwiZXhwIjoxNzQ5OTE5MDQ0LCJvcmlnX2lhdCI6MTc0OTkxODQ0NH0.ZCidgaD-PTq18MdpyLD8KBxvVLxEJYZN5uDZ-M8TgOc
        
[GIN] 2025/06/14 - 18:27:25 | 200 |      36.666µs |                 | GET      "/api/v2/sumup/readers"
    printer.go:133: HTTP/0.0 200 OK 41.958µs
        Content-Type: application/json; charset=utf-8
        X-Total-Count: 1
        
        [{"id":"mock-1","name":"Mock Reader 1","status":"","deviceIdentifier":"","deviceModel":"","createdAt":"0001-01-01T00:00:00Z","updatedAt":"0001-01-01T00:00:00Z"}]
--- PASS: TestGetSumupReaders (0.00s)
=== RUN   TestGetSumupReader
    printer.go:116: GET /api/v2/sumup/readers/reader_1 HTTP/1.1
        Authorization: Bearer eyJhbGciOiJIUzI1NiIsInR5cCI6IkpXVCJ9.eyJJRCI6MiwiZXhwIjoxNzQ5OTE5MDQ0LCJvcmlnX2lhdCI6MTc0OTkxODQ0NH0.ZCidgaD-PTq18MdpyLD8KBxvVLxEJYZN5uDZ-M8TgOc
        
[GIN] 2025/06/14 - 18:27:25 | 200 |      20.167µs |                 | GET      "/api/v2/sumup/readers/reader_1"
    printer.go:133: HTTP/0.0 200 OK 24.542µs
        Content-Type: application/json; charset=utf-8
        
        {"id":"reader_1","name":"Mock Reader","status":"","deviceIdentifier":"","deviceModel":"","createdAt":"0001-01-01T00:00:00Z","updatedAt":"0001-01-01T00:00:00Z"}
--- PASS: TestGetSumupReader (0.00s)
=== RUN   TestDeleteSumupReader
    printer.go:116: DELETE /api/v2/sumup/readers/reader_1 HTTP/1.1
        Authorization: Bearer eyJhbGciOiJIUzI1NiIsInR5cCI6IkpXVCJ9.eyJJRCI6MiwiZXhwIjoxNzQ5OTE5MDQ0LCJvcmlnX2lhdCI6MTc0OTkxODQ0NH0.ZCidgaD-PTq18MdpyLD8KBxvVLxEJYZN5uDZ-M8TgOc
        
[GIN] 2025/06/14 - 18:27:25 | 204 |      17.458µs |                 | DELETE   "/api/v2/sumup/readers/reader_1"
    printer.go:133: HTTP/0.0 204 No Content 21.541µs
        
--- PASS: TestDeleteSumupReader (0.00s)
=== RUN   TestSumupReadersAuthentication
    printer.go:116: GET /api/v2/sumup/readers HTTP/1.1
        
[GIN] 2025/06/14 - 18:27:25 | 401 |         5.5µs |                 | GET      "/api/v2/sumup/readers"
    printer.go:133: HTTP/0.0 401 Unauthorized 9.542µs
        Content-Type: application/json; charset=utf-8
        Www-Authenticate: JWT realm=gin jwt
        
        {"code":401,"message":"cookie token is empty"}
    printer.go:116: POST /api/v2/sumup/readers HTTP/1.1
        
[GIN] 2025/06/14 - 18:27:25 | 401 |       6.291µs |                 | POST     "/api/v2/sumup/readers"
    printer.go:133: HTTP/0.0 401 Unauthorized 12.292µs
        Content-Type: application/json; charset=utf-8
        Www-Authenticate: JWT realm=gin jwt
        
        {"code":401,"message":"cookie token is empty"}
    printer.go:116: GET /api/v2/sumup/readers/reader_1 HTTP/1.1
        
[GIN] 2025/06/14 - 18:27:25 | 401 |      16.791µs |                 | GET      "/api/v2/sumup/readers/reader_1"
    printer.go:133: HTTP/0.0 401 Unauthorized 20.084µs
        Content-Type: application/json; charset=utf-8
        Www-Authenticate: JWT realm=gin jwt
        
        {"code":401,"message":"cookie token is empty"}
    printer.go:116: DELETE /api/v2/sumup/readers/reader_1 HTTP/1.1
        
[GIN] 2025/06/14 - 18:27:25 | 401 |         9.5µs |                 | DELETE   "/api/v2/sumup/readers/reader_1"
    printer.go:133: HTTP/0.0 401 Unauthorized 13.792µs
        Content-Type: application/json; charset=utf-8
        Www-Authenticate: JWT realm=gin jwt
        
        {"code":401,"message":"cookie token is empty"}
--- PASS: TestSumupReadersAuthentication (0.00s)
=== RUN   TestGetUsers
    printer.go:116: GET /api/v2/users HTTP/1.1
        Authorization: Bearer eyJhbGciOiJIUzI1NiIsInR5cCI6IkpXVCJ9.eyJJRCI6MiwiZXhwIjoxNzQ5OTE5MDQ0LCJvcmlnX2lhdCI6MTc0OTkxODQ0NH0.ZCidgaD-PTq18MdpyLD8KBxvVLxEJYZN5uDZ-M8TgOc
        
[GIN] 2025/06/14 - 18:27:25 | 200 |     120.709µs |                 | GET      "/api/v2/users"
    printer.go:133: HTTP/0.0 200 OK 128.625µs
        Content-Type: application/json; charset=utf-8
        X-Total-Count: 2
        
        [{"id":1,"createdAt":"2025-06-14T18:27:21.772361+02:00","updatedAt":"2025-06-14T18:27:21.772361+02:00","deletedAt":null,"username":"admin","email":"admin@example.com","admin":true},{"id":2,"createdAt":"2025-06-14T18:27:22.567164+02:00","updatedAt":"2025-06-14T18:27:22.567164+02:00","deletedAt":null,"username":"demo","email":"demo@example.com","admin":false}]
--- PASS: TestGetUsers (0.00s)
=== RUN   TestGetUsersEmpty
    printer.go:116: GET /api/v2/users?q=arandomstringthatnousernamecontains HTTP/1.1
        Authorization: Bearer eyJhbGciOiJIUzI1NiIsInR5cCI6IkpXVCJ9.eyJJRCI6MiwiZXhwIjoxNzQ5OTE5MDQ0LCJvcmlnX2lhdCI6MTc0OTkxODQ0NH0.ZCidgaD-PTq18MdpyLD8KBxvVLxEJYZN5uDZ-M8TgOc
        
[GIN] 2025/06/14 - 18:27:25 | 200 |      119.75µs |                 | GET      "/api/v2/users?q=arandomstringthatnousernamecontains"
    printer.go:133: HTTP/0.0 200 OK 132.417µs
        Content-Type: application/json; charset=utf-8
        X-Total-Count: 0
        
        []
--- PASS: TestGetUsersEmpty (0.00s)
=== RUN   TestGetUsersWithSort
    printer.go:116: GET /api/v2/users?_sort=id HTTP/1.1
        Authorization: Bearer eyJhbGciOiJIUzI1NiIsInR5cCI6IkpXVCJ9.eyJJRCI6MiwiZXhwIjoxNzQ5OTE5MDQ0LCJvcmlnX2lhdCI6MTc0OTkxODQ0NH0.ZCidgaD-PTq18MdpyLD8KBxvVLxEJYZN5uDZ-M8TgOc
        
[GIN] 2025/06/14 - 18:27:25 | 200 |         119µs |                 | GET      "/api/v2/users?_sort=id"
    printer.go:133: HTTP/0.0 200 OK 123.083µs
        Content-Type: application/json; charset=utf-8
        X-Total-Count: 2
        
        [{"id":1,"createdAt":"2025-06-14T18:27:21.772361+02:00","updatedAt":"2025-06-14T18:27:21.772361+02:00","deletedAt":null,"username":"admin","email":"admin@example.com","admin":true},{"id":2,"createdAt":"2025-06-14T18:27:22.567164+02:00","updatedAt":"2025-06-14T18:27:22.567164+02:00","deletedAt":null,"username":"demo","email":"demo@example.com","admin":false}]
    printer.go:116: GET /api/v2/users?_sort=username HTTP/1.1
        Authorization: Bearer eyJhbGciOiJIUzI1NiIsInR5cCI6IkpXVCJ9.eyJJRCI6MiwiZXhwIjoxNzQ5OTE5MDQ0LCJvcmlnX2lhdCI6MTc0OTkxODQ0NH0.ZCidgaD-PTq18MdpyLD8KBxvVLxEJYZN5uDZ-M8TgOc
        
[GIN] 2025/06/14 - 18:27:25 | 200 |        58.5µs |                 | GET      "/api/v2/users?_sort=username"
    printer.go:133: HTTP/0.0 200 OK 63.041µs
        Content-Type: application/json; charset=utf-8
        X-Total-Count: 2
        
        [{"id":1,"createdAt":"2025-06-14T18:27:21.772361+02:00","updatedAt":"2025-06-14T18:27:21.772361+02:00","deletedAt":null,"username":"admin","email":"admin@example.com","admin":true},{"id":2,"createdAt":"2025-06-14T18:27:22.567164+02:00","updatedAt":"2025-06-14T18:27:22.567164+02:00","deletedAt":null,"username":"demo","email":"demo@example.com","admin":false}]
    printer.go:116: GET /api/v2/users?_sort=email HTTP/1.1
        Authorization: Bearer eyJhbGciOiJIUzI1NiIsInR5cCI6IkpXVCJ9.eyJJRCI6MiwiZXhwIjoxNzQ5OTE5MDQ0LCJvcmlnX2lhdCI6MTc0OTkxODQ0NH0.ZCidgaD-PTq18MdpyLD8KBxvVLxEJYZN5uDZ-M8TgOc
        
[GIN] 2025/06/14 - 18:27:25 | 200 |      56.916µs |                 | GET      "/api/v2/users?_sort=email"
    printer.go:133: HTTP/0.0 200 OK 61.875µs
        Content-Type: application/json; charset=utf-8
        X-Total-Count: 2
        
        [{"id":1,"createdAt":"2025-06-14T18:27:21.772361+02:00","updatedAt":"2025-06-14T18:27:21.772361+02:00","deletedAt":null,"username":"admin","email":"admin@example.com","admin":true},{"id":2,"createdAt":"2025-06-14T18:27:22.567164+02:00","updatedAt":"2025-06-14T18:27:22.567164+02:00","deletedAt":null,"username":"demo","email":"demo@example.com","admin":false}]
    printer.go:116: GET /api/v2/users?_sort=admin HTTP/1.1
        Authorization: Bearer eyJhbGciOiJIUzI1NiIsInR5cCI6IkpXVCJ9.eyJJRCI6MiwiZXhwIjoxNzQ5OTE5MDQ0LCJvcmlnX2lhdCI6MTc0OTkxODQ0NH0.ZCidgaD-PTq18MdpyLD8KBxvVLxEJYZN5uDZ-M8TgOc
        
[GIN] 2025/06/14 - 18:27:25 | 200 |      53.541µs |                 | GET      "/api/v2/users?_sort=admin"
    printer.go:133: HTTP/0.0 200 OK 61.208µs
        Content-Type: application/json; charset=utf-8
        X-Total-Count: 2
        
        [{"id":2,"createdAt":"2025-06-14T18:27:22.567164+02:00","updatedAt":"2025-06-14T18:27:22.567164+02:00","deletedAt":null,"username":"demo","email":"demo@example.com","admin":false},{"id":1,"createdAt":"2025-06-14T18:27:21.772361+02:00","updatedAt":"2025-06-14T18:27:21.772361+02:00","deletedAt":null,"username":"admin","email":"admin@example.com","admin":true}]
--- PASS: TestGetUsersWithSort (0.00s)
=== RUN   TestGetUsersWithFilters
    printer.go:116: GET /api/v2/users?isAdmin=true HTTP/1.1
        Authorization: Bearer eyJhbGciOiJIUzI1NiIsInR5cCI6IkpXVCJ9.eyJJRCI6MiwiZXhwIjoxNzQ5OTE5MDQ0LCJvcmlnX2lhdCI6MTc0OTkxODQ0NH0.ZCidgaD-PTq18MdpyLD8KBxvVLxEJYZN5uDZ-M8TgOc
        
[GIN] 2025/06/14 - 18:27:25 | 200 |     106.958µs |                 | GET      "/api/v2/users?isAdmin=true"
    printer.go:133: HTTP/0.0 200 OK 116µs
        Content-Type: application/json; charset=utf-8
        X-Total-Count: 1
        
        [{"id":1,"createdAt":"2025-06-14T18:27:21.772361+02:00","updatedAt":"2025-06-14T18:27:21.772361+02:00","deletedAt":null,"username":"admin","email":"admin@example.com","admin":true}]
    printer.go:116: GET /api/v2/users?q=demo HTTP/1.1
        Authorization: Bearer eyJhbGciOiJIUzI1NiIsInR5cCI6IkpXVCJ9.eyJJRCI6MiwiZXhwIjoxNzQ5OTE5MDQ0LCJvcmlnX2lhdCI6MTc0OTkxODQ0NH0.ZCidgaD-PTq18MdpyLD8KBxvVLxEJYZN5uDZ-M8TgOc
        
[GIN] 2025/06/14 - 18:27:25 | 200 |      69.916µs |                 | GET      "/api/v2/users?q=demo"
    printer.go:133: HTTP/0.0 200 OK 74.416µs
        Content-Type: application/json; charset=utf-8
        X-Total-Count: 1
        
        [{"id":2,"createdAt":"2025-06-14T18:27:22.567164+02:00","updatedAt":"2025-06-14T18:27:22.567164+02:00","deletedAt":null,"username":"demo","email":"demo@example.com","admin":false}]
    printer.go:116: GET /api/v2/users?q=doesnotexist HTTP/1.1
        Authorization: Bearer eyJhbGciOiJIUzI1NiIsInR5cCI6IkpXVCJ9.eyJJRCI6MiwiZXhwIjoxNzQ5OTE5MDQ0LCJvcmlnX2lhdCI6MTc0OTkxODQ0NH0.ZCidgaD-PTq18MdpyLD8KBxvVLxEJYZN5uDZ-M8TgOc
        
[GIN] 2025/06/14 - 18:27:25 | 200 |          48µs |                 | GET      "/api/v2/users?q=doesnotexist"
    printer.go:133: HTTP/0.0 200 OK 56.584µs
        Content-Type: application/json; charset=utf-8
        X-Total-Count: 0
        
        []
--- PASS: TestGetUsersWithFilters (0.00s)
=== RUN   TestGetUser
    printer.go:116: GET /api/v2/users/1 HTTP/1.1
        Authorization: Bearer eyJhbGciOiJIUzI1NiIsInR5cCI6IkpXVCJ9.eyJJRCI6MiwiZXhwIjoxNzQ5OTE5MDQ0LCJvcmlnX2lhdCI6MTc0OTkxODQ0NH0.ZCidgaD-PTq18MdpyLD8KBxvVLxEJYZN5uDZ-M8TgOc
        
[GIN] 2025/06/14 - 18:27:25 | 200 |      98.958µs |                 | GET      "/api/v2/users/1"
    printer.go:133: HTTP/0.0 200 OK 103µs
        Content-Type: application/json; charset=utf-8
        
        {"id":1,"createdAt":"2025-06-14T18:27:21.772361+02:00","updatedAt":"2025-06-14T18:27:21.772361+02:00","deletedAt":null,"username":"admin","email":"admin@example.com","admin":true}
--- PASS: TestGetUser (0.00s)
=== RUN   TestCreateUpdateAndDeleteUser
    printer.go:116: POST /api/v2/users HTTP/1.1
        Authorization: Bearer eyJhbGciOiJIUzI1NiIsInR5cCI6IkpXVCJ9.eyJJRCI6MiwiZXhwIjoxNzQ5OTE5MDQ0LCJvcmlnX2lhdCI6MTc0OTkxODQ0NH0.ZCidgaD-PTq18MdpyLD8KBxvVLxEJYZN5uDZ-M8TgOc
        Content-Type: application/json; charset=utf-8
        
        {"email":"test@example.com","username":"test user"}

2025/06/14 18:27:26 [32m/Users/stefan/PhpstormProjects/die-kassa/backend/internal/app/repository/sqlite/user.go:147 [33mSLOW SQL >= 200ms
[0m[31;1m[789.081ms] [33m[rows:1][35m INSERT INTO `users` (`created_at`,`updated_at`,`deleted_at`,`username`,`email`,`password`,`admin`,`change_password_token`,`change_password_token_expiry`) VALUES ("2025-06-14 18:27:26.615","2025-06-14 18:27:26.615",NULL,"test user","test@example.com","$2a$14$SYmT2gwx9iF3evTxMtQ4z.LJ9HOT/Ucec39LN/c0//uGPxFoB.gVe",false,"DFP3ZeUuS9lHI18zBAq06d7rovnT2OLt",1749929245) RETURNING `id`,`change_password_token`,`change_password_token_expiry`,`id`[0m
2025/06/14 18:27:26 Mailer is disabled, not sending email
[GIN] 2025/06/14 - 18:27:26 | 201 |  789.338208ms |                 | POST     "/api/v2/users"
    printer.go:133: HTTP/0.0 201 Created 789.350875ms
        Content-Type: application/json; charset=utf-8
        
        {"id":3,"createdAt":"2025-06-14T18:27:26.615862+02:00","updatedAt":"2025-06-14T18:27:26.615862+02:00","deletedAt":null,"username":"test user","email":"test@example.com","admin":false}
    printer.go:116: GET /api/v2/users/3 HTTP/1.1
        Authorization: Bearer eyJhbGciOiJIUzI1NiIsInR5cCI6IkpXVCJ9.eyJJRCI6MiwiZXhwIjoxNzQ5OTE5MDQ0LCJvcmlnX2lhdCI6MTc0OTkxODQ0NH0.ZCidgaD-PTq18MdpyLD8KBxvVLxEJYZN5uDZ-M8TgOc
        
[GIN] 2025/06/14 - 18:27:26 | 200 |      53.583µs |                 | GET      "/api/v2/users/3"
    printer.go:133: HTTP/0.0 200 OK 61.875µs
        Content-Type: application/json; charset=utf-8
        
        {"id":3,"createdAt":"2025-06-14T18:27:26.615862+02:00","updatedAt":"2025-06-14T18:27:26.615862+02:00","deletedAt":null,"username":"test user","email":"test@example.com","admin":false}
    printer.go:116: PUT /api/v2/users/3 HTTP/1.1
        Authorization: Bearer eyJhbGciOiJIUzI1NiIsInR5cCI6IkpXVCJ9.eyJJRCI6MiwiZXhwIjoxNzQ5OTE5MDQ0LCJvcmlnX2lhdCI6MTc0OTkxODQ0NH0.ZCidgaD-PTq18MdpyLD8KBxvVLxEJYZN5uDZ-M8TgOc
        Content-Type: application/json; charset=utf-8
        
        {"email":"changed@example.com","username":"test user changed"}

2025/06/14 18:27:27 [32m/Users/stefan/PhpstormProjects/die-kassa/backend/internal/app/repository/sqlite/user.go:180 [33mSLOW SQL >= 200ms
[0m[31;1m[789.599ms] [33m[rows:1][35m UPDATE `users` SET `created_at`="2025-06-14 18:27:26.615",`updated_at`="2025-06-14 18:27:27.405",`deleted_at`=NULL,`username`="test user changed",`email`="changed@example.com",`password`="$2a$14$x9CQAmG2MvddmOuGWMa2N.ayXRDjU70iD1szWINvfKzEqqrIAwfyy",`admin`=false,`change_password_token`="DFP3ZeUuS9lHI18zBAq06d7rovnT2OLt",`change_password_token_expiry`=1749929245 WHERE `users`.`deleted_at` IS NULL AND `id` = 3[0m
[GIN] 2025/06/14 - 18:27:27 | 200 |  789.741625ms |                 | PUT      "/api/v2/users/3"
    printer.go:133: HTTP/0.0 200 OK 789.7715ms
        Content-Type: application/json; charset=utf-8
        
        {"id":3,"createdAt":"2025-06-14T18:27:26.615862+02:00","updatedAt":"2025-06-14T18:27:27.405806+02:00","deletedAt":null,"username":"test user changed","email":"changed@example.com","admin":false}
    printer.go:116: GET /api/v2/users/3 HTTP/1.1
        Authorization: Bearer eyJhbGciOiJIUzI1NiIsInR5cCI6IkpXVCJ9.eyJJRCI6MiwiZXhwIjoxNzQ5OTE5MDQ0LCJvcmlnX2lhdCI6MTc0OTkxODQ0NH0.ZCidgaD-PTq18MdpyLD8KBxvVLxEJYZN5uDZ-M8TgOc
        
[GIN] 2025/06/14 - 18:27:27 | 200 |     102.666µs |                 | GET      "/api/v2/users/3"
    printer.go:133: HTTP/0.0 200 OK 111.833µs
        Content-Type: application/json; charset=utf-8
        
        {"id":3,"createdAt":"2025-06-14T18:27:26.615862+02:00","updatedAt":"2025-06-14T18:27:27.405806+02:00","deletedAt":null,"username":"test user changed","email":"changed@example.com","admin":false}
    printer.go:116: DELETE /api/v2/users/3 HTTP/1.1
        Authorization: Bearer eyJhbGciOiJIUzI1NiIsInR5cCI6IkpXVCJ9.eyJJRCI6MSwiZXhwIjoxNzQ5OTE5MDQ1LCJvcmlnX2lhdCI6MTc0OTkxODQ0NX0.BAaYiHUyM7vW-J-8CCL2JDUy1pF1ULaK6ppRiNCgqfY
        

2025/06/14 18:27:28 [32m/Users/stefan/PhpstormProjects/die-kassa/backend/internal/app/repository/sqlite/user.go:157 [33mSLOW SQL >= 200ms
[0m[31;1m[823.118ms] [33m[rows:1][35m UPDATE `users` SET `created_at`="2025-06-14 18:27:26.615",`updated_at`="2025-06-14 18:27:28.229",`deleted_at`=NULL,`username`="test user changed_deleted_20250614182727",`email`="deleted_20250614182727_changed@example.com",`password`="$2a$14$0jJUg61ePhPfoScoVBq0ZuyWYhynQmoWS.SwcPTLuB8iHJIdyPS6W",`admin`=false,`change_password_token`="DFP3ZeUuS9lHI18zBAq06d7rovnT2OLt",`change_password_token_expiry`=1749929245 WHERE `users`.`deleted_at` IS NULL AND `id` = 3[0m
[GIN] 2025/06/14 - 18:27:28 | 204 |  823.275834ms |                 | DELETE   "/api/v2/users/3"
    printer.go:133: HTTP/0.0 204 No Content 823.294834ms
        
    printer.go:116: GET /api/v2/users/3 HTTP/1.1
        Authorization: Bearer eyJhbGciOiJIUzI1NiIsInR5cCI6IkpXVCJ9.eyJJRCI6MiwiZXhwIjoxNzQ5OTE5MDQ0LCJvcmlnX2lhdCI6MTc0OTkxODQ0NH0.ZCidgaD-PTq18MdpyLD8KBxvVLxEJYZN5uDZ-M8TgOc
        

2025/06/14 18:27:28 [31;1m/Users/stefan/PhpstormProjects/die-kassa/backend/internal/app/repository/sqlite/user.go:49 [35;1mrecord not found
[0m[33m[0.030ms] [34;1m[rows:0][0m SELECT * FROM `users` WHERE `users`.`id` = 3 AND `users`.`deleted_at` IS NULL ORDER BY `users`.`id` LIMIT 1
[GIN] 2025/06/14 - 18:27:28 | 404 |      103.75µs |                 | GET      "/api/v2/users/3"
Error #01: Not Found
    printer.go:133: HTTP/0.0 404 Not Found 115.875µs
        Content-Type: application/json; charset=utf-8
        
        {"details":"user not found","error":"Not Found"}
--- PASS: TestCreateUpdateAndDeleteUser (2.40s)
=== RUN   TestUserAuthentication
    printer.go:116: GET /api/v2/users HTTP/1.1
        
[GIN] 2025/06/14 - 18:27:28 | 401 |      10.833µs |                 | GET      "/api/v2/users"
    printer.go:133: HTTP/0.0 401 Unauthorized 18.25µs
        Content-Type: application/json; charset=utf-8
        Www-Authenticate: JWT realm=gin jwt
        
        {"code":401,"message":"cookie token is empty"}
    printer.go:116: GET /api/v2/users/1 HTTP/1.1
        
[GIN] 2025/06/14 - 18:27:28 | 401 |           6µs |                 | GET      "/api/v2/users/1"
    printer.go:133: HTTP/0.0 401 Unauthorized 11.041µs
        Content-Type: application/json; charset=utf-8
        Www-Authenticate: JWT realm=gin jwt
        
        {"code":401,"message":"cookie token is empty"}
    printer.go:116: POST /api/v2/users HTTP/1.1
        
[GIN] 2025/06/14 - 18:27:28 | 401 |       6.083µs |                 | POST     "/api/v2/users"
    printer.go:133: HTTP/0.0 401 Unauthorized 10.417µs
        Content-Type: application/json; charset=utf-8
        Www-Authenticate: JWT realm=gin jwt
        
        {"code":401,"message":"cookie token is empty"}
    printer.go:116: PUT /api/v2/users/1 HTTP/1.1
        
[GIN] 2025/06/14 - 18:27:28 | 401 |       7.125µs |                 | PUT      "/api/v2/users/1"
    printer.go:133: HTTP/0.0 401 Unauthorized 11.041µs
        Content-Type: application/json; charset=utf-8
        Www-Authenticate: JWT realm=gin jwt
        
        {"code":401,"message":"cookie token is empty"}
    printer.go:116: DELETE /api/v2/users/1 HTTP/1.1
        
[GIN] 2025/06/14 - 18:27:28 | 401 |        5.75µs |                 | DELETE   "/api/v2/users/1"
    printer.go:133: HTTP/0.0 401 Unauthorized 9µs
        Content-Type: application/json; charset=utf-8
        Www-Authenticate: JWT realm=gin jwt
        
        {"code":401,"message":"cookie token is empty"}
--- PASS: TestUserAuthentication (0.00s)
PASS
coverage: 56.3% of statements in ./...
ok  	github.com/potibm/kasseapparat/tests/e2e	7.884s	coverage: 56.3% of statements in ./...
=== RUN   TestGetEnabledPaymentMethods_DefaultsToCash
--- PASS: TestGetEnabledPaymentMethods_DefaultsToCash (0.00s)
=== RUN   TestGetEnabledPaymentMethods_WithValidEnv
--- PASS: TestGetEnabledPaymentMethods_WithValidEnv (0.00s)
=== RUN   TestGetEnabledPaymentMethods_IgnoresUnknown
--- PASS: TestGetEnabledPaymentMethods_IgnoresUnknown (0.00s)
PASS
coverage: 0.5% of statements in ./...
ok  	github.com/potibm/kasseapparat/tests/initializer	0.279s	coverage: 0.5% of statements in ./...
=== RUN   TestProductVATAmount
--- PASS: TestProductVATAmount (0.00s)
=== RUN   TestProductGrossPrice
--- PASS: TestProductGrossPrice (0.00s)
=== RUN   TestPurchaseItemVATAmount
--- PASS: TestPurchaseItemVATAmount (0.00s)
PASS
coverage: 0.4% of statements in ./...
ok  	github.com/potibm/kasseapparat/tests/models	0.408s	coverage: 0.4% of statements in ./...
	github.com/potibm/kasseapparat/tools		coverage: 0.0% of statements
cd backend && go tool cover -html=coverage.out -o coverage.html
