?   	github.com/potibm/kasseapparat/cmd	[no test files]
?   	github.com/potibm/kasseapparat/internal/app/handler	[no test files]
?   	github.com/potibm/kasseapparat/internal/app/initializer	[no test files]
?   	github.com/potibm/kasseapparat/internal/app/mailer	[no test files]
?   	github.com/potibm/kasseapparat/internal/app/middleware	[no test files]
?   	github.com/potibm/kasseapparat/internal/app/models	[no test files]
?   	github.com/potibm/kasseapparat/internal/app/repository	[no test files]
?   	github.com/potibm/kasseapparat/internal/app/response	[no test files]
?   	github.com/potibm/kasseapparat/internal/app/utils	[no test files]
?   	github.com/potibm/kasseapparat/templates	[no test files]

2025/05/15 22:43:46 [32m/Users/stefan/PhpstormProjects/die-kassa/backend/internal/app/utils/seed.go:56 [33mSLOW SQL >= 200ms
[0m[31;1m[805.863ms] [33m[rows:1][35m INSERT INTO `users` (`created_at`,`updated_at`,`deleted_at`,`username`,`email`,`password`,`admin`) VALUES ("2025-05-15 22:43:46.175","2025-05-15 22:43:46.175",NULL,"admin","admin@example.com","$2a$14$.yPR73lQMGDqfkohInQDXeIzHvMB68nGzG0XSA37B3biOOcXRMwx6",true) RETURNING `id`,`change_password_token`,`change_password_token_expiry`,`id`[0m

2025/05/15 22:43:46 [32m/Users/stefan/PhpstormProjects/die-kassa/backend/internal/app/utils/seed.go:57 [33mSLOW SQL >= 200ms
[0m[31;1m[791.052ms] [33m[rows:1][35m INSERT INTO `users` (`created_at`,`updated_at`,`deleted_at`,`username`,`email`,`password`,`admin`) VALUES ("2025-05-15 22:43:46.966","2025-05-15 22:43:46.966",NULL,"demo","demo@example.com","$2a$14$HYpTByI0ydYSP0Mczr6d7Oh3XmkK5Dfc0yfTqMTtivB8hs/You7Bu",false) RETURNING `id`,`change_password_token`,`change_password_token_expiry`,`id`[0m

2025/05/15 22:43:47 [32m/Users/stefan/PhpstormProjects/die-kassa/backend/internal/app/utils/seed.go:183 [33mSLOW SQL >= 200ms
[0m[31;1m[785.098ms] [33m[rows:0][35m INSERT INTO `users` (`created_at`,`updated_at`,`deleted_at`,`username`,`email`,`password`,`admin`,`id`,`id`) VALUES ("2025-05-15 22:43:46.966","2025-05-15 22:43:46.966",NULL,"demo","demo@example.com","$2a$14$dwRXnmuGXY79jM8zdN07fucXGBZcmy1p0YNX3E8Bu4cENOlk20dBC",false,2,2) ON CONFLICT DO NOTHING RETURNING `id`,`change_password_token`,`change_password_token_expiry`,`id`[0m

2025/05/15 22:43:47 [32m/Users/stefan/PhpstormProjects/die-kassa/backend/internal/app/utils/seed.go:183 [33mSLOW SQL >= 200ms
[0m[31;1m[785.351ms] [33m[rows:1][35m INSERT INTO `purchases` (`created_at`,`updated_at`,`deleted_at`,`created_by_id`,`updated_by_id`,`deleted_by_id`,`total_net_price`,`total_gross_price`,`payment_method`) VALUES ("2025-05-15 22:43:47.763","2025-05-15 22:43:47.763",NULL,2,NULL,NULL,"84.05","100","CASH") RETURNING `id`[0m

2025/05/15 22:43:48 [32m/Users/stefan/PhpstormProjects/die-kassa/backend/internal/app/utils/seed.go:183 [33mSLOW SQL >= 200ms
[0m[31;1m[786.793ms] [33m[rows:0][35m INSERT INTO `users` (`created_at`,`updated_at`,`deleted_at`,`username`,`email`,`password`,`admin`,`id`,`id`) VALUES ("2025-05-15 22:43:46.966","2025-05-15 22:43:46.966",NULL,"demo","demo@example.com","$2a$14$HkIcuXL09KEtAcvpnAE9UOkZslq.C5rRPUh7Bkdlt5FYE5BWBT72W",false,2,2) ON CONFLICT DO NOTHING RETURNING `id`,`change_password_token`,`change_password_token_expiry`,`id`[0m

2025/05/15 22:43:48 [32m/Users/stefan/PhpstormProjects/die-kassa/backend/internal/app/utils/seed.go:183 [33mSLOW SQL >= 200ms
[0m[31;1m[786.947ms] [33m[rows:1][35m INSERT INTO `purchases` (`created_at`,`updated_at`,`deleted_at`,`created_by_id`,`updated_by_id`,`deleted_by_id`,`total_net_price`,`total_gross_price`,`payment_method`) VALUES ("2025-05-15 22:43:48.55","2025-05-15 22:43:48.55",NULL,2,NULL,NULL,"2.52","3","CASH") RETURNING `id`[0m

2025/05/15 22:43:49 [32m/Users/stefan/PhpstormProjects/die-kassa/backend/internal/app/utils/seed.go:183 [33mSLOW SQL >= 200ms
[0m[31;1m[785.794ms] [33m[rows:0][35m INSERT INTO `users` (`created_at`,`updated_at`,`deleted_at`,`username`,`email`,`password`,`admin`,`id`,`id`) VALUES ("2025-05-15 22:43:46.966","2025-05-15 22:43:46.966",NULL,"demo","demo@example.com","$2a$14$JjBV8vcHfi7cFKOFa6bR5OeAP90OGPevO4jp7msDA5Gh10YZaRbBC",false,2,2) ON CONFLICT DO NOTHING RETURNING `id`,`change_password_token`,`change_password_token_expiry`,`id`[0m

2025/05/15 22:43:49 [32m/Users/stefan/PhpstormProjects/die-kassa/backend/internal/app/utils/seed.go:183 [33mSLOW SQL >= 200ms
[0m[31;1m[785.921ms] [33m[rows:1][35m INSERT INTO `purchases` (`created_at`,`updated_at`,`deleted_at`,`created_by_id`,`updated_by_id`,`deleted_by_id`,`total_net_price`,`total_gross_price`,`payment_method`) VALUES ("2025-05-15 22:43:49.336","2025-05-15 22:43:49.336",NULL,2,NULL,NULL,"168.1","200","CC") RETURNING `id`[0m

2025/05/15 22:43:50 [32m/Users/stefan/PhpstormProjects/die-kassa/backend/internal/app/utils/seed.go:183 [33mSLOW SQL >= 200ms
[0m[31;1m[785.632ms] [33m[rows:0][35m INSERT INTO `users` (`created_at`,`updated_at`,`deleted_at`,`username`,`email`,`password`,`admin`,`id`,`id`) VALUES ("2025-05-15 22:43:46.966","2025-05-15 22:43:46.966",NULL,"demo","demo@example.com","$2a$14$gEyFUqrOGzwTtBelqbGfr.9fi0rkUPQUccDiEdoURX4hvVtXqrlTS",false,2,2) ON CONFLICT DO NOTHING RETURNING `id`,`change_password_token`,`change_password_token_expiry`,`id`[0m

2025/05/15 22:43:50 [32m/Users/stefan/PhpstormProjects/die-kassa/backend/internal/app/utils/seed.go:183 [33mSLOW SQL >= 200ms
[0m[31;1m[785.742ms] [33m[rows:1][35m INSERT INTO `purchases` (`created_at`,`updated_at`,`deleted_at`,`created_by_id`,`updated_by_id`,`deleted_by_id`,`total_net_price`,`total_gross_price`,`payment_method`) VALUES ("2025-05-15 22:43:50.121","2025-05-15 22:43:50.121",NULL,2,NULL,NULL,"84.05","100","CASH") RETURNING `id`[0m

2025/05/15 22:43:50 [32m/Users/stefan/PhpstormProjects/die-kassa/backend/internal/app/utils/seed.go:183 [33mSLOW SQL >= 200ms
[0m[31;1m[794.712ms] [33m[rows:0][35m INSERT INTO `users` (`created_at`,`updated_at`,`deleted_at`,`username`,`email`,`password`,`admin`,`id`,`id`) VALUES ("2025-05-15 22:43:46.966","2025-05-15 22:43:46.966",NULL,"demo","demo@example.com","$2a$14$ELpVR9Dna2CQ1rVa5hkELOmIWEBEBsA30BeNFJFJN.cCg4r4bXWG2",false,2,2) ON CONFLICT DO NOTHING RETURNING `id`,`change_password_token`,`change_password_token_expiry`,`id`[0m

2025/05/15 22:43:50 [32m/Users/stefan/PhpstormProjects/die-kassa/backend/internal/app/utils/seed.go:183 [33mSLOW SQL >= 200ms
[0m[31;1m[794.905ms] [33m[rows:1][35m INSERT INTO `purchases` (`created_at`,`updated_at`,`deleted_at`,`created_by_id`,`updated_by_id`,`deleted_by_id`,`total_net_price`,`total_gross_price`,`payment_method`) VALUES ("2025-05-15 22:43:50.916","2025-05-15 22:43:50.916",NULL,2,NULL,NULL,"67.24","80","CASH") RETURNING `id`[0m

2025/05/15 22:43:51 [32m/Users/stefan/PhpstormProjects/die-kassa/backend/internal/app/utils/seed.go:183 [33mSLOW SQL >= 200ms
[0m[31;1m[797.546ms] [33m[rows:0][35m INSERT INTO `users` (`created_at`,`updated_at`,`deleted_at`,`username`,`email`,`password`,`admin`,`id`,`id`) VALUES ("2025-05-15 22:43:46.966","2025-05-15 22:43:46.966",NULL,"demo","demo@example.com","$2a$14$eigqsSUQHVzvRjZqWxGNHeCCtmjOMK8zVZPKGwyVXWTTjtMw52C2W",false,2,2) ON CONFLICT DO NOTHING RETURNING `id`,`change_password_token`,`change_password_token_expiry`,`id`[0m

2025/05/15 22:43:51 [32m/Users/stefan/PhpstormProjects/die-kassa/backend/internal/app/utils/seed.go:183 [33mSLOW SQL >= 200ms
[0m[31;1m[797.731ms] [33m[rows:1][35m INSERT INTO `purchases` (`created_at`,`updated_at`,`deleted_at`,`created_by_id`,`updated_by_id`,`deleted_by_id`,`total_net_price`,`total_gross_price`,`payment_method`) VALUES ("2025-05-15 22:43:51.714","2025-05-15 22:43:51.714",NULL,2,NULL,NULL,"85.73","102","CC") RETURNING `id`[0m

2025/05/15 22:43:52 [32m/Users/stefan/PhpstormProjects/die-kassa/backend/internal/app/utils/seed.go:183 [33mSLOW SQL >= 200ms
[0m[31;1m[820.666ms] [33m[rows:0][35m INSERT INTO `users` (`created_at`,`updated_at`,`deleted_at`,`username`,`email`,`password`,`admin`,`id`,`id`) VALUES ("2025-05-15 22:43:46.966","2025-05-15 22:43:46.966",NULL,"demo","demo@example.com","$2a$14$YLrKLkR0imV3URwXvJFwzu7aohG4QRh1JZQFN.VfV6R5wwVu/Aa0G",false,2,2) ON CONFLICT DO NOTHING RETURNING `id`,`change_password_token`,`change_password_token_expiry`,`id`[0m

2025/05/15 22:43:52 [32m/Users/stefan/PhpstormProjects/die-kassa/backend/internal/app/utils/seed.go:183 [33mSLOW SQL >= 200ms
[0m[31;1m[820.880ms] [33m[rows:1][35m INSERT INTO `purchases` (`created_at`,`updated_at`,`deleted_at`,`created_by_id`,`updated_by_id`,`deleted_by_id`,`total_net_price`,`total_gross_price`,`payment_method`) VALUES ("2025-05-15 22:43:52.535","2025-05-15 22:43:52.535",NULL,2,NULL,NULL,"84.05","100","CC") RETURNING `id`[0m

2025/05/15 22:43:53 [32m/Users/stefan/PhpstormProjects/die-kassa/backend/internal/app/utils/seed.go:183 [33mSLOW SQL >= 200ms
[0m[31;1m[801.557ms] [33m[rows:0][35m INSERT INTO `users` (`created_at`,`updated_at`,`deleted_at`,`username`,`email`,`password`,`admin`,`id`,`id`) VALUES ("2025-05-15 22:43:46.966","2025-05-15 22:43:46.966",NULL,"demo","demo@example.com","$2a$14$V9hT8E.JqMLFE2qEJpgZTOwveTZ7jXdAxYNoxfAUgPDHtO/FXH./u",false,2,2) ON CONFLICT DO NOTHING RETURNING `id`,`change_password_token`,`change_password_token_expiry`,`id`[0m

2025/05/15 22:43:53 [32m/Users/stefan/PhpstormProjects/die-kassa/backend/internal/app/utils/seed.go:183 [33mSLOW SQL >= 200ms
[0m[31;1m[801.823ms] [33m[rows:1][35m INSERT INTO `purchases` (`created_at`,`updated_at`,`deleted_at`,`created_by_id`,`updated_by_id`,`deleted_by_id`,`total_net_price`,`total_gross_price`,`payment_method`) VALUES ("2025-05-15 22:43:53.337","2025-05-15 22:43:53.337",NULL,2,NULL,NULL,"168.1","200","CC") RETURNING `id`[0m

2025/05/15 22:43:54 [32m/Users/stefan/PhpstormProjects/die-kassa/backend/internal/app/utils/seed.go:183 [33mSLOW SQL >= 200ms
[0m[31;1m[796.980ms] [33m[rows:0][35m INSERT INTO `users` (`created_at`,`updated_at`,`deleted_at`,`username`,`email`,`password`,`admin`,`id`,`id`) VALUES ("2025-05-15 22:43:46.966","2025-05-15 22:43:46.966",NULL,"demo","demo@example.com","$2a$14$CvZUd/10prnlnKBNU6gNZ.ThpwA2dxDIkEW/qkky/BEiMe1o182yG",false,2,2) ON CONFLICT DO NOTHING RETURNING `id`,`change_password_token`,`change_password_token_expiry`,`id`[0m

2025/05/15 22:43:54 [32m/Users/stefan/PhpstormProjects/die-kassa/backend/internal/app/utils/seed.go:183 [33mSLOW SQL >= 200ms
[0m[31;1m[797.149ms] [33m[rows:1][35m INSERT INTO `purchases` (`created_at`,`updated_at`,`deleted_at`,`created_by_id`,`updated_by_id`,`deleted_by_id`,`total_net_price`,`total_gross_price`,`payment_method`) VALUES ("2025-05-15 22:43:54.134","2025-05-15 22:43:54.134",NULL,2,NULL,NULL,"117.67","140","CASH") RETURNING `id`[0m
=== RUN   TestLogin
    printer.go:116: POST /login HTTP/1.1
        Content-Type: application/json; charset=utf-8
        
        {"login":"demo","password":"demo"}
[GIN] 2025/05/15 - 22:43:54 | 200 |   818.71275ms |                 | POST     "/login"
    printer.go:133: HTTP/0.0 200 OK 818.766875ms
        Content-Type: application/json; charset=utf-8
        
        {"code":200,"token":"eyJhbGciOiJIUzI1NiIsInR5cCI6IkpXVCJ9.eyJJRCI6MiwiZXhwIjoxNzQ3MzQyNDM0LCJvcmlnX2lhdCI6MTc0NzM0MTgzNH0.ZHm1UZisHHhdYnKrsl0pkPYEGSlbwiQGuVmboQxjjl8","expire":"2025-05-15T22:53:54+02:00","role":"user","username":"demo","gravatarUrl":"https://www.gravatar.com/avatar/7462108984f629db2ced1aeb2dc3e747e53a2e1c607059f72955ab864c724335","id":2}
--- PASS: TestLogin (0.82s)
=== RUN   TestInvalidLogin
    printer.go:116: POST /login HTTP/1.1
        Content-Type: application/json; charset=utf-8
        
        {"login":"demo","password":"wrooong"}
[GIN] 2025/05/15 - 22:43:55 | 401 |  804.377458ms |                 | POST     "/login"
    printer.go:133: HTTP/0.0 401 Unauthorized 804.404083ms
        Content-Type: application/json; charset=utf-8
        Www-Authenticate: JWT realm=gin jwt
        
        {"code":401,"message":"incorrect Username or Password"}
--- PASS: TestInvalidLogin (0.80s)
=== RUN   TestRefreshToken
    printer.go:116: POST /login HTTP/1.1
        Content-Type: application/json; charset=utf-8
        
        {"login":"demo","password":"demo"}
[GIN] 2025/05/15 - 22:43:56 | 200 |  800.779458ms |                 | POST     "/login"
    printer.go:133: HTTP/0.0 200 OK 800.799833ms
        Content-Type: application/json; charset=utf-8
        
        {"code":200,"token":"eyJhbGciOiJIUzI1NiIsInR5cCI6IkpXVCJ9.eyJJRCI6MiwiZXhwIjoxNzQ3MzQyNDM2LCJvcmlnX2lhdCI6MTc0NzM0MTgzNn0.8TtapoGD-aAJe0hNakkjEEieN8Ej5rQRh8khNSE3BWg","expire":"2025-05-15T22:53:56+02:00","role":"user","username":"demo","gravatarUrl":"https://www.gravatar.com/avatar/7462108984f629db2ced1aeb2dc3e747e53a2e1c607059f72955ab864c724335","id":2}
    printer.go:116: GET /auth/refresh_token HTTP/1.1
        Authorization: Bearer eyJhbGciOiJIUzI1NiIsInR5cCI6IkpXVCJ9.eyJJRCI6MiwiZXhwIjoxNzQ3MzQyNDM2LCJvcmlnX2lhdCI6MTc0NzM0MTgzNn0.8TtapoGD-aAJe0hNakkjEEieN8Ej5rQRh8khNSE3BWg
        
[GIN] 2025/05/15 - 22:43:56 | 200 |          38µs |                 | GET      "/auth/refresh_token"
    printer.go:133: HTTP/0.0 200 OK 45.542µs
        Content-Type: application/json; charset=utf-8
        
        {"code":200,"expire":"2025-05-15T22:53:56+02:00","token":"eyJhbGciOiJIUzI1NiIsInR5cCI6IkpXVCJ9.eyJJRCI6MiwiZXhwIjoxNzQ3MzQyNDM2LCJvcmlnX2lhdCI6MTc0NzM0MTgzNn0.8TtapoGD-aAJe0hNakkjEEieN8Ej5rQRh8khNSE3BWg"}
--- PASS: TestRefreshToken (0.80s)
=== RUN   TestRefreshTokenWithoutToken
    printer.go:116: GET /auth/refresh_token HTTP/1.1
        
[GIN] 2025/05/15 - 22:43:56 | 401 |           8µs |                 | GET      "/auth/refresh_token"
    printer.go:133: HTTP/0.0 401 Unauthorized 15.5µs
        Content-Type: application/json; charset=utf-8
        Www-Authenticate: JWT realm=gin jwt
        
        {"code":401,"message":"cookie token is empty"}
--- PASS: TestRefreshTokenWithoutToken (0.00s)
=== RUN   TestRefreshTokenWithExpiredToken
    printer.go:116: GET /auth/refresh_token HTTP/1.1
        Authorization: Bearer eyJhbGciOiJIUzI1NiIsInR5cCI6IkpXVCJ9.eyJJRCI6MiwiZXhwIjoxNzI2MDg4NTA4LCJvcmlnX2lhdCI6MTcyNjA4NzkwOH0.sNlaDHxoJ6Lr1IruI2DembljhSFmlZncusHUV4hcGq4
        
[GIN] 2025/05/15 - 22:43:56 | 401 |      31.625µs |                 | GET      "/auth/refresh_token"
    printer.go:133: HTTP/0.0 401 Unauthorized 37.75µs
        Content-Type: application/json; charset=utf-8
        Www-Authenticate: JWT realm=gin jwt
        
        {"code":401,"message":"Token is expired"}
--- PASS: TestRefreshTokenWithExpiredToken (0.00s)
=== RUN   TestRefreshTokenWithInvalidToken
    printer.go:116: GET /auth/refresh_token HTTP/1.1
        Authorization: Bearer eythisis.invalid.token
        
[GIN] 2025/05/15 - 22:43:56 | 401 |        6.25µs |                 | GET      "/auth/refresh_token"
    printer.go:133: HTTP/0.0 401 Unauthorized 11.209µs
        Content-Type: application/json; charset=utf-8
        Www-Authenticate: JWT realm=gin jwt
        
        {"code":401,"message":"invalid character '+' looking for beginning of object key string"}
--- PASS: TestRefreshTokenWithInvalidToken (0.00s)
=== RUN   TestGetConfig
    printer.go:116: GET /api/v2/config HTTP/1.1
        
[GIN] 2025/05/15 - 22:43:56 | 200 |      82.667µs |                 | GET      "/api/v2/config"
    printer.go:133: HTTP/0.0 200 OK 91.292µs
        Content-Type: application/json; charset=utf-8
        
        {"version":"v1","sentryDSN":"","sentryTraceSampleRate":0.1,"sentryReplaySessionSampleRate":0.1,"sentryReplayErrorSampleRate":0.1,"currencyLocale":"dk-DK","currencyCode":"DKK","vatRates":"[{\"rate\":25,\"name\":\"Standard\"},{\"rate\":0,\"name\":\"Zero rate\"}]","dateLocale":"dk-DK","dateOptions":"{\"weekday\":\"long\",\"hour\":\"2-digit\",\"minute\":\"2-digit\"}","fractionDigitsMin":0,"fractionDigitsMax":2,"environmentMessage":"","paymentMethods":[{"code":"CASH","name":"💶 Cash"},{"code":"CC","name":"💳 Creditcard"}]}
--- PASS: TestGetConfig (0.00s)
=== RUN   TestGuestImport
    printer.go:116: POST /api/v2/guestsUpload HTTP/1.1
        Authorization: Bearer eyJhbGciOiJIUzI1NiIsInR5cCI6IkpXVCJ9.eyJJRCI6MiwiZXhwIjoxNzQ3MzQyNDM2LCJvcmlnX2lhdCI6MTc0NzM0MTgzNn0.8TtapoGD-aAJe0hNakkjEEieN8Ej5rQRh8khNSE3BWg
        Content-Type: multipart/form-data; boundary=e641ce0f1825f1b3d8876764f3ea78e45980c6011e8fbd5eb3d52c3d26f1
        
        --e641ce0f1825f1b3d8876764f3ea78e45980c6011e8fbd5eb3d52c3d26f1
        Content-Disposition: form-data; name="file"; filename="import.csv"
        Content-Type: application/octet-stream
        
        Code;LastName;FirstName;Subject;Blocked
        123456789;XYZTEST Lastname;Firstname;EV123;
        
        --e641ce0f1825f1b3d8876764f3ea78e45980c6011e8fbd5eb3d52c3d26f1--

2025/05/15 22:43:56 [31;1m/Users/stefan/PhpstormProjects/die-kassa/backend/internal/app/repository/guest.go:129 [35;1mrecord not found
[0m[33m[0.221ms] [34;1m[rows:0][0m SELECT * FROM `guests` WHERE code = "123456789" AND `guests`.`deleted_at` IS NULL ORDER BY `guests`.`id` LIMIT 1
[GIN] 2025/05/15 - 22:43:56 | 200 |     699.834µs |                 | POST     "/api/v2/guestsUpload"
    printer.go:133: HTTP/0.0 200 OK 708.458µs
        Content-Type: application/json; charset=utf-8
        
        {"createdGuests":1,"warnings":[]}
    printer.go:116: GET /api/v2/products/4/guests?q=XYZTEST HTTP/1.1
        Authorization: Bearer eyJhbGciOiJIUzI1NiIsInR5cCI6IkpXVCJ9.eyJJRCI6MiwiZXhwIjoxNzQ3MzQyNDM2LCJvcmlnX2lhdCI6MTc0NzM0MTgzNn0.8TtapoGD-aAJe0hNakkjEEieN8Ej5rQRh8khNSE3BWg
        
[GIN] 2025/05/15 - 22:43:56 | 200 |     107.917µs |                 | GET      "/api/v2/products/4/guests?q=XYZTEST"
    printer.go:133: HTTP/0.0 200 OK 113µs
        Content-Type: application/json; charset=utf-8
        
        [{"id":276,"name":"Firstname XYZTEST Lastname (EV123)","code":"123456789","listName":"Deine Tickets","additionalGuests":0,"arrivalNote":null}]
2025/05/15 22:43:56 Deleting guest with id 276
    printer.go:116: DELETE /api/v2/guests/276 HTTP/1.1
        Authorization: Bearer eyJhbGciOiJIUzI1NiIsInR5cCI6IkpXVCJ9.eyJJRCI6MiwiZXhwIjoxNzQ3MzQyNDM2LCJvcmlnX2lhdCI6MTc0NzM0MTgzNn0.8TtapoGD-aAJe0hNakkjEEieN8Ej5rQRh8khNSE3BWg
        
[GIN] 2025/05/15 - 22:43:56 | 200 |      59.458µs |                 | DELETE   "/api/v2/guests/276"
    printer.go:133: HTTP/0.0 200 OK 64.125µs
        Content-Length: 0
        
--- PASS: TestGuestImport (0.00s)
=== RUN   TestGuestImportWithoutFile
    printer.go:116: POST /api/v2/guestsUpload HTTP/1.1
        Authorization: Bearer eyJhbGciOiJIUzI1NiIsInR5cCI6IkpXVCJ9.eyJJRCI6MiwiZXhwIjoxNzQ3MzQyNDM2LCJvcmlnX2lhdCI6MTc0NzM0MTgzNn0.8TtapoGD-aAJe0hNakkjEEieN8Ej5rQRh8khNSE3BWg
        
[GIN] 2025/05/15 - 22:43:56 | 400 |       18.25µs |                 | POST     "/api/v2/guestsUpload"
Error #01: Bad Request
    printer.go:133: HTTP/0.0 400 Bad Request 24.75µs
        Content-Type: application/json; charset=utf-8
        
        {"details":"The request could not be understood by the server.","error":"Bad Request"}
--- PASS: TestGuestImportWithoutFile (0.00s)
=== RUN   TestGuestImportWithEmptyFile
    printer.go:116: POST /api/v2/guestsUpload HTTP/1.1
        Authorization: Bearer eyJhbGciOiJIUzI1NiIsInR5cCI6IkpXVCJ9.eyJJRCI6MiwiZXhwIjoxNzQ3MzQyNDM2LCJvcmlnX2lhdCI6MTc0NzM0MTgzNn0.8TtapoGD-aAJe0hNakkjEEieN8Ej5rQRh8khNSE3BWg
        Content-Type: multipart/form-data; boundary=5fddab413c69736082e760edd0760bc16d43b7662cb4042ed33d55b31bdb
        
        --5fddab413c69736082e760edd0760bc16d43b7662cb4042ed33d55b31bdb
        Content-Disposition: form-data; name="file"; filename="import.csv"
        Content-Type: application/octet-stream
        
        
        --5fddab413c69736082e760edd0760bc16d43b7662cb4042ed33d55b31bdb--
[GIN] 2025/05/15 - 22:43:56 | 400 |      19.708µs |                 | POST     "/api/v2/guestsUpload"
Error #01: Bad Request
    printer.go:133: HTTP/0.0 400 Bad Request 25.334µs
        Content-Type: application/json; charset=utf-8
        
        {"details":"Failed to read header","error":"Bad Request"}
--- PASS: TestGuestImportWithEmptyFile (0.00s)
=== RUN   TestGuestImportWithWarningMessages
    printer.go:116: POST /api/v2/guestsUpload HTTP/1.1
        Authorization: Bearer eyJhbGciOiJIUzI1NiIsInR5cCI6IkpXVCJ9.eyJJRCI6MiwiZXhwIjoxNzQ3MzQyNDM2LCJvcmlnX2lhdCI6MTc0NzM0MTgzNn0.8TtapoGD-aAJe0hNakkjEEieN8Ej5rQRh8khNSE3BWg
        Content-Type: multipart/form-data; boundary=dafe4fde63a594eb7ec55264c58f4e234f77b60ba36043e6f5d42648e48a
        
        --dafe4fde63a594eb7ec55264c58f4e234f77b60ba36043e6f5d42648e48a
        Content-Disposition: form-data; name="file"; filename="import.csv"
        Content-Type: application/octet-stream
        
        Code;LastName;FirstName;Subject;Blocked
        12345678A;XYZTEST Lastname;Firstname;EV123;
        
        --dafe4fde63a594eb7ec55264c58f4e234f77b60ba36043e6f5d42648e48a--

2025/05/15 22:43:56 [31;1m/Users/stefan/PhpstormProjects/die-kassa/backend/internal/app/repository/guest.go:129 [35;1mrecord not found
[0m[33m[0.283ms] [34;1m[rows:0][0m SELECT * FROM `guests` WHERE code = "12345678A" AND `guests`.`deleted_at` IS NULL ORDER BY `guests`.`id` LIMIT 1
[GIN] 2025/05/15 - 22:43:56 | 200 |    1.325792ms |                 | POST     "/api/v2/guestsUpload"
    printer.go:133: HTTP/0.0 200 OK 1.34ms
        Content-Type: application/json; charset=utf-8
        
        {"createdGuests":1,"warnings":[]}
    printer.go:116: POST /api/v2/guestsUpload HTTP/1.1
        Authorization: Bearer eyJhbGciOiJIUzI1NiIsInR5cCI6IkpXVCJ9.eyJJRCI6MiwiZXhwIjoxNzQ3MzQyNDM2LCJvcmlnX2lhdCI6MTc0NzM0MTgzNn0.8TtapoGD-aAJe0hNakkjEEieN8Ej5rQRh8khNSE3BWg
        Content-Type: multipart/form-data; boundary=ddd2db579e971a536d4ebda2032fbbac6c8532e99b5eee3e90ddf21cf857
        
        --ddd2db579e971a536d4ebda2032fbbac6c8532e99b5eee3e90ddf21cf857
        Content-Disposition: form-data; name="file"; filename="import.csv"
        Content-Type: application/octet-stream
        
        Code;LastName;FirstName;Subject;Blocked
        12345678A;XYZTEST Dupe;Dupesten;EV123;
        123;XYZTEST Invalid;Codesten;EV123;
        ABCABCABC;XYZTEST Blocked;Dupesten;EV123;blocked
        
        --ddd2db579e971a536d4ebda2032fbbac6c8532e99b5eee3e90ddf21cf857--
[GIN] 2025/05/15 - 22:43:56 | 200 |      120.75µs |                 | POST     "/api/v2/guestsUpload"
    printer.go:133: HTTP/0.0 200 OK 128µs
        Content-Type: application/json; charset=utf-8
        
        {"createdGuests":0,"warnings":["Already exists: 12345678A (1)","Invalid code: 123 (2)","Blocked: ABCABCABC (3)"]}
    printer.go:116: GET /api/v2/products/4/guests?q=XYZTEST HTTP/1.1
        Authorization: Bearer eyJhbGciOiJIUzI1NiIsInR5cCI6IkpXVCJ9.eyJJRCI6MiwiZXhwIjoxNzQ3MzQyNDM2LCJvcmlnX2lhdCI6MTc0NzM0MTgzNn0.8TtapoGD-aAJe0hNakkjEEieN8Ej5rQRh8khNSE3BWg
        
[GIN] 2025/05/15 - 22:43:56 | 200 |       159.5µs |                 | GET      "/api/v2/products/4/guests?q=XYZTEST"
    printer.go:133: HTTP/0.0 200 OK 164.959µs
        Content-Type: application/json; charset=utf-8
        
        [{"id":276,"name":"Firstname XYZTEST Lastname (EV123)","code":"123456789","listName":"Deine Tickets","additionalGuests":0,"arrivalNote":null},{"id":277,"name":"Firstname XYZTEST Lastname (EV123)","code":"12345678A","listName":"Deine Tickets","additionalGuests":0,"arrivalNote":null}]
2025/05/15 22:43:56 Deleting guest with id 276
    printer.go:116: DELETE /api/v2/guests/276 HTTP/1.1
        Authorization: Bearer eyJhbGciOiJIUzI1NiIsInR5cCI6IkpXVCJ9.eyJJRCI6MiwiZXhwIjoxNzQ3MzQyNDM2LCJvcmlnX2lhdCI6MTc0NzM0MTgzNn0.8TtapoGD-aAJe0hNakkjEEieN8Ej5rQRh8khNSE3BWg
        
[GIN] 2025/05/15 - 22:43:56 | 200 |      89.167µs |                 | DELETE   "/api/v2/guests/276"
    printer.go:133: HTTP/0.0 200 OK 96.208µs
        Content-Length: 0
        
2025/05/15 22:43:56 Deleting guest with id 277
    printer.go:116: DELETE /api/v2/guests/277 HTTP/1.1
        Authorization: Bearer eyJhbGciOiJIUzI1NiIsInR5cCI6IkpXVCJ9.eyJJRCI6MiwiZXhwIjoxNzQ3MzQyNDM2LCJvcmlnX2lhdCI6MTc0NzM0MTgzNn0.8TtapoGD-aAJe0hNakkjEEieN8Ej5rQRh8khNSE3BWg
        
[GIN] 2025/05/15 - 22:43:56 | 200 |          55µs |                 | DELETE   "/api/v2/guests/277"
    printer.go:133: HTTP/0.0 200 OK 60.125µs
        Content-Length: 0
        
--- PASS: TestGuestImportWithWarningMessages (0.00s)
=== RUN   TestGuestsImportAuthentication
    printer.go:116: POST /api/v2/guestsUpload HTTP/1.1
        
[GIN] 2025/05/15 - 22:43:56 | 401 |       8.459µs |                 | POST     "/api/v2/guestsUpload"
    printer.go:133: HTTP/0.0 401 Unauthorized 14.833µs
        Content-Type: application/json; charset=utf-8
        Www-Authenticate: JWT realm=gin jwt
        
        {"code":401,"message":"cookie token is empty"}
--- PASS: TestGuestsImportAuthentication (0.00s)
=== RUN   TestGetGuests
    printer.go:116: GET /api/v2/guests HTTP/1.1
        Authorization: Bearer eyJhbGciOiJIUzI1NiIsInR5cCI6IkpXVCJ9.eyJJRCI6MiwiZXhwIjoxNzQ3MzQyNDM2LCJvcmlnX2lhdCI6MTc0NzM0MTgzNn0.8TtapoGD-aAJe0hNakkjEEieN8Ej5rQRh8khNSE3BWg
        
[GIN] 2025/05/15 - 22:43:56 | 200 |     874.917µs |                 | GET      "/api/v2/guests"
    printer.go:133: HTTP/0.0 200 OK 882.042µs
        Content-Type: application/json; charset=utf-8
        X-Total-Count: 277
        
        [{"id":1,"createdAt":"2025-05-15T22:43:46.967566+02:00","updatedAt":"2025-05-15T22:43:46.967566+02:00","deletedAt":null,"createdById":null,"createdBy":null,"updatedById":null,"updatedBy":null,"deletedById":null,"deletedBy":null,"guestlistId":1,"guestlist":{"id":1,"createdAt":"2025-05-15T22:43:46.967452+02:00","updatedAt":"2025-05-15T22:43:46.967452+02:00","deletedAt":null,"createdById":null,"createdBy":null,"updatedById":null,"updatedBy":null,"deletedById":null,"deletedBy":null,"name":"Reduces Digitale Kultur","typeCode":false,"productId":2,"product":{"id":0,"createdAt":"0001-01-01T00:00:00Z","updatedAt":"0001-01-01T00:00:00Z","deletedAt":null,"createdById":null,"createdBy":null,"updatedById":null,"updatedBy":null,"deletedById":null,"deletedBy":null,"name":"","netPrice":"0","vatRate":"0","wrapAfter":false,"hidden":false,"soldOut":false,"apiExport":false,"pos":0,"totalStock":0,"unitsSold":0,"soldOutRequestCount":0,"guestlists":null}},"name":"Winona Hegmann","code":null,"additionalGuests":0,"attendedGuests":0,"arrivedAt":null,"arrivalNote":null,"notifyOnArrivalEmail":null,"purchaseId":null},{"id":2,"createdAt":"2025-05-15T22:43:46.967613+02:00","updatedAt":"2025-05-15T22:43:46.967613+02:00","deletedAt":null,"createdById":null,"createdBy":null,"updatedById":null,"updatedBy":null,"deletedById":null,"deletedBy":null,"guestlistId":1,"guestlist":{"id":1,"createdAt":"2025-05-15T22:43:46.967452+02:00","updatedAt":"2025-05-15T22:43:46.967452+02:00","deletedAt":null,"createdById":null,"createdBy":null,"updatedById":null,"updatedBy":null,"deletedById":null,"deletedBy":null,"name":"Reduces Digitale Kultur","typeCode":false,"productId":2,"product":{"id":0,"createdAt":"0001-01-01T00:00:00Z","updatedAt":"0001-01-01T00:00:00Z","deletedAt":null,"createdById":null,"createdBy":null,"updatedById":null,"updatedBy":null,"deletedById":null,"deletedBy":null,"name":"","netPrice":"0","vatRate":"0","wrapAfter":false,"hidden":false,"soldOut":false,"apiExport":false,"pos":0,"totalStock":0,"unitsSold":0,"soldOutRequestCount":0,"guestlists":null}},"name":"Hosea Adams","code":null,"additionalGuests":0,"attendedGuests":0,"arrivedAt":null,"arrivalNote":null,"notifyOnArrivalEmail":null,"purchaseId":null},{"id":3,"createdAt":"2025-05-15T22:43:46.967651+02:00","updatedAt":"2025-05-15T22:43:46.967651+02:00","deletedAt":null,"createdById":null,"createdBy":null,"updatedById":null,"updatedBy":null,"deletedById":null,"deletedBy":null,"guestlistId":1,"guestlist":{"id":1,"createdAt":"2025-05-15T22:43:46.967452+02:00","updatedAt":"2025-05-15T22:43:46.967452+02:00","deletedAt":null,"createdById":null,"createdBy":null,"updatedById":null,"updatedBy":null,"deletedById":null,"deletedBy":null,"name":"Reduces Digitale Kultur","typeCode":false,"productId":2,"product":{"id":0,"createdAt":"0001-01-01T00:00:00Z","updatedAt":"0001-01-01T00:00:00Z","deletedAt":null,"createdById":null,"createdBy":null,"updatedById":null,"updatedBy":null,"deletedById":null,"deletedBy":null,"name":"","netPrice":"0","vatRate":"0","wrapAfter":false,"hidden":false,"soldOut":false,"apiExport":false,"pos":0,"totalStock":0,"unitsSold":0,"soldOutRequestCount":0,"guestlists":null}},"name":"Ruth Casper","code":null,"additionalGuests":0,"attendedGuests":0,"arrivedAt":null,"arrivalNote":null,"notifyOnArrivalEmail":null,"purchaseId":null},{"id":4,"createdAt":"2025-05-15T22:43:46.967682+02:00","updatedAt":"2025-05-15T22:43:46.967682+02:00","deletedAt":null,"createdById":null,"createdBy":null,"updatedById":null,"updatedBy":null,"deletedById":null,"deletedBy":null,"guestlistId":1,"guestlist":{"id":1,"createdAt":"2025-05-15T22:43:46.967452+02:00","updatedAt":"2025-05-15T22:43:46.967452+02:00","deletedAt":null,"createdById":null,"createdBy":null,"updatedById":null,"updatedBy":null,"deletedById":null,"deletedBy":null,"name":"Reduces Digitale Kultur","typeCode":false,"productId":2,"product":{"id":0,"createdAt":"0001-01-01T00:00:00Z","updatedAt":"0001-01-01T00:00:00Z","deletedAt":null,"createdById":null,"createdBy":null,"updatedById":null,"updatedBy":null,"deletedById":null,"deletedBy":null,"name":"","netPrice":"0","vatRate":"0","wrapAfter":false,"hidden":false,"soldOut":false,"apiExport":false,"pos":0,"totalStock":0,"unitsSold":0,"soldOutRequestCount":0,"guestlists":null}},"name":"Carley Hermann","code":null,"additionalGuests":0,"attendedGuests":0,"arrivedAt":null,"arrivalNote":null,"notifyOnArrivalEmail":null,"purchaseId":null},{"id":5,"createdAt":"2025-05-15T22:43:46.96771+02:00","updatedAt":"2025-05-15T22:43:46.96771+02:00","deletedAt":null,"createdById":null,"createdBy":null,"updatedById":null,"updatedBy":null,"deletedById":null,"deletedBy":null,"guestlistId":2,"guestlist":{"id":2,"createdAt":"2025-05-15T22:43:46.967486+02:00","updatedAt":"2025-05-15T22:43:46.967486+02:00","deletedAt":null,"createdById":null,"createdBy":null,"updatedById":null,"updatedBy":null,"deletedById":null,"deletedBy":null,"name":"Long Distance","typeCode":false,"productId":2,"product":{"id":0,"createdAt":"0001-01-01T00:00:00Z","updatedAt":"0001-01-01T00:00:00Z","deletedAt":null,"createdById":null,"createdBy":null,"updatedById":null,"updatedBy":null,"deletedById":null,"deletedBy":null,"name":"","netPrice":"0","vatRate":"0","wrapAfter":false,"hidden":false,"soldOut":false,"apiExport":false,"pos":0,"totalStock":0,"unitsSold":0,"soldOutRequestCount":0,"guestlists":null}},"name":"Demetrius Goodwin","code":null,"additionalGuests":0,"attendedGuests":0,"arrivedAt":null,"arrivalNote":null,"notifyOnArrivalEmail":null,"purchaseId":null},{"id":6,"createdAt":"2025-05-15T22:43:46.967745+02:00","updatedAt":"2025-05-15T22:43:46.967745+02:00","deletedAt":null,"createdById":null,"createdBy":null,"updatedById":null,"updatedBy":null,"deletedById":null,"deletedBy":null,"guestlistId":2,"guestlist":{"id":2,"createdAt":"2025-05-15T22:43:46.967486+02:00","updatedAt":"2025-05-15T22:43:46.967486+02:00","deletedAt":null,"createdById":null,"createdBy":null,"updatedById":null,"updatedBy":null,"deletedById":null,"deletedBy":null,"name":"Long Distance","typeCode":false,"productId":2,"product":{"id":0,"createdAt":"0001-01-01T00:00:00Z","updatedAt":"0001-01-01T00:00:00Z","deletedAt":null,"createdById":null,"createdBy":null,"updatedById":null,"updatedBy":null,"deletedById":null,"deletedBy":null,"name":"","netPrice":"0","vatRate":"0","wrapAfter":false,"hidden":false,"soldOut":false,"apiExport":false,"pos":0,"totalStock":0,"unitsSold":0,"soldOutRequestCount":0,"guestlists":null}},"name":"Lazaro Ruecker","code":null,"additionalGuests":0,"attendedGuests":0,"arrivedAt":null,"arrivalNote":null,"notifyOnArrivalEmail":null,"purchaseId":null},{"id":7,"createdAt":"2025-05-15T22:43:46.96778+02:00","updatedAt":"2025-05-15T22:43:46.96778+02:00","deletedAt":null,"createdById":null,"createdBy":null,"updatedById":null,"updatedBy":null,"deletedById":null,"deletedBy":null,"guestlistId":2,"guestlist":{"id":2,"createdAt":"2025-05-15T22:43:46.967486+02:00","updatedAt":"2025-05-15T22:43:46.967486+02:00","deletedAt":null,"createdById":null,"createdBy":null,"updatedById":null,"updatedBy":null,"deletedById":null,"deletedBy":null,"name":"Long Distance","typeCode":false,"productId":2,"product":{"id":0,"createdAt":"0001-01-01T00:00:00Z","updatedAt":"0001-01-01T00:00:00Z","deletedAt":null,"createdById":null,"createdBy":null,"updatedById":null,"updatedBy":null,"deletedById":null,"deletedBy":null,"name":"","netPrice":"0","vatRate":"0","wrapAfter":false,"hidden":false,"soldOut":false,"apiExport":false,"pos":0,"totalStock":0,"unitsSold":0,"soldOutRequestCount":0,"guestlists":null}},"name":"Brown Hegmann","code":null,"additionalGuests":0,"attendedGuests":0,"arrivedAt":null,"arrivalNote":null,"notifyOnArrivalEmail":null,"purchaseId":null},{"id":8,"createdAt":"2025-05-15T22:43:46.967822+02:00","updatedAt":"2025-05-15T22:43:46.967822+02:00","deletedAt":null,"createdById":null,"createdBy":null,"updatedById":null,"updatedBy":null,"deletedById":null,"deletedBy":null,"guestlistId":2,"guestlist":{"id":2,"createdAt":"2025-05-15T22:43:46.967486+02:00","updatedAt":"2025-05-15T22:43:46.967486+02:00","deletedAt":null,"createdById":null,"createdBy":null,"updatedById":null,"updatedBy":null,"deletedById":null,"deletedBy":null,"name":"Long Distance","typeCode":false,"productId":2,"product":{"id":0,"createdAt":"0001-01-01T00:00:00Z","updatedAt":"0001-01-01T00:00:00Z","deletedAt":null,"createdById":null,"createdBy":null,"updatedById":null,"updatedBy":null,"deletedById":null,"deletedBy":null,"name":"","netPrice":"0","vatRate":"0","wrapAfter":false,"hidden":false,"soldOut":false,"apiExport":false,"pos":0,"totalStock":0,"unitsSold":0,"soldOutRequestCount":0,"guestlists":null}},"name":"Maybell Ward","code":null,"additionalGuests":0,"attendedGuests":0,"arrivedAt":null,"arrivalNote":null,"notifyOnArrivalEmail":null,"purchaseId":null},{"id":9,"createdAt":"2025-05-15T22:43:46.967855+02:00","updatedAt":"2025-05-15T22:43:46.967855+02:00","deletedAt":null,"createdById":null,"createdBy":null,"updatedById":null,"updatedBy":null,"deletedById":null,"deletedBy":null,"guestlistId":2,"guestlist":{"id":2,"createdAt":"2025-05-15T22:43:46.967486+02:00","updatedAt":"2025-05-15T22:43:46.967486+02:00","deletedAt":null,"createdById":null,"createdBy":null,"updatedById":null,"updatedBy":null,"deletedById":null,"deletedBy":null,"name":"Long Distance","typeCode":false,"productId":2,"product":{"id":0,"createdAt":"0001-01-01T00:00:00Z","updatedAt":"0001-01-01T00:00:00Z","deletedAt":null,"createdById":null,"createdBy":null,"updatedById":null,"updatedBy":null,"deletedById":null,"deletedBy":null,"name":"","netPrice":"0","vatRate":"0","wrapAfter":false,"hidden":false,"soldOut":false,"apiExport":false,"pos":0,"totalStock":0,"unitsSold":0,"soldOutRequestCount":0,"guestlists":null}},"name":"Chanel McClure","code":null,"additionalGuests":0,"attendedGuests":0,"arrivedAt":null,"arrivalNote":null,"notifyOnArrivalEmail":null,"purchaseId":null},{"id":10,"createdAt":"2025-05-15T22:43:46.967885+02:00","updatedAt":"2025-05-15T22:43:46.967885+02:00","deletedAt":null,"createdById":null,"createdBy":null,"updatedById":null,"updatedBy":null,"deletedById":null,"deletedBy":null,"guestlistId":2,"guestlist":{"id":2,"createdAt":"2025-05-15T22:43:46.967486+02:00","updatedAt":"2025-05-15T22:43:46.967486+02:00","deletedAt":null,"createdById":null,"createdBy":null,"updatedById":null,"updatedBy":null,"deletedById":null,"deletedBy":null,"name":"Long Distance","typeCode":false,"productId":2,"product":{"id":0,"createdAt":"0001-01-01T00:00:00Z","updatedAt":"0001-01-01T00:00:00Z","deletedAt":null,"createdById":null,"createdBy":null,"updatedById":null,"updatedBy":null,"deletedById":null,"deletedBy":null,"name":"","netPrice":"0","vatRate":"0","wrapAfter":false,"hidden":false,"soldOut":false,"apiExport":false,"pos":0,"totalStock":0,"unitsSold":0,"soldOutRequestCount":0,"guestlists":null}},"name":"Aryanna Schulist","code":null,"additionalGuests":0,"attendedGuests":0,"arrivedAt":null,"arrivalNote":null,"notifyOnArrivalEmail":null,"purchaseId":null}]
--- PASS: TestGetGuests (0.00s)
=== RUN   TestGetGuestWithQuery
    printer.go:116: GET /api/v2/guests HTTP/1.1
        Authorization: Bearer eyJhbGciOiJIUzI1NiIsInR5cCI6IkpXVCJ9.eyJJRCI6MiwiZXhwIjoxNzQ3MzQyNDM2LCJvcmlnX2lhdCI6MTc0NzM0MTgzNn0.8TtapoGD-aAJe0hNakkjEEieN8Ej5rQRh8khNSE3BWg
        
[GIN] 2025/05/15 - 22:43:56 | 200 |       830.5µs |                 | GET      "/api/v2/guests"
    printer.go:133: HTTP/0.0 200 OK 843.708µs
        Content-Type: application/json; charset=utf-8
        X-Total-Count: 277
        
        [{"id":1,"createdAt":"2025-05-15T22:43:46.967566+02:00","updatedAt":"2025-05-15T22:43:46.967566+02:00","deletedAt":null,"createdById":null,"createdBy":null,"updatedById":null,"updatedBy":null,"deletedById":null,"deletedBy":null,"guestlistId":1,"guestlist":{"id":1,"createdAt":"2025-05-15T22:43:46.967452+02:00","updatedAt":"2025-05-15T22:43:46.967452+02:00","deletedAt":null,"createdById":null,"createdBy":null,"updatedById":null,"updatedBy":null,"deletedById":null,"deletedBy":null,"name":"Reduces Digitale Kultur","typeCode":false,"productId":2,"product":{"id":0,"createdAt":"0001-01-01T00:00:00Z","updatedAt":"0001-01-01T00:00:00Z","deletedAt":null,"createdById":null,"createdBy":null,"updatedById":null,"updatedBy":null,"deletedById":null,"deletedBy":null,"name":"","netPrice":"0","vatRate":"0","wrapAfter":false,"hidden":false,"soldOut":false,"apiExport":false,"pos":0,"totalStock":0,"unitsSold":0,"soldOutRequestCount":0,"guestlists":null}},"name":"Winona Hegmann","code":null,"additionalGuests":0,"attendedGuests":0,"arrivedAt":null,"arrivalNote":null,"notifyOnArrivalEmail":null,"purchaseId":null},{"id":2,"createdAt":"2025-05-15T22:43:46.967613+02:00","updatedAt":"2025-05-15T22:43:46.967613+02:00","deletedAt":null,"createdById":null,"createdBy":null,"updatedById":null,"updatedBy":null,"deletedById":null,"deletedBy":null,"guestlistId":1,"guestlist":{"id":1,"createdAt":"2025-05-15T22:43:46.967452+02:00","updatedAt":"2025-05-15T22:43:46.967452+02:00","deletedAt":null,"createdById":null,"createdBy":null,"updatedById":null,"updatedBy":null,"deletedById":null,"deletedBy":null,"name":"Reduces Digitale Kultur","typeCode":false,"productId":2,"product":{"id":0,"createdAt":"0001-01-01T00:00:00Z","updatedAt":"0001-01-01T00:00:00Z","deletedAt":null,"createdById":null,"createdBy":null,"updatedById":null,"updatedBy":null,"deletedById":null,"deletedBy":null,"name":"","netPrice":"0","vatRate":"0","wrapAfter":false,"hidden":false,"soldOut":false,"apiExport":false,"pos":0,"totalStock":0,"unitsSold":0,"soldOutRequestCount":0,"guestlists":null}},"name":"Hosea Adams","code":null,"additionalGuests":0,"attendedGuests":0,"arrivedAt":null,"arrivalNote":null,"notifyOnArrivalEmail":null,"purchaseId":null},{"id":3,"createdAt":"2025-05-15T22:43:46.967651+02:00","updatedAt":"2025-05-15T22:43:46.967651+02:00","deletedAt":null,"createdById":null,"createdBy":null,"updatedById":null,"updatedBy":null,"deletedById":null,"deletedBy":null,"guestlistId":1,"guestlist":{"id":1,"createdAt":"2025-05-15T22:43:46.967452+02:00","updatedAt":"2025-05-15T22:43:46.967452+02:00","deletedAt":null,"createdById":null,"createdBy":null,"updatedById":null,"updatedBy":null,"deletedById":null,"deletedBy":null,"name":"Reduces Digitale Kultur","typeCode":false,"productId":2,"product":{"id":0,"createdAt":"0001-01-01T00:00:00Z","updatedAt":"0001-01-01T00:00:00Z","deletedAt":null,"createdById":null,"createdBy":null,"updatedById":null,"updatedBy":null,"deletedById":null,"deletedBy":null,"name":"","netPrice":"0","vatRate":"0","wrapAfter":false,"hidden":false,"soldOut":false,"apiExport":false,"pos":0,"totalStock":0,"unitsSold":0,"soldOutRequestCount":0,"guestlists":null}},"name":"Ruth Casper","code":null,"additionalGuests":0,"attendedGuests":0,"arrivedAt":null,"arrivalNote":null,"notifyOnArrivalEmail":null,"purchaseId":null},{"id":4,"createdAt":"2025-05-15T22:43:46.967682+02:00","updatedAt":"2025-05-15T22:43:46.967682+02:00","deletedAt":null,"createdById":null,"createdBy":null,"updatedById":null,"updatedBy":null,"deletedById":null,"deletedBy":null,"guestlistId":1,"guestlist":{"id":1,"createdAt":"2025-05-15T22:43:46.967452+02:00","updatedAt":"2025-05-15T22:43:46.967452+02:00","deletedAt":null,"createdById":null,"createdBy":null,"updatedById":null,"updatedBy":null,"deletedById":null,"deletedBy":null,"name":"Reduces Digitale Kultur","typeCode":false,"productId":2,"product":{"id":0,"createdAt":"0001-01-01T00:00:00Z","updatedAt":"0001-01-01T00:00:00Z","deletedAt":null,"createdById":null,"createdBy":null,"updatedById":null,"updatedBy":null,"deletedById":null,"deletedBy":null,"name":"","netPrice":"0","vatRate":"0","wrapAfter":false,"hidden":false,"soldOut":false,"apiExport":false,"pos":0,"totalStock":0,"unitsSold":0,"soldOutRequestCount":0,"guestlists":null}},"name":"Carley Hermann","code":null,"additionalGuests":0,"attendedGuests":0,"arrivedAt":null,"arrivalNote":null,"notifyOnArrivalEmail":null,"purchaseId":null},{"id":5,"createdAt":"2025-05-15T22:43:46.96771+02:00","updatedAt":"2025-05-15T22:43:46.96771+02:00","deletedAt":null,"createdById":null,"createdBy":null,"updatedById":null,"updatedBy":null,"deletedById":null,"deletedBy":null,"guestlistId":2,"guestlist":{"id":2,"createdAt":"2025-05-15T22:43:46.967486+02:00","updatedAt":"2025-05-15T22:43:46.967486+02:00","deletedAt":null,"createdById":null,"createdBy":null,"updatedById":null,"updatedBy":null,"deletedById":null,"deletedBy":null,"name":"Long Distance","typeCode":false,"productId":2,"product":{"id":0,"createdAt":"0001-01-01T00:00:00Z","updatedAt":"0001-01-01T00:00:00Z","deletedAt":null,"createdById":null,"createdBy":null,"updatedById":null,"updatedBy":null,"deletedById":null,"deletedBy":null,"name":"","netPrice":"0","vatRate":"0","wrapAfter":false,"hidden":false,"soldOut":false,"apiExport":false,"pos":0,"totalStock":0,"unitsSold":0,"soldOutRequestCount":0,"guestlists":null}},"name":"Demetrius Goodwin","code":null,"additionalGuests":0,"attendedGuests":0,"arrivedAt":null,"arrivalNote":null,"notifyOnArrivalEmail":null,"purchaseId":null},{"id":6,"createdAt":"2025-05-15T22:43:46.967745+02:00","updatedAt":"2025-05-15T22:43:46.967745+02:00","deletedAt":null,"createdById":null,"createdBy":null,"updatedById":null,"updatedBy":null,"deletedById":null,"deletedBy":null,"guestlistId":2,"guestlist":{"id":2,"createdAt":"2025-05-15T22:43:46.967486+02:00","updatedAt":"2025-05-15T22:43:46.967486+02:00","deletedAt":null,"createdById":null,"createdBy":null,"updatedById":null,"updatedBy":null,"deletedById":null,"deletedBy":null,"name":"Long Distance","typeCode":false,"productId":2,"product":{"id":0,"createdAt":"0001-01-01T00:00:00Z","updatedAt":"0001-01-01T00:00:00Z","deletedAt":null,"createdById":null,"createdBy":null,"updatedById":null,"updatedBy":null,"deletedById":null,"deletedBy":null,"name":"","netPrice":"0","vatRate":"0","wrapAfter":false,"hidden":false,"soldOut":false,"apiExport":false,"pos":0,"totalStock":0,"unitsSold":0,"soldOutRequestCount":0,"guestlists":null}},"name":"Lazaro Ruecker","code":null,"additionalGuests":0,"attendedGuests":0,"arrivedAt":null,"arrivalNote":null,"notifyOnArrivalEmail":null,"purchaseId":null},{"id":7,"createdAt":"2025-05-15T22:43:46.96778+02:00","updatedAt":"2025-05-15T22:43:46.96778+02:00","deletedAt":null,"createdById":null,"createdBy":null,"updatedById":null,"updatedBy":null,"deletedById":null,"deletedBy":null,"guestlistId":2,"guestlist":{"id":2,"createdAt":"2025-05-15T22:43:46.967486+02:00","updatedAt":"2025-05-15T22:43:46.967486+02:00","deletedAt":null,"createdById":null,"createdBy":null,"updatedById":null,"updatedBy":null,"deletedById":null,"deletedBy":null,"name":"Long Distance","typeCode":false,"productId":2,"product":{"id":0,"createdAt":"0001-01-01T00:00:00Z","updatedAt":"0001-01-01T00:00:00Z","deletedAt":null,"createdById":null,"createdBy":null,"updatedById":null,"updatedBy":null,"deletedById":null,"deletedBy":null,"name":"","netPrice":"0","vatRate":"0","wrapAfter":false,"hidden":false,"soldOut":false,"apiExport":false,"pos":0,"totalStock":0,"unitsSold":0,"soldOutRequestCount":0,"guestlists":null}},"name":"Brown Hegmann","code":null,"additionalGuests":0,"attendedGuests":0,"arrivedAt":null,"arrivalNote":null,"notifyOnArrivalEmail":null,"purchaseId":null},{"id":8,"createdAt":"2025-05-15T22:43:46.967822+02:00","updatedAt":"2025-05-15T22:43:46.967822+02:00","deletedAt":null,"createdById":null,"createdBy":null,"updatedById":null,"updatedBy":null,"deletedById":null,"deletedBy":null,"guestlistId":2,"guestlist":{"id":2,"createdAt":"2025-05-15T22:43:46.967486+02:00","updatedAt":"2025-05-15T22:43:46.967486+02:00","deletedAt":null,"createdById":null,"createdBy":null,"updatedById":null,"updatedBy":null,"deletedById":null,"deletedBy":null,"name":"Long Distance","typeCode":false,"productId":2,"product":{"id":0,"createdAt":"0001-01-01T00:00:00Z","updatedAt":"0001-01-01T00:00:00Z","deletedAt":null,"createdById":null,"createdBy":null,"updatedById":null,"updatedBy":null,"deletedById":null,"deletedBy":null,"name":"","netPrice":"0","vatRate":"0","wrapAfter":false,"hidden":false,"soldOut":false,"apiExport":false,"pos":0,"totalStock":0,"unitsSold":0,"soldOutRequestCount":0,"guestlists":null}},"name":"Maybell Ward","code":null,"additionalGuests":0,"attendedGuests":0,"arrivedAt":null,"arrivalNote":null,"notifyOnArrivalEmail":null,"purchaseId":null},{"id":9,"createdAt":"2025-05-15T22:43:46.967855+02:00","updatedAt":"2025-05-15T22:43:46.967855+02:00","deletedAt":null,"createdById":null,"createdBy":null,"updatedById":null,"updatedBy":null,"deletedById":null,"deletedBy":null,"guestlistId":2,"guestlist":{"id":2,"createdAt":"2025-05-15T22:43:46.967486+02:00","updatedAt":"2025-05-15T22:43:46.967486+02:00","deletedAt":null,"createdById":null,"createdBy":null,"updatedById":null,"updatedBy":null,"deletedById":null,"deletedBy":null,"name":"Long Distance","typeCode":false,"productId":2,"product":{"id":0,"createdAt":"0001-01-01T00:00:00Z","updatedAt":"0001-01-01T00:00:00Z","deletedAt":null,"createdById":null,"createdBy":null,"updatedById":null,"updatedBy":null,"deletedById":null,"deletedBy":null,"name":"","netPrice":"0","vatRate":"0","wrapAfter":false,"hidden":false,"soldOut":false,"apiExport":false,"pos":0,"totalStock":0,"unitsSold":0,"soldOutRequestCount":0,"guestlists":null}},"name":"Chanel McClure","code":null,"additionalGuests":0,"attendedGuests":0,"arrivedAt":null,"arrivalNote":null,"notifyOnArrivalEmail":null,"purchaseId":null},{"id":10,"createdAt":"2025-05-15T22:43:46.967885+02:00","updatedAt":"2025-05-15T22:43:46.967885+02:00","deletedAt":null,"createdById":null,"createdBy":null,"updatedById":null,"updatedBy":null,"deletedById":null,"deletedBy":null,"guestlistId":2,"guestlist":{"id":2,"createdAt":"2025-05-15T22:43:46.967486+02:00","updatedAt":"2025-05-15T22:43:46.967486+02:00","deletedAt":null,"createdById":null,"createdBy":null,"updatedById":null,"updatedBy":null,"deletedById":null,"deletedBy":null,"name":"Long Distance","typeCode":false,"productId":2,"product":{"id":0,"createdAt":"0001-01-01T00:00:00Z","updatedAt":"0001-01-01T00:00:00Z","deletedAt":null,"createdById":null,"createdBy":null,"updatedById":null,"updatedBy":null,"deletedById":null,"deletedBy":null,"name":"","netPrice":"0","vatRate":"0","wrapAfter":false,"hidden":false,"soldOut":false,"apiExport":false,"pos":0,"totalStock":0,"unitsSold":0,"soldOutRequestCount":0,"guestlists":null}},"name":"Aryanna Schulist","code":null,"additionalGuests":0,"attendedGuests":0,"arrivedAt":null,"arrivalNote":null,"notifyOnArrivalEmail":null,"purchaseId":null}]
2025/05/15 22:43:56 name:  Aryanna
    printer.go:116: GET /api/v2/guests?q=Aryanna HTTP/1.1
        Authorization: Bearer eyJhbGciOiJIUzI1NiIsInR5cCI6IkpXVCJ9.eyJJRCI6MiwiZXhwIjoxNzQ3MzQyNDM2LCJvcmlnX2lhdCI6MTc0NzM0MTgzNn0.8TtapoGD-aAJe0hNakkjEEieN8Ej5rQRh8khNSE3BWg
        
[GIN] 2025/05/15 - 22:43:56 | 200 |      209.25µs |                 | GET      "/api/v2/guests?q=Aryanna"
    printer.go:133: HTTP/0.0 200 OK 215.209µs
        Content-Type: application/json; charset=utf-8
        X-Total-Count: 1
        
        [{"id":10,"createdAt":"2025-05-15T22:43:46.967885+02:00","updatedAt":"2025-05-15T22:43:46.967885+02:00","deletedAt":null,"createdById":null,"createdBy":null,"updatedById":null,"updatedBy":null,"deletedById":null,"deletedBy":null,"guestlistId":2,"guestlist":{"id":2,"createdAt":"2025-05-15T22:43:46.967486+02:00","updatedAt":"2025-05-15T22:43:46.967486+02:00","deletedAt":null,"createdById":null,"createdBy":null,"updatedById":null,"updatedBy":null,"deletedById":null,"deletedBy":null,"name":"Long Distance","typeCode":false,"productId":2,"product":{"id":0,"createdAt":"0001-01-01T00:00:00Z","updatedAt":"0001-01-01T00:00:00Z","deletedAt":null,"createdById":null,"createdBy":null,"updatedById":null,"updatedBy":null,"deletedById":null,"deletedBy":null,"name":"","netPrice":"0","vatRate":"0","wrapAfter":false,"hidden":false,"soldOut":false,"apiExport":false,"pos":0,"totalStock":0,"unitsSold":0,"soldOutRequestCount":0,"guestlists":null}},"name":"Aryanna Schulist","code":null,"additionalGuests":0,"attendedGuests":0,"arrivedAt":null,"arrivalNote":null,"notifyOnArrivalEmail":null,"purchaseId":null}]
--- PASS: TestGetGuestWithQuery (0.00s)
=== RUN   TestGetGuestWithSort
    printer.go:116: GET /api/v2/guests?_sort=id HTTP/1.1
        Authorization: Bearer eyJhbGciOiJIUzI1NiIsInR5cCI6IkpXVCJ9.eyJJRCI6MiwiZXhwIjoxNzQ3MzQyNDM2LCJvcmlnX2lhdCI6MTc0NzM0MTgzNn0.8TtapoGD-aAJe0hNakkjEEieN8Ej5rQRh8khNSE3BWg
        
[GIN] 2025/05/15 - 22:43:56 | 200 |      727.25µs |                 | GET      "/api/v2/guests?_sort=id"
    printer.go:133: HTTP/0.0 200 OK 736.959µs
        Content-Type: application/json; charset=utf-8
        X-Total-Count: 277
        
        [{"id":1,"createdAt":"2025-05-15T22:43:46.967566+02:00","updatedAt":"2025-05-15T22:43:46.967566+02:00","deletedAt":null,"createdById":null,"createdBy":null,"updatedById":null,"updatedBy":null,"deletedById":null,"deletedBy":null,"guestlistId":1,"guestlist":{"id":1,"createdAt":"2025-05-15T22:43:46.967452+02:00","updatedAt":"2025-05-15T22:43:46.967452+02:00","deletedAt":null,"createdById":null,"createdBy":null,"updatedById":null,"updatedBy":null,"deletedById":null,"deletedBy":null,"name":"Reduces Digitale Kultur","typeCode":false,"productId":2,"product":{"id":0,"createdAt":"0001-01-01T00:00:00Z","updatedAt":"0001-01-01T00:00:00Z","deletedAt":null,"createdById":null,"createdBy":null,"updatedById":null,"updatedBy":null,"deletedById":null,"deletedBy":null,"name":"","netPrice":"0","vatRate":"0","wrapAfter":false,"hidden":false,"soldOut":false,"apiExport":false,"pos":0,"totalStock":0,"unitsSold":0,"soldOutRequestCount":0,"guestlists":null}},"name":"Winona Hegmann","code":null,"additionalGuests":0,"attendedGuests":0,"arrivedAt":null,"arrivalNote":null,"notifyOnArrivalEmail":null,"purchaseId":null},{"id":2,"createdAt":"2025-05-15T22:43:46.967613+02:00","updatedAt":"2025-05-15T22:43:46.967613+02:00","deletedAt":null,"createdById":null,"createdBy":null,"updatedById":null,"updatedBy":null,"deletedById":null,"deletedBy":null,"guestlistId":1,"guestlist":{"id":1,"createdAt":"2025-05-15T22:43:46.967452+02:00","updatedAt":"2025-05-15T22:43:46.967452+02:00","deletedAt":null,"createdById":null,"createdBy":null,"updatedById":null,"updatedBy":null,"deletedById":null,"deletedBy":null,"name":"Reduces Digitale Kultur","typeCode":false,"productId":2,"product":{"id":0,"createdAt":"0001-01-01T00:00:00Z","updatedAt":"0001-01-01T00:00:00Z","deletedAt":null,"createdById":null,"createdBy":null,"updatedById":null,"updatedBy":null,"deletedById":null,"deletedBy":null,"name":"","netPrice":"0","vatRate":"0","wrapAfter":false,"hidden":false,"soldOut":false,"apiExport":false,"pos":0,"totalStock":0,"unitsSold":0,"soldOutRequestCount":0,"guestlists":null}},"name":"Hosea Adams","code":null,"additionalGuests":0,"attendedGuests":0,"arrivedAt":null,"arrivalNote":null,"notifyOnArrivalEmail":null,"purchaseId":null},{"id":3,"createdAt":"2025-05-15T22:43:46.967651+02:00","updatedAt":"2025-05-15T22:43:46.967651+02:00","deletedAt":null,"createdById":null,"createdBy":null,"updatedById":null,"updatedBy":null,"deletedById":null,"deletedBy":null,"guestlistId":1,"guestlist":{"id":1,"createdAt":"2025-05-15T22:43:46.967452+02:00","updatedAt":"2025-05-15T22:43:46.967452+02:00","deletedAt":null,"createdById":null,"createdBy":null,"updatedById":null,"updatedBy":null,"deletedById":null,"deletedBy":null,"name":"Reduces Digitale Kultur","typeCode":false,"productId":2,"product":{"id":0,"createdAt":"0001-01-01T00:00:00Z","updatedAt":"0001-01-01T00:00:00Z","deletedAt":null,"createdById":null,"createdBy":null,"updatedById":null,"updatedBy":null,"deletedById":null,"deletedBy":null,"name":"","netPrice":"0","vatRate":"0","wrapAfter":false,"hidden":false,"soldOut":false,"apiExport":false,"pos":0,"totalStock":0,"unitsSold":0,"soldOutRequestCount":0,"guestlists":null}},"name":"Ruth Casper","code":null,"additionalGuests":0,"attendedGuests":0,"arrivedAt":null,"arrivalNote":null,"notifyOnArrivalEmail":null,"purchaseId":null},{"id":4,"createdAt":"2025-05-15T22:43:46.967682+02:00","updatedAt":"2025-05-15T22:43:46.967682+02:00","deletedAt":null,"createdById":null,"createdBy":null,"updatedById":null,"updatedBy":null,"deletedById":null,"deletedBy":null,"guestlistId":1,"guestlist":{"id":1,"createdAt":"2025-05-15T22:43:46.967452+02:00","updatedAt":"2025-05-15T22:43:46.967452+02:00","deletedAt":null,"createdById":null,"createdBy":null,"updatedById":null,"updatedBy":null,"deletedById":null,"deletedBy":null,"name":"Reduces Digitale Kultur","typeCode":false,"productId":2,"product":{"id":0,"createdAt":"0001-01-01T00:00:00Z","updatedAt":"0001-01-01T00:00:00Z","deletedAt":null,"createdById":null,"createdBy":null,"updatedById":null,"updatedBy":null,"deletedById":null,"deletedBy":null,"name":"","netPrice":"0","vatRate":"0","wrapAfter":false,"hidden":false,"soldOut":false,"apiExport":false,"pos":0,"totalStock":0,"unitsSold":0,"soldOutRequestCount":0,"guestlists":null}},"name":"Carley Hermann","code":null,"additionalGuests":0,"attendedGuests":0,"arrivedAt":null,"arrivalNote":null,"notifyOnArrivalEmail":null,"purchaseId":null},{"id":5,"createdAt":"2025-05-15T22:43:46.96771+02:00","updatedAt":"2025-05-15T22:43:46.96771+02:00","deletedAt":null,"createdById":null,"createdBy":null,"updatedById":null,"updatedBy":null,"deletedById":null,"deletedBy":null,"guestlistId":2,"guestlist":{"id":2,"createdAt":"2025-05-15T22:43:46.967486+02:00","updatedAt":"2025-05-15T22:43:46.967486+02:00","deletedAt":null,"createdById":null,"createdBy":null,"updatedById":null,"updatedBy":null,"deletedById":null,"deletedBy":null,"name":"Long Distance","typeCode":false,"productId":2,"product":{"id":0,"createdAt":"0001-01-01T00:00:00Z","updatedAt":"0001-01-01T00:00:00Z","deletedAt":null,"createdById":null,"createdBy":null,"updatedById":null,"updatedBy":null,"deletedById":null,"deletedBy":null,"name":"","netPrice":"0","vatRate":"0","wrapAfter":false,"hidden":false,"soldOut":false,"apiExport":false,"pos":0,"totalStock":0,"unitsSold":0,"soldOutRequestCount":0,"guestlists":null}},"name":"Demetrius Goodwin","code":null,"additionalGuests":0,"attendedGuests":0,"arrivedAt":null,"arrivalNote":null,"notifyOnArrivalEmail":null,"purchaseId":null},{"id":6,"createdAt":"2025-05-15T22:43:46.967745+02:00","updatedAt":"2025-05-15T22:43:46.967745+02:00","deletedAt":null,"createdById":null,"createdBy":null,"updatedById":null,"updatedBy":null,"deletedById":null,"deletedBy":null,"guestlistId":2,"guestlist":{"id":2,"createdAt":"2025-05-15T22:43:46.967486+02:00","updatedAt":"2025-05-15T22:43:46.967486+02:00","deletedAt":null,"createdById":null,"createdBy":null,"updatedById":null,"updatedBy":null,"deletedById":null,"deletedBy":null,"name":"Long Distance","typeCode":false,"productId":2,"product":{"id":0,"createdAt":"0001-01-01T00:00:00Z","updatedAt":"0001-01-01T00:00:00Z","deletedAt":null,"createdById":null,"createdBy":null,"updatedById":null,"updatedBy":null,"deletedById":null,"deletedBy":null,"name":"","netPrice":"0","vatRate":"0","wrapAfter":false,"hidden":false,"soldOut":false,"apiExport":false,"pos":0,"totalStock":0,"unitsSold":0,"soldOutRequestCount":0,"guestlists":null}},"name":"Lazaro Ruecker","code":null,"additionalGuests":0,"attendedGuests":0,"arrivedAt":null,"arrivalNote":null,"notifyOnArrivalEmail":null,"purchaseId":null},{"id":7,"createdAt":"2025-05-15T22:43:46.96778+02:00","updatedAt":"2025-05-15T22:43:46.96778+02:00","deletedAt":null,"createdById":null,"createdBy":null,"updatedById":null,"updatedBy":null,"deletedById":null,"deletedBy":null,"guestlistId":2,"guestlist":{"id":2,"createdAt":"2025-05-15T22:43:46.967486+02:00","updatedAt":"2025-05-15T22:43:46.967486+02:00","deletedAt":null,"createdById":null,"createdBy":null,"updatedById":null,"updatedBy":null,"deletedById":null,"deletedBy":null,"name":"Long Distance","typeCode":false,"productId":2,"product":{"id":0,"createdAt":"0001-01-01T00:00:00Z","updatedAt":"0001-01-01T00:00:00Z","deletedAt":null,"createdById":null,"createdBy":null,"updatedById":null,"updatedBy":null,"deletedById":null,"deletedBy":null,"name":"","netPrice":"0","vatRate":"0","wrapAfter":false,"hidden":false,"soldOut":false,"apiExport":false,"pos":0,"totalStock":0,"unitsSold":0,"soldOutRequestCount":0,"guestlists":null}},"name":"Brown Hegmann","code":null,"additionalGuests":0,"attendedGuests":0,"arrivedAt":null,"arrivalNote":null,"notifyOnArrivalEmail":null,"purchaseId":null},{"id":8,"createdAt":"2025-05-15T22:43:46.967822+02:00","updatedAt":"2025-05-15T22:43:46.967822+02:00","deletedAt":null,"createdById":null,"createdBy":null,"updatedById":null,"updatedBy":null,"deletedById":null,"deletedBy":null,"guestlistId":2,"guestlist":{"id":2,"createdAt":"2025-05-15T22:43:46.967486+02:00","updatedAt":"2025-05-15T22:43:46.967486+02:00","deletedAt":null,"createdById":null,"createdBy":null,"updatedById":null,"updatedBy":null,"deletedById":null,"deletedBy":null,"name":"Long Distance","typeCode":false,"productId":2,"product":{"id":0,"createdAt":"0001-01-01T00:00:00Z","updatedAt":"0001-01-01T00:00:00Z","deletedAt":null,"createdById":null,"createdBy":null,"updatedById":null,"updatedBy":null,"deletedById":null,"deletedBy":null,"name":"","netPrice":"0","vatRate":"0","wrapAfter":false,"hidden":false,"soldOut":false,"apiExport":false,"pos":0,"totalStock":0,"unitsSold":0,"soldOutRequestCount":0,"guestlists":null}},"name":"Maybell Ward","code":null,"additionalGuests":0,"attendedGuests":0,"arrivedAt":null,"arrivalNote":null,"notifyOnArrivalEmail":null,"purchaseId":null},{"id":9,"createdAt":"2025-05-15T22:43:46.967855+02:00","updatedAt":"2025-05-15T22:43:46.967855+02:00","deletedAt":null,"createdById":null,"createdBy":null,"updatedById":null,"updatedBy":null,"deletedById":null,"deletedBy":null,"guestlistId":2,"guestlist":{"id":2,"createdAt":"2025-05-15T22:43:46.967486+02:00","updatedAt":"2025-05-15T22:43:46.967486+02:00","deletedAt":null,"createdById":null,"createdBy":null,"updatedById":null,"updatedBy":null,"deletedById":null,"deletedBy":null,"name":"Long Distance","typeCode":false,"productId":2,"product":{"id":0,"createdAt":"0001-01-01T00:00:00Z","updatedAt":"0001-01-01T00:00:00Z","deletedAt":null,"createdById":null,"createdBy":null,"updatedById":null,"updatedBy":null,"deletedById":null,"deletedBy":null,"name":"","netPrice":"0","vatRate":"0","wrapAfter":false,"hidden":false,"soldOut":false,"apiExport":false,"pos":0,"totalStock":0,"unitsSold":0,"soldOutRequestCount":0,"guestlists":null}},"name":"Chanel McClure","code":null,"additionalGuests":0,"attendedGuests":0,"arrivedAt":null,"arrivalNote":null,"notifyOnArrivalEmail":null,"purchaseId":null},{"id":10,"createdAt":"2025-05-15T22:43:46.967885+02:00","updatedAt":"2025-05-15T22:43:46.967885+02:00","deletedAt":null,"createdById":null,"createdBy":null,"updatedById":null,"updatedBy":null,"deletedById":null,"deletedBy":null,"guestlistId":2,"guestlist":{"id":2,"createdAt":"2025-05-15T22:43:46.967486+02:00","updatedAt":"2025-05-15T22:43:46.967486+02:00","deletedAt":null,"createdById":null,"createdBy":null,"updatedById":null,"updatedBy":null,"deletedById":null,"deletedBy":null,"name":"Long Distance","typeCode":false,"productId":2,"product":{"id":0,"createdAt":"0001-01-01T00:00:00Z","updatedAt":"0001-01-01T00:00:00Z","deletedAt":null,"createdById":null,"createdBy":null,"updatedById":null,"updatedBy":null,"deletedById":null,"deletedBy":null,"name":"","netPrice":"0","vatRate":"0","wrapAfter":false,"hidden":false,"soldOut":false,"apiExport":false,"pos":0,"totalStock":0,"unitsSold":0,"soldOutRequestCount":0,"guestlists":null}},"name":"Aryanna Schulist","code":null,"additionalGuests":0,"attendedGuests":0,"arrivedAt":null,"arrivalNote":null,"notifyOnArrivalEmail":null,"purchaseId":null}]
    printer.go:116: GET /api/v2/guests?_sort=name HTTP/1.1
        Authorization: Bearer eyJhbGciOiJIUzI1NiIsInR5cCI6IkpXVCJ9.eyJJRCI6MiwiZXhwIjoxNzQ3MzQyNDM2LCJvcmlnX2lhdCI6MTc0NzM0MTgzNn0.8TtapoGD-aAJe0hNakkjEEieN8Ej5rQRh8khNSE3BWg
        
[GIN] 2025/05/15 - 22:43:56 | 200 |     250.417µs |                 | GET      "/api/v2/guests?_sort=name"
    printer.go:133: HTTP/0.0 200 OK 254.792µs
        Content-Type: application/json; charset=utf-8
        X-Total-Count: 277
        
        [{"id":99,"createdAt":"2025-05-15T22:43:46.971209+02:00","updatedAt":"2025-05-15T22:43:46.971209+02:00","deletedAt":null,"createdById":null,"createdBy":null,"updatedById":null,"updatedBy":null,"deletedById":null,"deletedBy":null,"guestlistId":13,"guestlist":{"id":13,"createdAt":"2025-05-15T22:43:46.97109+02:00","updatedAt":"2025-05-15T22:43:46.97109+02:00","deletedAt":null,"createdById":null,"createdBy":null,"updatedById":null,"updatedBy":null,"deletedById":null,"deletedBy":null,"name":"Guestlist Mekhi","typeCode":false,"productId":3,"product":{"id":0,"createdAt":"0001-01-01T00:00:00Z","updatedAt":"0001-01-01T00:00:00Z","deletedAt":null,"createdById":null,"createdBy":null,"updatedById":null,"updatedBy":null,"deletedById":null,"deletedBy":null,"name":"","netPrice":"0","vatRate":"0","wrapAfter":false,"hidden":false,"soldOut":false,"apiExport":false,"pos":0,"totalStock":0,"unitsSold":0,"soldOutRequestCount":0,"guestlists":null}},"name":"Abbigail Orn","code":null,"additionalGuests":0,"attendedGuests":0,"arrivedAt":null,"arrivalNote":null,"notifyOnArrivalEmail":null,"purchaseId":null},{"id":191,"createdAt":"2025-05-15T22:43:46.974737+02:00","updatedAt":"2025-05-15T22:43:46.974737+02:00","deletedAt":null,"createdById":null,"createdBy":null,"updatedById":null,"updatedBy":null,"deletedById":null,"deletedBy":null,"guestlistId":28,"guestlist":{"id":28,"createdAt":"2025-05-15T22:43:46.974619+02:00","updatedAt":"2025-05-15T22:43:46.974619+02:00","deletedAt":null,"createdById":null,"createdBy":null,"updatedById":null,"updatedBy":null,"deletedById":null,"deletedBy":null,"name":"Guestlist Marcos","typeCode":false,"productId":3,"product":{"id":0,"createdAt":"0001-01-01T00:00:00Z","updatedAt":"0001-01-01T00:00:00Z","deletedAt":null,"createdById":null,"createdBy":null,"updatedById":null,"updatedBy":null,"deletedById":null,"deletedBy":null,"name":"","netPrice":"0","vatRate":"0","wrapAfter":false,"hidden":false,"soldOut":false,"apiExport":false,"pos":0,"totalStock":0,"unitsSold":0,"soldOutRequestCount":0,"guestlists":null}},"name":"Abelardo Fahey","code":null,"additionalGuests":0,"attendedGuests":0,"arrivedAt":null,"arrivalNote":null,"notifyOnArrivalEmail":null,"purchaseId":null},{"id":163,"createdAt":"2025-05-15T22:43:46.973645+02:00","updatedAt":"2025-05-15T22:43:46.973645+02:00","deletedAt":null,"createdById":null,"createdBy":null,"updatedById":null,"updatedBy":null,"deletedById":null,"deletedBy":null,"guestlistId":22,"guestlist":{"id":22,"createdAt":"2025-05-15T22:43:46.973556+02:00","updatedAt":"2025-05-15T22:43:46.973556+02:00","deletedAt":null,"createdById":null,"createdBy":null,"updatedById":null,"updatedBy":null,"deletedById":null,"deletedBy":null,"name":"Guestlist Autumn","typeCode":false,"productId":3,"product":{"id":0,"createdAt":"0001-01-01T00:00:00Z","updatedAt":"0001-01-01T00:00:00Z","deletedAt":null,"createdById":null,"createdBy":null,"updatedById":null,"updatedBy":null,"deletedById":null,"deletedBy":null,"name":"","netPrice":"0","vatRate":"0","wrapAfter":false,"hidden":false,"soldOut":false,"apiExport":false,"pos":0,"totalStock":0,"unitsSold":0,"soldOutRequestCount":0,"guestlists":null}},"name":"Adele Goldner","code":null,"additionalGuests":0,"attendedGuests":1,"arrivedAt":"2001-05-03T19:21:24.500778083Z","arrivalNote":null,"notifyOnArrivalEmail":null,"purchaseId":null},{"id":21,"createdAt":"2025-05-15T22:43:46.968225+02:00","updatedAt":"2025-05-15T22:43:46.968225+02:00","deletedAt":null,"createdById":null,"createdBy":null,"updatedById":null,"updatedBy":null,"deletedById":null,"deletedBy":null,"guestlistId":3,"guestlist":{"id":3,"createdAt":"2025-05-15T22:43:46.967522+02:00","updatedAt":"2025-05-15T22:43:46.967522+02:00","deletedAt":null,"createdById":null,"createdBy":null,"updatedById":null,"updatedBy":null,"deletedById":null,"deletedBy":null,"name":"Deine Tickets","typeCode":true,"productId":4,"product":{"id":0,"createdAt":"0001-01-01T00:00:00Z","updatedAt":"0001-01-01T00:00:00Z","deletedAt":null,"createdById":null,"createdBy":null,"updatedById":null,"updatedBy":null,"deletedById":null,"deletedBy":null,"name":"","netPrice":"0","vatRate":"0","wrapAfter":false,"hidden":false,"soldOut":false,"apiExport":false,"pos":0,"totalStock":0,"unitsSold":0,"soldOutRequestCount":0,"guestlists":null}},"name":"Aditya Dickinson","code":"2EI4FJB3A","additionalGuests":0,"attendedGuests":0,"arrivedAt":null,"arrivalNote":null,"notifyOnArrivalEmail":null,"purchaseId":null},{"id":137,"createdAt":"2025-05-15T22:43:46.972803+02:00","updatedAt":"2025-05-15T22:43:46.972803+02:00","deletedAt":null,"createdById":null,"createdBy":null,"updatedById":null,"updatedBy":null,"deletedById":null,"deletedBy":null,"guestlistId":18,"guestlist":{"id":18,"createdAt":"2025-05-15T22:43:46.972573+02:00","updatedAt":"2025-05-15T22:43:46.972573+02:00","deletedAt":null,"createdById":null,"createdBy":null,"updatedById":null,"updatedBy":null,"deletedById":null,"deletedBy":null,"name":"Guestlist Kirk","typeCode":false,"productId":3,"product":{"id":0,"createdAt":"0001-01-01T00:00:00Z","updatedAt":"0001-01-01T00:00:00Z","deletedAt":null,"createdById":null,"createdBy":null,"updatedById":null,"updatedBy":null,"deletedById":null,"deletedBy":null,"name":"","netPrice":"0","vatRate":"0","wrapAfter":false,"hidden":false,"soldOut":false,"apiExport":false,"pos":0,"totalStock":0,"unitsSold":0,"soldOutRequestCount":0,"guestlists":null}},"name":"Adolphus Green","code":null,"additionalGuests":1,"attendedGuests":1,"arrivedAt":"1966-09-04T11:28:23.891349047Z","arrivalNote":null,"notifyOnArrivalEmail":null,"purchaseId":null},{"id":252,"createdAt":"2025-05-15T22:43:46.977152+02:00","updatedAt":"2025-05-15T22:43:46.977152+02:00","deletedAt":null,"createdById":null,"createdBy":null,"updatedById":null,"updatedBy":null,"deletedById":null,"deletedBy":null,"guestlistId":37,"guestlist":{"id":37,"createdAt":"2025-05-15T22:43:46.977099+02:00","updatedAt":"2025-05-15T22:43:46.977099+02:00","deletedAt":null,"createdById":null,"createdBy":null,"updatedById":null,"updatedBy":null,"deletedById":null,"deletedBy":null,"name":"Guestlist Reuben","typeCode":false,"productId":3,"product":{"id":0,"createdAt":"0001-01-01T00:00:00Z","updatedAt":"0001-01-01T00:00:00Z","deletedAt":null,"createdById":null,"createdBy":null,"updatedById":null,"updatedBy":null,"deletedById":null,"deletedBy":null,"name":"","netPrice":"0","vatRate":"0","wrapAfter":false,"hidden":false,"soldOut":false,"apiExport":false,"pos":0,"totalStock":0,"unitsSold":0,"soldOutRequestCount":0,"guestlists":null}},"name":"Adrienne Gleichner","code":null,"additionalGuests":0,"attendedGuests":0,"arrivedAt":null,"arrivalNote":null,"notifyOnArrivalEmail":null,"purchaseId":null},{"id":11,"createdAt":"2025-05-15T22:43:46.967917+02:00","updatedAt":"2025-05-15T22:43:46.967917+02:00","deletedAt":null,"createdById":null,"createdBy":null,"updatedById":null,"updatedBy":null,"deletedById":null,"deletedBy":null,"guestlistId":2,"guestlist":{"id":2,"createdAt":"2025-05-15T22:43:46.967486+02:00","updatedAt":"2025-05-15T22:43:46.967486+02:00","deletedAt":null,"createdById":null,"createdBy":null,"updatedById":null,"updatedBy":null,"deletedById":null,"deletedBy":null,"name":"Long Distance","typeCode":false,"productId":2,"product":{"id":0,"createdAt":"0001-01-01T00:00:00Z","updatedAt":"0001-01-01T00:00:00Z","deletedAt":null,"createdById":null,"createdBy":null,"updatedById":null,"updatedBy":null,"deletedById":null,"deletedBy":null,"name":"","netPrice":"0","vatRate":"0","wrapAfter":false,"hidden":false,"soldOut":false,"apiExport":false,"pos":0,"totalStock":0,"unitsSold":0,"soldOutRequestCount":0,"guestlists":null}},"name":"Alba Bogan","code":null,"additionalGuests":0,"attendedGuests":0,"arrivedAt":null,"arrivalNote":null,"notifyOnArrivalEmail":null,"purchaseId":null},{"id":231,"createdAt":"2025-05-15T22:43:46.97616+02:00","updatedAt":"2025-05-15T22:43:46.97616+02:00","deletedAt":null,"createdById":null,"createdBy":null,"updatedById":null,"updatedBy":null,"deletedById":null,"deletedBy":null,"guestlistId":35,"guestlist":{"id":35,"createdAt":"2025-05-15T22:43:46.975921+02:00","updatedAt":"2025-05-15T22:43:46.975921+02:00","deletedAt":null,"createdById":null,"createdBy":null,"updatedById":null,"updatedBy":null,"deletedById":null,"deletedBy":null,"name":"Guestlist Berry","typeCode":false,"productId":3,"product":{"id":0,"createdAt":"0001-01-01T00:00:00Z","updatedAt":"0001-01-01T00:00:00Z","deletedAt":null,"createdById":null,"createdBy":null,"updatedById":null,"updatedBy":null,"deletedById":null,"deletedBy":null,"name":"","netPrice":"0","vatRate":"0","wrapAfter":false,"hidden":false,"soldOut":false,"apiExport":false,"pos":0,"totalStock":0,"unitsSold":0,"soldOutRequestCount":0,"guestlists":null}},"name":"Alexis Kautzer","code":null,"additionalGuests":2,"attendedGuests":0,"arrivedAt":null,"arrivalNote":null,"notifyOnArrivalEmail":null,"purchaseId":null},{"id":136,"createdAt":"2025-05-15T22:43:46.972774+02:00","updatedAt":"2025-05-15T22:43:46.972774+02:00","deletedAt":null,"createdById":null,"createdBy":null,"updatedById":null,"updatedBy":null,"deletedById":null,"deletedBy":null,"guestlistId":18,"guestlist":{"id":18,"createdAt":"2025-05-15T22:43:46.972573+02:00","updatedAt":"2025-05-15T22:43:46.972573+02:00","deletedAt":null,"createdById":null,"createdBy":null,"updatedById":null,"updatedBy":null,"deletedById":null,"deletedBy":null,"name":"Guestlist Kirk","typeCode":false,"productId":3,"product":{"id":0,"createdAt":"0001-01-01T00:00:00Z","updatedAt":"0001-01-01T00:00:00Z","deletedAt":null,"createdById":null,"createdBy":null,"updatedById":null,"updatedBy":null,"deletedById":null,"deletedBy":null,"name":"","netPrice":"0","vatRate":"0","wrapAfter":false,"hidden":false,"soldOut":false,"apiExport":false,"pos":0,"totalStock":0,"unitsSold":0,"soldOutRequestCount":0,"guestlists":null}},"name":"Alfredo Rosenbaum","code":null,"additionalGuests":2,"attendedGuests":0,"arrivedAt":null,"arrivalNote":null,"notifyOnArrivalEmail":null,"purchaseId":null},{"id":77,"createdAt":"2025-05-15T22:43:46.970289+02:00","updatedAt":"2025-05-15T22:43:46.970289+02:00","deletedAt":null,"createdById":null,"createdBy":null,"updatedById":null,"updatedBy":null,"deletedById":null,"deletedBy":null,"guestlistId":9,"guestlist":{"id":9,"createdAt":"2025-05-15T22:43:46.97001+02:00","updatedAt":"2025-05-15T22:43:46.97001+02:00","deletedAt":null,"createdById":null,"createdBy":null,"updatedById":null,"updatedBy":null,"deletedById":null,"deletedBy":null,"name":"Guestlist Gudrun","typeCode":false,"productId":3,"product":{"id":0,"createdAt":"0001-01-01T00:00:00Z","updatedAt":"0001-01-01T00:00:00Z","deletedAt":null,"createdById":null,"createdBy":null,"updatedById":null,"updatedBy":null,"deletedById":null,"deletedBy":null,"name":"","netPrice":"0","vatRate":"0","wrapAfter":false,"hidden":false,"soldOut":false,"apiExport":false,"pos":0,"totalStock":0,"unitsSold":0,"soldOutRequestCount":0,"guestlists":null}},"name":"Alison Hodkiewicz","code":null,"additionalGuests":1,"attendedGuests":1,"arrivedAt":"1934-05-14T17:09:37.738049627Z","arrivalNote":null,"notifyOnArrivalEmail":null,"purchaseId":null}]
    printer.go:116: GET /api/v2/guests?_sort=guestlist.name HTTP/1.1
        Authorization: Bearer eyJhbGciOiJIUzI1NiIsInR5cCI6IkpXVCJ9.eyJJRCI6MiwiZXhwIjoxNzQ3MzQyNDM2LCJvcmlnX2lhdCI6MTc0NzM0MTgzNn0.8TtapoGD-aAJe0hNakkjEEieN8Ej5rQRh8khNSE3BWg
        
[GIN] 2025/05/15 - 22:43:56 | 200 |     227.167µs |                 | GET      "/api/v2/guests?_sort=guestlist.name"
    printer.go:133: HTTP/0.0 200 OK 231.917µs
        Content-Type: application/json; charset=utf-8
        X-Total-Count: 277
        
        [{"id":19,"createdAt":"2025-05-15T22:43:46.968167+02:00","updatedAt":"2025-05-15T22:43:46.968167+02:00","deletedAt":null,"createdById":null,"createdBy":null,"updatedById":null,"updatedBy":null,"deletedById":null,"deletedBy":null,"guestlistId":3,"guestlist":{"id":3,"createdAt":"2025-05-15T22:43:46.967522+02:00","updatedAt":"2025-05-15T22:43:46.967522+02:00","deletedAt":null,"createdById":null,"createdBy":null,"updatedById":null,"updatedBy":null,"deletedById":null,"deletedBy":null,"name":"Deine Tickets","typeCode":true,"productId":4,"product":{"id":0,"createdAt":"0001-01-01T00:00:00Z","updatedAt":"0001-01-01T00:00:00Z","deletedAt":null,"createdById":null,"createdBy":null,"updatedById":null,"updatedBy":null,"deletedById":null,"deletedBy":null,"name":"","netPrice":"0","vatRate":"0","wrapAfter":false,"hidden":false,"soldOut":false,"apiExport":false,"pos":0,"totalStock":0,"unitsSold":0,"soldOutRequestCount":0,"guestlists":null}},"name":"Carmine Welch","code":"56DF2WCEK","additionalGuests":0,"attendedGuests":0,"arrivedAt":null,"arrivalNote":null,"notifyOnArrivalEmail":null,"purchaseId":null},{"id":20,"createdAt":"2025-05-15T22:43:46.968196+02:00","updatedAt":"2025-05-15T22:43:46.968196+02:00","deletedAt":null,"createdById":null,"createdBy":null,"updatedById":null,"updatedBy":null,"deletedById":null,"deletedBy":null,"guestlistId":3,"guestlist":{"id":3,"createdAt":"2025-05-15T22:43:46.967522+02:00","updatedAt":"2025-05-15T22:43:46.967522+02:00","deletedAt":null,"createdById":null,"createdBy":null,"updatedById":null,"updatedBy":null,"deletedById":null,"deletedBy":null,"name":"Deine Tickets","typeCode":true,"productId":4,"product":{"id":0,"createdAt":"0001-01-01T00:00:00Z","updatedAt":"0001-01-01T00:00:00Z","deletedAt":null,"createdById":null,"createdBy":null,"updatedById":null,"updatedBy":null,"deletedById":null,"deletedBy":null,"name":"","netPrice":"0","vatRate":"0","wrapAfter":false,"hidden":false,"soldOut":false,"apiExport":false,"pos":0,"totalStock":0,"unitsSold":0,"soldOutRequestCount":0,"guestlists":null}},"name":"Candido Trantow","code":"5H9OURING","additionalGuests":0,"attendedGuests":0,"arrivedAt":null,"arrivalNote":null,"notifyOnArrivalEmail":null,"purchaseId":null},{"id":21,"createdAt":"2025-05-15T22:43:46.968225+02:00","updatedAt":"2025-05-15T22:43:46.968225+02:00","deletedAt":null,"createdById":null,"createdBy":null,"updatedById":null,"updatedBy":null,"deletedById":null,"deletedBy":null,"guestlistId":3,"guestlist":{"id":3,"createdAt":"2025-05-15T22:43:46.967522+02:00","updatedAt":"2025-05-15T22:43:46.967522+02:00","deletedAt":null,"createdById":null,"createdBy":null,"updatedById":null,"updatedBy":null,"deletedById":null,"deletedBy":null,"name":"Deine Tickets","typeCode":true,"productId":4,"product":{"id":0,"createdAt":"0001-01-01T00:00:00Z","updatedAt":"0001-01-01T00:00:00Z","deletedAt":null,"createdById":null,"createdBy":null,"updatedById":null,"updatedBy":null,"deletedById":null,"deletedBy":null,"name":"","netPrice":"0","vatRate":"0","wrapAfter":false,"hidden":false,"soldOut":false,"apiExport":false,"pos":0,"totalStock":0,"unitsSold":0,"soldOutRequestCount":0,"guestlists":null}},"name":"Aditya Dickinson","code":"2EI4FJB3A","additionalGuests":0,"attendedGuests":0,"arrivedAt":null,"arrivalNote":null,"notifyOnArrivalEmail":null,"purchaseId":null},{"id":22,"createdAt":"2025-05-15T22:43:46.968257+02:00","updatedAt":"2025-05-15T22:43:46.968257+02:00","deletedAt":null,"createdById":null,"createdBy":null,"updatedById":null,"updatedBy":null,"deletedById":null,"deletedBy":null,"guestlistId":3,"guestlist":{"id":3,"createdAt":"2025-05-15T22:43:46.967522+02:00","updatedAt":"2025-05-15T22:43:46.967522+02:00","deletedAt":null,"createdById":null,"createdBy":null,"updatedById":null,"updatedBy":null,"deletedById":null,"deletedBy":null,"name":"Deine Tickets","typeCode":true,"productId":4,"product":{"id":0,"createdAt":"0001-01-01T00:00:00Z","updatedAt":"0001-01-01T00:00:00Z","deletedAt":null,"createdById":null,"createdBy":null,"updatedById":null,"updatedBy":null,"deletedById":null,"deletedBy":null,"name":"","netPrice":"0","vatRate":"0","wrapAfter":false,"hidden":false,"soldOut":false,"apiExport":false,"pos":0,"totalStock":0,"unitsSold":0,"soldOutRequestCount":0,"guestlists":null}},"name":"Orpha Pollich","code":"MT8EODR39","additionalGuests":0,"attendedGuests":0,"arrivedAt":null,"arrivalNote":null,"notifyOnArrivalEmail":null,"purchaseId":null},{"id":23,"createdAt":"2025-05-15T22:43:46.968286+02:00","updatedAt":"2025-05-15T22:43:46.968286+02:00","deletedAt":null,"createdById":null,"createdBy":null,"updatedById":null,"updatedBy":null,"deletedById":null,"deletedBy":null,"guestlistId":3,"guestlist":{"id":3,"createdAt":"2025-05-15T22:43:46.967522+02:00","updatedAt":"2025-05-15T22:43:46.967522+02:00","deletedAt":null,"createdById":null,"createdBy":null,"updatedById":null,"updatedBy":null,"deletedById":null,"deletedBy":null,"name":"Deine Tickets","typeCode":true,"productId":4,"product":{"id":0,"createdAt":"0001-01-01T00:00:00Z","updatedAt":"0001-01-01T00:00:00Z","deletedAt":null,"createdById":null,"createdBy":null,"updatedById":null,"updatedBy":null,"deletedById":null,"deletedBy":null,"name":"","netPrice":"0","vatRate":"0","wrapAfter":false,"hidden":false,"soldOut":false,"apiExport":false,"pos":0,"totalStock":0,"unitsSold":0,"soldOutRequestCount":0,"guestlists":null}},"name":"Sabrina Macejkovic","code":"NDK7QVJ2K","additionalGuests":0,"attendedGuests":0,"arrivedAt":null,"arrivalNote":null,"notifyOnArrivalEmail":null,"purchaseId":null},{"id":24,"createdAt":"2025-05-15T22:43:46.968326+02:00","updatedAt":"2025-05-15T22:43:46.968326+02:00","deletedAt":null,"createdById":null,"createdBy":null,"updatedById":null,"updatedBy":null,"deletedById":null,"deletedBy":null,"guestlistId":3,"guestlist":{"id":3,"createdAt":"2025-05-15T22:43:46.967522+02:00","updatedAt":"2025-05-15T22:43:46.967522+02:00","deletedAt":null,"createdById":null,"createdBy":null,"updatedById":null,"updatedBy":null,"deletedById":null,"deletedBy":null,"name":"Deine Tickets","typeCode":true,"productId":4,"product":{"id":0,"createdAt":"0001-01-01T00:00:00Z","updatedAt":"0001-01-01T00:00:00Z","deletedAt":null,"createdById":null,"createdBy":null,"updatedById":null,"updatedBy":null,"deletedById":null,"deletedBy":null,"name":"","netPrice":"0","vatRate":"0","wrapAfter":false,"hidden":false,"soldOut":false,"apiExport":false,"pos":0,"totalStock":0,"unitsSold":0,"soldOutRequestCount":0,"guestlists":null}},"name":"Felipa Predovic","code":"M1WT44W23","additionalGuests":0,"attendedGuests":0,"arrivedAt":null,"arrivalNote":null,"notifyOnArrivalEmail":null,"purchaseId":null},{"id":25,"createdAt":"2025-05-15T22:43:46.968367+02:00","updatedAt":"2025-05-15T22:43:46.968367+02:00","deletedAt":null,"createdById":null,"createdBy":null,"updatedById":null,"updatedBy":null,"deletedById":null,"deletedBy":null,"guestlistId":3,"guestlist":{"id":3,"createdAt":"2025-05-15T22:43:46.967522+02:00","updatedAt":"2025-05-15T22:43:46.967522+02:00","deletedAt":null,"createdById":null,"createdBy":null,"updatedById":null,"updatedBy":null,"deletedById":null,"deletedBy":null,"name":"Deine Tickets","typeCode":true,"productId":4,"product":{"id":0,"createdAt":"0001-01-01T00:00:00Z","updatedAt":"0001-01-01T00:00:00Z","deletedAt":null,"createdById":null,"createdBy":null,"updatedById":null,"updatedBy":null,"deletedById":null,"deletedBy":null,"name":"","netPrice":"0","vatRate":"0","wrapAfter":false,"hidden":false,"soldOut":false,"apiExport":false,"pos":0,"totalStock":0,"unitsSold":0,"soldOutRequestCount":0,"guestlists":null}},"name":"Thora Ratke","code":"V77CL9KOX","additionalGuests":0,"attendedGuests":0,"arrivedAt":null,"arrivalNote":null,"notifyOnArrivalEmail":null,"purchaseId":null},{"id":26,"createdAt":"2025-05-15T22:43:46.968396+02:00","updatedAt":"2025-05-15T22:43:46.968396+02:00","deletedAt":null,"createdById":null,"createdBy":null,"updatedById":null,"updatedBy":null,"deletedById":null,"deletedBy":null,"guestlistId":3,"guestlist":{"id":3,"createdAt":"2025-05-15T22:43:46.967522+02:00","updatedAt":"2025-05-15T22:43:46.967522+02:00","deletedAt":null,"createdById":null,"createdBy":null,"updatedById":null,"updatedBy":null,"deletedById":null,"deletedBy":null,"name":"Deine Tickets","typeCode":true,"productId":4,"product":{"id":0,"createdAt":"0001-01-01T00:00:00Z","updatedAt":"0001-01-01T00:00:00Z","deletedAt":null,"createdById":null,"createdBy":null,"updatedById":null,"updatedBy":null,"deletedById":null,"deletedBy":null,"name":"","netPrice":"0","vatRate":"0","wrapAfter":false,"hidden":false,"soldOut":false,"apiExport":false,"pos":0,"totalStock":0,"unitsSold":0,"soldOutRequestCount":0,"guestlists":null}},"name":"Rachael Gulgowski","code":"ILXPLOML0","additionalGuests":0,"attendedGuests":0,"arrivedAt":null,"arrivalNote":null,"notifyOnArrivalEmail":null,"purchaseId":null},{"id":27,"createdAt":"2025-05-15T22:43:46.968429+02:00","updatedAt":"2025-05-15T22:43:46.968429+02:00","deletedAt":null,"createdById":null,"createdBy":null,"updatedById":null,"updatedBy":null,"deletedById":null,"deletedBy":null,"guestlistId":3,"guestlist":{"id":3,"createdAt":"2025-05-15T22:43:46.967522+02:00","updatedAt":"2025-05-15T22:43:46.967522+02:00","deletedAt":null,"createdById":null,"createdBy":null,"updatedById":null,"updatedBy":null,"deletedById":null,"deletedBy":null,"name":"Deine Tickets","typeCode":true,"productId":4,"product":{"id":0,"createdAt":"0001-01-01T00:00:00Z","updatedAt":"0001-01-01T00:00:00Z","deletedAt":null,"createdById":null,"createdBy":null,"updatedById":null,"updatedBy":null,"deletedById":null,"deletedBy":null,"name":"","netPrice":"0","vatRate":"0","wrapAfter":false,"hidden":false,"soldOut":false,"apiExport":false,"pos":0,"totalStock":0,"unitsSold":0,"soldOutRequestCount":0,"guestlists":null}},"name":"Vincent Luettgen","code":"D98U5JK07","additionalGuests":0,"attendedGuests":0,"arrivedAt":null,"arrivalNote":null,"notifyOnArrivalEmail":null,"purchaseId":null},{"id":28,"createdAt":"2025-05-15T22:43:46.968462+02:00","updatedAt":"2025-05-15T22:43:46.968462+02:00","deletedAt":null,"createdById":null,"createdBy":null,"updatedById":null,"updatedBy":null,"deletedById":null,"deletedBy":null,"guestlistId":3,"guestlist":{"id":3,"createdAt":"2025-05-15T22:43:46.967522+02:00","updatedAt":"2025-05-15T22:43:46.967522+02:00","deletedAt":null,"createdById":null,"createdBy":null,"updatedById":null,"updatedBy":null,"deletedById":null,"deletedBy":null,"name":"Deine Tickets","typeCode":true,"productId":4,"product":{"id":0,"createdAt":"0001-01-01T00:00:00Z","updatedAt":"0001-01-01T00:00:00Z","deletedAt":null,"createdById":null,"createdBy":null,"updatedById":null,"updatedBy":null,"deletedById":null,"deletedBy":null,"name":"","netPrice":"0","vatRate":"0","wrapAfter":false,"hidden":false,"soldOut":false,"apiExport":false,"pos":0,"totalStock":0,"unitsSold":0,"soldOutRequestCount":0,"guestlists":null}},"name":"Ernestine Emard","code":"37SPZZYLZ","additionalGuests":0,"attendedGuests":0,"arrivedAt":null,"arrivalNote":null,"notifyOnArrivalEmail":null,"purchaseId":null}]
    printer.go:116: GET /api/v2/guests?_sort=arrivedAt HTTP/1.1
        Authorization: Bearer eyJhbGciOiJIUzI1NiIsInR5cCI6IkpXVCJ9.eyJJRCI6MiwiZXhwIjoxNzQ3MzQyNDM2LCJvcmlnX2lhdCI6MTc0NzM0MTgzNn0.8TtapoGD-aAJe0hNakkjEEieN8Ej5rQRh8khNSE3BWg
        
[GIN] 2025/05/15 - 22:43:56 | 200 |      192.25µs |                 | GET      "/api/v2/guests?_sort=arrivedAt"
    printer.go:133: HTTP/0.0 200 OK 196.166µs
        Content-Type: application/json; charset=utf-8
        X-Total-Count: 277
        
        [{"id":1,"createdAt":"2025-05-15T22:43:46.967566+02:00","updatedAt":"2025-05-15T22:43:46.967566+02:00","deletedAt":null,"createdById":null,"createdBy":null,"updatedById":null,"updatedBy":null,"deletedById":null,"deletedBy":null,"guestlistId":1,"guestlist":{"id":1,"createdAt":"2025-05-15T22:43:46.967452+02:00","updatedAt":"2025-05-15T22:43:46.967452+02:00","deletedAt":null,"createdById":null,"createdBy":null,"updatedById":null,"updatedBy":null,"deletedById":null,"deletedBy":null,"name":"Reduces Digitale Kultur","typeCode":false,"productId":2,"product":{"id":0,"createdAt":"0001-01-01T00:00:00Z","updatedAt":"0001-01-01T00:00:00Z","deletedAt":null,"createdById":null,"createdBy":null,"updatedById":null,"updatedBy":null,"deletedById":null,"deletedBy":null,"name":"","netPrice":"0","vatRate":"0","wrapAfter":false,"hidden":false,"soldOut":false,"apiExport":false,"pos":0,"totalStock":0,"unitsSold":0,"soldOutRequestCount":0,"guestlists":null}},"name":"Winona Hegmann","code":null,"additionalGuests":0,"attendedGuests":0,"arrivedAt":null,"arrivalNote":null,"notifyOnArrivalEmail":null,"purchaseId":null},{"id":2,"createdAt":"2025-05-15T22:43:46.967613+02:00","updatedAt":"2025-05-15T22:43:46.967613+02:00","deletedAt":null,"createdById":null,"createdBy":null,"updatedById":null,"updatedBy":null,"deletedById":null,"deletedBy":null,"guestlistId":1,"guestlist":{"id":1,"createdAt":"2025-05-15T22:43:46.967452+02:00","updatedAt":"2025-05-15T22:43:46.967452+02:00","deletedAt":null,"createdById":null,"createdBy":null,"updatedById":null,"updatedBy":null,"deletedById":null,"deletedBy":null,"name":"Reduces Digitale Kultur","typeCode":false,"productId":2,"product":{"id":0,"createdAt":"0001-01-01T00:00:00Z","updatedAt":"0001-01-01T00:00:00Z","deletedAt":null,"createdById":null,"createdBy":null,"updatedById":null,"updatedBy":null,"deletedById":null,"deletedBy":null,"name":"","netPrice":"0","vatRate":"0","wrapAfter":false,"hidden":false,"soldOut":false,"apiExport":false,"pos":0,"totalStock":0,"unitsSold":0,"soldOutRequestCount":0,"guestlists":null}},"name":"Hosea Adams","code":null,"additionalGuests":0,"attendedGuests":0,"arrivedAt":null,"arrivalNote":null,"notifyOnArrivalEmail":null,"purchaseId":null},{"id":3,"createdAt":"2025-05-15T22:43:46.967651+02:00","updatedAt":"2025-05-15T22:43:46.967651+02:00","deletedAt":null,"createdById":null,"createdBy":null,"updatedById":null,"updatedBy":null,"deletedById":null,"deletedBy":null,"guestlistId":1,"guestlist":{"id":1,"createdAt":"2025-05-15T22:43:46.967452+02:00","updatedAt":"2025-05-15T22:43:46.967452+02:00","deletedAt":null,"createdById":null,"createdBy":null,"updatedById":null,"updatedBy":null,"deletedById":null,"deletedBy":null,"name":"Reduces Digitale Kultur","typeCode":false,"productId":2,"product":{"id":0,"createdAt":"0001-01-01T00:00:00Z","updatedAt":"0001-01-01T00:00:00Z","deletedAt":null,"createdById":null,"createdBy":null,"updatedById":null,"updatedBy":null,"deletedById":null,"deletedBy":null,"name":"","netPrice":"0","vatRate":"0","wrapAfter":false,"hidden":false,"soldOut":false,"apiExport":false,"pos":0,"totalStock":0,"unitsSold":0,"soldOutRequestCount":0,"guestlists":null}},"name":"Ruth Casper","code":null,"additionalGuests":0,"attendedGuests":0,"arrivedAt":null,"arrivalNote":null,"notifyOnArrivalEmail":null,"purchaseId":null},{"id":4,"createdAt":"2025-05-15T22:43:46.967682+02:00","updatedAt":"2025-05-15T22:43:46.967682+02:00","deletedAt":null,"createdById":null,"createdBy":null,"updatedById":null,"updatedBy":null,"deletedById":null,"deletedBy":null,"guestlistId":1,"guestlist":{"id":1,"createdAt":"2025-05-15T22:43:46.967452+02:00","updatedAt":"2025-05-15T22:43:46.967452+02:00","deletedAt":null,"createdById":null,"createdBy":null,"updatedById":null,"updatedBy":null,"deletedById":null,"deletedBy":null,"name":"Reduces Digitale Kultur","typeCode":false,"productId":2,"product":{"id":0,"createdAt":"0001-01-01T00:00:00Z","updatedAt":"0001-01-01T00:00:00Z","deletedAt":null,"createdById":null,"createdBy":null,"updatedById":null,"updatedBy":null,"deletedById":null,"deletedBy":null,"name":"","netPrice":"0","vatRate":"0","wrapAfter":false,"hidden":false,"soldOut":false,"apiExport":false,"pos":0,"totalStock":0,"unitsSold":0,"soldOutRequestCount":0,"guestlists":null}},"name":"Carley Hermann","code":null,"additionalGuests":0,"attendedGuests":0,"arrivedAt":null,"arrivalNote":null,"notifyOnArrivalEmail":null,"purchaseId":null},{"id":5,"createdAt":"2025-05-15T22:43:46.96771+02:00","updatedAt":"2025-05-15T22:43:46.96771+02:00","deletedAt":null,"createdById":null,"createdBy":null,"updatedById":null,"updatedBy":null,"deletedById":null,"deletedBy":null,"guestlistId":2,"guestlist":{"id":2,"createdAt":"2025-05-15T22:43:46.967486+02:00","updatedAt":"2025-05-15T22:43:46.967486+02:00","deletedAt":null,"createdById":null,"createdBy":null,"updatedById":null,"updatedBy":null,"deletedById":null,"deletedBy":null,"name":"Long Distance","typeCode":false,"productId":2,"product":{"id":0,"createdAt":"0001-01-01T00:00:00Z","updatedAt":"0001-01-01T00:00:00Z","deletedAt":null,"createdById":null,"createdBy":null,"updatedById":null,"updatedBy":null,"deletedById":null,"deletedBy":null,"name":"","netPrice":"0","vatRate":"0","wrapAfter":false,"hidden":false,"soldOut":false,"apiExport":false,"pos":0,"totalStock":0,"unitsSold":0,"soldOutRequestCount":0,"guestlists":null}},"name":"Demetrius Goodwin","code":null,"additionalGuests":0,"attendedGuests":0,"arrivedAt":null,"arrivalNote":null,"notifyOnArrivalEmail":null,"purchaseId":null},{"id":6,"createdAt":"2025-05-15T22:43:46.967745+02:00","updatedAt":"2025-05-15T22:43:46.967745+02:00","deletedAt":null,"createdById":null,"createdBy":null,"updatedById":null,"updatedBy":null,"deletedById":null,"deletedBy":null,"guestlistId":2,"guestlist":{"id":2,"createdAt":"2025-05-15T22:43:46.967486+02:00","updatedAt":"2025-05-15T22:43:46.967486+02:00","deletedAt":null,"createdById":null,"createdBy":null,"updatedById":null,"updatedBy":null,"deletedById":null,"deletedBy":null,"name":"Long Distance","typeCode":false,"productId":2,"product":{"id":0,"createdAt":"0001-01-01T00:00:00Z","updatedAt":"0001-01-01T00:00:00Z","deletedAt":null,"createdById":null,"createdBy":null,"updatedById":null,"updatedBy":null,"deletedById":null,"deletedBy":null,"name":"","netPrice":"0","vatRate":"0","wrapAfter":false,"hidden":false,"soldOut":false,"apiExport":false,"pos":0,"totalStock":0,"unitsSold":0,"soldOutRequestCount":0,"guestlists":null}},"name":"Lazaro Ruecker","code":null,"additionalGuests":0,"attendedGuests":0,"arrivedAt":null,"arrivalNote":null,"notifyOnArrivalEmail":null,"purchaseId":null},{"id":7,"createdAt":"2025-05-15T22:43:46.96778+02:00","updatedAt":"2025-05-15T22:43:46.96778+02:00","deletedAt":null,"createdById":null,"createdBy":null,"updatedById":null,"updatedBy":null,"deletedById":null,"deletedBy":null,"guestlistId":2,"guestlist":{"id":2,"createdAt":"2025-05-15T22:43:46.967486+02:00","updatedAt":"2025-05-15T22:43:46.967486+02:00","deletedAt":null,"createdById":null,"createdBy":null,"updatedById":null,"updatedBy":null,"deletedById":null,"deletedBy":null,"name":"Long Distance","typeCode":false,"productId":2,"product":{"id":0,"createdAt":"0001-01-01T00:00:00Z","updatedAt":"0001-01-01T00:00:00Z","deletedAt":null,"createdById":null,"createdBy":null,"updatedById":null,"updatedBy":null,"deletedById":null,"deletedBy":null,"name":"","netPrice":"0","vatRate":"0","wrapAfter":false,"hidden":false,"soldOut":false,"apiExport":false,"pos":0,"totalStock":0,"unitsSold":0,"soldOutRequestCount":0,"guestlists":null}},"name":"Brown Hegmann","code":null,"additionalGuests":0,"attendedGuests":0,"arrivedAt":null,"arrivalNote":null,"notifyOnArrivalEmail":null,"purchaseId":null},{"id":8,"createdAt":"2025-05-15T22:43:46.967822+02:00","updatedAt":"2025-05-15T22:43:46.967822+02:00","deletedAt":null,"createdById":null,"createdBy":null,"updatedById":null,"updatedBy":null,"deletedById":null,"deletedBy":null,"guestlistId":2,"guestlist":{"id":2,"createdAt":"2025-05-15T22:43:46.967486+02:00","updatedAt":"2025-05-15T22:43:46.967486+02:00","deletedAt":null,"createdById":null,"createdBy":null,"updatedById":null,"updatedBy":null,"deletedById":null,"deletedBy":null,"name":"Long Distance","typeCode":false,"productId":2,"product":{"id":0,"createdAt":"0001-01-01T00:00:00Z","updatedAt":"0001-01-01T00:00:00Z","deletedAt":null,"createdById":null,"createdBy":null,"updatedById":null,"updatedBy":null,"deletedById":null,"deletedBy":null,"name":"","netPrice":"0","vatRate":"0","wrapAfter":false,"hidden":false,"soldOut":false,"apiExport":false,"pos":0,"totalStock":0,"unitsSold":0,"soldOutRequestCount":0,"guestlists":null}},"name":"Maybell Ward","code":null,"additionalGuests":0,"attendedGuests":0,"arrivedAt":null,"arrivalNote":null,"notifyOnArrivalEmail":null,"purchaseId":null},{"id":9,"createdAt":"2025-05-15T22:43:46.967855+02:00","updatedAt":"2025-05-15T22:43:46.967855+02:00","deletedAt":null,"createdById":null,"createdBy":null,"updatedById":null,"updatedBy":null,"deletedById":null,"deletedBy":null,"guestlistId":2,"guestlist":{"id":2,"createdAt":"2025-05-15T22:43:46.967486+02:00","updatedAt":"2025-05-15T22:43:46.967486+02:00","deletedAt":null,"createdById":null,"createdBy":null,"updatedById":null,"updatedBy":null,"deletedById":null,"deletedBy":null,"name":"Long Distance","typeCode":false,"productId":2,"product":{"id":0,"createdAt":"0001-01-01T00:00:00Z","updatedAt":"0001-01-01T00:00:00Z","deletedAt":null,"createdById":null,"createdBy":null,"updatedById":null,"updatedBy":null,"deletedById":null,"deletedBy":null,"name":"","netPrice":"0","vatRate":"0","wrapAfter":false,"hidden":false,"soldOut":false,"apiExport":false,"pos":0,"totalStock":0,"unitsSold":0,"soldOutRequestCount":0,"guestlists":null}},"name":"Chanel McClure","code":null,"additionalGuests":0,"attendedGuests":0,"arrivedAt":null,"arrivalNote":null,"notifyOnArrivalEmail":null,"purchaseId":null},{"id":10,"createdAt":"2025-05-15T22:43:46.967885+02:00","updatedAt":"2025-05-15T22:43:46.967885+02:00","deletedAt":null,"createdById":null,"createdBy":null,"updatedById":null,"updatedBy":null,"deletedById":null,"deletedBy":null,"guestlistId":2,"guestlist":{"id":2,"createdAt":"2025-05-15T22:43:46.967486+02:00","updatedAt":"2025-05-15T22:43:46.967486+02:00","deletedAt":null,"createdById":null,"createdBy":null,"updatedById":null,"updatedBy":null,"deletedById":null,"deletedBy":null,"name":"Long Distance","typeCode":false,"productId":2,"product":{"id":0,"createdAt":"0001-01-01T00:00:00Z","updatedAt":"0001-01-01T00:00:00Z","deletedAt":null,"createdById":null,"createdBy":null,"updatedById":null,"updatedBy":null,"deletedById":null,"deletedBy":null,"name":"","netPrice":"0","vatRate":"0","wrapAfter":false,"hidden":false,"soldOut":false,"apiExport":false,"pos":0,"totalStock":0,"unitsSold":0,"soldOutRequestCount":0,"guestlists":null}},"name":"Aryanna Schulist","code":null,"additionalGuests":0,"attendedGuests":0,"arrivedAt":null,"arrivalNote":null,"notifyOnArrivalEmail":null,"purchaseId":null}]
--- PASS: TestGetGuestWithSort (0.00s)
=== RUN   TestGetGuestsWithQueryIsPresent
    printer.go:116: GET /api/v2/guests?isPresent=true HTTP/1.1
        Authorization: Bearer eyJhbGciOiJIUzI1NiIsInR5cCI6IkpXVCJ9.eyJJRCI6MiwiZXhwIjoxNzQ3MzQyNDM2LCJvcmlnX2lhdCI6MTc0NzM0MTgzNn0.8TtapoGD-aAJe0hNakkjEEieN8Ej5rQRh8khNSE3BWg
        
[GIN] 2025/05/15 - 22:43:56 | 200 |     1.02925ms |                 | GET      "/api/v2/guests?isPresent=true"
    printer.go:133: HTTP/0.0 200 OK 1.037875ms
        Content-Type: application/json; charset=utf-8
        X-Total-Count: 53
        
        [{"id":40,"createdAt":"2025-05-15T22:43:46.968888+02:00","updatedAt":"2025-05-15T22:43:46.968888+02:00","deletedAt":null,"createdById":null,"createdBy":null,"updatedById":null,"updatedBy":null,"deletedById":null,"deletedBy":null,"guestlistId":4,"guestlist":{"id":4,"createdAt":"2025-05-15T22:43:46.968757+02:00","updatedAt":"2025-05-15T22:43:46.968757+02:00","deletedAt":null,"createdById":null,"createdBy":null,"updatedById":null,"updatedBy":null,"deletedById":null,"deletedBy":null,"name":"Guestlist Neva","typeCode":false,"productId":3,"product":{"id":0,"createdAt":"0001-01-01T00:00:00Z","updatedAt":"0001-01-01T00:00:00Z","deletedAt":null,"createdById":null,"createdBy":null,"updatedById":null,"updatedBy":null,"deletedById":null,"deletedBy":null,"name":"","netPrice":"0","vatRate":"0","wrapAfter":false,"hidden":false,"soldOut":false,"apiExport":false,"pos":0,"totalStock":0,"unitsSold":0,"soldOutRequestCount":0,"guestlists":null}},"name":"Jayme Kris","code":null,"additionalGuests":0,"attendedGuests":1,"arrivedAt":"1936-05-01T20:31:38.078726596Z","arrivalNote":null,"notifyOnArrivalEmail":null,"purchaseId":null},{"id":41,"createdAt":"2025-05-15T22:43:46.968921+02:00","updatedAt":"2025-05-15T22:43:46.968921+02:00","deletedAt":null,"createdById":null,"createdBy":null,"updatedById":null,"updatedBy":null,"deletedById":null,"deletedBy":null,"guestlistId":4,"guestlist":{"id":4,"createdAt":"2025-05-15T22:43:46.968757+02:00","updatedAt":"2025-05-15T22:43:46.968757+02:00","deletedAt":null,"createdById":null,"createdBy":null,"updatedById":null,"updatedBy":null,"deletedById":null,"deletedBy":null,"name":"Guestlist Neva","typeCode":false,"productId":3,"product":{"id":0,"createdAt":"0001-01-01T00:00:00Z","updatedAt":"0001-01-01T00:00:00Z","deletedAt":null,"createdById":null,"createdBy":null,"updatedById":null,"updatedBy":null,"deletedById":null,"deletedBy":null,"name":"","netPrice":"0","vatRate":"0","wrapAfter":false,"hidden":false,"soldOut":false,"apiExport":false,"pos":0,"totalStock":0,"unitsSold":0,"soldOutRequestCount":0,"guestlists":null}},"name":"Karley Koch","code":null,"additionalGuests":0,"attendedGuests":1,"arrivedAt":"1998-02-10T05:15:08.944327301Z","arrivalNote":null,"notifyOnArrivalEmail":null,"purchaseId":null},{"id":44,"createdAt":"2025-05-15T22:43:46.969036+02:00","updatedAt":"2025-05-15T22:43:46.969036+02:00","deletedAt":null,"createdById":null,"createdBy":null,"updatedById":null,"updatedBy":null,"deletedById":null,"deletedBy":null,"guestlistId":5,"guestlist":{"id":5,"createdAt":"2025-05-15T22:43:46.968953+02:00","updatedAt":"2025-05-15T22:43:46.968953+02:00","deletedAt":null,"createdById":null,"createdBy":null,"updatedById":null,"updatedBy":null,"deletedById":null,"deletedBy":null,"name":"Guestlist Bertram","typeCode":false,"productId":3,"product":{"id":0,"createdAt":"0001-01-01T00:00:00Z","updatedAt":"0001-01-01T00:00:00Z","deletedAt":null,"createdById":null,"createdBy":null,"updatedById":null,"updatedBy":null,"deletedById":null,"deletedBy":null,"name":"","netPrice":"0","vatRate":"0","wrapAfter":false,"hidden":false,"soldOut":false,"apiExport":false,"pos":0,"totalStock":0,"unitsSold":0,"soldOutRequestCount":0,"guestlists":null}},"name":"Viva Gutmann","code":null,"additionalGuests":1,"attendedGuests":1,"arrivedAt":"1945-07-31T00:57:24.770585012Z","arrivalNote":null,"notifyOnArrivalEmail":null,"purchaseId":null},{"id":51,"createdAt":"2025-05-15T22:43:46.969297+02:00","updatedAt":"2025-05-15T22:43:46.969297+02:00","deletedAt":null,"createdById":null,"createdBy":null,"updatedById":null,"updatedBy":null,"deletedById":null,"deletedBy":null,"guestlistId":6,"guestlist":{"id":6,"createdAt":"2025-05-15T22:43:46.969088+02:00","updatedAt":"2025-05-15T22:43:46.969088+02:00","deletedAt":null,"createdById":null,"createdBy":null,"updatedById":null,"updatedBy":null,"deletedById":null,"deletedBy":null,"name":"Guestlist Amelia","typeCode":false,"productId":3,"product":{"id":0,"createdAt":"0001-01-01T00:00:00Z","updatedAt":"0001-01-01T00:00:00Z","deletedAt":null,"createdById":null,"createdBy":null,"updatedById":null,"updatedBy":null,"deletedById":null,"deletedBy":null,"name":"","netPrice":"0","vatRate":"0","wrapAfter":false,"hidden":false,"soldOut":false,"apiExport":false,"pos":0,"totalStock":0,"unitsSold":0,"soldOutRequestCount":0,"guestlists":null}},"name":"Tyson Runolfsson","code":null,"additionalGuests":0,"attendedGuests":1,"arrivedAt":"1951-04-28T15:39:56.398035474Z","arrivalNote":null,"notifyOnArrivalEmail":null,"purchaseId":null},{"id":52,"createdAt":"2025-05-15T22:43:46.969328+02:00","updatedAt":"2025-05-15T22:43:46.969328+02:00","deletedAt":null,"createdById":null,"createdBy":null,"updatedById":null,"updatedBy":null,"deletedById":null,"deletedBy":null,"guestlistId":6,"guestlist":{"id":6,"createdAt":"2025-05-15T22:43:46.969088+02:00","updatedAt":"2025-05-15T22:43:46.969088+02:00","deletedAt":null,"createdById":null,"createdBy":null,"updatedById":null,"updatedBy":null,"deletedById":null,"deletedBy":null,"name":"Guestlist Amelia","typeCode":false,"productId":3,"product":{"id":0,"createdAt":"0001-01-01T00:00:00Z","updatedAt":"0001-01-01T00:00:00Z","deletedAt":null,"createdById":null,"createdBy":null,"updatedById":null,"updatedBy":null,"deletedById":null,"deletedBy":null,"name":"","netPrice":"0","vatRate":"0","wrapAfter":false,"hidden":false,"soldOut":false,"apiExport":false,"pos":0,"totalStock":0,"unitsSold":0,"soldOutRequestCount":0,"guestlists":null}},"name":"Casandra Stoltenberg","code":null,"additionalGuests":0,"attendedGuests":1,"arrivedAt":"2018-07-17T15:47:41.100619517Z","arrivalNote":null,"notifyOnArrivalEmail":null,"purchaseId":null},{"id":60,"createdAt":"2025-05-15T22:43:46.969733+02:00","updatedAt":"2025-05-15T22:43:46.969733+02:00","deletedAt":null,"createdById":null,"createdBy":null,"updatedById":null,"updatedBy":null,"deletedById":null,"deletedBy":null,"guestlistId":7,"guestlist":{"id":7,"createdAt":"2025-05-15T22:43:46.969361+02:00","updatedAt":"2025-05-15T22:43:46.969361+02:00","deletedAt":null,"createdById":null,"createdBy":null,"updatedById":null,"updatedBy":null,"deletedById":null,"deletedBy":null,"name":"Guestlist Roel","typeCode":false,"productId":3,"product":{"id":0,"createdAt":"0001-01-01T00:00:00Z","updatedAt":"0001-01-01T00:00:00Z","deletedAt":null,"createdById":null,"createdBy":null,"updatedById":null,"updatedBy":null,"deletedById":null,"deletedBy":null,"name":"","netPrice":"0","vatRate":"0","wrapAfter":false,"hidden":false,"soldOut":false,"apiExport":false,"pos":0,"totalStock":0,"unitsSold":0,"soldOutRequestCount":0,"guestlists":null}},"name":"Bradley Senger","code":null,"additionalGuests":2,"attendedGuests":1,"arrivedAt":"1914-01-03T23:49:00.62113921Z","arrivalNote":null,"notifyOnArrivalEmail":null,"purchaseId":null},{"id":61,"createdAt":"2025-05-15T22:43:46.969763+02:00","updatedAt":"2025-05-15T22:43:46.969763+02:00","deletedAt":null,"createdById":null,"createdBy":null,"updatedById":null,"updatedBy":null,"deletedById":null,"deletedBy":null,"guestlistId":7,"guestlist":{"id":7,"createdAt":"2025-05-15T22:43:46.969361+02:00","updatedAt":"2025-05-15T22:43:46.969361+02:00","deletedAt":null,"createdById":null,"createdBy":null,"updatedById":null,"updatedBy":null,"deletedById":null,"deletedBy":null,"name":"Guestlist Roel","typeCode":false,"productId":3,"product":{"id":0,"createdAt":"0001-01-01T00:00:00Z","updatedAt":"0001-01-01T00:00:00Z","deletedAt":null,"createdById":null,"createdBy":null,"updatedById":null,"updatedBy":null,"deletedById":null,"deletedBy":null,"name":"","netPrice":"0","vatRate":"0","wrapAfter":false,"hidden":false,"soldOut":false,"apiExport":false,"pos":0,"totalStock":0,"unitsSold":0,"soldOutRequestCount":0,"guestlists":null}},"name":"Lilla Reilly","code":null,"additionalGuests":0,"attendedGuests":1,"arrivedAt":"2000-02-04T21:56:55.714128965Z","arrivalNote":null,"notifyOnArrivalEmail":null,"purchaseId":null},{"id":66,"createdAt":"2025-05-15T22:43:46.96994+02:00","updatedAt":"2025-05-15T22:43:46.96994+02:00","deletedAt":null,"createdById":null,"createdBy":null,"updatedById":null,"updatedBy":null,"deletedById":null,"deletedBy":null,"guestlistId":8,"guestlist":{"id":8,"createdAt":"2025-05-15T22:43:46.969794+02:00","updatedAt":"2025-05-15T22:43:46.969794+02:00","deletedAt":null,"createdById":null,"createdBy":null,"updatedById":null,"updatedBy":null,"deletedById":null,"deletedBy":null,"name":"Guestlist Edythe","typeCode":false,"productId":3,"product":{"id":0,"createdAt":"0001-01-01T00:00:00Z","updatedAt":"0001-01-01T00:00:00Z","deletedAt":null,"createdById":null,"createdBy":null,"updatedById":null,"updatedBy":null,"deletedById":null,"deletedBy":null,"name":"","netPrice":"0","vatRate":"0","wrapAfter":false,"hidden":false,"soldOut":false,"apiExport":false,"pos":0,"totalStock":0,"unitsSold":0,"soldOutRequestCount":0,"guestlists":null}},"name":"Haven Davis","code":null,"additionalGuests":0,"attendedGuests":1,"arrivedAt":"1906-06-19T02:49:30.257609041Z","arrivalNote":null,"notifyOnArrivalEmail":null,"purchaseId":null},{"id":67,"createdAt":"2025-05-15T22:43:46.969979+02:00","updatedAt":"2025-05-15T22:43:46.969979+02:00","deletedAt":null,"createdById":null,"createdBy":null,"updatedById":null,"updatedBy":null,"deletedById":null,"deletedBy":null,"guestlistId":8,"guestlist":{"id":8,"createdAt":"2025-05-15T22:43:46.969794+02:00","updatedAt":"2025-05-15T22:43:46.969794+02:00","deletedAt":null,"createdById":null,"createdBy":null,"updatedById":null,"updatedBy":null,"deletedById":null,"deletedBy":null,"name":"Guestlist Edythe","typeCode":false,"productId":3,"product":{"id":0,"createdAt":"0001-01-01T00:00:00Z","updatedAt":"0001-01-01T00:00:00Z","deletedAt":null,"createdById":null,"createdBy":null,"updatedById":null,"updatedBy":null,"deletedById":null,"deletedBy":null,"name":"","netPrice":"0","vatRate":"0","wrapAfter":false,"hidden":false,"soldOut":false,"apiExport":false,"pos":0,"totalStock":0,"unitsSold":0,"soldOutRequestCount":0,"guestlists":null}},"name":"Murray Lockman","code":null,"additionalGuests":1,"attendedGuests":1,"arrivedAt":"1910-05-12T00:02:20.903310783Z","arrivalNote":null,"notifyOnArrivalEmail":null,"purchaseId":null},{"id":77,"createdAt":"2025-05-15T22:43:46.970289+02:00","updatedAt":"2025-05-15T22:43:46.970289+02:00","deletedAt":null,"createdById":null,"createdBy":null,"updatedById":null,"updatedBy":null,"deletedById":null,"deletedBy":null,"guestlistId":9,"guestlist":{"id":9,"createdAt":"2025-05-15T22:43:46.97001+02:00","updatedAt":"2025-05-15T22:43:46.97001+02:00","deletedAt":null,"createdById":null,"createdBy":null,"updatedById":null,"updatedBy":null,"deletedById":null,"deletedBy":null,"name":"Guestlist Gudrun","typeCode":false,"productId":3,"product":{"id":0,"createdAt":"0001-01-01T00:00:00Z","updatedAt":"0001-01-01T00:00:00Z","deletedAt":null,"createdById":null,"createdBy":null,"updatedById":null,"updatedBy":null,"deletedById":null,"deletedBy":null,"name":"","netPrice":"0","vatRate":"0","wrapAfter":false,"hidden":false,"soldOut":false,"apiExport":false,"pos":0,"totalStock":0,"unitsSold":0,"soldOutRequestCount":0,"guestlists":null}},"name":"Alison Hodkiewicz","code":null,"additionalGuests":1,"attendedGuests":1,"arrivedAt":"1934-05-14T17:09:37.738049627Z","arrivalNote":null,"notifyOnArrivalEmail":null,"purchaseId":null}]
--- PASS: TestGetGuestsWithQueryIsPresent (0.00s)
=== RUN   TestGetGuestsWithQueryIsNotPresent
    printer.go:116: GET /api/v2/guests?isNotPresent=true HTTP/1.1
        Authorization: Bearer eyJhbGciOiJIUzI1NiIsInR5cCI6IkpXVCJ9.eyJJRCI6MiwiZXhwIjoxNzQ3MzQyNDM2LCJvcmlnX2lhdCI6MTc0NzM0MTgzNn0.8TtapoGD-aAJe0hNakkjEEieN8Ej5rQRh8khNSE3BWg
        
[GIN] 2025/05/15 - 22:43:56 | 200 |    1.007417ms |                 | GET      "/api/v2/guests?isNotPresent=true"
    printer.go:133: HTTP/0.0 200 OK 1.018208ms
        Content-Type: application/json; charset=utf-8
        X-Total-Count: 224
        
        [{"id":1,"createdAt":"2025-05-15T22:43:46.967566+02:00","updatedAt":"2025-05-15T22:43:46.967566+02:00","deletedAt":null,"createdById":null,"createdBy":null,"updatedById":null,"updatedBy":null,"deletedById":null,"deletedBy":null,"guestlistId":1,"guestlist":{"id":1,"createdAt":"2025-05-15T22:43:46.967452+02:00","updatedAt":"2025-05-15T22:43:46.967452+02:00","deletedAt":null,"createdById":null,"createdBy":null,"updatedById":null,"updatedBy":null,"deletedById":null,"deletedBy":null,"name":"Reduces Digitale Kultur","typeCode":false,"productId":2,"product":{"id":0,"createdAt":"0001-01-01T00:00:00Z","updatedAt":"0001-01-01T00:00:00Z","deletedAt":null,"createdById":null,"createdBy":null,"updatedById":null,"updatedBy":null,"deletedById":null,"deletedBy":null,"name":"","netPrice":"0","vatRate":"0","wrapAfter":false,"hidden":false,"soldOut":false,"apiExport":false,"pos":0,"totalStock":0,"unitsSold":0,"soldOutRequestCount":0,"guestlists":null}},"name":"Winona Hegmann","code":null,"additionalGuests":0,"attendedGuests":0,"arrivedAt":null,"arrivalNote":null,"notifyOnArrivalEmail":null,"purchaseId":null},{"id":2,"createdAt":"2025-05-15T22:43:46.967613+02:00","updatedAt":"2025-05-15T22:43:46.967613+02:00","deletedAt":null,"createdById":null,"createdBy":null,"updatedById":null,"updatedBy":null,"deletedById":null,"deletedBy":null,"guestlistId":1,"guestlist":{"id":1,"createdAt":"2025-05-15T22:43:46.967452+02:00","updatedAt":"2025-05-15T22:43:46.967452+02:00","deletedAt":null,"createdById":null,"createdBy":null,"updatedById":null,"updatedBy":null,"deletedById":null,"deletedBy":null,"name":"Reduces Digitale Kultur","typeCode":false,"productId":2,"product":{"id":0,"createdAt":"0001-01-01T00:00:00Z","updatedAt":"0001-01-01T00:00:00Z","deletedAt":null,"createdById":null,"createdBy":null,"updatedById":null,"updatedBy":null,"deletedById":null,"deletedBy":null,"name":"","netPrice":"0","vatRate":"0","wrapAfter":false,"hidden":false,"soldOut":false,"apiExport":false,"pos":0,"totalStock":0,"unitsSold":0,"soldOutRequestCount":0,"guestlists":null}},"name":"Hosea Adams","code":null,"additionalGuests":0,"attendedGuests":0,"arrivedAt":null,"arrivalNote":null,"notifyOnArrivalEmail":null,"purchaseId":null},{"id":3,"createdAt":"2025-05-15T22:43:46.967651+02:00","updatedAt":"2025-05-15T22:43:46.967651+02:00","deletedAt":null,"createdById":null,"createdBy":null,"updatedById":null,"updatedBy":null,"deletedById":null,"deletedBy":null,"guestlistId":1,"guestlist":{"id":1,"createdAt":"2025-05-15T22:43:46.967452+02:00","updatedAt":"2025-05-15T22:43:46.967452+02:00","deletedAt":null,"createdById":null,"createdBy":null,"updatedById":null,"updatedBy":null,"deletedById":null,"deletedBy":null,"name":"Reduces Digitale Kultur","typeCode":false,"productId":2,"product":{"id":0,"createdAt":"0001-01-01T00:00:00Z","updatedAt":"0001-01-01T00:00:00Z","deletedAt":null,"createdById":null,"createdBy":null,"updatedById":null,"updatedBy":null,"deletedById":null,"deletedBy":null,"name":"","netPrice":"0","vatRate":"0","wrapAfter":false,"hidden":false,"soldOut":false,"apiExport":false,"pos":0,"totalStock":0,"unitsSold":0,"soldOutRequestCount":0,"guestlists":null}},"name":"Ruth Casper","code":null,"additionalGuests":0,"attendedGuests":0,"arrivedAt":null,"arrivalNote":null,"notifyOnArrivalEmail":null,"purchaseId":null},{"id":4,"createdAt":"2025-05-15T22:43:46.967682+02:00","updatedAt":"2025-05-15T22:43:46.967682+02:00","deletedAt":null,"createdById":null,"createdBy":null,"updatedById":null,"updatedBy":null,"deletedById":null,"deletedBy":null,"guestlistId":1,"guestlist":{"id":1,"createdAt":"2025-05-15T22:43:46.967452+02:00","updatedAt":"2025-05-15T22:43:46.967452+02:00","deletedAt":null,"createdById":null,"createdBy":null,"updatedById":null,"updatedBy":null,"deletedById":null,"deletedBy":null,"name":"Reduces Digitale Kultur","typeCode":false,"productId":2,"product":{"id":0,"createdAt":"0001-01-01T00:00:00Z","updatedAt":"0001-01-01T00:00:00Z","deletedAt":null,"createdById":null,"createdBy":null,"updatedById":null,"updatedBy":null,"deletedById":null,"deletedBy":null,"name":"","netPrice":"0","vatRate":"0","wrapAfter":false,"hidden":false,"soldOut":false,"apiExport":false,"pos":0,"totalStock":0,"unitsSold":0,"soldOutRequestCount":0,"guestlists":null}},"name":"Carley Hermann","code":null,"additionalGuests":0,"attendedGuests":0,"arrivedAt":null,"arrivalNote":null,"notifyOnArrivalEmail":null,"purchaseId":null},{"id":5,"createdAt":"2025-05-15T22:43:46.96771+02:00","updatedAt":"2025-05-15T22:43:46.96771+02:00","deletedAt":null,"createdById":null,"createdBy":null,"updatedById":null,"updatedBy":null,"deletedById":null,"deletedBy":null,"guestlistId":2,"guestlist":{"id":2,"createdAt":"2025-05-15T22:43:46.967486+02:00","updatedAt":"2025-05-15T22:43:46.967486+02:00","deletedAt":null,"createdById":null,"createdBy":null,"updatedById":null,"updatedBy":null,"deletedById":null,"deletedBy":null,"name":"Long Distance","typeCode":false,"productId":2,"product":{"id":0,"createdAt":"0001-01-01T00:00:00Z","updatedAt":"0001-01-01T00:00:00Z","deletedAt":null,"createdById":null,"createdBy":null,"updatedById":null,"updatedBy":null,"deletedById":null,"deletedBy":null,"name":"","netPrice":"0","vatRate":"0","wrapAfter":false,"hidden":false,"soldOut":false,"apiExport":false,"pos":0,"totalStock":0,"unitsSold":0,"soldOutRequestCount":0,"guestlists":null}},"name":"Demetrius Goodwin","code":null,"additionalGuests":0,"attendedGuests":0,"arrivedAt":null,"arrivalNote":null,"notifyOnArrivalEmail":null,"purchaseId":null},{"id":6,"createdAt":"2025-05-15T22:43:46.967745+02:00","updatedAt":"2025-05-15T22:43:46.967745+02:00","deletedAt":null,"createdById":null,"createdBy":null,"updatedById":null,"updatedBy":null,"deletedById":null,"deletedBy":null,"guestlistId":2,"guestlist":{"id":2,"createdAt":"2025-05-15T22:43:46.967486+02:00","updatedAt":"2025-05-15T22:43:46.967486+02:00","deletedAt":null,"createdById":null,"createdBy":null,"updatedById":null,"updatedBy":null,"deletedById":null,"deletedBy":null,"name":"Long Distance","typeCode":false,"productId":2,"product":{"id":0,"createdAt":"0001-01-01T00:00:00Z","updatedAt":"0001-01-01T00:00:00Z","deletedAt":null,"createdById":null,"createdBy":null,"updatedById":null,"updatedBy":null,"deletedById":null,"deletedBy":null,"name":"","netPrice":"0","vatRate":"0","wrapAfter":false,"hidden":false,"soldOut":false,"apiExport":false,"pos":0,"totalStock":0,"unitsSold":0,"soldOutRequestCount":0,"guestlists":null}},"name":"Lazaro Ruecker","code":null,"additionalGuests":0,"attendedGuests":0,"arrivedAt":null,"arrivalNote":null,"notifyOnArrivalEmail":null,"purchaseId":null},{"id":7,"createdAt":"2025-05-15T22:43:46.96778+02:00","updatedAt":"2025-05-15T22:43:46.96778+02:00","deletedAt":null,"createdById":null,"createdBy":null,"updatedById":null,"updatedBy":null,"deletedById":null,"deletedBy":null,"guestlistId":2,"guestlist":{"id":2,"createdAt":"2025-05-15T22:43:46.967486+02:00","updatedAt":"2025-05-15T22:43:46.967486+02:00","deletedAt":null,"createdById":null,"createdBy":null,"updatedById":null,"updatedBy":null,"deletedById":null,"deletedBy":null,"name":"Long Distance","typeCode":false,"productId":2,"product":{"id":0,"createdAt":"0001-01-01T00:00:00Z","updatedAt":"0001-01-01T00:00:00Z","deletedAt":null,"createdById":null,"createdBy":null,"updatedById":null,"updatedBy":null,"deletedById":null,"deletedBy":null,"name":"","netPrice":"0","vatRate":"0","wrapAfter":false,"hidden":false,"soldOut":false,"apiExport":false,"pos":0,"totalStock":0,"unitsSold":0,"soldOutRequestCount":0,"guestlists":null}},"name":"Brown Hegmann","code":null,"additionalGuests":0,"attendedGuests":0,"arrivedAt":null,"arrivalNote":null,"notifyOnArrivalEmail":null,"purchaseId":null},{"id":8,"createdAt":"2025-05-15T22:43:46.967822+02:00","updatedAt":"2025-05-15T22:43:46.967822+02:00","deletedAt":null,"createdById":null,"createdBy":null,"updatedById":null,"updatedBy":null,"deletedById":null,"deletedBy":null,"guestlistId":2,"guestlist":{"id":2,"createdAt":"2025-05-15T22:43:46.967486+02:00","updatedAt":"2025-05-15T22:43:46.967486+02:00","deletedAt":null,"createdById":null,"createdBy":null,"updatedById":null,"updatedBy":null,"deletedById":null,"deletedBy":null,"name":"Long Distance","typeCode":false,"productId":2,"product":{"id":0,"createdAt":"0001-01-01T00:00:00Z","updatedAt":"0001-01-01T00:00:00Z","deletedAt":null,"createdById":null,"createdBy":null,"updatedById":null,"updatedBy":null,"deletedById":null,"deletedBy":null,"name":"","netPrice":"0","vatRate":"0","wrapAfter":false,"hidden":false,"soldOut":false,"apiExport":false,"pos":0,"totalStock":0,"unitsSold":0,"soldOutRequestCount":0,"guestlists":null}},"name":"Maybell Ward","code":null,"additionalGuests":0,"attendedGuests":0,"arrivedAt":null,"arrivalNote":null,"notifyOnArrivalEmail":null,"purchaseId":null},{"id":9,"createdAt":"2025-05-15T22:43:46.967855+02:00","updatedAt":"2025-05-15T22:43:46.967855+02:00","deletedAt":null,"createdById":null,"createdBy":null,"updatedById":null,"updatedBy":null,"deletedById":null,"deletedBy":null,"guestlistId":2,"guestlist":{"id":2,"createdAt":"2025-05-15T22:43:46.967486+02:00","updatedAt":"2025-05-15T22:43:46.967486+02:00","deletedAt":null,"createdById":null,"createdBy":null,"updatedById":null,"updatedBy":null,"deletedById":null,"deletedBy":null,"name":"Long Distance","typeCode":false,"productId":2,"product":{"id":0,"createdAt":"0001-01-01T00:00:00Z","updatedAt":"0001-01-01T00:00:00Z","deletedAt":null,"createdById":null,"createdBy":null,"updatedById":null,"updatedBy":null,"deletedById":null,"deletedBy":null,"name":"","netPrice":"0","vatRate":"0","wrapAfter":false,"hidden":false,"soldOut":false,"apiExport":false,"pos":0,"totalStock":0,"unitsSold":0,"soldOutRequestCount":0,"guestlists":null}},"name":"Chanel McClure","code":null,"additionalGuests":0,"attendedGuests":0,"arrivedAt":null,"arrivalNote":null,"notifyOnArrivalEmail":null,"purchaseId":null},{"id":10,"createdAt":"2025-05-15T22:43:46.967885+02:00","updatedAt":"2025-05-15T22:43:46.967885+02:00","deletedAt":null,"createdById":null,"createdBy":null,"updatedById":null,"updatedBy":null,"deletedById":null,"deletedBy":null,"guestlistId":2,"guestlist":{"id":2,"createdAt":"2025-05-15T22:43:46.967486+02:00","updatedAt":"2025-05-15T22:43:46.967486+02:00","deletedAt":null,"createdById":null,"createdBy":null,"updatedById":null,"updatedBy":null,"deletedById":null,"deletedBy":null,"name":"Long Distance","typeCode":false,"productId":2,"product":{"id":0,"createdAt":"0001-01-01T00:00:00Z","updatedAt":"0001-01-01T00:00:00Z","deletedAt":null,"createdById":null,"createdBy":null,"updatedById":null,"updatedBy":null,"deletedById":null,"deletedBy":null,"name":"","netPrice":"0","vatRate":"0","wrapAfter":false,"hidden":false,"soldOut":false,"apiExport":false,"pos":0,"totalStock":0,"unitsSold":0,"soldOutRequestCount":0,"guestlists":null}},"name":"Aryanna Schulist","code":null,"additionalGuests":0,"attendedGuests":0,"arrivedAt":null,"arrivalNote":null,"notifyOnArrivalEmail":null,"purchaseId":null}]
--- PASS: TestGetGuestsWithQueryIsNotPresent (0.00s)
=== RUN   TestGetGuestsWithQueryGuestlist
    printer.go:116: GET /api/v2/guests?guestlist_id=1 HTTP/1.1
        Authorization: Bearer eyJhbGciOiJIUzI1NiIsInR5cCI6IkpXVCJ9.eyJJRCI6MiwiZXhwIjoxNzQ3MzQyNDM2LCJvcmlnX2lhdCI6MTc0NzM0MTgzNn0.8TtapoGD-aAJe0hNakkjEEieN8Ej5rQRh8khNSE3BWg
        
[GIN] 2025/05/15 - 22:43:56 | 200 |     855.042µs |                 | GET      "/api/v2/guests?guestlist_id=1"
    printer.go:133: HTTP/0.0 200 OK 877.166µs
        Content-Type: application/json; charset=utf-8
        X-Total-Count: 4
        
        [{"id":1,"createdAt":"2025-05-15T22:43:46.967566+02:00","updatedAt":"2025-05-15T22:43:46.967566+02:00","deletedAt":null,"createdById":null,"createdBy":null,"updatedById":null,"updatedBy":null,"deletedById":null,"deletedBy":null,"guestlistId":1,"guestlist":{"id":1,"createdAt":"2025-05-15T22:43:46.967452+02:00","updatedAt":"2025-05-15T22:43:46.967452+02:00","deletedAt":null,"createdById":null,"createdBy":null,"updatedById":null,"updatedBy":null,"deletedById":null,"deletedBy":null,"name":"Reduces Digitale Kultur","typeCode":false,"productId":2,"product":{"id":0,"createdAt":"0001-01-01T00:00:00Z","updatedAt":"0001-01-01T00:00:00Z","deletedAt":null,"createdById":null,"createdBy":null,"updatedById":null,"updatedBy":null,"deletedById":null,"deletedBy":null,"name":"","netPrice":"0","vatRate":"0","wrapAfter":false,"hidden":false,"soldOut":false,"apiExport":false,"pos":0,"totalStock":0,"unitsSold":0,"soldOutRequestCount":0,"guestlists":null}},"name":"Winona Hegmann","code":null,"additionalGuests":0,"attendedGuests":0,"arrivedAt":null,"arrivalNote":null,"notifyOnArrivalEmail":null,"purchaseId":null},{"id":2,"createdAt":"2025-05-15T22:43:46.967613+02:00","updatedAt":"2025-05-15T22:43:46.967613+02:00","deletedAt":null,"createdById":null,"createdBy":null,"updatedById":null,"updatedBy":null,"deletedById":null,"deletedBy":null,"guestlistId":1,"guestlist":{"id":1,"createdAt":"2025-05-15T22:43:46.967452+02:00","updatedAt":"2025-05-15T22:43:46.967452+02:00","deletedAt":null,"createdById":null,"createdBy":null,"updatedById":null,"updatedBy":null,"deletedById":null,"deletedBy":null,"name":"Reduces Digitale Kultur","typeCode":false,"productId":2,"product":{"id":0,"createdAt":"0001-01-01T00:00:00Z","updatedAt":"0001-01-01T00:00:00Z","deletedAt":null,"createdById":null,"createdBy":null,"updatedById":null,"updatedBy":null,"deletedById":null,"deletedBy":null,"name":"","netPrice":"0","vatRate":"0","wrapAfter":false,"hidden":false,"soldOut":false,"apiExport":false,"pos":0,"totalStock":0,"unitsSold":0,"soldOutRequestCount":0,"guestlists":null}},"name":"Hosea Adams","code":null,"additionalGuests":0,"attendedGuests":0,"arrivedAt":null,"arrivalNote":null,"notifyOnArrivalEmail":null,"purchaseId":null},{"id":3,"createdAt":"2025-05-15T22:43:46.967651+02:00","updatedAt":"2025-05-15T22:43:46.967651+02:00","deletedAt":null,"createdById":null,"createdBy":null,"updatedById":null,"updatedBy":null,"deletedById":null,"deletedBy":null,"guestlistId":1,"guestlist":{"id":1,"createdAt":"2025-05-15T22:43:46.967452+02:00","updatedAt":"2025-05-15T22:43:46.967452+02:00","deletedAt":null,"createdById":null,"createdBy":null,"updatedById":null,"updatedBy":null,"deletedById":null,"deletedBy":null,"name":"Reduces Digitale Kultur","typeCode":false,"productId":2,"product":{"id":0,"createdAt":"0001-01-01T00:00:00Z","updatedAt":"0001-01-01T00:00:00Z","deletedAt":null,"createdById":null,"createdBy":null,"updatedById":null,"updatedBy":null,"deletedById":null,"deletedBy":null,"name":"","netPrice":"0","vatRate":"0","wrapAfter":false,"hidden":false,"soldOut":false,"apiExport":false,"pos":0,"totalStock":0,"unitsSold":0,"soldOutRequestCount":0,"guestlists":null}},"name":"Ruth Casper","code":null,"additionalGuests":0,"attendedGuests":0,"arrivedAt":null,"arrivalNote":null,"notifyOnArrivalEmail":null,"purchaseId":null},{"id":4,"createdAt":"2025-05-15T22:43:46.967682+02:00","updatedAt":"2025-05-15T22:43:46.967682+02:00","deletedAt":null,"createdById":null,"createdBy":null,"updatedById":null,"updatedBy":null,"deletedById":null,"deletedBy":null,"guestlistId":1,"guestlist":{"id":1,"createdAt":"2025-05-15T22:43:46.967452+02:00","updatedAt":"2025-05-15T22:43:46.967452+02:00","deletedAt":null,"createdById":null,"createdBy":null,"updatedById":null,"updatedBy":null,"deletedById":null,"deletedBy":null,"name":"Reduces Digitale Kultur","typeCode":false,"productId":2,"product":{"id":0,"createdAt":"0001-01-01T00:00:00Z","updatedAt":"0001-01-01T00:00:00Z","deletedAt":null,"createdById":null,"createdBy":null,"updatedById":null,"updatedBy":null,"deletedById":null,"deletedBy":null,"name":"","netPrice":"0","vatRate":"0","wrapAfter":false,"hidden":false,"soldOut":false,"apiExport":false,"pos":0,"totalStock":0,"unitsSold":0,"soldOutRequestCount":0,"guestlists":null}},"name":"Carley Hermann","code":null,"additionalGuests":0,"attendedGuests":0,"arrivedAt":null,"arrivalNote":null,"notifyOnArrivalEmail":null,"purchaseId":null}]
--- PASS: TestGetGuestsWithQueryGuestlist (0.00s)
=== RUN   TestGetGuest
    printer.go:116: GET /api/v2/guests/1 HTTP/1.1
        Authorization: Bearer eyJhbGciOiJIUzI1NiIsInR5cCI6IkpXVCJ9.eyJJRCI6MiwiZXhwIjoxNzQ3MzQyNDM2LCJvcmlnX2lhdCI6MTc0NzM0MTgzNn0.8TtapoGD-aAJe0hNakkjEEieN8Ej5rQRh8khNSE3BWg
        
[GIN] 2025/05/15 - 22:43:56 | 200 |     532.083µs |                 | GET      "/api/v2/guests/1"
    printer.go:133: HTTP/0.0 200 OK 538.875µs
        Content-Type: application/json; charset=utf-8
        
        {"id":1,"createdAt":"2025-05-15T22:43:46.967566+02:00","updatedAt":"2025-05-15T22:43:46.967566+02:00","deletedAt":null,"createdById":null,"createdBy":null,"updatedById":null,"updatedBy":null,"deletedById":null,"deletedBy":null,"guestlistId":1,"guestlist":{"id":0,"createdAt":"0001-01-01T00:00:00Z","updatedAt":"0001-01-01T00:00:00Z","deletedAt":null,"createdById":null,"createdBy":null,"updatedById":null,"updatedBy":null,"deletedById":null,"deletedBy":null,"name":"","typeCode":false,"productId":0,"product":{"id":0,"createdAt":"0001-01-01T00:00:00Z","updatedAt":"0001-01-01T00:00:00Z","deletedAt":null,"createdById":null,"createdBy":null,"updatedById":null,"updatedBy":null,"deletedById":null,"deletedBy":null,"name":"","netPrice":"0","vatRate":"0","wrapAfter":false,"hidden":false,"soldOut":false,"apiExport":false,"pos":0,"totalStock":0,"unitsSold":0,"soldOutRequestCount":0,"guestlists":null}},"name":"Winona Hegmann","code":null,"additionalGuests":0,"attendedGuests":0,"arrivedAt":null,"arrivalNote":null,"notifyOnArrivalEmail":null,"purchaseId":null}
--- PASS: TestGetGuest (0.00s)
=== RUN   TestCreateUpdateAndDeleteGuest
    printer.go:116: POST /api/v2/guests HTTP/1.1
        Authorization: Bearer eyJhbGciOiJIUzI1NiIsInR5cCI6IkpXVCJ9.eyJJRCI6MiwiZXhwIjoxNzQ3MzQyNDM2LCJvcmlnX2lhdCI6MTc0NzM0MTgzNn0.8TtapoGD-aAJe0hNakkjEEieN8Ej5rQRh8khNSE3BWg
        Content-Type: application/json; charset=utf-8
        
        {"additionalGuests":2,"arrivalNote":"Hand out a tshirt","attendedGuests":0,"guestlistId":1,"name":"Tessy Test","notifyOnArrivalEmail":"test@example.com"}
[GIN] 2025/05/15 - 22:43:56 | 201 |    1.066625ms |                 | POST     "/api/v2/guests"
    printer.go:133: HTTP/0.0 201 Created 1.079167ms
        Content-Type: application/json; charset=utf-8
        
        {"id":278,"createdAt":"2025-05-15T22:43:56.581651+02:00","updatedAt":"2025-05-15T22:43:56.581651+02:00","deletedAt":null,"createdById":2,"createdBy":null,"updatedById":null,"updatedBy":null,"deletedById":null,"deletedBy":null,"guestlistId":1,"guestlist":{"id":0,"createdAt":"0001-01-01T00:00:00Z","updatedAt":"0001-01-01T00:00:00Z","deletedAt":null,"createdById":null,"createdBy":null,"updatedById":null,"updatedBy":null,"deletedById":null,"deletedBy":null,"name":"","typeCode":false,"productId":0,"product":{"id":0,"createdAt":"0001-01-01T00:00:00Z","updatedAt":"0001-01-01T00:00:00Z","deletedAt":null,"createdById":null,"createdBy":null,"updatedById":null,"updatedBy":null,"deletedById":null,"deletedBy":null,"name":"","netPrice":"0","vatRate":"0","wrapAfter":false,"hidden":false,"soldOut":false,"apiExport":false,"pos":0,"totalStock":0,"unitsSold":0,"soldOutRequestCount":0,"guestlists":null}},"name":"Tessy Test","code":null,"additionalGuests":2,"attendedGuests":0,"arrivedAt":null,"arrivalNote":"Hand out a tshirt","notifyOnArrivalEmail":"test@example.com","purchaseId":null}
    printer.go:116: GET /api/v2/guests/278 HTTP/1.1
        Authorization: Bearer eyJhbGciOiJIUzI1NiIsInR5cCI6IkpXVCJ9.eyJJRCI6MiwiZXhwIjoxNzQ3MzQyNDM2LCJvcmlnX2lhdCI6MTc0NzM0MTgzNn0.8TtapoGD-aAJe0hNakkjEEieN8Ej5rQRh8khNSE3BWg
        
[GIN] 2025/05/15 - 22:43:56 | 200 |      81.375µs |                 | GET      "/api/v2/guests/278"
    printer.go:133: HTTP/0.0 200 OK 87.25µs
        Content-Type: application/json; charset=utf-8
        
        {"id":278,"createdAt":"2025-05-15T22:43:56.581651+02:00","updatedAt":"2025-05-15T22:43:56.581651+02:00","deletedAt":null,"createdById":2,"createdBy":null,"updatedById":null,"updatedBy":null,"deletedById":null,"deletedBy":null,"guestlistId":1,"guestlist":{"id":0,"createdAt":"0001-01-01T00:00:00Z","updatedAt":"0001-01-01T00:00:00Z","deletedAt":null,"createdById":null,"createdBy":null,"updatedById":null,"updatedBy":null,"deletedById":null,"deletedBy":null,"name":"","typeCode":false,"productId":0,"product":{"id":0,"createdAt":"0001-01-01T00:00:00Z","updatedAt":"0001-01-01T00:00:00Z","deletedAt":null,"createdById":null,"createdBy":null,"updatedById":null,"updatedBy":null,"deletedById":null,"deletedBy":null,"name":"","netPrice":"0","vatRate":"0","wrapAfter":false,"hidden":false,"soldOut":false,"apiExport":false,"pos":0,"totalStock":0,"unitsSold":0,"soldOutRequestCount":0,"guestlists":null}},"name":"Tessy Test","code":null,"additionalGuests":2,"attendedGuests":0,"arrivedAt":null,"arrivalNote":"Hand out a tshirt","notifyOnArrivalEmail":"test@example.com","purchaseId":null}
    printer.go:116: PUT /api/v2/guests/278 HTTP/1.1
        Authorization: Bearer eyJhbGciOiJIUzI1NiIsInR5cCI6IkpXVCJ9.eyJJRCI6MiwiZXhwIjoxNzQ3MzQyNDM2LCJvcmlnX2lhdCI6MTc0NzM0MTgzNn0.8TtapoGD-aAJe0hNakkjEEieN8Ej5rQRh8khNSE3BWg
        Content-Type: application/json; charset=utf-8
        
        {"additionalGuests":3,"arrivalNote":null,"attendedGuests":0,"name":"Tessy Test Updated","notifyOnArrivalEmail":null}
[GIN] 2025/05/15 - 22:43:56 | 200 |     172.334µs |                 | PUT      "/api/v2/guests/278"
    printer.go:133: HTTP/0.0 200 OK 178.042µs
        Content-Type: application/json; charset=utf-8
        
        {"id":278,"createdAt":"2025-05-15T22:43:56.581651+02:00","updatedAt":"2025-05-15T22:43:56.582259+02:00","deletedAt":null,"createdById":2,"createdBy":null,"updatedById":2,"updatedBy":null,"deletedById":null,"deletedBy":null,"guestlistId":1,"guestlist":{"id":0,"createdAt":"0001-01-01T00:00:00Z","updatedAt":"0001-01-01T00:00:00Z","deletedAt":null,"createdById":null,"createdBy":null,"updatedById":null,"updatedBy":null,"deletedById":null,"deletedBy":null,"name":"","typeCode":false,"productId":0,"product":{"id":0,"createdAt":"0001-01-01T00:00:00Z","updatedAt":"0001-01-01T00:00:00Z","deletedAt":null,"createdById":null,"createdBy":null,"updatedById":null,"updatedBy":null,"deletedById":null,"deletedBy":null,"name":"","netPrice":"0","vatRate":"0","wrapAfter":false,"hidden":false,"soldOut":false,"apiExport":false,"pos":0,"totalStock":0,"unitsSold":0,"soldOutRequestCount":0,"guestlists":null}},"name":"Tessy Test Updated","code":null,"additionalGuests":3,"attendedGuests":0,"arrivedAt":null,"arrivalNote":null,"notifyOnArrivalEmail":null,"purchaseId":null}
    printer.go:116: GET /api/v2/guests/278 HTTP/1.1
        Authorization: Bearer eyJhbGciOiJIUzI1NiIsInR5cCI6IkpXVCJ9.eyJJRCI6MiwiZXhwIjoxNzQ3MzQyNDM2LCJvcmlnX2lhdCI6MTc0NzM0MTgzNn0.8TtapoGD-aAJe0hNakkjEEieN8Ej5rQRh8khNSE3BWg
        
[GIN] 2025/05/15 - 22:43:56 | 200 |      48.292µs |                 | GET      "/api/v2/guests/278"
    printer.go:133: HTTP/0.0 200 OK 53.291µs
        Content-Type: application/json; charset=utf-8
        
        {"id":278,"createdAt":"2025-05-15T22:43:56.581651+02:00","updatedAt":"2025-05-15T22:43:56.582259+02:00","deletedAt":null,"createdById":2,"createdBy":null,"updatedById":2,"updatedBy":null,"deletedById":null,"deletedBy":null,"guestlistId":1,"guestlist":{"id":0,"createdAt":"0001-01-01T00:00:00Z","updatedAt":"0001-01-01T00:00:00Z","deletedAt":null,"createdById":null,"createdBy":null,"updatedById":null,"updatedBy":null,"deletedById":null,"deletedBy":null,"name":"","typeCode":false,"productId":0,"product":{"id":0,"createdAt":"0001-01-01T00:00:00Z","updatedAt":"0001-01-01T00:00:00Z","deletedAt":null,"createdById":null,"createdBy":null,"updatedById":null,"updatedBy":null,"deletedById":null,"deletedBy":null,"name":"","netPrice":"0","vatRate":"0","wrapAfter":false,"hidden":false,"soldOut":false,"apiExport":false,"pos":0,"totalStock":0,"unitsSold":0,"soldOutRequestCount":0,"guestlists":null}},"name":"Tessy Test Updated","code":null,"additionalGuests":3,"attendedGuests":0,"arrivedAt":null,"arrivalNote":null,"notifyOnArrivalEmail":null,"purchaseId":null}
    printer.go:116: DELETE /api/v2/guests/278 HTTP/1.1
        Authorization: Bearer eyJhbGciOiJIUzI1NiIsInR5cCI6IkpXVCJ9.eyJJRCI6MiwiZXhwIjoxNzQ3MzQyNDM2LCJvcmlnX2lhdCI6MTc0NzM0MTgzNn0.8TtapoGD-aAJe0hNakkjEEieN8Ej5rQRh8khNSE3BWg
        
[GIN] 2025/05/15 - 22:43:56 | 200 |      121.75µs |                 | DELETE   "/api/v2/guests/278"
    printer.go:133: HTTP/0.0 200 OK 133.209µs
        Content-Type: application/json; charset=utf-8
        
        {}
    printer.go:116: GET /api/v2/guests/278 HTTP/1.1
        Authorization: Bearer eyJhbGciOiJIUzI1NiIsInR5cCI6IkpXVCJ9.eyJJRCI6MiwiZXhwIjoxNzQ3MzQyNDM2LCJvcmlnX2lhdCI6MTc0NzM0MTgzNn0.8TtapoGD-aAJe0hNakkjEEieN8Ej5rQRh8khNSE3BWg
        

2025/05/15 22:43:56 [31;1m/Users/stefan/PhpstormProjects/die-kassa/backend/internal/app/repository/guest.go:120 [35;1mrecord not found
[0m[33m[0.023ms] [34;1m[rows:0][0m SELECT * FROM `guests` WHERE `guests`.`id` = 278 AND `guests`.`deleted_at` IS NULL ORDER BY `guests`.`id` LIMIT 1
[GIN] 2025/05/15 - 22:43:56 | 404 |       61.25µs |                 | GET      "/api/v2/guests/278"
Error #01: Not Found
    printer.go:133: HTTP/0.0 404 Not Found 69.542µs
        Content-Type: application/json; charset=utf-8
        
        {"details":"guest not found","error":"Not Found"}
--- PASS: TestCreateUpdateAndDeleteGuest (0.00s)
=== RUN   TestGuestAuthentication
    printer.go:116: GET /api/v2/guests HTTP/1.1
        
[GIN] 2025/05/15 - 22:43:56 | 401 |      13.208µs |                 | GET      "/api/v2/guests"
    printer.go:133: HTTP/0.0 401 Unauthorized 18.125µs
        Content-Type: application/json; charset=utf-8
        Www-Authenticate: JWT realm=gin jwt
        
        {"code":401,"message":"cookie token is empty"}
    printer.go:116: GET /api/v2/guests/1 HTTP/1.1
        
[GIN] 2025/05/15 - 22:43:56 | 401 |       5.041µs |                 | GET      "/api/v2/guests/1"
    printer.go:133: HTTP/0.0 401 Unauthorized 12.917µs
        Content-Type: application/json; charset=utf-8
        Www-Authenticate: JWT realm=gin jwt
        
        {"code":401,"message":"cookie token is empty"}
    printer.go:116: POST /api/v2/guests HTTP/1.1
        
[GIN] 2025/05/15 - 22:43:56 | 401 |      10.167µs |                 | POST     "/api/v2/guests"
    printer.go:133: HTTP/0.0 401 Unauthorized 13.167µs
        Content-Type: application/json; charset=utf-8
        Www-Authenticate: JWT realm=gin jwt
        
        {"code":401,"message":"cookie token is empty"}
    printer.go:116: PUT /api/v2/guests/1 HTTP/1.1
        
[GIN] 2025/05/15 - 22:43:56 | 401 |       5.333µs |                 | PUT      "/api/v2/guests/1"
    printer.go:133: HTTP/0.0 401 Unauthorized 8.541µs
        Content-Type: application/json; charset=utf-8
        Www-Authenticate: JWT realm=gin jwt
        
        {"code":401,"message":"cookie token is empty"}
    printer.go:116: DELETE /api/v2/guests/1 HTTP/1.1
        
[GIN] 2025/05/15 - 22:43:56 | 401 |       4.375µs |                 | DELETE   "/api/v2/guests/1"
    printer.go:133: HTTP/0.0 401 Unauthorized 7.667µs
        Content-Type: application/json; charset=utf-8
        Www-Authenticate: JWT realm=gin jwt
        
        {"code":401,"message":"cookie token is empty"}
--- PASS: TestGuestAuthentication (0.00s)
=== RUN   TestGuestsByProduct
    printer.go:116: GET /api/v2/products/2/guests?q=e HTTP/1.1
        Authorization: Bearer eyJhbGciOiJIUzI1NiIsInR5cCI6IkpXVCJ9.eyJJRCI6MiwiZXhwIjoxNzQ3MzQyNDM2LCJvcmlnX2lhdCI6MTc0NzM0MTgzNn0.8TtapoGD-aAJe0hNakkjEEieN8Ej5rQRh8khNSE3BWg
        
[GIN] 2025/05/15 - 22:43:56 | 200 |     675.958µs |                 | GET      "/api/v2/products/2/guests?q=e"
    printer.go:133: HTTP/0.0 200 OK 689.5µs
        Content-Type: application/json; charset=utf-8
        
        [{"id":7,"name":"Brown Hegmann","code":null,"listName":"Long Distance","additionalGuests":0,"arrivalNote":null},{"id":4,"name":"Carley Hermann","code":null,"listName":"Reduces Digitale Kultur","additionalGuests":0,"arrivalNote":null},{"id":9,"name":"Chanel McClure","code":null,"listName":"Long Distance","additionalGuests":0,"arrivalNote":null},{"id":17,"name":"Colleen Waelchi","code":null,"listName":"Long Distance","additionalGuests":0,"arrivalNote":null},{"id":15,"name":"Coy Hegmann","code":null,"listName":"Long Distance","additionalGuests":0,"arrivalNote":null},{"id":5,"name":"Demetrius Goodwin","code":null,"listName":"Long Distance","additionalGuests":0,"arrivalNote":null},{"id":14,"name":"Devin Mohr","code":null,"listName":"Long Distance","additionalGuests":0,"arrivalNote":null},{"id":2,"name":"Hosea Adams","code":null,"listName":"Reduces Digitale Kultur","additionalGuests":0,"arrivalNote":null},{"id":16,"name":"Kip Dibbert","code":null,"listName":"Long Distance","additionalGuests":0,"arrivalNote":null},{"id":6,"name":"Lazaro Ruecker","code":null,"listName":"Long Distance","additionalGuests":0,"arrivalNote":null},{"id":8,"name":"Maybell Ward","code":null,"listName":"Long Distance","additionalGuests":0,"arrivalNote":null},{"id":13,"name":"Omer Harber","code":null,"listName":"Long Distance","additionalGuests":0,"arrivalNote":null},{"id":3,"name":"Ruth Casper","code":null,"listName":"Reduces Digitale Kultur","additionalGuests":0,"arrivalNote":null},{"id":1,"name":"Winona Hegmann","code":null,"listName":"Reduces Digitale Kultur","additionalGuests":0,"arrivalNote":null}]
--- PASS: TestGuestsByProduct (0.00s)
=== RUN   TestGetGuestlists
    printer.go:116: GET /api/v2/guestlists HTTP/1.1
        Authorization: Bearer eyJhbGciOiJIUzI1NiIsInR5cCI6IkpXVCJ9.eyJJRCI6MiwiZXhwIjoxNzQ3MzQyNDM2LCJvcmlnX2lhdCI6MTc0NzM0MTgzNn0.8TtapoGD-aAJe0hNakkjEEieN8Ej5rQRh8khNSE3BWg
        
[GIN] 2025/05/15 - 22:43:56 | 200 |     680.292µs |                 | GET      "/api/v2/guestlists"
    printer.go:133: HTTP/0.0 200 OK 688.542µs
        Content-Type: application/json; charset=utf-8
        X-Total-Count: 40
        
        [{"id":1,"createdAt":"2025-05-15T22:43:46.967452+02:00","updatedAt":"2025-05-15T22:43:46.967452+02:00","deletedAt":null,"createdById":null,"createdBy":null,"updatedById":null,"updatedBy":null,"deletedById":null,"deletedBy":null,"name":"Reduces Digitale Kultur","typeCode":false,"productId":2,"product":{"id":2,"createdAt":"2025-05-15T22:43:46.966919+02:00","updatedAt":"2025-05-15T22:43:46.966919+02:00","deletedAt":null,"createdById":null,"createdBy":null,"updatedById":null,"updatedBy":null,"deletedById":null,"deletedBy":null,"name":"🎟️ Reduced","netPrice":"18.69","vatRate":"7","wrapAfter":false,"hidden":false,"soldOut":false,"apiExport":true,"pos":2,"totalStock":0,"unitsSold":0,"soldOutRequestCount":0,"guestlists":null}},{"id":2,"createdAt":"2025-05-15T22:43:46.967486+02:00","updatedAt":"2025-05-15T22:43:46.967486+02:00","deletedAt":null,"createdById":null,"createdBy":null,"updatedById":null,"updatedBy":null,"deletedById":null,"deletedBy":null,"name":"Long Distance","typeCode":false,"productId":2,"product":{"id":2,"createdAt":"2025-05-15T22:43:46.966919+02:00","updatedAt":"2025-05-15T22:43:46.966919+02:00","deletedAt":null,"createdById":null,"createdBy":null,"updatedById":null,"updatedBy":null,"deletedById":null,"deletedBy":null,"name":"🎟️ Reduced","netPrice":"18.69","vatRate":"7","wrapAfter":false,"hidden":false,"soldOut":false,"apiExport":true,"pos":2,"totalStock":0,"unitsSold":0,"soldOutRequestCount":0,"guestlists":null}},{"id":3,"createdAt":"2025-05-15T22:43:46.967522+02:00","updatedAt":"2025-05-15T22:43:46.967522+02:00","deletedAt":null,"createdById":null,"createdBy":null,"updatedById":null,"updatedBy":null,"deletedById":null,"deletedBy":null,"name":"Deine Tickets","typeCode":true,"productId":4,"product":{"id":4,"createdAt":"2025-05-15T22:43:46.96702+02:00","updatedAt":"2025-05-15T22:43:46.96702+02:00","deletedAt":null,"createdById":null,"createdBy":null,"updatedById":null,"updatedBy":null,"deletedById":null,"deletedBy":null,"name":"🎟️ Prepaid","netPrice":"0","vatRate":"0","wrapAfter":true,"hidden":false,"soldOut":false,"apiExport":true,"pos":4,"totalStock":0,"unitsSold":0,"soldOutRequestCount":0,"guestlists":null}},{"id":4,"createdAt":"2025-05-15T22:43:46.968757+02:00","updatedAt":"2025-05-15T22:43:46.968757+02:00","deletedAt":null,"createdById":null,"createdBy":null,"updatedById":null,"updatedBy":null,"deletedById":null,"deletedBy":null,"name":"Guestlist Neva","typeCode":false,"productId":3,"product":{"id":3,"createdAt":"2025-05-15T22:43:46.966987+02:00","updatedAt":"2025-05-15T22:43:46.966987+02:00","deletedAt":null,"createdById":null,"createdBy":null,"updatedById":null,"updatedBy":null,"deletedById":null,"deletedBy":null,"name":"🎟️ Free","netPrice":"0","vatRate":"0","wrapAfter":false,"hidden":false,"soldOut":false,"apiExport":true,"pos":3,"totalStock":0,"unitsSold":0,"soldOutRequestCount":0,"guestlists":null}},{"id":5,"createdAt":"2025-05-15T22:43:46.968953+02:00","updatedAt":"2025-05-15T22:43:46.968953+02:00","deletedAt":null,"createdById":null,"createdBy":null,"updatedById":null,"updatedBy":null,"deletedById":null,"deletedBy":null,"name":"Guestlist Bertram","typeCode":false,"productId":3,"product":{"id":3,"createdAt":"2025-05-15T22:43:46.966987+02:00","updatedAt":"2025-05-15T22:43:46.966987+02:00","deletedAt":null,"createdById":null,"createdBy":null,"updatedById":null,"updatedBy":null,"deletedById":null,"deletedBy":null,"name":"🎟️ Free","netPrice":"0","vatRate":"0","wrapAfter":false,"hidden":false,"soldOut":false,"apiExport":true,"pos":3,"totalStock":0,"unitsSold":0,"soldOutRequestCount":0,"guestlists":null}},{"id":6,"createdAt":"2025-05-15T22:43:46.969088+02:00","updatedAt":"2025-05-15T22:43:46.969088+02:00","deletedAt":null,"createdById":null,"createdBy":null,"updatedById":null,"updatedBy":null,"deletedById":null,"deletedBy":null,"name":"Guestlist Amelia","typeCode":false,"productId":3,"product":{"id":3,"createdAt":"2025-05-15T22:43:46.966987+02:00","updatedAt":"2025-05-15T22:43:46.966987+02:00","deletedAt":null,"createdById":null,"createdBy":null,"updatedById":null,"updatedBy":null,"deletedById":null,"deletedBy":null,"name":"🎟️ Free","netPrice":"0","vatRate":"0","wrapAfter":false,"hidden":false,"soldOut":false,"apiExport":true,"pos":3,"totalStock":0,"unitsSold":0,"soldOutRequestCount":0,"guestlists":null}},{"id":7,"createdAt":"2025-05-15T22:43:46.969361+02:00","updatedAt":"2025-05-15T22:43:46.969361+02:00","deletedAt":null,"createdById":null,"createdBy":null,"updatedById":null,"updatedBy":null,"deletedById":null,"deletedBy":null,"name":"Guestlist Roel","typeCode":false,"productId":3,"product":{"id":3,"createdAt":"2025-05-15T22:43:46.966987+02:00","updatedAt":"2025-05-15T22:43:46.966987+02:00","deletedAt":null,"createdById":null,"createdBy":null,"updatedById":null,"updatedBy":null,"deletedById":null,"deletedBy":null,"name":"🎟️ Free","netPrice":"0","vatRate":"0","wrapAfter":false,"hidden":false,"soldOut":false,"apiExport":true,"pos":3,"totalStock":0,"unitsSold":0,"soldOutRequestCount":0,"guestlists":null}},{"id":8,"createdAt":"2025-05-15T22:43:46.969794+02:00","updatedAt":"2025-05-15T22:43:46.969794+02:00","deletedAt":null,"createdById":null,"createdBy":null,"updatedById":null,"updatedBy":null,"deletedById":null,"deletedBy":null,"name":"Guestlist Edythe","typeCode":false,"productId":3,"product":{"id":3,"createdAt":"2025-05-15T22:43:46.966987+02:00","updatedAt":"2025-05-15T22:43:46.966987+02:00","deletedAt":null,"createdById":null,"createdBy":null,"updatedById":null,"updatedBy":null,"deletedById":null,"deletedBy":null,"name":"🎟️ Free","netPrice":"0","vatRate":"0","wrapAfter":false,"hidden":false,"soldOut":false,"apiExport":true,"pos":3,"totalStock":0,"unitsSold":0,"soldOutRequestCount":0,"guestlists":null}},{"id":9,"createdAt":"2025-05-15T22:43:46.97001+02:00","updatedAt":"2025-05-15T22:43:46.97001+02:00","deletedAt":null,"createdById":null,"createdBy":null,"updatedById":null,"updatedBy":null,"deletedById":null,"deletedBy":null,"name":"Guestlist Gudrun","typeCode":false,"productId":3,"product":{"id":3,"createdAt":"2025-05-15T22:43:46.966987+02:00","updatedAt":"2025-05-15T22:43:46.966987+02:00","deletedAt":null,"createdById":null,"createdBy":null,"updatedById":null,"updatedBy":null,"deletedById":null,"deletedBy":null,"name":"🎟️ Free","netPrice":"0","vatRate":"0","wrapAfter":false,"hidden":false,"soldOut":false,"apiExport":true,"pos":3,"totalStock":0,"unitsSold":0,"soldOutRequestCount":0,"guestlists":null}},{"id":10,"createdAt":"2025-05-15T22:43:46.97032+02:00","updatedAt":"2025-05-15T22:43:46.97032+02:00","deletedAt":null,"createdById":null,"createdBy":null,"updatedById":null,"updatedBy":null,"deletedById":null,"deletedBy":null,"name":"Guestlist Katharina","typeCode":false,"productId":3,"product":{"id":3,"createdAt":"2025-05-15T22:43:46.966987+02:00","updatedAt":"2025-05-15T22:43:46.966987+02:00","deletedAt":null,"createdById":null,"createdBy":null,"updatedById":null,"updatedBy":null,"deletedById":null,"deletedBy":null,"name":"🎟️ Free","netPrice":"0","vatRate":"0","wrapAfter":false,"hidden":false,"soldOut":false,"apiExport":true,"pos":3,"totalStock":0,"unitsSold":0,"soldOutRequestCount":0,"guestlists":null}}]
--- PASS: TestGetGuestlists (0.00s)
=== RUN   TestGetGuestlistsEmpty
    printer.go:116: GET /api/v2/guestlists?id=0 HTTP/1.1
        Authorization: Bearer eyJhbGciOiJIUzI1NiIsInR5cCI6IkpXVCJ9.eyJJRCI6MiwiZXhwIjoxNzQ3MzQyNDM2LCJvcmlnX2lhdCI6MTc0NzM0MTgzNn0.8TtapoGD-aAJe0hNakkjEEieN8Ej5rQRh8khNSE3BWg
        
[GIN] 2025/05/15 - 22:43:56 | 200 |     296.667µs |                 | GET      "/api/v2/guestlists?id=0"
    printer.go:133: HTTP/0.0 200 OK 300.917µs
        Content-Type: application/json; charset=utf-8
        X-Total-Count: 40
        
        []
--- PASS: TestGetGuestlistsEmpty (0.00s)
=== RUN   TestGetGuestlistsWithSort
    printer.go:116: GET /api/v2/guestlists?_sort=id HTTP/1.1
        Authorization: Bearer eyJhbGciOiJIUzI1NiIsInR5cCI6IkpXVCJ9.eyJJRCI6MiwiZXhwIjoxNzQ3MzQyNDM2LCJvcmlnX2lhdCI6MTc0NzM0MTgzNn0.8TtapoGD-aAJe0hNakkjEEieN8Ej5rQRh8khNSE3BWg
        
[GIN] 2025/05/15 - 22:43:56 | 200 |     379.958µs |                 | GET      "/api/v2/guestlists?_sort=id"
    printer.go:133: HTTP/0.0 200 OK 388.167µs
        Content-Type: application/json; charset=utf-8
        X-Total-Count: 40
        
        [{"id":1,"createdAt":"2025-05-15T22:43:46.967452+02:00","updatedAt":"2025-05-15T22:43:46.967452+02:00","deletedAt":null,"createdById":null,"createdBy":null,"updatedById":null,"updatedBy":null,"deletedById":null,"deletedBy":null,"name":"Reduces Digitale Kultur","typeCode":false,"productId":2,"product":{"id":2,"createdAt":"2025-05-15T22:43:46.966919+02:00","updatedAt":"2025-05-15T22:43:46.966919+02:00","deletedAt":null,"createdById":null,"createdBy":null,"updatedById":null,"updatedBy":null,"deletedById":null,"deletedBy":null,"name":"🎟️ Reduced","netPrice":"18.69","vatRate":"7","wrapAfter":false,"hidden":false,"soldOut":false,"apiExport":true,"pos":2,"totalStock":0,"unitsSold":0,"soldOutRequestCount":0,"guestlists":null}},{"id":2,"createdAt":"2025-05-15T22:43:46.967486+02:00","updatedAt":"2025-05-15T22:43:46.967486+02:00","deletedAt":null,"createdById":null,"createdBy":null,"updatedById":null,"updatedBy":null,"deletedById":null,"deletedBy":null,"name":"Long Distance","typeCode":false,"productId":2,"product":{"id":2,"createdAt":"2025-05-15T22:43:46.966919+02:00","updatedAt":"2025-05-15T22:43:46.966919+02:00","deletedAt":null,"createdById":null,"createdBy":null,"updatedById":null,"updatedBy":null,"deletedById":null,"deletedBy":null,"name":"🎟️ Reduced","netPrice":"18.69","vatRate":"7","wrapAfter":false,"hidden":false,"soldOut":false,"apiExport":true,"pos":2,"totalStock":0,"unitsSold":0,"soldOutRequestCount":0,"guestlists":null}},{"id":3,"createdAt":"2025-05-15T22:43:46.967522+02:00","updatedAt":"2025-05-15T22:43:46.967522+02:00","deletedAt":null,"createdById":null,"createdBy":null,"updatedById":null,"updatedBy":null,"deletedById":null,"deletedBy":null,"name":"Deine Tickets","typeCode":true,"productId":4,"product":{"id":4,"createdAt":"2025-05-15T22:43:46.96702+02:00","updatedAt":"2025-05-15T22:43:46.96702+02:00","deletedAt":null,"createdById":null,"createdBy":null,"updatedById":null,"updatedBy":null,"deletedById":null,"deletedBy":null,"name":"🎟️ Prepaid","netPrice":"0","vatRate":"0","wrapAfter":true,"hidden":false,"soldOut":false,"apiExport":true,"pos":4,"totalStock":0,"unitsSold":0,"soldOutRequestCount":0,"guestlists":null}},{"id":4,"createdAt":"2025-05-15T22:43:46.968757+02:00","updatedAt":"2025-05-15T22:43:46.968757+02:00","deletedAt":null,"createdById":null,"createdBy":null,"updatedById":null,"updatedBy":null,"deletedById":null,"deletedBy":null,"name":"Guestlist Neva","typeCode":false,"productId":3,"product":{"id":3,"createdAt":"2025-05-15T22:43:46.966987+02:00","updatedAt":"2025-05-15T22:43:46.966987+02:00","deletedAt":null,"createdById":null,"createdBy":null,"updatedById":null,"updatedBy":null,"deletedById":null,"deletedBy":null,"name":"🎟️ Free","netPrice":"0","vatRate":"0","wrapAfter":false,"hidden":false,"soldOut":false,"apiExport":true,"pos":3,"totalStock":0,"unitsSold":0,"soldOutRequestCount":0,"guestlists":null}},{"id":5,"createdAt":"2025-05-15T22:43:46.968953+02:00","updatedAt":"2025-05-15T22:43:46.968953+02:00","deletedAt":null,"createdById":null,"createdBy":null,"updatedById":null,"updatedBy":null,"deletedById":null,"deletedBy":null,"name":"Guestlist Bertram","typeCode":false,"productId":3,"product":{"id":3,"createdAt":"2025-05-15T22:43:46.966987+02:00","updatedAt":"2025-05-15T22:43:46.966987+02:00","deletedAt":null,"createdById":null,"createdBy":null,"updatedById":null,"updatedBy":null,"deletedById":null,"deletedBy":null,"name":"🎟️ Free","netPrice":"0","vatRate":"0","wrapAfter":false,"hidden":false,"soldOut":false,"apiExport":true,"pos":3,"totalStock":0,"unitsSold":0,"soldOutRequestCount":0,"guestlists":null}},{"id":6,"createdAt":"2025-05-15T22:43:46.969088+02:00","updatedAt":"2025-05-15T22:43:46.969088+02:00","deletedAt":null,"createdById":null,"createdBy":null,"updatedById":null,"updatedBy":null,"deletedById":null,"deletedBy":null,"name":"Guestlist Amelia","typeCode":false,"productId":3,"product":{"id":3,"createdAt":"2025-05-15T22:43:46.966987+02:00","updatedAt":"2025-05-15T22:43:46.966987+02:00","deletedAt":null,"createdById":null,"createdBy":null,"updatedById":null,"updatedBy":null,"deletedById":null,"deletedBy":null,"name":"🎟️ Free","netPrice":"0","vatRate":"0","wrapAfter":false,"hidden":false,"soldOut":false,"apiExport":true,"pos":3,"totalStock":0,"unitsSold":0,"soldOutRequestCount":0,"guestlists":null}},{"id":7,"createdAt":"2025-05-15T22:43:46.969361+02:00","updatedAt":"2025-05-15T22:43:46.969361+02:00","deletedAt":null,"createdById":null,"createdBy":null,"updatedById":null,"updatedBy":null,"deletedById":null,"deletedBy":null,"name":"Guestlist Roel","typeCode":false,"productId":3,"product":{"id":3,"createdAt":"2025-05-15T22:43:46.966987+02:00","updatedAt":"2025-05-15T22:43:46.966987+02:00","deletedAt":null,"createdById":null,"createdBy":null,"updatedById":null,"updatedBy":null,"deletedById":null,"deletedBy":null,"name":"🎟️ Free","netPrice":"0","vatRate":"0","wrapAfter":false,"hidden":false,"soldOut":false,"apiExport":true,"pos":3,"totalStock":0,"unitsSold":0,"soldOutRequestCount":0,"guestlists":null}},{"id":8,"createdAt":"2025-05-15T22:43:46.969794+02:00","updatedAt":"2025-05-15T22:43:46.969794+02:00","deletedAt":null,"createdById":null,"createdBy":null,"updatedById":null,"updatedBy":null,"deletedById":null,"deletedBy":null,"name":"Guestlist Edythe","typeCode":false,"productId":3,"product":{"id":3,"createdAt":"2025-05-15T22:43:46.966987+02:00","updatedAt":"2025-05-15T22:43:46.966987+02:00","deletedAt":null,"createdById":null,"createdBy":null,"updatedById":null,"updatedBy":null,"deletedById":null,"deletedBy":null,"name":"🎟️ Free","netPrice":"0","vatRate":"0","wrapAfter":false,"hidden":false,"soldOut":false,"apiExport":true,"pos":3,"totalStock":0,"unitsSold":0,"soldOutRequestCount":0,"guestlists":null}},{"id":9,"createdAt":"2025-05-15T22:43:46.97001+02:00","updatedAt":"2025-05-15T22:43:46.97001+02:00","deletedAt":null,"createdById":null,"createdBy":null,"updatedById":null,"updatedBy":null,"deletedById":null,"deletedBy":null,"name":"Guestlist Gudrun","typeCode":false,"productId":3,"product":{"id":3,"createdAt":"2025-05-15T22:43:46.966987+02:00","updatedAt":"2025-05-15T22:43:46.966987+02:00","deletedAt":null,"createdById":null,"createdBy":null,"updatedById":null,"updatedBy":null,"deletedById":null,"deletedBy":null,"name":"🎟️ Free","netPrice":"0","vatRate":"0","wrapAfter":false,"hidden":false,"soldOut":false,"apiExport":true,"pos":3,"totalStock":0,"unitsSold":0,"soldOutRequestCount":0,"guestlists":null}},{"id":10,"createdAt":"2025-05-15T22:43:46.97032+02:00","updatedAt":"2025-05-15T22:43:46.97032+02:00","deletedAt":null,"createdById":null,"createdBy":null,"updatedById":null,"updatedBy":null,"deletedById":null,"deletedBy":null,"name":"Guestlist Katharina","typeCode":false,"productId":3,"product":{"id":3,"createdAt":"2025-05-15T22:43:46.966987+02:00","updatedAt":"2025-05-15T22:43:46.966987+02:00","deletedAt":null,"createdById":null,"createdBy":null,"updatedById":null,"updatedBy":null,"deletedById":null,"deletedBy":null,"name":"🎟️ Free","netPrice":"0","vatRate":"0","wrapAfter":false,"hidden":false,"soldOut":false,"apiExport":true,"pos":3,"totalStock":0,"unitsSold":0,"soldOutRequestCount":0,"guestlists":null}}]
    printer.go:116: GET /api/v2/guestlists?_sort=name HTTP/1.1
        Authorization: Bearer eyJhbGciOiJIUzI1NiIsInR5cCI6IkpXVCJ9.eyJJRCI6MiwiZXhwIjoxNzQ3MzQyNDM2LCJvcmlnX2lhdCI6MTc0NzM0MTgzNn0.8TtapoGD-aAJe0hNakkjEEieN8Ej5rQRh8khNSE3BWg
        
[GIN] 2025/05/15 - 22:43:56 | 200 |     336.709µs |                 | GET      "/api/v2/guestlists?_sort=name"
    printer.go:133: HTTP/0.0 200 OK 343.125µs
        Content-Type: application/json; charset=utf-8
        X-Total-Count: 40
        
        [{"id":3,"createdAt":"2025-05-15T22:43:46.967522+02:00","updatedAt":"2025-05-15T22:43:46.967522+02:00","deletedAt":null,"createdById":null,"createdBy":null,"updatedById":null,"updatedBy":null,"deletedById":null,"deletedBy":null,"name":"Deine Tickets","typeCode":true,"productId":4,"product":{"id":4,"createdAt":"2025-05-15T22:43:46.96702+02:00","updatedAt":"2025-05-15T22:43:46.96702+02:00","deletedAt":null,"createdById":null,"createdBy":null,"updatedById":null,"updatedBy":null,"deletedById":null,"deletedBy":null,"name":"🎟️ Prepaid","netPrice":"0","vatRate":"0","wrapAfter":true,"hidden":false,"soldOut":false,"apiExport":true,"pos":4,"totalStock":0,"unitsSold":0,"soldOutRequestCount":0,"guestlists":null}},{"id":40,"createdAt":"2025-05-15T22:43:46.977791+02:00","updatedAt":"2025-05-15T22:43:46.977791+02:00","deletedAt":null,"createdById":null,"createdBy":null,"updatedById":null,"updatedBy":null,"deletedById":null,"deletedBy":null,"name":"Guestlist Alicia","typeCode":false,"productId":3,"product":{"id":3,"createdAt":"2025-05-15T22:43:46.966987+02:00","updatedAt":"2025-05-15T22:43:46.966987+02:00","deletedAt":null,"createdById":null,"createdBy":null,"updatedById":null,"updatedBy":null,"deletedById":null,"deletedBy":null,"name":"🎟️ Free","netPrice":"0","vatRate":"0","wrapAfter":false,"hidden":false,"soldOut":false,"apiExport":true,"pos":3,"totalStock":0,"unitsSold":0,"soldOutRequestCount":0,"guestlists":null}},{"id":6,"createdAt":"2025-05-15T22:43:46.969088+02:00","updatedAt":"2025-05-15T22:43:46.969088+02:00","deletedAt":null,"createdById":null,"createdBy":null,"updatedById":null,"updatedBy":null,"deletedById":null,"deletedBy":null,"name":"Guestlist Amelia","typeCode":false,"productId":3,"product":{"id":3,"createdAt":"2025-05-15T22:43:46.966987+02:00","updatedAt":"2025-05-15T22:43:46.966987+02:00","deletedAt":null,"createdById":null,"createdBy":null,"updatedById":null,"updatedBy":null,"deletedById":null,"deletedBy":null,"name":"🎟️ Free","netPrice":"0","vatRate":"0","wrapAfter":false,"hidden":false,"soldOut":false,"apiExport":true,"pos":3,"totalStock":0,"unitsSold":0,"soldOutRequestCount":0,"guestlists":null}},{"id":22,"createdAt":"2025-05-15T22:43:46.973556+02:00","updatedAt":"2025-05-15T22:43:46.973556+02:00","deletedAt":null,"createdById":null,"createdBy":null,"updatedById":null,"updatedBy":null,"deletedById":null,"deletedBy":null,"name":"Guestlist Autumn","typeCode":false,"productId":3,"product":{"id":3,"createdAt":"2025-05-15T22:43:46.966987+02:00","updatedAt":"2025-05-15T22:43:46.966987+02:00","deletedAt":null,"createdById":null,"createdBy":null,"updatedById":null,"updatedBy":null,"deletedById":null,"deletedBy":null,"name":"🎟️ Free","netPrice":"0","vatRate":"0","wrapAfter":false,"hidden":false,"soldOut":false,"apiExport":true,"pos":3,"totalStock":0,"unitsSold":0,"soldOutRequestCount":0,"guestlists":null}},{"id":16,"createdAt":"2025-05-15T22:43:46.972061+02:00","updatedAt":"2025-05-15T22:43:46.972061+02:00","deletedAt":null,"createdById":null,"createdBy":null,"updatedById":null,"updatedBy":null,"deletedById":null,"deletedBy":null,"name":"Guestlist Benny","typeCode":false,"productId":3,"product":{"id":3,"createdAt":"2025-05-15T22:43:46.966987+02:00","updatedAt":"2025-05-15T22:43:46.966987+02:00","deletedAt":null,"createdById":null,"createdBy":null,"updatedById":null,"updatedBy":null,"deletedById":null,"deletedBy":null,"name":"🎟️ Free","netPrice":"0","vatRate":"0","wrapAfter":false,"hidden":false,"soldOut":false,"apiExport":true,"pos":3,"totalStock":0,"unitsSold":0,"soldOutRequestCount":0,"guestlists":null}},{"id":35,"createdAt":"2025-05-15T22:43:46.975921+02:00","updatedAt":"2025-05-15T22:43:46.975921+02:00","deletedAt":null,"createdById":null,"createdBy":null,"updatedById":null,"updatedBy":null,"deletedById":null,"deletedBy":null,"name":"Guestlist Berry","typeCode":false,"productId":3,"product":{"id":3,"createdAt":"2025-05-15T22:43:46.966987+02:00","updatedAt":"2025-05-15T22:43:46.966987+02:00","deletedAt":null,"createdById":null,"createdBy":null,"updatedById":null,"updatedBy":null,"deletedById":null,"deletedBy":null,"name":"🎟️ Free","netPrice":"0","vatRate":"0","wrapAfter":false,"hidden":false,"soldOut":false,"apiExport":true,"pos":3,"totalStock":0,"unitsSold":0,"soldOutRequestCount":0,"guestlists":null}},{"id":5,"createdAt":"2025-05-15T22:43:46.968953+02:00","updatedAt":"2025-05-15T22:43:46.968953+02:00","deletedAt":null,"createdById":null,"createdBy":null,"updatedById":null,"updatedBy":null,"deletedById":null,"deletedBy":null,"name":"Guestlist Bertram","typeCode":false,"productId":3,"product":{"id":3,"createdAt":"2025-05-15T22:43:46.966987+02:00","updatedAt":"2025-05-15T22:43:46.966987+02:00","deletedAt":null,"createdById":null,"createdBy":null,"updatedById":null,"updatedBy":null,"deletedById":null,"deletedBy":null,"name":"🎟️ Free","netPrice":"0","vatRate":"0","wrapAfter":false,"hidden":false,"soldOut":false,"apiExport":true,"pos":3,"totalStock":0,"unitsSold":0,"soldOutRequestCount":0,"guestlists":null}},{"id":27,"createdAt":"2025-05-15T22:43:46.974393+02:00","updatedAt":"2025-05-15T22:43:46.974393+02:00","deletedAt":null,"createdById":null,"createdBy":null,"updatedById":null,"updatedBy":null,"deletedById":null,"deletedBy":null,"name":"Guestlist Breanna","typeCode":false,"productId":3,"product":{"id":3,"createdAt":"2025-05-15T22:43:46.966987+02:00","updatedAt":"2025-05-15T22:43:46.966987+02:00","deletedAt":null,"createdById":null,"createdBy":null,"updatedById":null,"updatedBy":null,"deletedById":null,"deletedBy":null,"name":"🎟️ Free","netPrice":"0","vatRate":"0","wrapAfter":false,"hidden":false,"soldOut":false,"apiExport":true,"pos":3,"totalStock":0,"unitsSold":0,"soldOutRequestCount":0,"guestlists":null}},{"id":25,"createdAt":"2025-05-15T22:43:46.974035+02:00","updatedAt":"2025-05-15T22:43:46.974035+02:00","deletedAt":null,"createdById":null,"createdBy":null,"updatedById":null,"updatedBy":null,"deletedById":null,"deletedBy":null,"name":"Guestlist Crystel","typeCode":false,"productId":3,"product":{"id":3,"createdAt":"2025-05-15T22:43:46.966987+02:00","updatedAt":"2025-05-15T22:43:46.966987+02:00","deletedAt":null,"createdById":null,"createdBy":null,"updatedById":null,"updatedBy":null,"deletedById":null,"deletedBy":null,"name":"🎟️ Free","netPrice":"0","vatRate":"0","wrapAfter":false,"hidden":false,"soldOut":false,"apiExport":true,"pos":3,"totalStock":0,"unitsSold":0,"soldOutRequestCount":0,"guestlists":null}},{"id":15,"createdAt":"2025-05-15T22:43:46.97193+02:00","updatedAt":"2025-05-15T22:43:46.97193+02:00","deletedAt":null,"createdById":null,"createdBy":null,"updatedById":null,"updatedBy":null,"deletedById":null,"deletedBy":null,"name":"Guestlist Daija","typeCode":false,"productId":3,"product":{"id":3,"createdAt":"2025-05-15T22:43:46.966987+02:00","updatedAt":"2025-05-15T22:43:46.966987+02:00","deletedAt":null,"createdById":null,"createdBy":null,"updatedById":null,"updatedBy":null,"deletedById":null,"deletedBy":null,"name":"🎟️ Free","netPrice":"0","vatRate":"0","wrapAfter":false,"hidden":false,"soldOut":false,"apiExport":true,"pos":3,"totalStock":0,"unitsSold":0,"soldOutRequestCount":0,"guestlists":null}}]
--- PASS: TestGetGuestlistsWithSort (0.00s)
=== RUN   TestGetGuestlistsWithQuery
    printer.go:116: GET /api/v2/guestlists?q=Guestlist HTTP/1.1
        Authorization: Bearer eyJhbGciOiJIUzI1NiIsInR5cCI6IkpXVCJ9.eyJJRCI6MiwiZXhwIjoxNzQ3MzQyNDM2LCJvcmlnX2lhdCI6MTc0NzM0MTgzNn0.8TtapoGD-aAJe0hNakkjEEieN8Ej5rQRh8khNSE3BWg
        
[GIN] 2025/05/15 - 22:43:56 | 200 |     381.708µs |                 | GET      "/api/v2/guestlists?q=Guestlist"
    printer.go:133: HTTP/0.0 200 OK 390.917µs
        Content-Type: application/json; charset=utf-8
        X-Total-Count: 40
        
        [{"id":4,"createdAt":"2025-05-15T22:43:46.968757+02:00","updatedAt":"2025-05-15T22:43:46.968757+02:00","deletedAt":null,"createdById":null,"createdBy":null,"updatedById":null,"updatedBy":null,"deletedById":null,"deletedBy":null,"name":"Guestlist Neva","typeCode":false,"productId":3,"product":{"id":3,"createdAt":"2025-05-15T22:43:46.966987+02:00","updatedAt":"2025-05-15T22:43:46.966987+02:00","deletedAt":null,"createdById":null,"createdBy":null,"updatedById":null,"updatedBy":null,"deletedById":null,"deletedBy":null,"name":"🎟️ Free","netPrice":"0","vatRate":"0","wrapAfter":false,"hidden":false,"soldOut":false,"apiExport":true,"pos":3,"totalStock":0,"unitsSold":0,"soldOutRequestCount":0,"guestlists":null}},{"id":5,"createdAt":"2025-05-15T22:43:46.968953+02:00","updatedAt":"2025-05-15T22:43:46.968953+02:00","deletedAt":null,"createdById":null,"createdBy":null,"updatedById":null,"updatedBy":null,"deletedById":null,"deletedBy":null,"name":"Guestlist Bertram","typeCode":false,"productId":3,"product":{"id":3,"createdAt":"2025-05-15T22:43:46.966987+02:00","updatedAt":"2025-05-15T22:43:46.966987+02:00","deletedAt":null,"createdById":null,"createdBy":null,"updatedById":null,"updatedBy":null,"deletedById":null,"deletedBy":null,"name":"🎟️ Free","netPrice":"0","vatRate":"0","wrapAfter":false,"hidden":false,"soldOut":false,"apiExport":true,"pos":3,"totalStock":0,"unitsSold":0,"soldOutRequestCount":0,"guestlists":null}},{"id":6,"createdAt":"2025-05-15T22:43:46.969088+02:00","updatedAt":"2025-05-15T22:43:46.969088+02:00","deletedAt":null,"createdById":null,"createdBy":null,"updatedById":null,"updatedBy":null,"deletedById":null,"deletedBy":null,"name":"Guestlist Amelia","typeCode":false,"productId":3,"product":{"id":3,"createdAt":"2025-05-15T22:43:46.966987+02:00","updatedAt":"2025-05-15T22:43:46.966987+02:00","deletedAt":null,"createdById":null,"createdBy":null,"updatedById":null,"updatedBy":null,"deletedById":null,"deletedBy":null,"name":"🎟️ Free","netPrice":"0","vatRate":"0","wrapAfter":false,"hidden":false,"soldOut":false,"apiExport":true,"pos":3,"totalStock":0,"unitsSold":0,"soldOutRequestCount":0,"guestlists":null}},{"id":7,"createdAt":"2025-05-15T22:43:46.969361+02:00","updatedAt":"2025-05-15T22:43:46.969361+02:00","deletedAt":null,"createdById":null,"createdBy":null,"updatedById":null,"updatedBy":null,"deletedById":null,"deletedBy":null,"name":"Guestlist Roel","typeCode":false,"productId":3,"product":{"id":3,"createdAt":"2025-05-15T22:43:46.966987+02:00","updatedAt":"2025-05-15T22:43:46.966987+02:00","deletedAt":null,"createdById":null,"createdBy":null,"updatedById":null,"updatedBy":null,"deletedById":null,"deletedBy":null,"name":"🎟️ Free","netPrice":"0","vatRate":"0","wrapAfter":false,"hidden":false,"soldOut":false,"apiExport":true,"pos":3,"totalStock":0,"unitsSold":0,"soldOutRequestCount":0,"guestlists":null}},{"id":8,"createdAt":"2025-05-15T22:43:46.969794+02:00","updatedAt":"2025-05-15T22:43:46.969794+02:00","deletedAt":null,"createdById":null,"createdBy":null,"updatedById":null,"updatedBy":null,"deletedById":null,"deletedBy":null,"name":"Guestlist Edythe","typeCode":false,"productId":3,"product":{"id":3,"createdAt":"2025-05-15T22:43:46.966987+02:00","updatedAt":"2025-05-15T22:43:46.966987+02:00","deletedAt":null,"createdById":null,"createdBy":null,"updatedById":null,"updatedBy":null,"deletedById":null,"deletedBy":null,"name":"🎟️ Free","netPrice":"0","vatRate":"0","wrapAfter":false,"hidden":false,"soldOut":false,"apiExport":true,"pos":3,"totalStock":0,"unitsSold":0,"soldOutRequestCount":0,"guestlists":null}},{"id":9,"createdAt":"2025-05-15T22:43:46.97001+02:00","updatedAt":"2025-05-15T22:43:46.97001+02:00","deletedAt":null,"createdById":null,"createdBy":null,"updatedById":null,"updatedBy":null,"deletedById":null,"deletedBy":null,"name":"Guestlist Gudrun","typeCode":false,"productId":3,"product":{"id":3,"createdAt":"2025-05-15T22:43:46.966987+02:00","updatedAt":"2025-05-15T22:43:46.966987+02:00","deletedAt":null,"createdById":null,"createdBy":null,"updatedById":null,"updatedBy":null,"deletedById":null,"deletedBy":null,"name":"🎟️ Free","netPrice":"0","vatRate":"0","wrapAfter":false,"hidden":false,"soldOut":false,"apiExport":true,"pos":3,"totalStock":0,"unitsSold":0,"soldOutRequestCount":0,"guestlists":null}},{"id":10,"createdAt":"2025-05-15T22:43:46.97032+02:00","updatedAt":"2025-05-15T22:43:46.97032+02:00","deletedAt":null,"createdById":null,"createdBy":null,"updatedById":null,"updatedBy":null,"deletedById":null,"deletedBy":null,"name":"Guestlist Katharina","typeCode":false,"productId":3,"product":{"id":3,"createdAt":"2025-05-15T22:43:46.966987+02:00","updatedAt":"2025-05-15T22:43:46.966987+02:00","deletedAt":null,"createdById":null,"createdBy":null,"updatedById":null,"updatedBy":null,"deletedById":null,"deletedBy":null,"name":"🎟️ Free","netPrice":"0","vatRate":"0","wrapAfter":false,"hidden":false,"soldOut":false,"apiExport":true,"pos":3,"totalStock":0,"unitsSold":0,"soldOutRequestCount":0,"guestlists":null}},{"id":11,"createdAt":"2025-05-15T22:43:46.970533+02:00","updatedAt":"2025-05-15T22:43:46.970533+02:00","deletedAt":null,"createdById":null,"createdBy":null,"updatedById":null,"updatedBy":null,"deletedById":null,"deletedBy":null,"name":"Guestlist Gerda","typeCode":false,"productId":3,"product":{"id":3,"createdAt":"2025-05-15T22:43:46.966987+02:00","updatedAt":"2025-05-15T22:43:46.966987+02:00","deletedAt":null,"createdById":null,"createdBy":null,"updatedById":null,"updatedBy":null,"deletedById":null,"deletedBy":null,"name":"🎟️ Free","netPrice":"0","vatRate":"0","wrapAfter":false,"hidden":false,"soldOut":false,"apiExport":true,"pos":3,"totalStock":0,"unitsSold":0,"soldOutRequestCount":0,"guestlists":null}},{"id":12,"createdAt":"2025-05-15T22:43:46.970813+02:00","updatedAt":"2025-05-15T22:43:46.970813+02:00","deletedAt":null,"createdById":null,"createdBy":null,"updatedById":null,"updatedBy":null,"deletedById":null,"deletedBy":null,"name":"Guestlist Laverna","typeCode":false,"productId":3,"product":{"id":3,"createdAt":"2025-05-15T22:43:46.966987+02:00","updatedAt":"2025-05-15T22:43:46.966987+02:00","deletedAt":null,"createdById":null,"createdBy":null,"updatedById":null,"updatedBy":null,"deletedById":null,"deletedBy":null,"name":"🎟️ Free","netPrice":"0","vatRate":"0","wrapAfter":false,"hidden":false,"soldOut":false,"apiExport":true,"pos":3,"totalStock":0,"unitsSold":0,"soldOutRequestCount":0,"guestlists":null}},{"id":13,"createdAt":"2025-05-15T22:43:46.97109+02:00","updatedAt":"2025-05-15T22:43:46.97109+02:00","deletedAt":null,"createdById":null,"createdBy":null,"updatedById":null,"updatedBy":null,"deletedById":null,"deletedBy":null,"name":"Guestlist Mekhi","typeCode":false,"productId":3,"product":{"id":3,"createdAt":"2025-05-15T22:43:46.966987+02:00","updatedAt":"2025-05-15T22:43:46.966987+02:00","deletedAt":null,"createdById":null,"createdBy":null,"updatedById":null,"updatedBy":null,"deletedById":null,"deletedBy":null,"name":"🎟️ Free","netPrice":"0","vatRate":"0","wrapAfter":false,"hidden":false,"soldOut":false,"apiExport":true,"pos":3,"totalStock":0,"unitsSold":0,"soldOutRequestCount":0,"guestlists":null}}]
--- PASS: TestGetGuestlistsWithQuery (0.00s)
=== RUN   TestGetGuestlist
    printer.go:116: GET /api/v2/guestlists/1 HTTP/1.1
        Authorization: Bearer eyJhbGciOiJIUzI1NiIsInR5cCI6IkpXVCJ9.eyJJRCI6MiwiZXhwIjoxNzQ3MzQyNDM2LCJvcmlnX2lhdCI6MTc0NzM0MTgzNn0.8TtapoGD-aAJe0hNakkjEEieN8Ej5rQRh8khNSE3BWg
        
[GIN] 2025/05/15 - 22:43:56 | 200 |     298.583µs |                 | GET      "/api/v2/guestlists/1"
    printer.go:133: HTTP/0.0 200 OK 307.209µs
        Content-Type: application/json; charset=utf-8
        
        {"id":1,"createdAt":"2025-05-15T22:43:46.967452+02:00","updatedAt":"2025-05-15T22:43:46.967452+02:00","deletedAt":null,"createdById":null,"createdBy":null,"updatedById":null,"updatedBy":null,"deletedById":null,"deletedBy":null,"name":"Reduces Digitale Kultur","typeCode":false,"productId":2,"product":{"id":0,"createdAt":"0001-01-01T00:00:00Z","updatedAt":"0001-01-01T00:00:00Z","deletedAt":null,"createdById":null,"createdBy":null,"updatedById":null,"updatedBy":null,"deletedById":null,"deletedBy":null,"name":"","netPrice":"0","vatRate":"0","wrapAfter":false,"hidden":false,"soldOut":false,"apiExport":false,"pos":0,"totalStock":0,"unitsSold":0,"soldOutRequestCount":0,"guestlists":null}}
--- PASS: TestGetGuestlist (0.00s)
=== RUN   TestCreateUpdateAndDeleteGuestList
    printer.go:116: POST /api/v2/guestlists HTTP/1.1
        Authorization: Bearer eyJhbGciOiJIUzI1NiIsInR5cCI6IkpXVCJ9.eyJJRCI6MiwiZXhwIjoxNzQ3MzQyNDM2LCJvcmlnX2lhdCI6MTc0NzM0MTgzNn0.8TtapoGD-aAJe0hNakkjEEieN8Ej5rQRh8khNSE3BWg
        Content-Type: application/json; charset=utf-8
        
        {"name":"Test List","productId":2,"typeCode":false}
[GIN] 2025/05/15 - 22:43:56 | 201 |     693.583µs |                 | POST     "/api/v2/guestlists"
    printer.go:133: HTTP/0.0 201 Created 699.417µs
        Content-Type: application/json; charset=utf-8
        
        {"id":41,"createdAt":"2025-05-15T22:43:56.590516+02:00","updatedAt":"2025-05-15T22:43:56.590516+02:00","deletedAt":null,"createdById":2,"createdBy":null,"updatedById":null,"updatedBy":null,"deletedById":null,"deletedBy":null,"name":"Test List","typeCode":false,"productId":2,"product":{"id":0,"createdAt":"0001-01-01T00:00:00Z","updatedAt":"0001-01-01T00:00:00Z","deletedAt":null,"createdById":null,"createdBy":null,"updatedById":null,"updatedBy":null,"deletedById":null,"deletedBy":null,"name":"","netPrice":"0","vatRate":"0","wrapAfter":false,"hidden":false,"soldOut":false,"apiExport":false,"pos":0,"totalStock":0,"unitsSold":0,"soldOutRequestCount":0,"guestlists":null}}
    printer.go:116: GET /api/v2/guestlists/41 HTTP/1.1
        Authorization: Bearer eyJhbGciOiJIUzI1NiIsInR5cCI6IkpXVCJ9.eyJJRCI6MiwiZXhwIjoxNzQ3MzQyNDM2LCJvcmlnX2lhdCI6MTc0NzM0MTgzNn0.8TtapoGD-aAJe0hNakkjEEieN8Ej5rQRh8khNSE3BWg
        
[GIN] 2025/05/15 - 22:43:56 | 200 |       43.75µs |                 | GET      "/api/v2/guestlists/41"
    printer.go:133: HTTP/0.0 200 OK 47.5µs
        Content-Type: application/json; charset=utf-8
        
        {"id":41,"createdAt":"2025-05-15T22:43:56.590516+02:00","updatedAt":"2025-05-15T22:43:56.590516+02:00","deletedAt":null,"createdById":2,"createdBy":null,"updatedById":null,"updatedBy":null,"deletedById":null,"deletedBy":null,"name":"Test List","typeCode":false,"productId":2,"product":{"id":0,"createdAt":"0001-01-01T00:00:00Z","updatedAt":"0001-01-01T00:00:00Z","deletedAt":null,"createdById":null,"createdBy":null,"updatedById":null,"updatedBy":null,"deletedById":null,"deletedBy":null,"name":"","netPrice":"0","vatRate":"0","wrapAfter":false,"hidden":false,"soldOut":false,"apiExport":false,"pos":0,"totalStock":0,"unitsSold":0,"soldOutRequestCount":0,"guestlists":null}}
    printer.go:116: PUT /api/v2/guestlists/41 HTTP/1.1
        Authorization: Bearer eyJhbGciOiJIUzI1NiIsInR5cCI6IkpXVCJ9.eyJJRCI6MiwiZXhwIjoxNzQ3MzQyNDM2LCJvcmlnX2lhdCI6MTc0NzM0MTgzNn0.8TtapoGD-aAJe0hNakkjEEieN8Ej5rQRh8khNSE3BWg
        Content-Type: application/json; charset=utf-8
        
        {"name":"Test List Updated","productId":2,"typeCode":false}
[GIN] 2025/05/15 - 22:43:56 | 200 |     133.875µs |                 | PUT      "/api/v2/guestlists/41"
    printer.go:133: HTTP/0.0 200 OK 138.25µs
        Content-Type: application/json; charset=utf-8
        
        {"id":41,"createdAt":"2025-05-15T22:43:56.590516+02:00","updatedAt":"2025-05-15T22:43:56.590876+02:00","deletedAt":null,"createdById":2,"createdBy":null,"updatedById":2,"updatedBy":null,"deletedById":null,"deletedBy":null,"name":"Test List Updated","typeCode":false,"productId":2,"product":{"id":0,"createdAt":"0001-01-01T00:00:00Z","updatedAt":"0001-01-01T00:00:00Z","deletedAt":null,"createdById":null,"createdBy":null,"updatedById":null,"updatedBy":null,"deletedById":null,"deletedBy":null,"name":"","netPrice":"0","vatRate":"0","wrapAfter":false,"hidden":false,"soldOut":false,"apiExport":false,"pos":0,"totalStock":0,"unitsSold":0,"soldOutRequestCount":0,"guestlists":null}}
    printer.go:116: GET /api/v2/guestlists/41 HTTP/1.1
        Authorization: Bearer eyJhbGciOiJIUzI1NiIsInR5cCI6IkpXVCJ9.eyJJRCI6MiwiZXhwIjoxNzQ3MzQyNDM2LCJvcmlnX2lhdCI6MTc0NzM0MTgzNn0.8TtapoGD-aAJe0hNakkjEEieN8Ej5rQRh8khNSE3BWg
        
[GIN] 2025/05/15 - 22:43:56 | 200 |      40.375µs |                 | GET      "/api/v2/guestlists/41"
    printer.go:133: HTTP/0.0 200 OK 44.917µs
        Content-Type: application/json; charset=utf-8
        
        {"id":41,"createdAt":"2025-05-15T22:43:56.590516+02:00","updatedAt":"2025-05-15T22:43:56.590876+02:00","deletedAt":null,"createdById":2,"createdBy":null,"updatedById":2,"updatedBy":null,"deletedById":null,"deletedBy":null,"name":"Test List Updated","typeCode":false,"productId":2,"product":{"id":0,"createdAt":"0001-01-01T00:00:00Z","updatedAt":"0001-01-01T00:00:00Z","deletedAt":null,"createdById":null,"createdBy":null,"updatedById":null,"updatedBy":null,"deletedById":null,"deletedBy":null,"name":"","netPrice":"0","vatRate":"0","wrapAfter":false,"hidden":false,"soldOut":false,"apiExport":false,"pos":0,"totalStock":0,"unitsSold":0,"soldOutRequestCount":0,"guestlists":null}}
    printer.go:116: DELETE /api/v2/guestlists/41 HTTP/1.1
        Authorization: Bearer eyJhbGciOiJIUzI1NiIsInR5cCI6IkpXVCJ9.eyJJRCI6MiwiZXhwIjoxNzQ3MzQyNDM2LCJvcmlnX2lhdCI6MTc0NzM0MTgzNn0.8TtapoGD-aAJe0hNakkjEEieN8Ej5rQRh8khNSE3BWg
        
[GIN] 2025/05/15 - 22:43:56 | 200 |     443.708µs |                 | DELETE   "/api/v2/guestlists/41"
    printer.go:133: HTTP/0.0 200 OK 452.083µs
        Content-Type: application/json; charset=utf-8
        
        {}
    printer.go:116: GET /api/v2/guestlists/41 HTTP/1.1
        Authorization: Bearer eyJhbGciOiJIUzI1NiIsInR5cCI6IkpXVCJ9.eyJJRCI6MiwiZXhwIjoxNzQ3MzQyNDM2LCJvcmlnX2lhdCI6MTc0NzM0MTgzNn0.8TtapoGD-aAJe0hNakkjEEieN8Ej5rQRh8khNSE3BWg
        

2025/05/15 22:43:56 [31;1m/Users/stefan/PhpstormProjects/die-kassa/backend/internal/app/repository/guestlist.go:68 [35;1mrecord not found
[0m[33m[0.015ms] [34;1m[rows:0][0m SELECT * FROM `guestlists` WHERE `guestlists`.`id` = 41 AND `guestlists`.`deleted_at` IS NULL ORDER BY `guestlists`.`id` LIMIT 1
[GIN] 2025/05/15 - 22:43:56 | 404 |      39.292µs |                 | GET      "/api/v2/guestlists/41"
Error #01: Not Found
    printer.go:133: HTTP/0.0 404 Not Found 51.583µs
        Content-Type: application/json; charset=utf-8
        
        {"details":"guestlist not found","error":"Not Found"}
--- PASS: TestCreateUpdateAndDeleteGuestList (0.00s)
=== RUN   TestGuestlistAuthentication
    printer.go:116: GET /api/v2/guestlists HTTP/1.1
        
[GIN] 2025/05/15 - 22:43:56 | 401 |      13.125µs |                 | GET      "/api/v2/guestlists"
    printer.go:133: HTTP/0.0 401 Unauthorized 19.292µs
        Content-Type: application/json; charset=utf-8
        Www-Authenticate: JWT realm=gin jwt
        
        {"code":401,"message":"cookie token is empty"}
    printer.go:116: GET /api/v2/guestlists/1 HTTP/1.1
        
[GIN] 2025/05/15 - 22:43:56 | 401 |      11.583µs |                 | GET      "/api/v2/guestlists/1"
    printer.go:133: HTTP/0.0 401 Unauthorized 15.791µs
        Content-Type: application/json; charset=utf-8
        Www-Authenticate: JWT realm=gin jwt
        
        {"code":401,"message":"cookie token is empty"}
    printer.go:116: POST /api/v2/guestlists HTTP/1.1
        
[GIN] 2025/05/15 - 22:43:56 | 401 |       4.834µs |                 | POST     "/api/v2/guestlists"
    printer.go:133: HTTP/0.0 401 Unauthorized 12.416µs
        Content-Type: application/json; charset=utf-8
        Www-Authenticate: JWT realm=gin jwt
        
        {"code":401,"message":"cookie token is empty"}
    printer.go:116: PUT /api/v2/guestlists/1 HTTP/1.1
        
[GIN] 2025/05/15 - 22:43:56 | 401 |       4.291µs |                 | PUT      "/api/v2/guestlists/1"
    printer.go:133: HTTP/0.0 401 Unauthorized 11.416µs
        Content-Type: application/json; charset=utf-8
        Www-Authenticate: JWT realm=gin jwt
        
        {"code":401,"message":"cookie token is empty"}
    printer.go:116: DELETE /api/v2/guestlists/1 HTTP/1.1
        
[GIN] 2025/05/15 - 22:43:56 | 401 |        5.25µs |                 | DELETE   "/api/v2/guestlists/1"
    printer.go:133: HTTP/0.0 401 Unauthorized 9.042µs
        Content-Type: application/json; charset=utf-8
        Www-Authenticate: JWT realm=gin jwt
        
        {"code":401,"message":"cookie token is empty"}
--- PASS: TestGuestlistAuthentication (0.00s)
=== RUN   TestGetProductInterest
    printer.go:116: GET /api/v2/productInterests HTTP/1.1
        Authorization: Bearer eyJhbGciOiJIUzI1NiIsInR5cCI6IkpXVCJ9.eyJJRCI6MiwiZXhwIjoxNzQ3MzQyNDM2LCJvcmlnX2lhdCI6MTc0NzM0MTgzNn0.8TtapoGD-aAJe0hNakkjEEieN8Ej5rQRh8khNSE3BWg
        
[GIN] 2025/05/15 - 22:43:56 | 200 |     410.083µs |                 | GET      "/api/v2/productInterests"
    printer.go:133: HTTP/0.0 200 OK 424.833µs
        Content-Type: application/json; charset=utf-8
        X-Total-Count: 0
        
        []
--- PASS: TestGetProductInterest (0.00s)
=== RUN   TestGetProductInterestsWithSort
    printer.go:116: GET /api/v2/productInterests?_sort=id HTTP/1.1
        Authorization: Bearer eyJhbGciOiJIUzI1NiIsInR5cCI6IkpXVCJ9.eyJJRCI6MiwiZXhwIjoxNzQ3MzQyNDM2LCJvcmlnX2lhdCI6MTc0NzM0MTgzNn0.8TtapoGD-aAJe0hNakkjEEieN8Ej5rQRh8khNSE3BWg
        
[GIN] 2025/05/15 - 22:43:56 | 200 |     392.208µs |                 | GET      "/api/v2/productInterests?_sort=id"
    printer.go:133: HTTP/0.0 200 OK 400.959µs
        Content-Type: application/json; charset=utf-8
        X-Total-Count: 0
        
        []
    printer.go:116: GET /api/v2/productInterests?_sort=pos HTTP/1.1
        Authorization: Bearer eyJhbGciOiJIUzI1NiIsInR5cCI6IkpXVCJ9.eyJJRCI6MiwiZXhwIjoxNzQ3MzQyNDM2LCJvcmlnX2lhdCI6MTc0NzM0MTgzNn0.8TtapoGD-aAJe0hNakkjEEieN8Ej5rQRh8khNSE3BWg
        
[GIN] 2025/05/15 - 22:43:56 | 200 |      33.541µs |                 | GET      "/api/v2/productInterests?_sort=pos"
    printer.go:133: HTTP/0.0 200 OK 37.209µs
        Content-Type: application/json; charset=utf-8
        X-Total-Count: 0
        
        []
    printer.go:116: GET /api/v2/productInterests?_sort=createdAt HTTP/1.1
        Authorization: Bearer eyJhbGciOiJIUzI1NiIsInR5cCI6IkpXVCJ9.eyJJRCI6MiwiZXhwIjoxNzQ3MzQyNDM2LCJvcmlnX2lhdCI6MTc0NzM0MTgzNn0.8TtapoGD-aAJe0hNakkjEEieN8Ej5rQRh8khNSE3BWg
        
[GIN] 2025/05/15 - 22:43:56 | 200 |       36.25µs |                 | GET      "/api/v2/productInterests?_sort=createdAt"
    printer.go:133: HTTP/0.0 200 OK 40.333µs
        Content-Type: application/json; charset=utf-8
        X-Total-Count: 0
        
        []
    printer.go:116: GET /api/v2/productInterests?_sort=product.id HTTP/1.1
        Authorization: Bearer eyJhbGciOiJIUzI1NiIsInR5cCI6IkpXVCJ9.eyJJRCI6MiwiZXhwIjoxNzQ3MzQyNDM2LCJvcmlnX2lhdCI6MTc0NzM0MTgzNn0.8TtapoGD-aAJe0hNakkjEEieN8Ej5rQRh8khNSE3BWg
        
[GIN] 2025/05/15 - 22:43:56 | 200 |      40.125µs |                 | GET      "/api/v2/productInterests?_sort=product.id"
    printer.go:133: HTTP/0.0 200 OK 48µs
        Content-Type: application/json; charset=utf-8
        X-Total-Count: 0
        
        []
    printer.go:116: GET /api/v2/productInterests?_sort=product.name HTTP/1.1
        Authorization: Bearer eyJhbGciOiJIUzI1NiIsInR5cCI6IkpXVCJ9.eyJJRCI6MiwiZXhwIjoxNzQ3MzQyNDM2LCJvcmlnX2lhdCI6MTc0NzM0MTgzNn0.8TtapoGD-aAJe0hNakkjEEieN8Ej5rQRh8khNSE3BWg
        
[GIN] 2025/05/15 - 22:43:56 | 200 |      44.916µs |                 | GET      "/api/v2/productInterests?_sort=product.name"
    printer.go:133: HTTP/0.0 200 OK 49.416µs
        Content-Type: application/json; charset=utf-8
        X-Total-Count: 0
        
        []
--- PASS: TestGetProductInterestsWithSort (0.00s)
=== RUN   TestCreateAndDeleteProductInterest
    printer.go:116: POST /api/v2/productInterests HTTP/1.1
        Authorization: Bearer eyJhbGciOiJIUzI1NiIsInR5cCI6IkpXVCJ9.eyJJRCI6MiwiZXhwIjoxNzQ3MzQyNDM2LCJvcmlnX2lhdCI6MTc0NzM0MTgzNn0.8TtapoGD-aAJe0hNakkjEEieN8Ej5rQRh8khNSE3BWg
        Content-Type: application/json; charset=utf-8
        
        {"productId":1}
[GIN] 2025/05/15 - 22:43:56 | 201 |     433.208µs |                 | POST     "/api/v2/productInterests"
    printer.go:133: HTTP/0.0 201 Created 442.334µs
        Content-Type: application/json; charset=utf-8
        
        {"id":1,"createdAt":"2025-05-15T22:43:56.593899+02:00","updatedAt":"2025-05-15T22:43:56.593899+02:00","deletedAt":null,"createdById":2,"createdBy":null,"updatedById":null,"updatedBy":null,"deletedById":null,"deletedBy":null,"productID":1,"product":{"id":0,"createdAt":"0001-01-01T00:00:00Z","updatedAt":"0001-01-01T00:00:00Z","deletedAt":null,"createdById":null,"createdBy":null,"updatedById":null,"updatedBy":null,"deletedById":null,"deletedBy":null,"name":"","netPrice":"0","vatRate":"0","wrapAfter":false,"hidden":false,"soldOut":false,"apiExport":false,"pos":0,"totalStock":0,"unitsSold":0,"soldOutRequestCount":0,"guestlists":null}}
    printer.go:116: GET /api/v2/productInterests HTTP/1.1
        Authorization: Bearer eyJhbGciOiJIUzI1NiIsInR5cCI6IkpXVCJ9.eyJJRCI6MiwiZXhwIjoxNzQ3MzQyNDM2LCJvcmlnX2lhdCI6MTc0NzM0MTgzNn0.8TtapoGD-aAJe0hNakkjEEieN8Ej5rQRh8khNSE3BWg
        
[GIN] 2025/05/15 - 22:43:56 | 200 |        78.5µs |                 | GET      "/api/v2/productInterests"
    printer.go:133: HTTP/0.0 200 OK 81.792µs
        Content-Type: application/json; charset=utf-8
        X-Total-Count: 1
        
        [{"id":1,"createdAt":"2025-05-15T22:43:56.593899+02:00","updatedAt":"2025-05-15T22:43:56.593899+02:00","deletedAt":null,"createdById":2,"createdBy":null,"updatedById":null,"updatedBy":null,"deletedById":null,"deletedBy":null,"productID":1,"product":{"id":1,"createdAt":"2025-05-15T22:43:46.966802+02:00","updatedAt":"2025-05-15T22:43:46.966802+02:00","deletedAt":null,"createdById":null,"createdBy":null,"updatedById":null,"updatedBy":null,"deletedById":null,"deletedBy":null,"name":"🎟️ Regular","netPrice":"37.38","vatRate":"7","wrapAfter":false,"hidden":false,"soldOut":false,"apiExport":true,"pos":1,"totalStock":0,"unitsSold":0,"soldOutRequestCount":0,"guestlists":null}}]
    printer.go:116: DELETE /api/v2/productInterests/1 HTTP/1.1
        Authorization: Bearer eyJhbGciOiJIUzI1NiIsInR5cCI6IkpXVCJ9.eyJJRCI6MiwiZXhwIjoxNzQ3MzQyNDM2LCJvcmlnX2lhdCI6MTc0NzM0MTgzNn0.8TtapoGD-aAJe0hNakkjEEieN8Ej5rQRh8khNSE3BWg
        
[GIN] 2025/05/15 - 22:43:56 | 200 |     132.333µs |                 | DELETE   "/api/v2/productInterests/1"
    printer.go:133: HTTP/0.0 200 OK 136.583µs
        Content-Type: application/json; charset=utf-8
        
        {}
    printer.go:116: GET /api/v2/productInterests HTTP/1.1
        Authorization: Bearer eyJhbGciOiJIUzI1NiIsInR5cCI6IkpXVCJ9.eyJJRCI6MiwiZXhwIjoxNzQ3MzQyNDM2LCJvcmlnX2lhdCI6MTc0NzM0MTgzNn0.8TtapoGD-aAJe0hNakkjEEieN8Ej5rQRh8khNSE3BWg
        
[GIN] 2025/05/15 - 22:43:56 | 200 |      36.209µs |                 | GET      "/api/v2/productInterests"
    printer.go:133: HTTP/0.0 200 OK 39.875µs
        Content-Type: application/json; charset=utf-8
        X-Total-Count: 0
        
        []
--- PASS: TestCreateAndDeleteProductInterest (0.00s)
=== RUN   TestProductInterestAuthentication
    printer.go:116: GET /api/v2/productInterests HTTP/1.1
        
[GIN] 2025/05/15 - 22:43:56 | 401 |      25.458µs |                 | GET      "/api/v2/productInterests"
    printer.go:133: HTTP/0.0 401 Unauthorized 42.583µs
        Content-Type: application/json; charset=utf-8
        Www-Authenticate: JWT realm=gin jwt
        
        {"code":401,"message":"cookie token is empty"}
    printer.go:116: POST /api/v2/productInterests HTTP/1.1
        
[GIN] 2025/05/15 - 22:43:56 | 401 |      12.417µs |                 | POST     "/api/v2/productInterests"
    printer.go:133: HTTP/0.0 401 Unauthorized 17.875µs
        Content-Type: application/json; charset=utf-8
        Www-Authenticate: JWT realm=gin jwt
        
        {"code":401,"message":"cookie token is empty"}
    printer.go:116: DELETE /api/v2/productInterests/1 HTTP/1.1
        
[GIN] 2025/05/15 - 22:43:56 | 401 |       6.083µs |                 | DELETE   "/api/v2/productInterests/1"
    printer.go:133: HTTP/0.0 401 Unauthorized 12.334µs
        Content-Type: application/json; charset=utf-8
        Www-Authenticate: JWT realm=gin jwt
        
        {"code":401,"message":"cookie token is empty"}
--- PASS: TestProductInterestAuthentication (0.00s)
=== RUN   TestProductStats
    printer.go:116: GET /api/v2/productStats HTTP/1.1
        Authorization: Bearer eyJhbGciOiJIUzI1NiIsInR5cCI6IkpXVCJ9.eyJJRCI6MiwiZXhwIjoxNzQ3MzQyNDM2LCJvcmlnX2lhdCI6MTc0NzM0MTgzNn0.8TtapoGD-aAJe0hNakkjEEieN8Ej5rQRh8khNSE3BWg
        
[GIN] 2025/05/15 - 22:43:56 | 200 |      764.25µs |                 | GET      "/api/v2/productStats"
    printer.go:133: HTTP/0.0 200 OK 768.833µs
        Content-Type: application/json; charset=utf-8
        X-Total-Count: 16
        
        [{"id":1,"name":"🎟️ Regular","soldItems":0,"totalNetPrice":"0","totalGrossPrice":"0"},{"id":2,"name":"🎟️ Reduced","soldItems":0,"totalNetPrice":"0","totalGrossPrice":"0"},{"id":3,"name":"🎟️ Free","soldItems":0,"totalNetPrice":"0","totalGrossPrice":"0"},{"id":4,"name":"🎟️ Prepaid","soldItems":5,"totalNetPrice":"0","totalGrossPrice":"0"},{"id":5,"name":"👕 Male S","soldItems":7,"totalNetPrice":"117.67","totalGrossPrice":"140"},{"id":6,"name":"👕 Male M","soldItems":0,"totalNetPrice":"0","totalGrossPrice":"0"},{"id":7,"name":"👕 Male L","soldItems":5,"totalNetPrice":"84.05","totalGrossPrice":"100"},{"id":8,"name":"👕 Male XL","soldItems":3,"totalNetPrice":"50.43","totalGrossPrice":"60"},{"id":9,"name":"👕 Male XXL","soldItems":5,"totalNetPrice":"84.05","totalGrossPrice":"100"},{"id":10,"name":"👕 Male 4XL","soldItems":0,"totalNetPrice":"0","totalGrossPrice":"0"},{"id":11,"name":"👕 Femal S","soldItems":7,"totalNetPrice":"117.67","totalGrossPrice":"140"},{"id":12,"name":"👕 Femal M","soldItems":7,"totalNetPrice":"117.67","totalGrossPrice":"140"},{"id":13,"name":"👕 Femal L","soldItems":11,"totalNetPrice":"184.91","totalGrossPrice":"220"},{"id":14,"name":"👕 Femal XL","soldItems":4,"totalNetPrice":"67.24","totalGrossPrice":"80"},{"id":15,"name":"👕 Femal XXL","soldItems":2,"totalNetPrice":"33.62","totalGrossPrice":"40"},{"id":16,"name":"☕ Coffee Mug","soldItems":5,"totalNetPrice":"4.2","totalGrossPrice":"5"}]
    printer.go:116: POST /api/v2/purchases HTTP/1.1
        Authorization: Bearer eyJhbGciOiJIUzI1NiIsInR5cCI6IkpXVCJ9.eyJJRCI6MiwiZXhwIjoxNzQ3MzQyNDM2LCJvcmlnX2lhdCI6MTc0NzM0MTgzNn0.8TtapoGD-aAJe0hNakkjEEieN8Ej5rQRh8khNSE3BWg
        Content-Type: application/json; charset=utf-8
        
        {"cart":[{"ID":1,"listItems":[],"quantity":1}],"paymentMethod":"CASH","totalGrossPrice":"40","totalNetPrice":"37.38"}
[GIN] 2025/05/15 - 22:43:56 | 201 |     305.917µs |                 | POST     "/api/v2/purchases"
    printer.go:133: HTTP/0.0 201 Created 309.584µs
        Content-Type: application/json; charset=utf-8
        
        {"message":"Purchase successful","purchase":{"id":10,"createdAt":"2025-05-15T22:43:56.596293+02:00","createdById":2,"createdBy":null,"paymentMethod":"CASH","totalNetPrice":"37.38","totalGrossPrice":"40","totalVatAmount":"2.62","purchaseItems":[{"id":28,"purchaseID":10,"productID":1,"product":{"id":1,"name":"🎟️ Regular","netPrice":"37.38","grossPrice":"40","vatRate":"7","vatAmount":"2.62","wrapAfter":false,"hidden":false,"soldOut":false,"apiExport":true,"pos":1,"totalStock":0,"unitsSold":0,"soldOutRequestCount":0,"guestlists":null},"quantity":1,"netPrice":"37.38","grossPrice":"40","vatRate":"7","vatAmount":"2.62","totalNetPrice":"37.38","totalGrossPrice":"40","totalVatAmount":"2.62"}]}}
    printer.go:116: GET /api/v2/productStats HTTP/1.1
        Authorization: Bearer eyJhbGciOiJIUzI1NiIsInR5cCI6IkpXVCJ9.eyJJRCI6MiwiZXhwIjoxNzQ3MzQyNDM2LCJvcmlnX2lhdCI6MTc0NzM0MTgzNn0.8TtapoGD-aAJe0hNakkjEEieN8Ej5rQRh8khNSE3BWg
        
[GIN] 2025/05/15 - 22:43:56 | 200 |     303.625µs |                 | GET      "/api/v2/productStats"
    printer.go:133: HTTP/0.0 200 OK 307.708µs
        Content-Type: application/json; charset=utf-8
        X-Total-Count: 16
        
        [{"id":1,"name":"🎟️ Regular","soldItems":1,"totalNetPrice":"37.38","totalGrossPrice":"40"},{"id":2,"name":"🎟️ Reduced","soldItems":0,"totalNetPrice":"0","totalGrossPrice":"0"},{"id":3,"name":"🎟️ Free","soldItems":0,"totalNetPrice":"0","totalGrossPrice":"0"},{"id":4,"name":"🎟️ Prepaid","soldItems":5,"totalNetPrice":"0","totalGrossPrice":"0"},{"id":5,"name":"👕 Male S","soldItems":7,"totalNetPrice":"117.67","totalGrossPrice":"140"},{"id":6,"name":"👕 Male M","soldItems":0,"totalNetPrice":"0","totalGrossPrice":"0"},{"id":7,"name":"👕 Male L","soldItems":5,"totalNetPrice":"84.05","totalGrossPrice":"100"},{"id":8,"name":"👕 Male XL","soldItems":3,"totalNetPrice":"50.43","totalGrossPrice":"60"},{"id":9,"name":"👕 Male XXL","soldItems":5,"totalNetPrice":"84.05","totalGrossPrice":"100"},{"id":10,"name":"👕 Male 4XL","soldItems":0,"totalNetPrice":"0","totalGrossPrice":"0"},{"id":11,"name":"👕 Femal S","soldItems":7,"totalNetPrice":"117.67","totalGrossPrice":"140"},{"id":12,"name":"👕 Femal M","soldItems":7,"totalNetPrice":"117.67","totalGrossPrice":"140"},{"id":13,"name":"👕 Femal L","soldItems":11,"totalNetPrice":"184.91","totalGrossPrice":"220"},{"id":14,"name":"👕 Femal XL","soldItems":4,"totalNetPrice":"67.24","totalGrossPrice":"80"},{"id":15,"name":"👕 Femal XXL","soldItems":2,"totalNetPrice":"33.62","totalGrossPrice":"40"},{"id":16,"name":"☕ Coffee Mug","soldItems":5,"totalNetPrice":"4.2","totalGrossPrice":"5"}]
    printer.go:116: DELETE /api/v2/purchases/10 HTTP/1.1
        Authorization: Bearer eyJhbGciOiJIUzI1NiIsInR5cCI6IkpXVCJ9.eyJJRCI6MiwiZXhwIjoxNzQ3MzQyNDM2LCJvcmlnX2lhdCI6MTc0NzM0MTgzNn0.8TtapoGD-aAJe0hNakkjEEieN8Ej5rQRh8khNSE3BWg
        
[GIN] 2025/05/15 - 22:43:56 | 200 |     256.625µs |                 | DELETE   "/api/v2/purchases/10"
    printer.go:133: HTTP/0.0 200 OK 261.75µs
        Content-Type: application/json; charset=utf-8
        
        {"message":"Purchase deleted"}
--- PASS: TestProductStats (0.00s)
=== RUN   TestProductStatsAuthentication
    printer.go:116: GET /api/v2/productStats HTTP/1.1
        
[GIN] 2025/05/15 - 22:43:56 | 401 |       6.584µs |                 | GET      "/api/v2/productStats"
    printer.go:133: HTTP/0.0 401 Unauthorized 15.291µs
        Content-Type: application/json; charset=utf-8
        Www-Authenticate: JWT realm=gin jwt
        
        {"code":401,"message":"cookie token is empty"}
--- PASS: TestProductStatsAuthentication (0.00s)
=== RUN   TestGetProducts
    printer.go:116: GET /api/v2/products HTTP/1.1
        Authorization: Bearer eyJhbGciOiJIUzI1NiIsInR5cCI6IkpXVCJ9.eyJJRCI6MiwiZXhwIjoxNzQ3MzQyNDM2LCJvcmlnX2lhdCI6MTc0NzM0MTgzNn0.8TtapoGD-aAJe0hNakkjEEieN8Ej5rQRh8khNSE3BWg
        
[GIN] 2025/05/15 - 22:43:56 | 200 |     914.292µs |                 | GET      "/api/v2/products"
    printer.go:133: HTTP/0.0 200 OK 918.458µs
        Content-Type: application/json; charset=utf-8
        X-Total-Count: 16
        
        [{"id":1,"name":"🎟️ Regular","netPrice":"37.38","grossPrice":"40","vatRate":"7","vatAmount":"2.62","wrapAfter":false,"hidden":false,"soldOut":false,"apiExport":true,"pos":1,"totalStock":0,"guestlists":[],"unitsSold":0,"soldOutRequestCount":0},{"id":2,"name":"🎟️ Reduced","netPrice":"18.69","grossPrice":"20","vatRate":"7","vatAmount":"1.31","wrapAfter":false,"hidden":false,"soldOut":false,"apiExport":true,"pos":2,"totalStock":0,"guestlists":[{"id":1,"createdAt":"2025-05-15T22:43:46.967452+02:00","updatedAt":"2025-05-15T22:43:46.967452+02:00","deletedAt":null,"createdById":null,"createdBy":null,"updatedById":null,"updatedBy":null,"deletedById":null,"deletedBy":null,"name":"Reduces Digitale Kultur","typeCode":false,"productId":2,"product":{"id":0,"createdAt":"0001-01-01T00:00:00Z","updatedAt":"0001-01-01T00:00:00Z","deletedAt":null,"createdById":null,"createdBy":null,"updatedById":null,"updatedBy":null,"deletedById":null,"deletedBy":null,"name":"","netPrice":"0","vatRate":"0","wrapAfter":false,"hidden":false,"soldOut":false,"apiExport":false,"pos":0,"totalStock":0,"unitsSold":0,"soldOutRequestCount":0,"guestlists":null}},{"id":2,"createdAt":"2025-05-15T22:43:46.967486+02:00","updatedAt":"2025-05-15T22:43:46.967486+02:00","deletedAt":null,"createdById":null,"createdBy":null,"updatedById":null,"updatedBy":null,"deletedById":null,"deletedBy":null,"name":"Long Distance","typeCode":false,"productId":2,"product":{"id":0,"createdAt":"0001-01-01T00:00:00Z","updatedAt":"0001-01-01T00:00:00Z","deletedAt":null,"createdById":null,"createdBy":null,"updatedById":null,"updatedBy":null,"deletedById":null,"deletedBy":null,"name":"","netPrice":"0","vatRate":"0","wrapAfter":false,"hidden":false,"soldOut":false,"apiExport":false,"pos":0,"totalStock":0,"unitsSold":0,"soldOutRequestCount":0,"guestlists":null}}],"unitsSold":0,"soldOutRequestCount":0},{"id":3,"name":"🎟️ Free","netPrice":"0","grossPrice":"0","vatRate":"0","vatAmount":"0","wrapAfter":false,"hidden":false,"soldOut":false,"apiExport":true,"pos":3,"totalStock":0,"guestlists":[{"id":4,"createdAt":"2025-05-15T22:43:46.968757+02:00","updatedAt":"2025-05-15T22:43:46.968757+02:00","deletedAt":null,"createdById":null,"createdBy":null,"updatedById":null,"updatedBy":null,"deletedById":null,"deletedBy":null,"name":"Guestlist Neva","typeCode":false,"productId":3,"product":{"id":0,"createdAt":"0001-01-01T00:00:00Z","updatedAt":"0001-01-01T00:00:00Z","deletedAt":null,"createdById":null,"createdBy":null,"updatedById":null,"updatedBy":null,"deletedById":null,"deletedBy":null,"name":"","netPrice":"0","vatRate":"0","wrapAfter":false,"hidden":false,"soldOut":false,"apiExport":false,"pos":0,"totalStock":0,"unitsSold":0,"soldOutRequestCount":0,"guestlists":null}},{"id":5,"createdAt":"2025-05-15T22:43:46.968953+02:00","updatedAt":"2025-05-15T22:43:46.968953+02:00","deletedAt":null,"createdById":null,"createdBy":null,"updatedById":null,"updatedBy":null,"deletedById":null,"deletedBy":null,"name":"Guestlist Bertram","typeCode":false,"productId":3,"product":{"id":0,"createdAt":"0001-01-01T00:00:00Z","updatedAt":"0001-01-01T00:00:00Z","deletedAt":null,"createdById":null,"createdBy":null,"updatedById":null,"updatedBy":null,"deletedById":null,"deletedBy":null,"name":"","netPrice":"0","vatRate":"0","wrapAfter":false,"hidden":false,"soldOut":false,"apiExport":false,"pos":0,"totalStock":0,"unitsSold":0,"soldOutRequestCount":0,"guestlists":null}},{"id":6,"createdAt":"2025-05-15T22:43:46.969088+02:00","updatedAt":"2025-05-15T22:43:46.969088+02:00","deletedAt":null,"createdById":null,"createdBy":null,"updatedById":null,"updatedBy":null,"deletedById":null,"deletedBy":null,"name":"Guestlist Amelia","typeCode":false,"productId":3,"product":{"id":0,"createdAt":"0001-01-01T00:00:00Z","updatedAt":"0001-01-01T00:00:00Z","deletedAt":null,"createdById":null,"createdBy":null,"updatedById":null,"updatedBy":null,"deletedById":null,"deletedBy":null,"name":"","netPrice":"0","vatRate":"0","wrapAfter":false,"hidden":false,"soldOut":false,"apiExport":false,"pos":0,"totalStock":0,"unitsSold":0,"soldOutRequestCount":0,"guestlists":null}},{"id":7,"createdAt":"2025-05-15T22:43:46.969361+02:00","updatedAt":"2025-05-15T22:43:46.969361+02:00","deletedAt":null,"createdById":null,"createdBy":null,"updatedById":null,"updatedBy":null,"deletedById":null,"deletedBy":null,"name":"Guestlist Roel","typeCode":false,"productId":3,"product":{"id":0,"createdAt":"0001-01-01T00:00:00Z","updatedAt":"0001-01-01T00:00:00Z","deletedAt":null,"createdById":null,"createdBy":null,"updatedById":null,"updatedBy":null,"deletedById":null,"deletedBy":null,"name":"","netPrice":"0","vatRate":"0","wrapAfter":false,"hidden":false,"soldOut":false,"apiExport":false,"pos":0,"totalStock":0,"unitsSold":0,"soldOutRequestCount":0,"guestlists":null}},{"id":8,"createdAt":"2025-05-15T22:43:46.969794+02:00","updatedAt":"2025-05-15T22:43:46.969794+02:00","deletedAt":null,"createdById":null,"createdBy":null,"updatedById":null,"updatedBy":null,"deletedById":null,"deletedBy":null,"name":"Guestlist Edythe","typeCode":false,"productId":3,"product":{"id":0,"createdAt":"0001-01-01T00:00:00Z","updatedAt":"0001-01-01T00:00:00Z","deletedAt":null,"createdById":null,"createdBy":null,"updatedById":null,"updatedBy":null,"deletedById":null,"deletedBy":null,"name":"","netPrice":"0","vatRate":"0","wrapAfter":false,"hidden":false,"soldOut":false,"apiExport":false,"pos":0,"totalStock":0,"unitsSold":0,"soldOutRequestCount":0,"guestlists":null}},{"id":9,"createdAt":"2025-05-15T22:43:46.97001+02:00","updatedAt":"2025-05-15T22:43:46.97001+02:00","deletedAt":null,"createdById":null,"createdBy":null,"updatedById":null,"updatedBy":null,"deletedById":null,"deletedBy":null,"name":"Guestlist Gudrun","typeCode":false,"productId":3,"product":{"id":0,"createdAt":"0001-01-01T00:00:00Z","updatedAt":"0001-01-01T00:00:00Z","deletedAt":null,"createdById":null,"createdBy":null,"updatedById":null,"updatedBy":null,"deletedById":null,"deletedBy":null,"name":"","netPrice":"0","vatRate":"0","wrapAfter":false,"hidden":false,"soldOut":false,"apiExport":false,"pos":0,"totalStock":0,"unitsSold":0,"soldOutRequestCount":0,"guestlists":null}},{"id":10,"createdAt":"2025-05-15T22:43:46.97032+02:00","updatedAt":"2025-05-15T22:43:46.97032+02:00","deletedAt":null,"createdById":null,"createdBy":null,"updatedById":null,"updatedBy":null,"deletedById":null,"deletedBy":null,"name":"Guestlist Katharina","typeCode":false,"productId":3,"product":{"id":0,"createdAt":"0001-01-01T00:00:00Z","updatedAt":"0001-01-01T00:00:00Z","deletedAt":null,"createdById":null,"createdBy":null,"updatedById":null,"updatedBy":null,"deletedById":null,"deletedBy":null,"name":"","netPrice":"0","vatRate":"0","wrapAfter":false,"hidden":false,"soldOut":false,"apiExport":false,"pos":0,"totalStock":0,"unitsSold":0,"soldOutRequestCount":0,"guestlists":null}},{"id":11,"createdAt":"2025-05-15T22:43:46.970533+02:00","updatedAt":"2025-05-15T22:43:46.970533+02:00","deletedAt":null,"createdById":null,"createdBy":null,"updatedById":null,"updatedBy":null,"deletedById":null,"deletedBy":null,"name":"Guestlist Gerda","typeCode":false,"productId":3,"product":{"id":0,"createdAt":"0001-01-01T00:00:00Z","updatedAt":"0001-01-01T00:00:00Z","deletedAt":null,"createdById":null,"createdBy":null,"updatedById":null,"updatedBy":null,"deletedById":null,"deletedBy":null,"name":"","netPrice":"0","vatRate":"0","wrapAfter":false,"hidden":false,"soldOut":false,"apiExport":false,"pos":0,"totalStock":0,"unitsSold":0,"soldOutRequestCount":0,"guestlists":null}},{"id":12,"createdAt":"2025-05-15T22:43:46.970813+02:00","updatedAt":"2025-05-15T22:43:46.970813+02:00","deletedAt":null,"createdById":null,"createdBy":null,"updatedById":null,"updatedBy":null,"deletedById":null,"deletedBy":null,"name":"Guestlist Laverna","typeCode":false,"productId":3,"product":{"id":0,"createdAt":"0001-01-01T00:00:00Z","updatedAt":"0001-01-01T00:00:00Z","deletedAt":null,"createdById":null,"createdBy":null,"updatedById":null,"updatedBy":null,"deletedById":null,"deletedBy":null,"name":"","netPrice":"0","vatRate":"0","wrapAfter":false,"hidden":false,"soldOut":false,"apiExport":false,"pos":0,"totalStock":0,"unitsSold":0,"soldOutRequestCount":0,"guestlists":null}},{"id":13,"createdAt":"2025-05-15T22:43:46.97109+02:00","updatedAt":"2025-05-15T22:43:46.97109+02:00","deletedAt":null,"createdById":null,"createdBy":null,"updatedById":null,"updatedBy":null,"deletedById":null,"deletedBy":null,"name":"Guestlist Mekhi","typeCode":false,"productId":3,"product":{"id":0,"createdAt":"0001-01-01T00:00:00Z","updatedAt":"0001-01-01T00:00:00Z","deletedAt":null,"createdById":null,"createdBy":null,"updatedById":null,"updatedBy":null,"deletedById":null,"deletedBy":null,"name":"","netPrice":"0","vatRate":"0","wrapAfter":false,"hidden":false,"soldOut":false,"apiExport":false,"pos":0,"totalStock":0,"unitsSold":0,"soldOutRequestCount":0,"guestlists":null}},{"id":14,"createdAt":"2025-05-15T22:43:46.971653+02:00","updatedAt":"2025-05-15T22:43:46.971653+02:00","deletedAt":null,"createdById":null,"createdBy":null,"updatedById":null,"updatedBy":null,"deletedById":null,"deletedBy":null,"name":"Guestlist Sunny","typeCode":false,"productId":3,"product":{"id":0,"createdAt":"0001-01-01T00:00:00Z","updatedAt":"0001-01-01T00:00:00Z","deletedAt":null,"createdById":null,"createdBy":null,"updatedById":null,"updatedBy":null,"deletedById":null,"deletedBy":null,"name":"","netPrice":"0","vatRate":"0","wrapAfter":false,"hidden":false,"soldOut":false,"apiExport":false,"pos":0,"totalStock":0,"unitsSold":0,"soldOutRequestCount":0,"guestlists":null}},{"id":15,"createdAt":"2025-05-15T22:43:46.97193+02:00","updatedAt":"2025-05-15T22:43:46.97193+02:00","deletedAt":null,"createdById":null,"createdBy":null,"updatedById":null,"updatedBy":null,"deletedById":null,"deletedBy":null,"name":"Guestlist Daija","typeCode":false,"productId":3,"product":{"id":0,"createdAt":"0001-01-01T00:00:00Z","updatedAt":"0001-01-01T00:00:00Z","deletedAt":null,"createdById":null,"createdBy":null,"updatedById":null,"updatedBy":null,"deletedById":null,"deletedBy":null,"name":"","netPrice":"0","vatRate":"0","wrapAfter":false,"hidden":false,"soldOut":false,"apiExport":false,"pos":0,"totalStock":0,"unitsSold":0,"soldOutRequestCount":0,"guestlists":null}},{"id":16,"createdAt":"2025-05-15T22:43:46.972061+02:00","updatedAt":"2025-05-15T22:43:46.972061+02:00","deletedAt":null,"createdById":null,"createdBy":null,"updatedById":null,"updatedBy":null,"deletedById":null,"deletedBy":null,"name":"Guestlist Benny","typeCode":false,"productId":3,"product":{"id":0,"createdAt":"0001-01-01T00:00:00Z","updatedAt":"0001-01-01T00:00:00Z","deletedAt":null,"createdById":null,"createdBy":null,"updatedById":null,"updatedBy":null,"deletedById":null,"deletedBy":null,"name":"","netPrice":"0","vatRate":"0","wrapAfter":false,"hidden":false,"soldOut":false,"apiExport":false,"pos":0,"totalStock":0,"unitsSold":0,"soldOutRequestCount":0,"guestlists":null}},{"id":17,"createdAt":"2025-05-15T22:43:46.972343+02:00","updatedAt":"2025-05-15T22:43:46.972343+02:00","deletedAt":null,"createdById":null,"createdBy":null,"updatedById":null,"updatedBy":null,"deletedById":null,"deletedBy":null,"name":"Guestlist Wallace","typeCode":false,"productId":3,"product":{"id":0,"createdAt":"0001-01-01T00:00:00Z","updatedAt":"0001-01-01T00:00:00Z","deletedAt":null,"createdById":null,"createdBy":null,"updatedById":null,"updatedBy":null,"deletedById":null,"deletedBy":null,"name":"","netPrice":"0","vatRate":"0","wrapAfter":false,"hidden":false,"soldOut":false,"apiExport":false,"pos":0,"totalStock":0,"unitsSold":0,"soldOutRequestCount":0,"guestlists":null}},{"id":18,"createdAt":"2025-05-15T22:43:46.972573+02:00","updatedAt":"2025-05-15T22:43:46.972573+02:00","deletedAt":null,"createdById":null,"createdBy":null,"updatedById":null,"updatedBy":null,"deletedById":null,"deletedBy":null,"name":"Guestlist Kirk","typeCode":false,"productId":3,"product":{"id":0,"createdAt":"0001-01-01T00:00:00Z","updatedAt":"0001-01-01T00:00:00Z","deletedAt":null,"createdById":null,"createdBy":null,"updatedById":null,"updatedBy":null,"deletedById":null,"deletedBy":null,"name":"","netPrice":"0","vatRate":"0","wrapAfter":false,"hidden":false,"soldOut":false,"apiExport":false,"pos":0,"totalStock":0,"unitsSold":0,"soldOutRequestCount":0,"guestlists":null}},{"id":19,"createdAt":"2025-05-15T22:43:46.972827+02:00","updatedAt":"2025-05-15T22:43:46.972827+02:00","deletedAt":null,"createdById":null,"createdBy":null,"updatedById":null,"updatedBy":null,"deletedById":null,"deletedBy":null,"name":"Guestlist Opal","typeCode":false,"productId":3,"product":{"id":0,"createdAt":"0001-01-01T00:00:00Z","updatedAt":"0001-01-01T00:00:00Z","deletedAt":null,"createdById":null,"createdBy":null,"updatedById":null,"updatedBy":null,"deletedById":null,"deletedBy":null,"name":"","netPrice":"0","vatRate":"0","wrapAfter":false,"hidden":false,"soldOut":false,"apiExport":false,"pos":0,"totalStock":0,"unitsSold":0,"soldOutRequestCount":0,"guestlists":null}},{"id":20,"createdAt":"2025-05-15T22:43:46.973191+02:00","updatedAt":"2025-05-15T22:43:46.973191+02:00","deletedAt":null,"createdById":null,"createdBy":null,"updatedById":null,"updatedBy":null,"deletedById":null,"deletedBy":null,"name":"Guestlist Terence","typeCode":false,"productId":3,"product":{"id":0,"createdAt":"0001-01-01T00:00:00Z","updatedAt":"0001-01-01T00:00:00Z","deletedAt":null,"createdById":null,"createdBy":null,"updatedById":null,"updatedBy":null,"deletedById":null,"deletedBy":null,"name":"","netPrice":"0","vatRate":"0","wrapAfter":false,"hidden":false,"soldOut":false,"apiExport":false,"pos":0,"totalStock":0,"unitsSold":0,"soldOutRequestCount":0,"guestlists":null}},{"id":21,"createdAt":"2025-05-15T22:43:46.973418+02:00","updatedAt":"2025-05-15T22:43:46.973418+02:00","deletedAt":null,"createdById":null,"createdBy":null,"updatedById":null,"updatedBy":null,"deletedById":null,"deletedBy":null,"name":"Guestlist Zack","typeCode":false,"productId":3,"product":{"id":0,"createdAt":"0001-01-01T00:00:00Z","updatedAt":"0001-01-01T00:00:00Z","deletedAt":null,"createdById":null,"createdBy":null,"updatedById":null,"updatedBy":null,"deletedById":null,"deletedBy":null,"name":"","netPrice":"0","vatRate":"0","wrapAfter":false,"hidden":false,"soldOut":false,"apiExport":false,"pos":0,"totalStock":0,"unitsSold":0,"soldOutRequestCount":0,"guestlists":null}},{"id":22,"createdAt":"2025-05-15T22:43:46.973556+02:00","updatedAt":"2025-05-15T22:43:46.973556+02:00","deletedAt":null,"createdById":null,"createdBy":null,"updatedById":null,"updatedBy":null,"deletedById":null,"deletedBy":null,"name":"Guestlist Autumn","typeCode":false,"productId":3,"product":{"id":0,"createdAt":"0001-01-01T00:00:00Z","updatedAt":"0001-01-01T00:00:00Z","deletedAt":null,"createdById":null,"createdBy":null,"updatedById":null,"updatedBy":null,"deletedById":null,"deletedBy":null,"name":"","netPrice":"0","vatRate":"0","wrapAfter":false,"hidden":false,"soldOut":false,"apiExport":false,"pos":0,"totalStock":0,"unitsSold":0,"soldOutRequestCount":0,"guestlists":null}},{"id":23,"createdAt":"2025-05-15T22:43:46.973672+02:00","updatedAt":"2025-05-15T22:43:46.973672+02:00","deletedAt":null,"createdById":null,"createdBy":null,"updatedById":null,"updatedBy":null,"deletedById":null,"deletedBy":null,"name":"Guestlist Kareem","typeCode":false,"productId":3,"product":{"id":0,"createdAt":"0001-01-01T00:00:00Z","updatedAt":"0001-01-01T00:00:00Z","deletedAt":null,"createdById":null,"createdBy":null,"updatedById":null,"updatedBy":null,"deletedById":null,"deletedBy":null,"name":"","netPrice":"0","vatRate":"0","wrapAfter":false,"hidden":false,"soldOut":false,"apiExport":false,"pos":0,"totalStock":0,"unitsSold":0,"soldOutRequestCount":0,"guestlists":null}},{"id":24,"createdAt":"2025-05-15T22:43:46.973926+02:00","updatedAt":"2025-05-15T22:43:46.973926+02:00","deletedAt":null,"createdById":null,"createdBy":null,"updatedById":null,"updatedBy":null,"deletedById":null,"deletedBy":null,"name":"Guestlist Hertha","typeCode":false,"productId":3,"product":{"id":0,"createdAt":"0001-01-01T00:00:00Z","updatedAt":"0001-01-01T00:00:00Z","deletedAt":null,"createdById":null,"createdBy":null,"updatedById":null,"updatedBy":null,"deletedById":null,"deletedBy":null,"name":"","netPrice":"0","vatRate":"0","wrapAfter":false,"hidden":false,"soldOut":false,"apiExport":false,"pos":0,"totalStock":0,"unitsSold":0,"soldOutRequestCount":0,"guestlists":null}},{"id":25,"createdAt":"2025-05-15T22:43:46.974035+02:00","updatedAt":"2025-05-15T22:43:46.974035+02:00","deletedAt":null,"createdById":null,"createdBy":null,"updatedById":null,"updatedBy":null,"deletedById":null,"deletedBy":null,"name":"Guestlist Crystel","typeCode":false,"productId":3,"product":{"id":0,"createdAt":"0001-01-01T00:00:00Z","updatedAt":"0001-01-01T00:00:00Z","deletedAt":null,"createdById":null,"createdBy":null,"updatedById":null,"updatedBy":null,"deletedById":null,"deletedBy":null,"name":"","netPrice":"0","vatRate":"0","wrapAfter":false,"hidden":false,"soldOut":false,"apiExport":false,"pos":0,"totalStock":0,"unitsSold":0,"soldOutRequestCount":0,"guestlists":null}},{"id":26,"createdAt":"2025-05-15T22:43:46.974176+02:00","updatedAt":"2025-05-15T22:43:46.974176+02:00","deletedAt":null,"createdById":null,"createdBy":null,"updatedById":null,"updatedBy":null,"deletedById":null,"deletedBy":null,"name":"Guestlist Lucie","typeCode":false,"productId":3,"product":{"id":0,"createdAt":"0001-01-01T00:00:00Z","updatedAt":"0001-01-01T00:00:00Z","deletedAt":null,"createdById":null,"createdBy":null,"updatedById":null,"updatedBy":null,"deletedById":null,"deletedBy":null,"name":"","netPrice":"0","vatRate":"0","wrapAfter":false,"hidden":false,"soldOut":false,"apiExport":false,"pos":0,"totalStock":0,"unitsSold":0,"soldOutRequestCount":0,"guestlists":null}},{"id":27,"createdAt":"2025-05-15T22:43:46.974393+02:00","updatedAt":"2025-05-15T22:43:46.974393+02:00","deletedAt":null,"createdById":null,"createdBy":null,"updatedById":null,"updatedBy":null,"deletedById":null,"deletedBy":null,"name":"Guestlist Breanna","typeCode":false,"productId":3,"product":{"id":0,"createdAt":"0001-01-01T00:00:00Z","updatedAt":"0001-01-01T00:00:00Z","deletedAt":null,"createdById":null,"createdBy":null,"updatedById":null,"updatedBy":null,"deletedById":null,"deletedBy":null,"name":"","netPrice":"0","vatRate":"0","wrapAfter":false,"hidden":false,"soldOut":false,"apiExport":false,"pos":0,"totalStock":0,"unitsSold":0,"soldOutRequestCount":0,"guestlists":null}},{"id":28,"createdAt":"2025-05-15T22:43:46.974619+02:00","updatedAt":"2025-05-15T22:43:46.974619+02:00","deletedAt":null,"createdById":null,"createdBy":null,"updatedById":null,"updatedBy":null,"deletedById":null,"deletedBy":null,"name":"Guestlist Marcos","typeCode":false,"productId":3,"product":{"id":0,"createdAt":"0001-01-01T00:00:00Z","updatedAt":"0001-01-01T00:00:00Z","deletedAt":null,"createdById":null,"createdBy":null,"updatedById":null,"updatedBy":null,"deletedById":null,"deletedBy":null,"name":"","netPrice":"0","vatRate":"0","wrapAfter":false,"hidden":false,"soldOut":false,"apiExport":false,"pos":0,"totalStock":0,"unitsSold":0,"soldOutRequestCount":0,"guestlists":null}},{"id":29,"createdAt":"2025-05-15T22:43:46.974886+02:00","updatedAt":"2025-05-15T22:43:46.974886+02:00","deletedAt":null,"createdById":null,"createdBy":null,"updatedById":null,"updatedBy":null,"deletedById":null,"deletedBy":null,"name":"Guestlist Isidro","typeCode":false,"productId":3,"product":{"id":0,"createdAt":"0001-01-01T00:00:00Z","updatedAt":"0001-01-01T00:00:00Z","deletedAt":null,"createdById":null,"createdBy":null,"updatedById":null,"updatedBy":null,"deletedById":null,"deletedBy":null,"name":"","netPrice":"0","vatRate":"0","wrapAfter":false,"hidden":false,"soldOut":false,"apiExport":false,"pos":0,"totalStock":0,"unitsSold":0,"soldOutRequestCount":0,"guestlists":null}},{"id":30,"createdAt":"2025-05-15T22:43:46.974974+02:00","updatedAt":"2025-05-15T22:43:46.974974+02:00","deletedAt":null,"createdById":null,"createdBy":null,"updatedById":null,"updatedBy":null,"deletedById":null,"deletedBy":null,"name":"Guestlist Leonard","typeCode":false,"productId":3,"product":{"id":0,"createdAt":"0001-01-01T00:00:00Z","updatedAt":"0001-01-01T00:00:00Z","deletedAt":null,"createdById":null,"createdBy":null,"updatedById":null,"updatedBy":null,"deletedById":null,"deletedBy":null,"name":"","netPrice":"0","vatRate":"0","wrapAfter":false,"hidden":false,"soldOut":false,"apiExport":false,"pos":0,"totalStock":0,"unitsSold":0,"soldOutRequestCount":0,"guestlists":null}},{"id":31,"createdAt":"2025-05-15T22:43:46.975216+02:00","updatedAt":"2025-05-15T22:43:46.975216+02:00","deletedAt":null,"createdById":null,"createdBy":null,"updatedById":null,"updatedBy":null,"deletedById":null,"deletedBy":null,"name":"Guestlist Wilford","typeCode":false,"productId":3,"product":{"id":0,"createdAt":"0001-01-01T00:00:00Z","updatedAt":"0001-01-01T00:00:00Z","deletedAt":null,"createdById":null,"createdBy":null,"updatedById":null,"updatedBy":null,"deletedById":null,"deletedBy":null,"name":"","netPrice":"0","vatRate":"0","wrapAfter":false,"hidden":false,"soldOut":false,"apiExport":false,"pos":0,"totalStock":0,"unitsSold":0,"soldOutRequestCount":0,"guestlists":null}},{"id":32,"createdAt":"2025-05-15T22:43:46.975415+02:00","updatedAt":"2025-05-15T22:43:46.975415+02:00","deletedAt":null,"createdById":null,"createdBy":null,"updatedById":null,"updatedBy":null,"deletedById":null,"deletedBy":null,"name":"Guestlist Lambert","typeCode":false,"productId":3,"product":{"id":0,"createdAt":"0001-01-01T00:00:00Z","updatedAt":"0001-01-01T00:00:00Z","deletedAt":null,"createdById":null,"createdBy":null,"updatedById":null,"updatedBy":null,"deletedById":null,"deletedBy":null,"name":"","netPrice":"0","vatRate":"0","wrapAfter":false,"hidden":false,"soldOut":false,"apiExport":false,"pos":0,"totalStock":0,"unitsSold":0,"soldOutRequestCount":0,"guestlists":null}},{"id":33,"createdAt":"2025-05-15T22:43:46.975559+02:00","updatedAt":"2025-05-15T22:43:46.975559+02:00","deletedAt":null,"createdById":null,"createdBy":null,"updatedById":null,"updatedBy":null,"deletedById":null,"deletedBy":null,"name":"Guestlist Jewel","typeCode":false,"productId":3,"product":{"id":0,"createdAt":"0001-01-01T00:00:00Z","updatedAt":"0001-01-01T00:00:00Z","deletedAt":null,"createdById":null,"createdBy":null,"updatedById":null,"updatedBy":null,"deletedById":null,"deletedBy":null,"name":"","netPrice":"0","vatRate":"0","wrapAfter":false,"hidden":false,"soldOut":false,"apiExport":false,"pos":0,"totalStock":0,"unitsSold":0,"soldOutRequestCount":0,"guestlists":null}},{"id":34,"createdAt":"2025-05-15T22:43:46.975645+02:00","updatedAt":"2025-05-15T22:43:46.975645+02:00","deletedAt":null,"createdById":null,"createdBy":null,"updatedById":null,"updatedBy":null,"deletedById":null,"deletedBy":null,"name":"Guestlist Lemuel","typeCode":false,"productId":3,"product":{"id":0,"createdAt":"0001-01-01T00:00:00Z","updatedAt":"0001-01-01T00:00:00Z","deletedAt":null,"createdById":null,"createdBy":null,"updatedById":null,"updatedBy":null,"deletedById":null,"deletedBy":null,"name":"","netPrice":"0","vatRate":"0","wrapAfter":false,"hidden":false,"soldOut":false,"apiExport":false,"pos":0,"totalStock":0,"unitsSold":0,"soldOutRequestCount":0,"guestlists":null}},{"id":35,"createdAt":"2025-05-15T22:43:46.975921+02:00","updatedAt":"2025-05-15T22:43:46.975921+02:00","deletedAt":null,"createdById":null,"createdBy":null,"updatedById":null,"updatedBy":null,"deletedById":null,"deletedBy":null,"name":"Guestlist Berry","typeCode":false,"productId":3,"product":{"id":0,"createdAt":"0001-01-01T00:00:00Z","updatedAt":"0001-01-01T00:00:00Z","deletedAt":null,"createdById":null,"createdBy":null,"updatedById":null,"updatedBy":null,"deletedById":null,"deletedBy":null,"name":"","netPrice":"0","vatRate":"0","wrapAfter":false,"hidden":false,"soldOut":false,"apiExport":false,"pos":0,"totalStock":0,"unitsSold":0,"soldOutRequestCount":0,"guestlists":null}},{"id":36,"createdAt":"2025-05-15T22:43:46.97673+02:00","updatedAt":"2025-05-15T22:43:46.97673+02:00","deletedAt":null,"createdById":null,"createdBy":null,"updatedById":null,"updatedBy":null,"deletedById":null,"deletedBy":null,"name":"Guestlist Harley","typeCode":false,"productId":3,"product":{"id":0,"createdAt":"0001-01-01T00:00:00Z","updatedAt":"0001-01-01T00:00:00Z","deletedAt":null,"createdById":null,"createdBy":null,"updatedById":null,"updatedBy":null,"deletedById":null,"deletedBy":null,"name":"","netPrice":"0","vatRate":"0","wrapAfter":false,"hidden":false,"soldOut":false,"apiExport":false,"pos":0,"totalStock":0,"unitsSold":0,"soldOutRequestCount":0,"guestlists":null}},{"id":37,"createdAt":"2025-05-15T22:43:46.977099+02:00","updatedAt":"2025-05-15T22:43:46.977099+02:00","deletedAt":null,"createdById":null,"createdBy":null,"updatedById":null,"updatedBy":null,"deletedById":null,"deletedBy":null,"name":"Guestlist Reuben","typeCode":false,"productId":3,"product":{"id":0,"createdAt":"0001-01-01T00:00:00Z","updatedAt":"0001-01-01T00:00:00Z","deletedAt":null,"createdById":null,"createdBy":null,"updatedById":null,"updatedBy":null,"deletedById":null,"deletedBy":null,"name":"","netPrice":"0","vatRate":"0","wrapAfter":false,"hidden":false,"soldOut":false,"apiExport":false,"pos":0,"totalStock":0,"unitsSold":0,"soldOutRequestCount":0,"guestlists":null}},{"id":38,"createdAt":"2025-05-15T22:43:46.977297+02:00","updatedAt":"2025-05-15T22:43:46.977297+02:00","deletedAt":null,"createdById":null,"createdBy":null,"updatedById":null,"updatedBy":null,"deletedById":null,"deletedBy":null,"name":"Guestlist Kraig","typeCode":false,"productId":3,"product":{"id":0,"createdAt":"0001-01-01T00:00:00Z","updatedAt":"0001-01-01T00:00:00Z","deletedAt":null,"createdById":null,"createdBy":null,"updatedById":null,"updatedBy":null,"deletedById":null,"deletedBy":null,"name":"","netPrice":"0","vatRate":"0","wrapAfter":false,"hidden":false,"soldOut":false,"apiExport":false,"pos":0,"totalStock":0,"unitsSold":0,"soldOutRequestCount":0,"guestlists":null}},{"id":39,"createdAt":"2025-05-15T22:43:46.977632+02:00","updatedAt":"2025-05-15T22:43:46.977632+02:00","deletedAt":null,"createdById":null,"createdBy":null,"updatedById":null,"updatedBy":null,"deletedById":null,"deletedBy":null,"name":"Guestlist Leonardo","typeCode":false,"productId":3,"product":{"id":0,"createdAt":"0001-01-01T00:00:00Z","updatedAt":"0001-01-01T00:00:00Z","deletedAt":null,"createdById":null,"createdBy":null,"updatedById":null,"updatedBy":null,"deletedById":null,"deletedBy":null,"name":"","netPrice":"0","vatRate":"0","wrapAfter":false,"hidden":false,"soldOut":false,"apiExport":false,"pos":0,"totalStock":0,"unitsSold":0,"soldOutRequestCount":0,"guestlists":null}},{"id":40,"createdAt":"2025-05-15T22:43:46.977791+02:00","updatedAt":"2025-05-15T22:43:46.977791+02:00","deletedAt":null,"createdById":null,"createdBy":null,"updatedById":null,"updatedBy":null,"deletedById":null,"deletedBy":null,"name":"Guestlist Alicia","typeCode":false,"productId":3,"product":{"id":0,"createdAt":"0001-01-01T00:00:00Z","updatedAt":"0001-01-01T00:00:00Z","deletedAt":null,"createdById":null,"createdBy":null,"updatedById":null,"updatedBy":null,"deletedById":null,"deletedBy":null,"name":"","netPrice":"0","vatRate":"0","wrapAfter":false,"hidden":false,"soldOut":false,"apiExport":false,"pos":0,"totalStock":0,"unitsSold":0,"soldOutRequestCount":0,"guestlists":null}}],"unitsSold":0,"soldOutRequestCount":0},{"id":4,"name":"🎟️ Prepaid","netPrice":"0","grossPrice":"0","vatRate":"0","vatAmount":"0","wrapAfter":true,"hidden":false,"soldOut":false,"apiExport":true,"pos":4,"totalStock":0,"guestlists":[{"id":3,"createdAt":"2025-05-15T22:43:46.967522+02:00","updatedAt":"2025-05-15T22:43:46.967522+02:00","deletedAt":null,"createdById":null,"createdBy":null,"updatedById":null,"updatedBy":null,"deletedById":null,"deletedBy":null,"name":"Deine Tickets","typeCode":true,"productId":4,"product":{"id":0,"createdAt":"0001-01-01T00:00:00Z","updatedAt":"0001-01-01T00:00:00Z","deletedAt":null,"createdById":null,"createdBy":null,"updatedById":null,"updatedBy":null,"deletedById":null,"deletedBy":null,"name":"","netPrice":"0","vatRate":"0","wrapAfter":false,"hidden":false,"soldOut":false,"apiExport":false,"pos":0,"totalStock":0,"unitsSold":0,"soldOutRequestCount":0,"guestlists":null}}],"unitsSold":5,"soldOutRequestCount":0},{"id":5,"name":"👕 Male S","netPrice":"16.81","grossPrice":"20","vatRate":"19","vatAmount":"3.19","wrapAfter":false,"hidden":false,"soldOut":false,"apiExport":false,"pos":10,"totalStock":30,"guestlists":[],"unitsSold":7,"soldOutRequestCount":0},{"id":6,"name":"👕 Male M","netPrice":"16.81","grossPrice":"20","vatRate":"19","vatAmount":"3.19","wrapAfter":false,"hidden":false,"soldOut":false,"apiExport":false,"pos":10,"totalStock":7,"guestlists":[],"unitsSold":0,"soldOutRequestCount":0},{"id":7,"name":"👕 Male L","netPrice":"16.81","grossPrice":"20","vatRate":"19","vatAmount":"3.19","wrapAfter":false,"hidden":false,"soldOut":false,"apiExport":false,"pos":10,"totalStock":27,"guestlists":[],"unitsSold":5,"soldOutRequestCount":0},{"id":8,"name":"👕 Male XL","netPrice":"16.81","grossPrice":"20","vatRate":"19","vatAmount":"3.19","wrapAfter":false,"hidden":false,"soldOut":false,"apiExport":false,"pos":10,"totalStock":28,"guestlists":[],"unitsSold":3,"soldOutRequestCount":0},{"id":9,"name":"👕 Male XXL","netPrice":"16.81","grossPrice":"20","vatRate":"19","vatAmount":"3.19","wrapAfter":false,"hidden":false,"soldOut":false,"apiExport":false,"pos":10,"totalStock":12,"guestlists":[],"unitsSold":5,"soldOutRequestCount":0},{"id":10,"name":"👕 Male 4XL","netPrice":"16.81","grossPrice":"20","vatRate":"19","vatAmount":"3.19","wrapAfter":false,"hidden":false,"soldOut":false,"apiExport":false,"pos":10,"totalStock":29,"guestlists":[],"unitsSold":0,"soldOutRequestCount":0}]
--- PASS: TestGetProducts (0.01s)
=== RUN   TestGetProductsEmpty
    printer.go:116: GET /api/v2/products?id=0 HTTP/1.1
        Authorization: Bearer eyJhbGciOiJIUzI1NiIsInR5cCI6IkpXVCJ9.eyJJRCI6MiwiZXhwIjoxNzQ3MzQyNDM2LCJvcmlnX2lhdCI6MTc0NzM0MTgzNn0.8TtapoGD-aAJe0hNakkjEEieN8Ej5rQRh8khNSE3BWg
        
[GIN] 2025/05/15 - 22:43:56 | 200 |     306.875µs |                 | GET      "/api/v2/products?id=0"
    printer.go:133: HTTP/0.0 200 OK 310.75µs
        Content-Type: application/json; charset=utf-8
        X-Total-Count: 16
        
        []
--- PASS: TestGetProductsEmpty (0.00s)
=== RUN   TestGetProductsWithSort
    printer.go:116: GET /api/v2/products?_sort=id HTTP/1.1
        Authorization: Bearer eyJhbGciOiJIUzI1NiIsInR5cCI6IkpXVCJ9.eyJJRCI6MiwiZXhwIjoxNzQ3MzQyNDM2LCJvcmlnX2lhdCI6MTc0NzM0MTgzNn0.8TtapoGD-aAJe0hNakkjEEieN8Ej5rQRh8khNSE3BWg
        
[GIN] 2025/05/15 - 22:43:56 | 200 |     837.542µs |                 | GET      "/api/v2/products?_sort=id"
    printer.go:133: HTTP/0.0 200 OK 841.916µs
        Content-Type: application/json; charset=utf-8
        X-Total-Count: 16
        
        [{"id":1,"name":"🎟️ Regular","netPrice":"37.38","grossPrice":"40","vatRate":"7","vatAmount":"2.62","wrapAfter":false,"hidden":false,"soldOut":false,"apiExport":true,"pos":1,"totalStock":0,"guestlists":[],"unitsSold":0,"soldOutRequestCount":0},{"id":2,"name":"🎟️ Reduced","netPrice":"18.69","grossPrice":"20","vatRate":"7","vatAmount":"1.31","wrapAfter":false,"hidden":false,"soldOut":false,"apiExport":true,"pos":2,"totalStock":0,"guestlists":[{"id":1,"createdAt":"2025-05-15T22:43:46.967452+02:00","updatedAt":"2025-05-15T22:43:46.967452+02:00","deletedAt":null,"createdById":null,"createdBy":null,"updatedById":null,"updatedBy":null,"deletedById":null,"deletedBy":null,"name":"Reduces Digitale Kultur","typeCode":false,"productId":2,"product":{"id":0,"createdAt":"0001-01-01T00:00:00Z","updatedAt":"0001-01-01T00:00:00Z","deletedAt":null,"createdById":null,"createdBy":null,"updatedById":null,"updatedBy":null,"deletedById":null,"deletedBy":null,"name":"","netPrice":"0","vatRate":"0","wrapAfter":false,"hidden":false,"soldOut":false,"apiExport":false,"pos":0,"totalStock":0,"unitsSold":0,"soldOutRequestCount":0,"guestlists":null}},{"id":2,"createdAt":"2025-05-15T22:43:46.967486+02:00","updatedAt":"2025-05-15T22:43:46.967486+02:00","deletedAt":null,"createdById":null,"createdBy":null,"updatedById":null,"updatedBy":null,"deletedById":null,"deletedBy":null,"name":"Long Distance","typeCode":false,"productId":2,"product":{"id":0,"createdAt":"0001-01-01T00:00:00Z","updatedAt":"0001-01-01T00:00:00Z","deletedAt":null,"createdById":null,"createdBy":null,"updatedById":null,"updatedBy":null,"deletedById":null,"deletedBy":null,"name":"","netPrice":"0","vatRate":"0","wrapAfter":false,"hidden":false,"soldOut":false,"apiExport":false,"pos":0,"totalStock":0,"unitsSold":0,"soldOutRequestCount":0,"guestlists":null}}],"unitsSold":0,"soldOutRequestCount":0},{"id":3,"name":"🎟️ Free","netPrice":"0","grossPrice":"0","vatRate":"0","vatAmount":"0","wrapAfter":false,"hidden":false,"soldOut":false,"apiExport":true,"pos":3,"totalStock":0,"guestlists":[{"id":4,"createdAt":"2025-05-15T22:43:46.968757+02:00","updatedAt":"2025-05-15T22:43:46.968757+02:00","deletedAt":null,"createdById":null,"createdBy":null,"updatedById":null,"updatedBy":null,"deletedById":null,"deletedBy":null,"name":"Guestlist Neva","typeCode":false,"productId":3,"product":{"id":0,"createdAt":"0001-01-01T00:00:00Z","updatedAt":"0001-01-01T00:00:00Z","deletedAt":null,"createdById":null,"createdBy":null,"updatedById":null,"updatedBy":null,"deletedById":null,"deletedBy":null,"name":"","netPrice":"0","vatRate":"0","wrapAfter":false,"hidden":false,"soldOut":false,"apiExport":false,"pos":0,"totalStock":0,"unitsSold":0,"soldOutRequestCount":0,"guestlists":null}},{"id":5,"createdAt":"2025-05-15T22:43:46.968953+02:00","updatedAt":"2025-05-15T22:43:46.968953+02:00","deletedAt":null,"createdById":null,"createdBy":null,"updatedById":null,"updatedBy":null,"deletedById":null,"deletedBy":null,"name":"Guestlist Bertram","typeCode":false,"productId":3,"product":{"id":0,"createdAt":"0001-01-01T00:00:00Z","updatedAt":"0001-01-01T00:00:00Z","deletedAt":null,"createdById":null,"createdBy":null,"updatedById":null,"updatedBy":null,"deletedById":null,"deletedBy":null,"name":"","netPrice":"0","vatRate":"0","wrapAfter":false,"hidden":false,"soldOut":false,"apiExport":false,"pos":0,"totalStock":0,"unitsSold":0,"soldOutRequestCount":0,"guestlists":null}},{"id":6,"createdAt":"2025-05-15T22:43:46.969088+02:00","updatedAt":"2025-05-15T22:43:46.969088+02:00","deletedAt":null,"createdById":null,"createdBy":null,"updatedById":null,"updatedBy":null,"deletedById":null,"deletedBy":null,"name":"Guestlist Amelia","typeCode":false,"productId":3,"product":{"id":0,"createdAt":"0001-01-01T00:00:00Z","updatedAt":"0001-01-01T00:00:00Z","deletedAt":null,"createdById":null,"createdBy":null,"updatedById":null,"updatedBy":null,"deletedById":null,"deletedBy":null,"name":"","netPrice":"0","vatRate":"0","wrapAfter":false,"hidden":false,"soldOut":false,"apiExport":false,"pos":0,"totalStock":0,"unitsSold":0,"soldOutRequestCount":0,"guestlists":null}},{"id":7,"createdAt":"2025-05-15T22:43:46.969361+02:00","updatedAt":"2025-05-15T22:43:46.969361+02:00","deletedAt":null,"createdById":null,"createdBy":null,"updatedById":null,"updatedBy":null,"deletedById":null,"deletedBy":null,"name":"Guestlist Roel","typeCode":false,"productId":3,"product":{"id":0,"createdAt":"0001-01-01T00:00:00Z","updatedAt":"0001-01-01T00:00:00Z","deletedAt":null,"createdById":null,"createdBy":null,"updatedById":null,"updatedBy":null,"deletedById":null,"deletedBy":null,"name":"","netPrice":"0","vatRate":"0","wrapAfter":false,"hidden":false,"soldOut":false,"apiExport":false,"pos":0,"totalStock":0,"unitsSold":0,"soldOutRequestCount":0,"guestlists":null}},{"id":8,"createdAt":"2025-05-15T22:43:46.969794+02:00","updatedAt":"2025-05-15T22:43:46.969794+02:00","deletedAt":null,"createdById":null,"createdBy":null,"updatedById":null,"updatedBy":null,"deletedById":null,"deletedBy":null,"name":"Guestlist Edythe","typeCode":false,"productId":3,"product":{"id":0,"createdAt":"0001-01-01T00:00:00Z","updatedAt":"0001-01-01T00:00:00Z","deletedAt":null,"createdById":null,"createdBy":null,"updatedById":null,"updatedBy":null,"deletedById":null,"deletedBy":null,"name":"","netPrice":"0","vatRate":"0","wrapAfter":false,"hidden":false,"soldOut":false,"apiExport":false,"pos":0,"totalStock":0,"unitsSold":0,"soldOutRequestCount":0,"guestlists":null}},{"id":9,"createdAt":"2025-05-15T22:43:46.97001+02:00","updatedAt":"2025-05-15T22:43:46.97001+02:00","deletedAt":null,"createdById":null,"createdBy":null,"updatedById":null,"updatedBy":null,"deletedById":null,"deletedBy":null,"name":"Guestlist Gudrun","typeCode":false,"productId":3,"product":{"id":0,"createdAt":"0001-01-01T00:00:00Z","updatedAt":"0001-01-01T00:00:00Z","deletedAt":null,"createdById":null,"createdBy":null,"updatedById":null,"updatedBy":null,"deletedById":null,"deletedBy":null,"name":"","netPrice":"0","vatRate":"0","wrapAfter":false,"hidden":false,"soldOut":false,"apiExport":false,"pos":0,"totalStock":0,"unitsSold":0,"soldOutRequestCount":0,"guestlists":null}},{"id":10,"createdAt":"2025-05-15T22:43:46.97032+02:00","updatedAt":"2025-05-15T22:43:46.97032+02:00","deletedAt":null,"createdById":null,"createdBy":null,"updatedById":null,"updatedBy":null,"deletedById":null,"deletedBy":null,"name":"Guestlist Katharina","typeCode":false,"productId":3,"product":{"id":0,"createdAt":"0001-01-01T00:00:00Z","updatedAt":"0001-01-01T00:00:00Z","deletedAt":null,"createdById":null,"createdBy":null,"updatedById":null,"updatedBy":null,"deletedById":null,"deletedBy":null,"name":"","netPrice":"0","vatRate":"0","wrapAfter":false,"hidden":false,"soldOut":false,"apiExport":false,"pos":0,"totalStock":0,"unitsSold":0,"soldOutRequestCount":0,"guestlists":null}},{"id":11,"createdAt":"2025-05-15T22:43:46.970533+02:00","updatedAt":"2025-05-15T22:43:46.970533+02:00","deletedAt":null,"createdById":null,"createdBy":null,"updatedById":null,"updatedBy":null,"deletedById":null,"deletedBy":null,"name":"Guestlist Gerda","typeCode":false,"productId":3,"product":{"id":0,"createdAt":"0001-01-01T00:00:00Z","updatedAt":"0001-01-01T00:00:00Z","deletedAt":null,"createdById":null,"createdBy":null,"updatedById":null,"updatedBy":null,"deletedById":null,"deletedBy":null,"name":"","netPrice":"0","vatRate":"0","wrapAfter":false,"hidden":false,"soldOut":false,"apiExport":false,"pos":0,"totalStock":0,"unitsSold":0,"soldOutRequestCount":0,"guestlists":null}},{"id":12,"createdAt":"2025-05-15T22:43:46.970813+02:00","updatedAt":"2025-05-15T22:43:46.970813+02:00","deletedAt":null,"createdById":null,"createdBy":null,"updatedById":null,"updatedBy":null,"deletedById":null,"deletedBy":null,"name":"Guestlist Laverna","typeCode":false,"productId":3,"product":{"id":0,"createdAt":"0001-01-01T00:00:00Z","updatedAt":"0001-01-01T00:00:00Z","deletedAt":null,"createdById":null,"createdBy":null,"updatedById":null,"updatedBy":null,"deletedById":null,"deletedBy":null,"name":"","netPrice":"0","vatRate":"0","wrapAfter":false,"hidden":false,"soldOut":false,"apiExport":false,"pos":0,"totalStock":0,"unitsSold":0,"soldOutRequestCount":0,"guestlists":null}},{"id":13,"createdAt":"2025-05-15T22:43:46.97109+02:00","updatedAt":"2025-05-15T22:43:46.97109+02:00","deletedAt":null,"createdById":null,"createdBy":null,"updatedById":null,"updatedBy":null,"deletedById":null,"deletedBy":null,"name":"Guestlist Mekhi","typeCode":false,"productId":3,"product":{"id":0,"createdAt":"0001-01-01T00:00:00Z","updatedAt":"0001-01-01T00:00:00Z","deletedAt":null,"createdById":null,"createdBy":null,"updatedById":null,"updatedBy":null,"deletedById":null,"deletedBy":null,"name":"","netPrice":"0","vatRate":"0","wrapAfter":false,"hidden":false,"soldOut":false,"apiExport":false,"pos":0,"totalStock":0,"unitsSold":0,"soldOutRequestCount":0,"guestlists":null}},{"id":14,"createdAt":"2025-05-15T22:43:46.971653+02:00","updatedAt":"2025-05-15T22:43:46.971653+02:00","deletedAt":null,"createdById":null,"createdBy":null,"updatedById":null,"updatedBy":null,"deletedById":null,"deletedBy":null,"name":"Guestlist Sunny","typeCode":false,"productId":3,"product":{"id":0,"createdAt":"0001-01-01T00:00:00Z","updatedAt":"0001-01-01T00:00:00Z","deletedAt":null,"createdById":null,"createdBy":null,"updatedById":null,"updatedBy":null,"deletedById":null,"deletedBy":null,"name":"","netPrice":"0","vatRate":"0","wrapAfter":false,"hidden":false,"soldOut":false,"apiExport":false,"pos":0,"totalStock":0,"unitsSold":0,"soldOutRequestCount":0,"guestlists":null}},{"id":15,"createdAt":"2025-05-15T22:43:46.97193+02:00","updatedAt":"2025-05-15T22:43:46.97193+02:00","deletedAt":null,"createdById":null,"createdBy":null,"updatedById":null,"updatedBy":null,"deletedById":null,"deletedBy":null,"name":"Guestlist Daija","typeCode":false,"productId":3,"product":{"id":0,"createdAt":"0001-01-01T00:00:00Z","updatedAt":"0001-01-01T00:00:00Z","deletedAt":null,"createdById":null,"createdBy":null,"updatedById":null,"updatedBy":null,"deletedById":null,"deletedBy":null,"name":"","netPrice":"0","vatRate":"0","wrapAfter":false,"hidden":false,"soldOut":false,"apiExport":false,"pos":0,"totalStock":0,"unitsSold":0,"soldOutRequestCount":0,"guestlists":null}},{"id":16,"createdAt":"2025-05-15T22:43:46.972061+02:00","updatedAt":"2025-05-15T22:43:46.972061+02:00","deletedAt":null,"createdById":null,"createdBy":null,"updatedById":null,"updatedBy":null,"deletedById":null,"deletedBy":null,"name":"Guestlist Benny","typeCode":false,"productId":3,"product":{"id":0,"createdAt":"0001-01-01T00:00:00Z","updatedAt":"0001-01-01T00:00:00Z","deletedAt":null,"createdById":null,"createdBy":null,"updatedById":null,"updatedBy":null,"deletedById":null,"deletedBy":null,"name":"","netPrice":"0","vatRate":"0","wrapAfter":false,"hidden":false,"soldOut":false,"apiExport":false,"pos":0,"totalStock":0,"unitsSold":0,"soldOutRequestCount":0,"guestlists":null}},{"id":17,"createdAt":"2025-05-15T22:43:46.972343+02:00","updatedAt":"2025-05-15T22:43:46.972343+02:00","deletedAt":null,"createdById":null,"createdBy":null,"updatedById":null,"updatedBy":null,"deletedById":null,"deletedBy":null,"name":"Guestlist Wallace","typeCode":false,"productId":3,"product":{"id":0,"createdAt":"0001-01-01T00:00:00Z","updatedAt":"0001-01-01T00:00:00Z","deletedAt":null,"createdById":null,"createdBy":null,"updatedById":null,"updatedBy":null,"deletedById":null,"deletedBy":null,"name":"","netPrice":"0","vatRate":"0","wrapAfter":false,"hidden":false,"soldOut":false,"apiExport":false,"pos":0,"totalStock":0,"unitsSold":0,"soldOutRequestCount":0,"guestlists":null}},{"id":18,"createdAt":"2025-05-15T22:43:46.972573+02:00","updatedAt":"2025-05-15T22:43:46.972573+02:00","deletedAt":null,"createdById":null,"createdBy":null,"updatedById":null,"updatedBy":null,"deletedById":null,"deletedBy":null,"name":"Guestlist Kirk","typeCode":false,"productId":3,"product":{"id":0,"createdAt":"0001-01-01T00:00:00Z","updatedAt":"0001-01-01T00:00:00Z","deletedAt":null,"createdById":null,"createdBy":null,"updatedById":null,"updatedBy":null,"deletedById":null,"deletedBy":null,"name":"","netPrice":"0","vatRate":"0","wrapAfter":false,"hidden":false,"soldOut":false,"apiExport":false,"pos":0,"totalStock":0,"unitsSold":0,"soldOutRequestCount":0,"guestlists":null}},{"id":19,"createdAt":"2025-05-15T22:43:46.972827+02:00","updatedAt":"2025-05-15T22:43:46.972827+02:00","deletedAt":null,"createdById":null,"createdBy":null,"updatedById":null,"updatedBy":null,"deletedById":null,"deletedBy":null,"name":"Guestlist Opal","typeCode":false,"productId":3,"product":{"id":0,"createdAt":"0001-01-01T00:00:00Z","updatedAt":"0001-01-01T00:00:00Z","deletedAt":null,"createdById":null,"createdBy":null,"updatedById":null,"updatedBy":null,"deletedById":null,"deletedBy":null,"name":"","netPrice":"0","vatRate":"0","wrapAfter":false,"hidden":false,"soldOut":false,"apiExport":false,"pos":0,"totalStock":0,"unitsSold":0,"soldOutRequestCount":0,"guestlists":null}},{"id":20,"createdAt":"2025-05-15T22:43:46.973191+02:00","updatedAt":"2025-05-15T22:43:46.973191+02:00","deletedAt":null,"createdById":null,"createdBy":null,"updatedById":null,"updatedBy":null,"deletedById":null,"deletedBy":null,"name":"Guestlist Terence","typeCode":false,"productId":3,"product":{"id":0,"createdAt":"0001-01-01T00:00:00Z","updatedAt":"0001-01-01T00:00:00Z","deletedAt":null,"createdById":null,"createdBy":null,"updatedById":null,"updatedBy":null,"deletedById":null,"deletedBy":null,"name":"","netPrice":"0","vatRate":"0","wrapAfter":false,"hidden":false,"soldOut":false,"apiExport":false,"pos":0,"totalStock":0,"unitsSold":0,"soldOutRequestCount":0,"guestlists":null}},{"id":21,"createdAt":"2025-05-15T22:43:46.973418+02:00","updatedAt":"2025-05-15T22:43:46.973418+02:00","deletedAt":null,"createdById":null,"createdBy":null,"updatedById":null,"updatedBy":null,"deletedById":null,"deletedBy":null,"name":"Guestlist Zack","typeCode":false,"productId":3,"product":{"id":0,"createdAt":"0001-01-01T00:00:00Z","updatedAt":"0001-01-01T00:00:00Z","deletedAt":null,"createdById":null,"createdBy":null,"updatedById":null,"updatedBy":null,"deletedById":null,"deletedBy":null,"name":"","netPrice":"0","vatRate":"0","wrapAfter":false,"hidden":false,"soldOut":false,"apiExport":false,"pos":0,"totalStock":0,"unitsSold":0,"soldOutRequestCount":0,"guestlists":null}},{"id":22,"createdAt":"2025-05-15T22:43:46.973556+02:00","updatedAt":"2025-05-15T22:43:46.973556+02:00","deletedAt":null,"createdById":null,"createdBy":null,"updatedById":null,"updatedBy":null,"deletedById":null,"deletedBy":null,"name":"Guestlist Autumn","typeCode":false,"productId":3,"product":{"id":0,"createdAt":"0001-01-01T00:00:00Z","updatedAt":"0001-01-01T00:00:00Z","deletedAt":null,"createdById":null,"createdBy":null,"updatedById":null,"updatedBy":null,"deletedById":null,"deletedBy":null,"name":"","netPrice":"0","vatRate":"0","wrapAfter":false,"hidden":false,"soldOut":false,"apiExport":false,"pos":0,"totalStock":0,"unitsSold":0,"soldOutRequestCount":0,"guestlists":null}},{"id":23,"createdAt":"2025-05-15T22:43:46.973672+02:00","updatedAt":"2025-05-15T22:43:46.973672+02:00","deletedAt":null,"createdById":null,"createdBy":null,"updatedById":null,"updatedBy":null,"deletedById":null,"deletedBy":null,"name":"Guestlist Kareem","typeCode":false,"productId":3,"product":{"id":0,"createdAt":"0001-01-01T00:00:00Z","updatedAt":"0001-01-01T00:00:00Z","deletedAt":null,"createdById":null,"createdBy":null,"updatedById":null,"updatedBy":null,"deletedById":null,"deletedBy":null,"name":"","netPrice":"0","vatRate":"0","wrapAfter":false,"hidden":false,"soldOut":false,"apiExport":false,"pos":0,"totalStock":0,"unitsSold":0,"soldOutRequestCount":0,"guestlists":null}},{"id":24,"createdAt":"2025-05-15T22:43:46.973926+02:00","updatedAt":"2025-05-15T22:43:46.973926+02:00","deletedAt":null,"createdById":null,"createdBy":null,"updatedById":null,"updatedBy":null,"deletedById":null,"deletedBy":null,"name":"Guestlist Hertha","typeCode":false,"productId":3,"product":{"id":0,"createdAt":"0001-01-01T00:00:00Z","updatedAt":"0001-01-01T00:00:00Z","deletedAt":null,"createdById":null,"createdBy":null,"updatedById":null,"updatedBy":null,"deletedById":null,"deletedBy":null,"name":"","netPrice":"0","vatRate":"0","wrapAfter":false,"hidden":false,"soldOut":false,"apiExport":false,"pos":0,"totalStock":0,"unitsSold":0,"soldOutRequestCount":0,"guestlists":null}},{"id":25,"createdAt":"2025-05-15T22:43:46.974035+02:00","updatedAt":"2025-05-15T22:43:46.974035+02:00","deletedAt":null,"createdById":null,"createdBy":null,"updatedById":null,"updatedBy":null,"deletedById":null,"deletedBy":null,"name":"Guestlist Crystel","typeCode":false,"productId":3,"product":{"id":0,"createdAt":"0001-01-01T00:00:00Z","updatedAt":"0001-01-01T00:00:00Z","deletedAt":null,"createdById":null,"createdBy":null,"updatedById":null,"updatedBy":null,"deletedById":null,"deletedBy":null,"name":"","netPrice":"0","vatRate":"0","wrapAfter":false,"hidden":false,"soldOut":false,"apiExport":false,"pos":0,"totalStock":0,"unitsSold":0,"soldOutRequestCount":0,"guestlists":null}},{"id":26,"createdAt":"2025-05-15T22:43:46.974176+02:00","updatedAt":"2025-05-15T22:43:46.974176+02:00","deletedAt":null,"createdById":null,"createdBy":null,"updatedById":null,"updatedBy":null,"deletedById":null,"deletedBy":null,"name":"Guestlist Lucie","typeCode":false,"productId":3,"product":{"id":0,"createdAt":"0001-01-01T00:00:00Z","updatedAt":"0001-01-01T00:00:00Z","deletedAt":null,"createdById":null,"createdBy":null,"updatedById":null,"updatedBy":null,"deletedById":null,"deletedBy":null,"name":"","netPrice":"0","vatRate":"0","wrapAfter":false,"hidden":false,"soldOut":false,"apiExport":false,"pos":0,"totalStock":0,"unitsSold":0,"soldOutRequestCount":0,"guestlists":null}},{"id":27,"createdAt":"2025-05-15T22:43:46.974393+02:00","updatedAt":"2025-05-15T22:43:46.974393+02:00","deletedAt":null,"createdById":null,"createdBy":null,"updatedById":null,"updatedBy":null,"deletedById":null,"deletedBy":null,"name":"Guestlist Breanna","typeCode":false,"productId":3,"product":{"id":0,"createdAt":"0001-01-01T00:00:00Z","updatedAt":"0001-01-01T00:00:00Z","deletedAt":null,"createdById":null,"createdBy":null,"updatedById":null,"updatedBy":null,"deletedById":null,"deletedBy":null,"name":"","netPrice":"0","vatRate":"0","wrapAfter":false,"hidden":false,"soldOut":false,"apiExport":false,"pos":0,"totalStock":0,"unitsSold":0,"soldOutRequestCount":0,"guestlists":null}},{"id":28,"createdAt":"2025-05-15T22:43:46.974619+02:00","updatedAt":"2025-05-15T22:43:46.974619+02:00","deletedAt":null,"createdById":null,"createdBy":null,"updatedById":null,"updatedBy":null,"deletedById":null,"deletedBy":null,"name":"Guestlist Marcos","typeCode":false,"productId":3,"product":{"id":0,"createdAt":"0001-01-01T00:00:00Z","updatedAt":"0001-01-01T00:00:00Z","deletedAt":null,"createdById":null,"createdBy":null,"updatedById":null,"updatedBy":null,"deletedById":null,"deletedBy":null,"name":"","netPrice":"0","vatRate":"0","wrapAfter":false,"hidden":false,"soldOut":false,"apiExport":false,"pos":0,"totalStock":0,"unitsSold":0,"soldOutRequestCount":0,"guestlists":null}},{"id":29,"createdAt":"2025-05-15T22:43:46.974886+02:00","updatedAt":"2025-05-15T22:43:46.974886+02:00","deletedAt":null,"createdById":null,"createdBy":null,"updatedById":null,"updatedBy":null,"deletedById":null,"deletedBy":null,"name":"Guestlist Isidro","typeCode":false,"productId":3,"product":{"id":0,"createdAt":"0001-01-01T00:00:00Z","updatedAt":"0001-01-01T00:00:00Z","deletedAt":null,"createdById":null,"createdBy":null,"updatedById":null,"updatedBy":null,"deletedById":null,"deletedBy":null,"name":"","netPrice":"0","vatRate":"0","wrapAfter":false,"hidden":false,"soldOut":false,"apiExport":false,"pos":0,"totalStock":0,"unitsSold":0,"soldOutRequestCount":0,"guestlists":null}},{"id":30,"createdAt":"2025-05-15T22:43:46.974974+02:00","updatedAt":"2025-05-15T22:43:46.974974+02:00","deletedAt":null,"createdById":null,"createdBy":null,"updatedById":null,"updatedBy":null,"deletedById":null,"deletedBy":null,"name":"Guestlist Leonard","typeCode":false,"productId":3,"product":{"id":0,"createdAt":"0001-01-01T00:00:00Z","updatedAt":"0001-01-01T00:00:00Z","deletedAt":null,"createdById":null,"createdBy":null,"updatedById":null,"updatedBy":null,"deletedById":null,"deletedBy":null,"name":"","netPrice":"0","vatRate":"0","wrapAfter":false,"hidden":false,"soldOut":false,"apiExport":false,"pos":0,"totalStock":0,"unitsSold":0,"soldOutRequestCount":0,"guestlists":null}},{"id":31,"createdAt":"2025-05-15T22:43:46.975216+02:00","updatedAt":"2025-05-15T22:43:46.975216+02:00","deletedAt":null,"createdById":null,"createdBy":null,"updatedById":null,"updatedBy":null,"deletedById":null,"deletedBy":null,"name":"Guestlist Wilford","typeCode":false,"productId":3,"product":{"id":0,"createdAt":"0001-01-01T00:00:00Z","updatedAt":"0001-01-01T00:00:00Z","deletedAt":null,"createdById":null,"createdBy":null,"updatedById":null,"updatedBy":null,"deletedById":null,"deletedBy":null,"name":"","netPrice":"0","vatRate":"0","wrapAfter":false,"hidden":false,"soldOut":false,"apiExport":false,"pos":0,"totalStock":0,"unitsSold":0,"soldOutRequestCount":0,"guestlists":null}},{"id":32,"createdAt":"2025-05-15T22:43:46.975415+02:00","updatedAt":"2025-05-15T22:43:46.975415+02:00","deletedAt":null,"createdById":null,"createdBy":null,"updatedById":null,"updatedBy":null,"deletedById":null,"deletedBy":null,"name":"Guestlist Lambert","typeCode":false,"productId":3,"product":{"id":0,"createdAt":"0001-01-01T00:00:00Z","updatedAt":"0001-01-01T00:00:00Z","deletedAt":null,"createdById":null,"createdBy":null,"updatedById":null,"updatedBy":null,"deletedById":null,"deletedBy":null,"name":"","netPrice":"0","vatRate":"0","wrapAfter":false,"hidden":false,"soldOut":false,"apiExport":false,"pos":0,"totalStock":0,"unitsSold":0,"soldOutRequestCount":0,"guestlists":null}},{"id":33,"createdAt":"2025-05-15T22:43:46.975559+02:00","updatedAt":"2025-05-15T22:43:46.975559+02:00","deletedAt":null,"createdById":null,"createdBy":null,"updatedById":null,"updatedBy":null,"deletedById":null,"deletedBy":null,"name":"Guestlist Jewel","typeCode":false,"productId":3,"product":{"id":0,"createdAt":"0001-01-01T00:00:00Z","updatedAt":"0001-01-01T00:00:00Z","deletedAt":null,"createdById":null,"createdBy":null,"updatedById":null,"updatedBy":null,"deletedById":null,"deletedBy":null,"name":"","netPrice":"0","vatRate":"0","wrapAfter":false,"hidden":false,"soldOut":false,"apiExport":false,"pos":0,"totalStock":0,"unitsSold":0,"soldOutRequestCount":0,"guestlists":null}},{"id":34,"createdAt":"2025-05-15T22:43:46.975645+02:00","updatedAt":"2025-05-15T22:43:46.975645+02:00","deletedAt":null,"createdById":null,"createdBy":null,"updatedById":null,"updatedBy":null,"deletedById":null,"deletedBy":null,"name":"Guestlist Lemuel","typeCode":false,"productId":3,"product":{"id":0,"createdAt":"0001-01-01T00:00:00Z","updatedAt":"0001-01-01T00:00:00Z","deletedAt":null,"createdById":null,"createdBy":null,"updatedById":null,"updatedBy":null,"deletedById":null,"deletedBy":null,"name":"","netPrice":"0","vatRate":"0","wrapAfter":false,"hidden":false,"soldOut":false,"apiExport":false,"pos":0,"totalStock":0,"unitsSold":0,"soldOutRequestCount":0,"guestlists":null}},{"id":35,"createdAt":"2025-05-15T22:43:46.975921+02:00","updatedAt":"2025-05-15T22:43:46.975921+02:00","deletedAt":null,"createdById":null,"createdBy":null,"updatedById":null,"updatedBy":null,"deletedById":null,"deletedBy":null,"name":"Guestlist Berry","typeCode":false,"productId":3,"product":{"id":0,"createdAt":"0001-01-01T00:00:00Z","updatedAt":"0001-01-01T00:00:00Z","deletedAt":null,"createdById":null,"createdBy":null,"updatedById":null,"updatedBy":null,"deletedById":null,"deletedBy":null,"name":"","netPrice":"0","vatRate":"0","wrapAfter":false,"hidden":false,"soldOut":false,"apiExport":false,"pos":0,"totalStock":0,"unitsSold":0,"soldOutRequestCount":0,"guestlists":null}},{"id":36,"createdAt":"2025-05-15T22:43:46.97673+02:00","updatedAt":"2025-05-15T22:43:46.97673+02:00","deletedAt":null,"createdById":null,"createdBy":null,"updatedById":null,"updatedBy":null,"deletedById":null,"deletedBy":null,"name":"Guestlist Harley","typeCode":false,"productId":3,"product":{"id":0,"createdAt":"0001-01-01T00:00:00Z","updatedAt":"0001-01-01T00:00:00Z","deletedAt":null,"createdById":null,"createdBy":null,"updatedById":null,"updatedBy":null,"deletedById":null,"deletedBy":null,"name":"","netPrice":"0","vatRate":"0","wrapAfter":false,"hidden":false,"soldOut":false,"apiExport":false,"pos":0,"totalStock":0,"unitsSold":0,"soldOutRequestCount":0,"guestlists":null}},{"id":37,"createdAt":"2025-05-15T22:43:46.977099+02:00","updatedAt":"2025-05-15T22:43:46.977099+02:00","deletedAt":null,"createdById":null,"createdBy":null,"updatedById":null,"updatedBy":null,"deletedById":null,"deletedBy":null,"name":"Guestlist Reuben","typeCode":false,"productId":3,"product":{"id":0,"createdAt":"0001-01-01T00:00:00Z","updatedAt":"0001-01-01T00:00:00Z","deletedAt":null,"createdById":null,"createdBy":null,"updatedById":null,"updatedBy":null,"deletedById":null,"deletedBy":null,"name":"","netPrice":"0","vatRate":"0","wrapAfter":false,"hidden":false,"soldOut":false,"apiExport":false,"pos":0,"totalStock":0,"unitsSold":0,"soldOutRequestCount":0,"guestlists":null}},{"id":38,"createdAt":"2025-05-15T22:43:46.977297+02:00","updatedAt":"2025-05-15T22:43:46.977297+02:00","deletedAt":null,"createdById":null,"createdBy":null,"updatedById":null,"updatedBy":null,"deletedById":null,"deletedBy":null,"name":"Guestlist Kraig","typeCode":false,"productId":3,"product":{"id":0,"createdAt":"0001-01-01T00:00:00Z","updatedAt":"0001-01-01T00:00:00Z","deletedAt":null,"createdById":null,"createdBy":null,"updatedById":null,"updatedBy":null,"deletedById":null,"deletedBy":null,"name":"","netPrice":"0","vatRate":"0","wrapAfter":false,"hidden":false,"soldOut":false,"apiExport":false,"pos":0,"totalStock":0,"unitsSold":0,"soldOutRequestCount":0,"guestlists":null}},{"id":39,"createdAt":"2025-05-15T22:43:46.977632+02:00","updatedAt":"2025-05-15T22:43:46.977632+02:00","deletedAt":null,"createdById":null,"createdBy":null,"updatedById":null,"updatedBy":null,"deletedById":null,"deletedBy":null,"name":"Guestlist Leonardo","typeCode":false,"productId":3,"product":{"id":0,"createdAt":"0001-01-01T00:00:00Z","updatedAt":"0001-01-01T00:00:00Z","deletedAt":null,"createdById":null,"createdBy":null,"updatedById":null,"updatedBy":null,"deletedById":null,"deletedBy":null,"name":"","netPrice":"0","vatRate":"0","wrapAfter":false,"hidden":false,"soldOut":false,"apiExport":false,"pos":0,"totalStock":0,"unitsSold":0,"soldOutRequestCount":0,"guestlists":null}},{"id":40,"createdAt":"2025-05-15T22:43:46.977791+02:00","updatedAt":"2025-05-15T22:43:46.977791+02:00","deletedAt":null,"createdById":null,"createdBy":null,"updatedById":null,"updatedBy":null,"deletedById":null,"deletedBy":null,"name":"Guestlist Alicia","typeCode":false,"productId":3,"product":{"id":0,"createdAt":"0001-01-01T00:00:00Z","updatedAt":"0001-01-01T00:00:00Z","deletedAt":null,"createdById":null,"createdBy":null,"updatedById":null,"updatedBy":null,"deletedById":null,"deletedBy":null,"name":"","netPrice":"0","vatRate":"0","wrapAfter":false,"hidden":false,"soldOut":false,"apiExport":false,"pos":0,"totalStock":0,"unitsSold":0,"soldOutRequestCount":0,"guestlists":null}}],"unitsSold":0,"soldOutRequestCount":0},{"id":4,"name":"🎟️ Prepaid","netPrice":"0","grossPrice":"0","vatRate":"0","vatAmount":"0","wrapAfter":true,"hidden":false,"soldOut":false,"apiExport":true,"pos":4,"totalStock":0,"guestlists":[{"id":3,"createdAt":"2025-05-15T22:43:46.967522+02:00","updatedAt":"2025-05-15T22:43:46.967522+02:00","deletedAt":null,"createdById":null,"createdBy":null,"updatedById":null,"updatedBy":null,"deletedById":null,"deletedBy":null,"name":"Deine Tickets","typeCode":true,"productId":4,"product":{"id":0,"createdAt":"0001-01-01T00:00:00Z","updatedAt":"0001-01-01T00:00:00Z","deletedAt":null,"createdById":null,"createdBy":null,"updatedById":null,"updatedBy":null,"deletedById":null,"deletedBy":null,"name":"","netPrice":"0","vatRate":"0","wrapAfter":false,"hidden":false,"soldOut":false,"apiExport":false,"pos":0,"totalStock":0,"unitsSold":0,"soldOutRequestCount":0,"guestlists":null}}],"unitsSold":5,"soldOutRequestCount":0},{"id":5,"name":"👕 Male S","netPrice":"16.81","grossPrice":"20","vatRate":"19","vatAmount":"3.19","wrapAfter":false,"hidden":false,"soldOut":false,"apiExport":false,"pos":10,"totalStock":30,"guestlists":[],"unitsSold":7,"soldOutRequestCount":0},{"id":6,"name":"👕 Male M","netPrice":"16.81","grossPrice":"20","vatRate":"19","vatAmount":"3.19","wrapAfter":false,"hidden":false,"soldOut":false,"apiExport":false,"pos":10,"totalStock":7,"guestlists":[],"unitsSold":0,"soldOutRequestCount":0},{"id":7,"name":"👕 Male L","netPrice":"16.81","grossPrice":"20","vatRate":"19","vatAmount":"3.19","wrapAfter":false,"hidden":false,"soldOut":false,"apiExport":false,"pos":10,"totalStock":27,"guestlists":[],"unitsSold":5,"soldOutRequestCount":0},{"id":8,"name":"👕 Male XL","netPrice":"16.81","grossPrice":"20","vatRate":"19","vatAmount":"3.19","wrapAfter":false,"hidden":false,"soldOut":false,"apiExport":false,"pos":10,"totalStock":28,"guestlists":[],"unitsSold":3,"soldOutRequestCount":0},{"id":9,"name":"👕 Male XXL","netPrice":"16.81","grossPrice":"20","vatRate":"19","vatAmount":"3.19","wrapAfter":false,"hidden":false,"soldOut":false,"apiExport":false,"pos":10,"totalStock":12,"guestlists":[],"unitsSold":5,"soldOutRequestCount":0},{"id":10,"name":"👕 Male 4XL","netPrice":"16.81","grossPrice":"20","vatRate":"19","vatAmount":"3.19","wrapAfter":false,"hidden":false,"soldOut":false,"apiExport":false,"pos":10,"totalStock":29,"guestlists":[],"unitsSold":0,"soldOutRequestCount":0}]
    printer.go:116: GET /api/v2/products?_sort=name HTTP/1.1
        Authorization: Bearer eyJhbGciOiJIUzI1NiIsInR5cCI6IkpXVCJ9.eyJJRCI6MiwiZXhwIjoxNzQ3MzQyNDM2LCJvcmlnX2lhdCI6MTc0NzM0MTgzNn0.8TtapoGD-aAJe0hNakkjEEieN8Ej5rQRh8khNSE3BWg
        
[GIN] 2025/05/15 - 22:43:56 | 200 |     855.584µs |                 | GET      "/api/v2/products?_sort=name"
    printer.go:133: HTTP/0.0 200 OK 863.542µs
        Content-Type: application/json; charset=utf-8
        X-Total-Count: 16
        
        [{"id":16,"name":"☕ Coffee Mug","netPrice":"0.84","grossPrice":"1","vatRate":"19","vatAmount":"0.16","wrapAfter":false,"hidden":false,"soldOut":false,"apiExport":false,"pos":30,"totalStock":0,"guestlists":[],"unitsSold":5,"soldOutRequestCount":0},{"id":3,"name":"🎟️ Free","netPrice":"0","grossPrice":"0","vatRate":"0","vatAmount":"0","wrapAfter":false,"hidden":false,"soldOut":false,"apiExport":true,"pos":3,"totalStock":0,"guestlists":[{"id":4,"createdAt":"2025-05-15T22:43:46.968757+02:00","updatedAt":"2025-05-15T22:43:46.968757+02:00","deletedAt":null,"createdById":null,"createdBy":null,"updatedById":null,"updatedBy":null,"deletedById":null,"deletedBy":null,"name":"Guestlist Neva","typeCode":false,"productId":3,"product":{"id":0,"createdAt":"0001-01-01T00:00:00Z","updatedAt":"0001-01-01T00:00:00Z","deletedAt":null,"createdById":null,"createdBy":null,"updatedById":null,"updatedBy":null,"deletedById":null,"deletedBy":null,"name":"","netPrice":"0","vatRate":"0","wrapAfter":false,"hidden":false,"soldOut":false,"apiExport":false,"pos":0,"totalStock":0,"unitsSold":0,"soldOutRequestCount":0,"guestlists":null}},{"id":5,"createdAt":"2025-05-15T22:43:46.968953+02:00","updatedAt":"2025-05-15T22:43:46.968953+02:00","deletedAt":null,"createdById":null,"createdBy":null,"updatedById":null,"updatedBy":null,"deletedById":null,"deletedBy":null,"name":"Guestlist Bertram","typeCode":false,"productId":3,"product":{"id":0,"createdAt":"0001-01-01T00:00:00Z","updatedAt":"0001-01-01T00:00:00Z","deletedAt":null,"createdById":null,"createdBy":null,"updatedById":null,"updatedBy":null,"deletedById":null,"deletedBy":null,"name":"","netPrice":"0","vatRate":"0","wrapAfter":false,"hidden":false,"soldOut":false,"apiExport":false,"pos":0,"totalStock":0,"unitsSold":0,"soldOutRequestCount":0,"guestlists":null}},{"id":6,"createdAt":"2025-05-15T22:43:46.969088+02:00","updatedAt":"2025-05-15T22:43:46.969088+02:00","deletedAt":null,"createdById":null,"createdBy":null,"updatedById":null,"updatedBy":null,"deletedById":null,"deletedBy":null,"name":"Guestlist Amelia","typeCode":false,"productId":3,"product":{"id":0,"createdAt":"0001-01-01T00:00:00Z","updatedAt":"0001-01-01T00:00:00Z","deletedAt":null,"createdById":null,"createdBy":null,"updatedById":null,"updatedBy":null,"deletedById":null,"deletedBy":null,"name":"","netPrice":"0","vatRate":"0","wrapAfter":false,"hidden":false,"soldOut":false,"apiExport":false,"pos":0,"totalStock":0,"unitsSold":0,"soldOutRequestCount":0,"guestlists":null}},{"id":7,"createdAt":"2025-05-15T22:43:46.969361+02:00","updatedAt":"2025-05-15T22:43:46.969361+02:00","deletedAt":null,"createdById":null,"createdBy":null,"updatedById":null,"updatedBy":null,"deletedById":null,"deletedBy":null,"name":"Guestlist Roel","typeCode":false,"productId":3,"product":{"id":0,"createdAt":"0001-01-01T00:00:00Z","updatedAt":"0001-01-01T00:00:00Z","deletedAt":null,"createdById":null,"createdBy":null,"updatedById":null,"updatedBy":null,"deletedById":null,"deletedBy":null,"name":"","netPrice":"0","vatRate":"0","wrapAfter":false,"hidden":false,"soldOut":false,"apiExport":false,"pos":0,"totalStock":0,"unitsSold":0,"soldOutRequestCount":0,"guestlists":null}},{"id":8,"createdAt":"2025-05-15T22:43:46.969794+02:00","updatedAt":"2025-05-15T22:43:46.969794+02:00","deletedAt":null,"createdById":null,"createdBy":null,"updatedById":null,"updatedBy":null,"deletedById":null,"deletedBy":null,"name":"Guestlist Edythe","typeCode":false,"productId":3,"product":{"id":0,"createdAt":"0001-01-01T00:00:00Z","updatedAt":"0001-01-01T00:00:00Z","deletedAt":null,"createdById":null,"createdBy":null,"updatedById":null,"updatedBy":null,"deletedById":null,"deletedBy":null,"name":"","netPrice":"0","vatRate":"0","wrapAfter":false,"hidden":false,"soldOut":false,"apiExport":false,"pos":0,"totalStock":0,"unitsSold":0,"soldOutRequestCount":0,"guestlists":null}},{"id":9,"createdAt":"2025-05-15T22:43:46.97001+02:00","updatedAt":"2025-05-15T22:43:46.97001+02:00","deletedAt":null,"createdById":null,"createdBy":null,"updatedById":null,"updatedBy":null,"deletedById":null,"deletedBy":null,"name":"Guestlist Gudrun","typeCode":false,"productId":3,"product":{"id":0,"createdAt":"0001-01-01T00:00:00Z","updatedAt":"0001-01-01T00:00:00Z","deletedAt":null,"createdById":null,"createdBy":null,"updatedById":null,"updatedBy":null,"deletedById":null,"deletedBy":null,"name":"","netPrice":"0","vatRate":"0","wrapAfter":false,"hidden":false,"soldOut":false,"apiExport":false,"pos":0,"totalStock":0,"unitsSold":0,"soldOutRequestCount":0,"guestlists":null}},{"id":10,"createdAt":"2025-05-15T22:43:46.97032+02:00","updatedAt":"2025-05-15T22:43:46.97032+02:00","deletedAt":null,"createdById":null,"createdBy":null,"updatedById":null,"updatedBy":null,"deletedById":null,"deletedBy":null,"name":"Guestlist Katharina","typeCode":false,"productId":3,"product":{"id":0,"createdAt":"0001-01-01T00:00:00Z","updatedAt":"0001-01-01T00:00:00Z","deletedAt":null,"createdById":null,"createdBy":null,"updatedById":null,"updatedBy":null,"deletedById":null,"deletedBy":null,"name":"","netPrice":"0","vatRate":"0","wrapAfter":false,"hidden":false,"soldOut":false,"apiExport":false,"pos":0,"totalStock":0,"unitsSold":0,"soldOutRequestCount":0,"guestlists":null}},{"id":11,"createdAt":"2025-05-15T22:43:46.970533+02:00","updatedAt":"2025-05-15T22:43:46.970533+02:00","deletedAt":null,"createdById":null,"createdBy":null,"updatedById":null,"updatedBy":null,"deletedById":null,"deletedBy":null,"name":"Guestlist Gerda","typeCode":false,"productId":3,"product":{"id":0,"createdAt":"0001-01-01T00:00:00Z","updatedAt":"0001-01-01T00:00:00Z","deletedAt":null,"createdById":null,"createdBy":null,"updatedById":null,"updatedBy":null,"deletedById":null,"deletedBy":null,"name":"","netPrice":"0","vatRate":"0","wrapAfter":false,"hidden":false,"soldOut":false,"apiExport":false,"pos":0,"totalStock":0,"unitsSold":0,"soldOutRequestCount":0,"guestlists":null}},{"id":12,"createdAt":"2025-05-15T22:43:46.970813+02:00","updatedAt":"2025-05-15T22:43:46.970813+02:00","deletedAt":null,"createdById":null,"createdBy":null,"updatedById":null,"updatedBy":null,"deletedById":null,"deletedBy":null,"name":"Guestlist Laverna","typeCode":false,"productId":3,"product":{"id":0,"createdAt":"0001-01-01T00:00:00Z","updatedAt":"0001-01-01T00:00:00Z","deletedAt":null,"createdById":null,"createdBy":null,"updatedById":null,"updatedBy":null,"deletedById":null,"deletedBy":null,"name":"","netPrice":"0","vatRate":"0","wrapAfter":false,"hidden":false,"soldOut":false,"apiExport":false,"pos":0,"totalStock":0,"unitsSold":0,"soldOutRequestCount":0,"guestlists":null}},{"id":13,"createdAt":"2025-05-15T22:43:46.97109+02:00","updatedAt":"2025-05-15T22:43:46.97109+02:00","deletedAt":null,"createdById":null,"createdBy":null,"updatedById":null,"updatedBy":null,"deletedById":null,"deletedBy":null,"name":"Guestlist Mekhi","typeCode":false,"productId":3,"product":{"id":0,"createdAt":"0001-01-01T00:00:00Z","updatedAt":"0001-01-01T00:00:00Z","deletedAt":null,"createdById":null,"createdBy":null,"updatedById":null,"updatedBy":null,"deletedById":null,"deletedBy":null,"name":"","netPrice":"0","vatRate":"0","wrapAfter":false,"hidden":false,"soldOut":false,"apiExport":false,"pos":0,"totalStock":0,"unitsSold":0,"soldOutRequestCount":0,"guestlists":null}},{"id":14,"createdAt":"2025-05-15T22:43:46.971653+02:00","updatedAt":"2025-05-15T22:43:46.971653+02:00","deletedAt":null,"createdById":null,"createdBy":null,"updatedById":null,"updatedBy":null,"deletedById":null,"deletedBy":null,"name":"Guestlist Sunny","typeCode":false,"productId":3,"product":{"id":0,"createdAt":"0001-01-01T00:00:00Z","updatedAt":"0001-01-01T00:00:00Z","deletedAt":null,"createdById":null,"createdBy":null,"updatedById":null,"updatedBy":null,"deletedById":null,"deletedBy":null,"name":"","netPrice":"0","vatRate":"0","wrapAfter":false,"hidden":false,"soldOut":false,"apiExport":false,"pos":0,"totalStock":0,"unitsSold":0,"soldOutRequestCount":0,"guestlists":null}},{"id":15,"createdAt":"2025-05-15T22:43:46.97193+02:00","updatedAt":"2025-05-15T22:43:46.97193+02:00","deletedAt":null,"createdById":null,"createdBy":null,"updatedById":null,"updatedBy":null,"deletedById":null,"deletedBy":null,"name":"Guestlist Daija","typeCode":false,"productId":3,"product":{"id":0,"createdAt":"0001-01-01T00:00:00Z","updatedAt":"0001-01-01T00:00:00Z","deletedAt":null,"createdById":null,"createdBy":null,"updatedById":null,"updatedBy":null,"deletedById":null,"deletedBy":null,"name":"","netPrice":"0","vatRate":"0","wrapAfter":false,"hidden":false,"soldOut":false,"apiExport":false,"pos":0,"totalStock":0,"unitsSold":0,"soldOutRequestCount":0,"guestlists":null}},{"id":16,"createdAt":"2025-05-15T22:43:46.972061+02:00","updatedAt":"2025-05-15T22:43:46.972061+02:00","deletedAt":null,"createdById":null,"createdBy":null,"updatedById":null,"updatedBy":null,"deletedById":null,"deletedBy":null,"name":"Guestlist Benny","typeCode":false,"productId":3,"product":{"id":0,"createdAt":"0001-01-01T00:00:00Z","updatedAt":"0001-01-01T00:00:00Z","deletedAt":null,"createdById":null,"createdBy":null,"updatedById":null,"updatedBy":null,"deletedById":null,"deletedBy":null,"name":"","netPrice":"0","vatRate":"0","wrapAfter":false,"hidden":false,"soldOut":false,"apiExport":false,"pos":0,"totalStock":0,"unitsSold":0,"soldOutRequestCount":0,"guestlists":null}},{"id":17,"createdAt":"2025-05-15T22:43:46.972343+02:00","updatedAt":"2025-05-15T22:43:46.972343+02:00","deletedAt":null,"createdById":null,"createdBy":null,"updatedById":null,"updatedBy":null,"deletedById":null,"deletedBy":null,"name":"Guestlist Wallace","typeCode":false,"productId":3,"product":{"id":0,"createdAt":"0001-01-01T00:00:00Z","updatedAt":"0001-01-01T00:00:00Z","deletedAt":null,"createdById":null,"createdBy":null,"updatedById":null,"updatedBy":null,"deletedById":null,"deletedBy":null,"name":"","netPrice":"0","vatRate":"0","wrapAfter":false,"hidden":false,"soldOut":false,"apiExport":false,"pos":0,"totalStock":0,"unitsSold":0,"soldOutRequestCount":0,"guestlists":null}},{"id":18,"createdAt":"2025-05-15T22:43:46.972573+02:00","updatedAt":"2025-05-15T22:43:46.972573+02:00","deletedAt":null,"createdById":null,"createdBy":null,"updatedById":null,"updatedBy":null,"deletedById":null,"deletedBy":null,"name":"Guestlist Kirk","typeCode":false,"productId":3,"product":{"id":0,"createdAt":"0001-01-01T00:00:00Z","updatedAt":"0001-01-01T00:00:00Z","deletedAt":null,"createdById":null,"createdBy":null,"updatedById":null,"updatedBy":null,"deletedById":null,"deletedBy":null,"name":"","netPrice":"0","vatRate":"0","wrapAfter":false,"hidden":false,"soldOut":false,"apiExport":false,"pos":0,"totalStock":0,"unitsSold":0,"soldOutRequestCount":0,"guestlists":null}},{"id":19,"createdAt":"2025-05-15T22:43:46.972827+02:00","updatedAt":"2025-05-15T22:43:46.972827+02:00","deletedAt":null,"createdById":null,"createdBy":null,"updatedById":null,"updatedBy":null,"deletedById":null,"deletedBy":null,"name":"Guestlist Opal","typeCode":false,"productId":3,"product":{"id":0,"createdAt":"0001-01-01T00:00:00Z","updatedAt":"0001-01-01T00:00:00Z","deletedAt":null,"createdById":null,"createdBy":null,"updatedById":null,"updatedBy":null,"deletedById":null,"deletedBy":null,"name":"","netPrice":"0","vatRate":"0","wrapAfter":false,"hidden":false,"soldOut":false,"apiExport":false,"pos":0,"totalStock":0,"unitsSold":0,"soldOutRequestCount":0,"guestlists":null}},{"id":20,"createdAt":"2025-05-15T22:43:46.973191+02:00","updatedAt":"2025-05-15T22:43:46.973191+02:00","deletedAt":null,"createdById":null,"createdBy":null,"updatedById":null,"updatedBy":null,"deletedById":null,"deletedBy":null,"name":"Guestlist Terence","typeCode":false,"productId":3,"product":{"id":0,"createdAt":"0001-01-01T00:00:00Z","updatedAt":"0001-01-01T00:00:00Z","deletedAt":null,"createdById":null,"createdBy":null,"updatedById":null,"updatedBy":null,"deletedById":null,"deletedBy":null,"name":"","netPrice":"0","vatRate":"0","wrapAfter":false,"hidden":false,"soldOut":false,"apiExport":false,"pos":0,"totalStock":0,"unitsSold":0,"soldOutRequestCount":0,"guestlists":null}},{"id":21,"createdAt":"2025-05-15T22:43:46.973418+02:00","updatedAt":"2025-05-15T22:43:46.973418+02:00","deletedAt":null,"createdById":null,"createdBy":null,"updatedById":null,"updatedBy":null,"deletedById":null,"deletedBy":null,"name":"Guestlist Zack","typeCode":false,"productId":3,"product":{"id":0,"createdAt":"0001-01-01T00:00:00Z","updatedAt":"0001-01-01T00:00:00Z","deletedAt":null,"createdById":null,"createdBy":null,"updatedById":null,"updatedBy":null,"deletedById":null,"deletedBy":null,"name":"","netPrice":"0","vatRate":"0","wrapAfter":false,"hidden":false,"soldOut":false,"apiExport":false,"pos":0,"totalStock":0,"unitsSold":0,"soldOutRequestCount":0,"guestlists":null}},{"id":22,"createdAt":"2025-05-15T22:43:46.973556+02:00","updatedAt":"2025-05-15T22:43:46.973556+02:00","deletedAt":null,"createdById":null,"createdBy":null,"updatedById":null,"updatedBy":null,"deletedById":null,"deletedBy":null,"name":"Guestlist Autumn","typeCode":false,"productId":3,"product":{"id":0,"createdAt":"0001-01-01T00:00:00Z","updatedAt":"0001-01-01T00:00:00Z","deletedAt":null,"createdById":null,"createdBy":null,"updatedById":null,"updatedBy":null,"deletedById":null,"deletedBy":null,"name":"","netPrice":"0","vatRate":"0","wrapAfter":false,"hidden":false,"soldOut":false,"apiExport":false,"pos":0,"totalStock":0,"unitsSold":0,"soldOutRequestCount":0,"guestlists":null}},{"id":23,"createdAt":"2025-05-15T22:43:46.973672+02:00","updatedAt":"2025-05-15T22:43:46.973672+02:00","deletedAt":null,"createdById":null,"createdBy":null,"updatedById":null,"updatedBy":null,"deletedById":null,"deletedBy":null,"name":"Guestlist Kareem","typeCode":false,"productId":3,"product":{"id":0,"createdAt":"0001-01-01T00:00:00Z","updatedAt":"0001-01-01T00:00:00Z","deletedAt":null,"createdById":null,"createdBy":null,"updatedById":null,"updatedBy":null,"deletedById":null,"deletedBy":null,"name":"","netPrice":"0","vatRate":"0","wrapAfter":false,"hidden":false,"soldOut":false,"apiExport":false,"pos":0,"totalStock":0,"unitsSold":0,"soldOutRequestCount":0,"guestlists":null}},{"id":24,"createdAt":"2025-05-15T22:43:46.973926+02:00","updatedAt":"2025-05-15T22:43:46.973926+02:00","deletedAt":null,"createdById":null,"createdBy":null,"updatedById":null,"updatedBy":null,"deletedById":null,"deletedBy":null,"name":"Guestlist Hertha","typeCode":false,"productId":3,"product":{"id":0,"createdAt":"0001-01-01T00:00:00Z","updatedAt":"0001-01-01T00:00:00Z","deletedAt":null,"createdById":null,"createdBy":null,"updatedById":null,"updatedBy":null,"deletedById":null,"deletedBy":null,"name":"","netPrice":"0","vatRate":"0","wrapAfter":false,"hidden":false,"soldOut":false,"apiExport":false,"pos":0,"totalStock":0,"unitsSold":0,"soldOutRequestCount":0,"guestlists":null}},{"id":25,"createdAt":"2025-05-15T22:43:46.974035+02:00","updatedAt":"2025-05-15T22:43:46.974035+02:00","deletedAt":null,"createdById":null,"createdBy":null,"updatedById":null,"updatedBy":null,"deletedById":null,"deletedBy":null,"name":"Guestlist Crystel","typeCode":false,"productId":3,"product":{"id":0,"createdAt":"0001-01-01T00:00:00Z","updatedAt":"0001-01-01T00:00:00Z","deletedAt":null,"createdById":null,"createdBy":null,"updatedById":null,"updatedBy":null,"deletedById":null,"deletedBy":null,"name":"","netPrice":"0","vatRate":"0","wrapAfter":false,"hidden":false,"soldOut":false,"apiExport":false,"pos":0,"totalStock":0,"unitsSold":0,"soldOutRequestCount":0,"guestlists":null}},{"id":26,"createdAt":"2025-05-15T22:43:46.974176+02:00","updatedAt":"2025-05-15T22:43:46.974176+02:00","deletedAt":null,"createdById":null,"createdBy":null,"updatedById":null,"updatedBy":null,"deletedById":null,"deletedBy":null,"name":"Guestlist Lucie","typeCode":false,"productId":3,"product":{"id":0,"createdAt":"0001-01-01T00:00:00Z","updatedAt":"0001-01-01T00:00:00Z","deletedAt":null,"createdById":null,"createdBy":null,"updatedById":null,"updatedBy":null,"deletedById":null,"deletedBy":null,"name":"","netPrice":"0","vatRate":"0","wrapAfter":false,"hidden":false,"soldOut":false,"apiExport":false,"pos":0,"totalStock":0,"unitsSold":0,"soldOutRequestCount":0,"guestlists":null}},{"id":27,"createdAt":"2025-05-15T22:43:46.974393+02:00","updatedAt":"2025-05-15T22:43:46.974393+02:00","deletedAt":null,"createdById":null,"createdBy":null,"updatedById":null,"updatedBy":null,"deletedById":null,"deletedBy":null,"name":"Guestlist Breanna","typeCode":false,"productId":3,"product":{"id":0,"createdAt":"0001-01-01T00:00:00Z","updatedAt":"0001-01-01T00:00:00Z","deletedAt":null,"createdById":null,"createdBy":null,"updatedById":null,"updatedBy":null,"deletedById":null,"deletedBy":null,"name":"","netPrice":"0","vatRate":"0","wrapAfter":false,"hidden":false,"soldOut":false,"apiExport":false,"pos":0,"totalStock":0,"unitsSold":0,"soldOutRequestCount":0,"guestlists":null}},{"id":28,"createdAt":"2025-05-15T22:43:46.974619+02:00","updatedAt":"2025-05-15T22:43:46.974619+02:00","deletedAt":null,"createdById":null,"createdBy":null,"updatedById":null,"updatedBy":null,"deletedById":null,"deletedBy":null,"name":"Guestlist Marcos","typeCode":false,"productId":3,"product":{"id":0,"createdAt":"0001-01-01T00:00:00Z","updatedAt":"0001-01-01T00:00:00Z","deletedAt":null,"createdById":null,"createdBy":null,"updatedById":null,"updatedBy":null,"deletedById":null,"deletedBy":null,"name":"","netPrice":"0","vatRate":"0","wrapAfter":false,"hidden":false,"soldOut":false,"apiExport":false,"pos":0,"totalStock":0,"unitsSold":0,"soldOutRequestCount":0,"guestlists":null}},{"id":29,"createdAt":"2025-05-15T22:43:46.974886+02:00","updatedAt":"2025-05-15T22:43:46.974886+02:00","deletedAt":null,"createdById":null,"createdBy":null,"updatedById":null,"updatedBy":null,"deletedById":null,"deletedBy":null,"name":"Guestlist Isidro","typeCode":false,"productId":3,"product":{"id":0,"createdAt":"0001-01-01T00:00:00Z","updatedAt":"0001-01-01T00:00:00Z","deletedAt":null,"createdById":null,"createdBy":null,"updatedById":null,"updatedBy":null,"deletedById":null,"deletedBy":null,"name":"","netPrice":"0","vatRate":"0","wrapAfter":false,"hidden":false,"soldOut":false,"apiExport":false,"pos":0,"totalStock":0,"unitsSold":0,"soldOutRequestCount":0,"guestlists":null}},{"id":30,"createdAt":"2025-05-15T22:43:46.974974+02:00","updatedAt":"2025-05-15T22:43:46.974974+02:00","deletedAt":null,"createdById":null,"createdBy":null,"updatedById":null,"updatedBy":null,"deletedById":null,"deletedBy":null,"name":"Guestlist Leonard","typeCode":false,"productId":3,"product":{"id":0,"createdAt":"0001-01-01T00:00:00Z","updatedAt":"0001-01-01T00:00:00Z","deletedAt":null,"createdById":null,"createdBy":null,"updatedById":null,"updatedBy":null,"deletedById":null,"deletedBy":null,"name":"","netPrice":"0","vatRate":"0","wrapAfter":false,"hidden":false,"soldOut":false,"apiExport":false,"pos":0,"totalStock":0,"unitsSold":0,"soldOutRequestCount":0,"guestlists":null}},{"id":31,"createdAt":"2025-05-15T22:43:46.975216+02:00","updatedAt":"2025-05-15T22:43:46.975216+02:00","deletedAt":null,"createdById":null,"createdBy":null,"updatedById":null,"updatedBy":null,"deletedById":null,"deletedBy":null,"name":"Guestlist Wilford","typeCode":false,"productId":3,"product":{"id":0,"createdAt":"0001-01-01T00:00:00Z","updatedAt":"0001-01-01T00:00:00Z","deletedAt":null,"createdById":null,"createdBy":null,"updatedById":null,"updatedBy":null,"deletedById":null,"deletedBy":null,"name":"","netPrice":"0","vatRate":"0","wrapAfter":false,"hidden":false,"soldOut":false,"apiExport":false,"pos":0,"totalStock":0,"unitsSold":0,"soldOutRequestCount":0,"guestlists":null}},{"id":32,"createdAt":"2025-05-15T22:43:46.975415+02:00","updatedAt":"2025-05-15T22:43:46.975415+02:00","deletedAt":null,"createdById":null,"createdBy":null,"updatedById":null,"updatedBy":null,"deletedById":null,"deletedBy":null,"name":"Guestlist Lambert","typeCode":false,"productId":3,"product":{"id":0,"createdAt":"0001-01-01T00:00:00Z","updatedAt":"0001-01-01T00:00:00Z","deletedAt":null,"createdById":null,"createdBy":null,"updatedById":null,"updatedBy":null,"deletedById":null,"deletedBy":null,"name":"","netPrice":"0","vatRate":"0","wrapAfter":false,"hidden":false,"soldOut":false,"apiExport":false,"pos":0,"totalStock":0,"unitsSold":0,"soldOutRequestCount":0,"guestlists":null}},{"id":33,"createdAt":"2025-05-15T22:43:46.975559+02:00","updatedAt":"2025-05-15T22:43:46.975559+02:00","deletedAt":null,"createdById":null,"createdBy":null,"updatedById":null,"updatedBy":null,"deletedById":null,"deletedBy":null,"name":"Guestlist Jewel","typeCode":false,"productId":3,"product":{"id":0,"createdAt":"0001-01-01T00:00:00Z","updatedAt":"0001-01-01T00:00:00Z","deletedAt":null,"createdById":null,"createdBy":null,"updatedById":null,"updatedBy":null,"deletedById":null,"deletedBy":null,"name":"","netPrice":"0","vatRate":"0","wrapAfter":false,"hidden":false,"soldOut":false,"apiExport":false,"pos":0,"totalStock":0,"unitsSold":0,"soldOutRequestCount":0,"guestlists":null}},{"id":34,"createdAt":"2025-05-15T22:43:46.975645+02:00","updatedAt":"2025-05-15T22:43:46.975645+02:00","deletedAt":null,"createdById":null,"createdBy":null,"updatedById":null,"updatedBy":null,"deletedById":null,"deletedBy":null,"name":"Guestlist Lemuel","typeCode":false,"productId":3,"product":{"id":0,"createdAt":"0001-01-01T00:00:00Z","updatedAt":"0001-01-01T00:00:00Z","deletedAt":null,"createdById":null,"createdBy":null,"updatedById":null,"updatedBy":null,"deletedById":null,"deletedBy":null,"name":"","netPrice":"0","vatRate":"0","wrapAfter":false,"hidden":false,"soldOut":false,"apiExport":false,"pos":0,"totalStock":0,"unitsSold":0,"soldOutRequestCount":0,"guestlists":null}},{"id":35,"createdAt":"2025-05-15T22:43:46.975921+02:00","updatedAt":"2025-05-15T22:43:46.975921+02:00","deletedAt":null,"createdById":null,"createdBy":null,"updatedById":null,"updatedBy":null,"deletedById":null,"deletedBy":null,"name":"Guestlist Berry","typeCode":false,"productId":3,"product":{"id":0,"createdAt":"0001-01-01T00:00:00Z","updatedAt":"0001-01-01T00:00:00Z","deletedAt":null,"createdById":null,"createdBy":null,"updatedById":null,"updatedBy":null,"deletedById":null,"deletedBy":null,"name":"","netPrice":"0","vatRate":"0","wrapAfter":false,"hidden":false,"soldOut":false,"apiExport":false,"pos":0,"totalStock":0,"unitsSold":0,"soldOutRequestCount":0,"guestlists":null}},{"id":36,"createdAt":"2025-05-15T22:43:46.97673+02:00","updatedAt":"2025-05-15T22:43:46.97673+02:00","deletedAt":null,"createdById":null,"createdBy":null,"updatedById":null,"updatedBy":null,"deletedById":null,"deletedBy":null,"name":"Guestlist Harley","typeCode":false,"productId":3,"product":{"id":0,"createdAt":"0001-01-01T00:00:00Z","updatedAt":"0001-01-01T00:00:00Z","deletedAt":null,"createdById":null,"createdBy":null,"updatedById":null,"updatedBy":null,"deletedById":null,"deletedBy":null,"name":"","netPrice":"0","vatRate":"0","wrapAfter":false,"hidden":false,"soldOut":false,"apiExport":false,"pos":0,"totalStock":0,"unitsSold":0,"soldOutRequestCount":0,"guestlists":null}},{"id":37,"createdAt":"2025-05-15T22:43:46.977099+02:00","updatedAt":"2025-05-15T22:43:46.977099+02:00","deletedAt":null,"createdById":null,"createdBy":null,"updatedById":null,"updatedBy":null,"deletedById":null,"deletedBy":null,"name":"Guestlist Reuben","typeCode":false,"productId":3,"product":{"id":0,"createdAt":"0001-01-01T00:00:00Z","updatedAt":"0001-01-01T00:00:00Z","deletedAt":null,"createdById":null,"createdBy":null,"updatedById":null,"updatedBy":null,"deletedById":null,"deletedBy":null,"name":"","netPrice":"0","vatRate":"0","wrapAfter":false,"hidden":false,"soldOut":false,"apiExport":false,"pos":0,"totalStock":0,"unitsSold":0,"soldOutRequestCount":0,"guestlists":null}},{"id":38,"createdAt":"2025-05-15T22:43:46.977297+02:00","updatedAt":"2025-05-15T22:43:46.977297+02:00","deletedAt":null,"createdById":null,"createdBy":null,"updatedById":null,"updatedBy":null,"deletedById":null,"deletedBy":null,"name":"Guestlist Kraig","typeCode":false,"productId":3,"product":{"id":0,"createdAt":"0001-01-01T00:00:00Z","updatedAt":"0001-01-01T00:00:00Z","deletedAt":null,"createdById":null,"createdBy":null,"updatedById":null,"updatedBy":null,"deletedById":null,"deletedBy":null,"name":"","netPrice":"0","vatRate":"0","wrapAfter":false,"hidden":false,"soldOut":false,"apiExport":false,"pos":0,"totalStock":0,"unitsSold":0,"soldOutRequestCount":0,"guestlists":null}},{"id":39,"createdAt":"2025-05-15T22:43:46.977632+02:00","updatedAt":"2025-05-15T22:43:46.977632+02:00","deletedAt":null,"createdById":null,"createdBy":null,"updatedById":null,"updatedBy":null,"deletedById":null,"deletedBy":null,"name":"Guestlist Leonardo","typeCode":false,"productId":3,"product":{"id":0,"createdAt":"0001-01-01T00:00:00Z","updatedAt":"0001-01-01T00:00:00Z","deletedAt":null,"createdById":null,"createdBy":null,"updatedById":null,"updatedBy":null,"deletedById":null,"deletedBy":null,"name":"","netPrice":"0","vatRate":"0","wrapAfter":false,"hidden":false,"soldOut":false,"apiExport":false,"pos":0,"totalStock":0,"unitsSold":0,"soldOutRequestCount":0,"guestlists":null}},{"id":40,"createdAt":"2025-05-15T22:43:46.977791+02:00","updatedAt":"2025-05-15T22:43:46.977791+02:00","deletedAt":null,"createdById":null,"createdBy":null,"updatedById":null,"updatedBy":null,"deletedById":null,"deletedBy":null,"name":"Guestlist Alicia","typeCode":false,"productId":3,"product":{"id":0,"createdAt":"0001-01-01T00:00:00Z","updatedAt":"0001-01-01T00:00:00Z","deletedAt":null,"createdById":null,"createdBy":null,"updatedById":null,"updatedBy":null,"deletedById":null,"deletedBy":null,"name":"","netPrice":"0","vatRate":"0","wrapAfter":false,"hidden":false,"soldOut":false,"apiExport":false,"pos":0,"totalStock":0,"unitsSold":0,"soldOutRequestCount":0,"guestlists":null}}],"unitsSold":0,"soldOutRequestCount":0},{"id":4,"name":"🎟️ Prepaid","netPrice":"0","grossPrice":"0","vatRate":"0","vatAmount":"0","wrapAfter":true,"hidden":false,"soldOut":false,"apiExport":true,"pos":4,"totalStock":0,"guestlists":[{"id":3,"createdAt":"2025-05-15T22:43:46.967522+02:00","updatedAt":"2025-05-15T22:43:46.967522+02:00","deletedAt":null,"createdById":null,"createdBy":null,"updatedById":null,"updatedBy":null,"deletedById":null,"deletedBy":null,"name":"Deine Tickets","typeCode":true,"productId":4,"product":{"id":0,"createdAt":"0001-01-01T00:00:00Z","updatedAt":"0001-01-01T00:00:00Z","deletedAt":null,"createdById":null,"createdBy":null,"updatedById":null,"updatedBy":null,"deletedById":null,"deletedBy":null,"name":"","netPrice":"0","vatRate":"0","wrapAfter":false,"hidden":false,"soldOut":false,"apiExport":false,"pos":0,"totalStock":0,"unitsSold":0,"soldOutRequestCount":0,"guestlists":null}}],"unitsSold":5,"soldOutRequestCount":0},{"id":2,"name":"🎟️ Reduced","netPrice":"18.69","grossPrice":"20","vatRate":"7","vatAmount":"1.31","wrapAfter":false,"hidden":false,"soldOut":false,"apiExport":true,"pos":2,"totalStock":0,"guestlists":[{"id":1,"createdAt":"2025-05-15T22:43:46.967452+02:00","updatedAt":"2025-05-15T22:43:46.967452+02:00","deletedAt":null,"createdById":null,"createdBy":null,"updatedById":null,"updatedBy":null,"deletedById":null,"deletedBy":null,"name":"Reduces Digitale Kultur","typeCode":false,"productId":2,"product":{"id":0,"createdAt":"0001-01-01T00:00:00Z","updatedAt":"0001-01-01T00:00:00Z","deletedAt":null,"createdById":null,"createdBy":null,"updatedById":null,"updatedBy":null,"deletedById":null,"deletedBy":null,"name":"","netPrice":"0","vatRate":"0","wrapAfter":false,"hidden":false,"soldOut":false,"apiExport":false,"pos":0,"totalStock":0,"unitsSold":0,"soldOutRequestCount":0,"guestlists":null}},{"id":2,"createdAt":"2025-05-15T22:43:46.967486+02:00","updatedAt":"2025-05-15T22:43:46.967486+02:00","deletedAt":null,"createdById":null,"createdBy":null,"updatedById":null,"updatedBy":null,"deletedById":null,"deletedBy":null,"name":"Long Distance","typeCode":false,"productId":2,"product":{"id":0,"createdAt":"0001-01-01T00:00:00Z","updatedAt":"0001-01-01T00:00:00Z","deletedAt":null,"createdById":null,"createdBy":null,"updatedById":null,"updatedBy":null,"deletedById":null,"deletedBy":null,"name":"","netPrice":"0","vatRate":"0","wrapAfter":false,"hidden":false,"soldOut":false,"apiExport":false,"pos":0,"totalStock":0,"unitsSold":0,"soldOutRequestCount":0,"guestlists":null}}],"unitsSold":0,"soldOutRequestCount":0},{"id":1,"name":"🎟️ Regular","netPrice":"37.38","grossPrice":"40","vatRate":"7","vatAmount":"2.62","wrapAfter":false,"hidden":false,"soldOut":false,"apiExport":true,"pos":1,"totalStock":0,"guestlists":[],"unitsSold":0,"soldOutRequestCount":0},{"id":13,"name":"👕 Femal L","netPrice":"16.81","grossPrice":"20","vatRate":"19","vatAmount":"3.19","wrapAfter":false,"hidden":false,"soldOut":false,"apiExport":false,"pos":10,"totalStock":19,"guestlists":[],"unitsSold":11,"soldOutRequestCount":0},{"id":12,"name":"👕 Femal M","netPrice":"16.81","grossPrice":"20","vatRate":"19","vatAmount":"3.19","wrapAfter":false,"hidden":false,"soldOut":false,"apiExport":false,"pos":10,"totalStock":7,"guestlists":[],"unitsSold":7,"soldOutRequestCount":0},{"id":11,"name":"👕 Femal S","netPrice":"16.81","grossPrice":"20","vatRate":"19","vatAmount":"3.19","wrapAfter":false,"hidden":false,"soldOut":false,"apiExport":false,"pos":10,"totalStock":26,"guestlists":[],"unitsSold":7,"soldOutRequestCount":0},{"id":14,"name":"👕 Femal XL","netPrice":"16.81","grossPrice":"20","vatRate":"19","vatAmount":"3.19","wrapAfter":false,"hidden":false,"soldOut":false,"apiExport":false,"pos":10,"totalStock":12,"guestlists":[],"unitsSold":4,"soldOutRequestCount":0},{"id":15,"name":"👕 Femal XXL","netPrice":"16.81","grossPrice":"20","vatRate":"19","vatAmount":"3.19","wrapAfter":false,"hidden":false,"soldOut":false,"apiExport":false,"pos":10,"totalStock":14,"guestlists":[],"unitsSold":2,"soldOutRequestCount":0}]
    printer.go:116: GET /api/v2/products?_sort=vatRate HTTP/1.1
        Authorization: Bearer eyJhbGciOiJIUzI1NiIsInR5cCI6IkpXVCJ9.eyJJRCI6MiwiZXhwIjoxNzQ3MzQyNDM2LCJvcmlnX2lhdCI6MTc0NzM0MTgzNn0.8TtapoGD-aAJe0hNakkjEEieN8Ej5rQRh8khNSE3BWg
        
[GIN] 2025/05/15 - 22:43:56 | 200 |     553.041µs |                 | GET      "/api/v2/products?_sort=vatRate"
    printer.go:133: HTTP/0.0 200 OK 556.75µs
        Content-Type: application/json; charset=utf-8
        X-Total-Count: 16
        
        [{"id":3,"name":"🎟️ Free","netPrice":"0","grossPrice":"0","vatRate":"0","vatAmount":"0","wrapAfter":false,"hidden":false,"soldOut":false,"apiExport":true,"pos":3,"totalStock":0,"guestlists":[{"id":4,"createdAt":"2025-05-15T22:43:46.968757+02:00","updatedAt":"2025-05-15T22:43:46.968757+02:00","deletedAt":null,"createdById":null,"createdBy":null,"updatedById":null,"updatedBy":null,"deletedById":null,"deletedBy":null,"name":"Guestlist Neva","typeCode":false,"productId":3,"product":{"id":0,"createdAt":"0001-01-01T00:00:00Z","updatedAt":"0001-01-01T00:00:00Z","deletedAt":null,"createdById":null,"createdBy":null,"updatedById":null,"updatedBy":null,"deletedById":null,"deletedBy":null,"name":"","netPrice":"0","vatRate":"0","wrapAfter":false,"hidden":false,"soldOut":false,"apiExport":false,"pos":0,"totalStock":0,"unitsSold":0,"soldOutRequestCount":0,"guestlists":null}},{"id":5,"createdAt":"2025-05-15T22:43:46.968953+02:00","updatedAt":"2025-05-15T22:43:46.968953+02:00","deletedAt":null,"createdById":null,"createdBy":null,"updatedById":null,"updatedBy":null,"deletedById":null,"deletedBy":null,"name":"Guestlist Bertram","typeCode":false,"productId":3,"product":{"id":0,"createdAt":"0001-01-01T00:00:00Z","updatedAt":"0001-01-01T00:00:00Z","deletedAt":null,"createdById":null,"createdBy":null,"updatedById":null,"updatedBy":null,"deletedById":null,"deletedBy":null,"name":"","netPrice":"0","vatRate":"0","wrapAfter":false,"hidden":false,"soldOut":false,"apiExport":false,"pos":0,"totalStock":0,"unitsSold":0,"soldOutRequestCount":0,"guestlists":null}},{"id":6,"createdAt":"2025-05-15T22:43:46.969088+02:00","updatedAt":"2025-05-15T22:43:46.969088+02:00","deletedAt":null,"createdById":null,"createdBy":null,"updatedById":null,"updatedBy":null,"deletedById":null,"deletedBy":null,"name":"Guestlist Amelia","typeCode":false,"productId":3,"product":{"id":0,"createdAt":"0001-01-01T00:00:00Z","updatedAt":"0001-01-01T00:00:00Z","deletedAt":null,"createdById":null,"createdBy":null,"updatedById":null,"updatedBy":null,"deletedById":null,"deletedBy":null,"name":"","netPrice":"0","vatRate":"0","wrapAfter":false,"hidden":false,"soldOut":false,"apiExport":false,"pos":0,"totalStock":0,"unitsSold":0,"soldOutRequestCount":0,"guestlists":null}},{"id":7,"createdAt":"2025-05-15T22:43:46.969361+02:00","updatedAt":"2025-05-15T22:43:46.969361+02:00","deletedAt":null,"createdById":null,"createdBy":null,"updatedById":null,"updatedBy":null,"deletedById":null,"deletedBy":null,"name":"Guestlist Roel","typeCode":false,"productId":3,"product":{"id":0,"createdAt":"0001-01-01T00:00:00Z","updatedAt":"0001-01-01T00:00:00Z","deletedAt":null,"createdById":null,"createdBy":null,"updatedById":null,"updatedBy":null,"deletedById":null,"deletedBy":null,"name":"","netPrice":"0","vatRate":"0","wrapAfter":false,"hidden":false,"soldOut":false,"apiExport":false,"pos":0,"totalStock":0,"unitsSold":0,"soldOutRequestCount":0,"guestlists":null}},{"id":8,"createdAt":"2025-05-15T22:43:46.969794+02:00","updatedAt":"2025-05-15T22:43:46.969794+02:00","deletedAt":null,"createdById":null,"createdBy":null,"updatedById":null,"updatedBy":null,"deletedById":null,"deletedBy":null,"name":"Guestlist Edythe","typeCode":false,"productId":3,"product":{"id":0,"createdAt":"0001-01-01T00:00:00Z","updatedAt":"0001-01-01T00:00:00Z","deletedAt":null,"createdById":null,"createdBy":null,"updatedById":null,"updatedBy":null,"deletedById":null,"deletedBy":null,"name":"","netPrice":"0","vatRate":"0","wrapAfter":false,"hidden":false,"soldOut":false,"apiExport":false,"pos":0,"totalStock":0,"unitsSold":0,"soldOutRequestCount":0,"guestlists":null}},{"id":9,"createdAt":"2025-05-15T22:43:46.97001+02:00","updatedAt":"2025-05-15T22:43:46.97001+02:00","deletedAt":null,"createdById":null,"createdBy":null,"updatedById":null,"updatedBy":null,"deletedById":null,"deletedBy":null,"name":"Guestlist Gudrun","typeCode":false,"productId":3,"product":{"id":0,"createdAt":"0001-01-01T00:00:00Z","updatedAt":"0001-01-01T00:00:00Z","deletedAt":null,"createdById":null,"createdBy":null,"updatedById":null,"updatedBy":null,"deletedById":null,"deletedBy":null,"name":"","netPrice":"0","vatRate":"0","wrapAfter":false,"hidden":false,"soldOut":false,"apiExport":false,"pos":0,"totalStock":0,"unitsSold":0,"soldOutRequestCount":0,"guestlists":null}},{"id":10,"createdAt":"2025-05-15T22:43:46.97032+02:00","updatedAt":"2025-05-15T22:43:46.97032+02:00","deletedAt":null,"createdById":null,"createdBy":null,"updatedById":null,"updatedBy":null,"deletedById":null,"deletedBy":null,"name":"Guestlist Katharina","typeCode":false,"productId":3,"product":{"id":0,"createdAt":"0001-01-01T00:00:00Z","updatedAt":"0001-01-01T00:00:00Z","deletedAt":null,"createdById":null,"createdBy":null,"updatedById":null,"updatedBy":null,"deletedById":null,"deletedBy":null,"name":"","netPrice":"0","vatRate":"0","wrapAfter":false,"hidden":false,"soldOut":false,"apiExport":false,"pos":0,"totalStock":0,"unitsSold":0,"soldOutRequestCount":0,"guestlists":null}},{"id":11,"createdAt":"2025-05-15T22:43:46.970533+02:00","updatedAt":"2025-05-15T22:43:46.970533+02:00","deletedAt":null,"createdById":null,"createdBy":null,"updatedById":null,"updatedBy":null,"deletedById":null,"deletedBy":null,"name":"Guestlist Gerda","typeCode":false,"productId":3,"product":{"id":0,"createdAt":"0001-01-01T00:00:00Z","updatedAt":"0001-01-01T00:00:00Z","deletedAt":null,"createdById":null,"createdBy":null,"updatedById":null,"updatedBy":null,"deletedById":null,"deletedBy":null,"name":"","netPrice":"0","vatRate":"0","wrapAfter":false,"hidden":false,"soldOut":false,"apiExport":false,"pos":0,"totalStock":0,"unitsSold":0,"soldOutRequestCount":0,"guestlists":null}},{"id":12,"createdAt":"2025-05-15T22:43:46.970813+02:00","updatedAt":"2025-05-15T22:43:46.970813+02:00","deletedAt":null,"createdById":null,"createdBy":null,"updatedById":null,"updatedBy":null,"deletedById":null,"deletedBy":null,"name":"Guestlist Laverna","typeCode":false,"productId":3,"product":{"id":0,"createdAt":"0001-01-01T00:00:00Z","updatedAt":"0001-01-01T00:00:00Z","deletedAt":null,"createdById":null,"createdBy":null,"updatedById":null,"updatedBy":null,"deletedById":null,"deletedBy":null,"name":"","netPrice":"0","vatRate":"0","wrapAfter":false,"hidden":false,"soldOut":false,"apiExport":false,"pos":0,"totalStock":0,"unitsSold":0,"soldOutRequestCount":0,"guestlists":null}},{"id":13,"createdAt":"2025-05-15T22:43:46.97109+02:00","updatedAt":"2025-05-15T22:43:46.97109+02:00","deletedAt":null,"createdById":null,"createdBy":null,"updatedById":null,"updatedBy":null,"deletedById":null,"deletedBy":null,"name":"Guestlist Mekhi","typeCode":false,"productId":3,"product":{"id":0,"createdAt":"0001-01-01T00:00:00Z","updatedAt":"0001-01-01T00:00:00Z","deletedAt":null,"createdById":null,"createdBy":null,"updatedById":null,"updatedBy":null,"deletedById":null,"deletedBy":null,"name":"","netPrice":"0","vatRate":"0","wrapAfter":false,"hidden":false,"soldOut":false,"apiExport":false,"pos":0,"totalStock":0,"unitsSold":0,"soldOutRequestCount":0,"guestlists":null}},{"id":14,"createdAt":"2025-05-15T22:43:46.971653+02:00","updatedAt":"2025-05-15T22:43:46.971653+02:00","deletedAt":null,"createdById":null,"createdBy":null,"updatedById":null,"updatedBy":null,"deletedById":null,"deletedBy":null,"name":"Guestlist Sunny","typeCode":false,"productId":3,"product":{"id":0,"createdAt":"0001-01-01T00:00:00Z","updatedAt":"0001-01-01T00:00:00Z","deletedAt":null,"createdById":null,"createdBy":null,"updatedById":null,"updatedBy":null,"deletedById":null,"deletedBy":null,"name":"","netPrice":"0","vatRate":"0","wrapAfter":false,"hidden":false,"soldOut":false,"apiExport":false,"pos":0,"totalStock":0,"unitsSold":0,"soldOutRequestCount":0,"guestlists":null}},{"id":15,"createdAt":"2025-05-15T22:43:46.97193+02:00","updatedAt":"2025-05-15T22:43:46.97193+02:00","deletedAt":null,"createdById":null,"createdBy":null,"updatedById":null,"updatedBy":null,"deletedById":null,"deletedBy":null,"name":"Guestlist Daija","typeCode":false,"productId":3,"product":{"id":0,"createdAt":"0001-01-01T00:00:00Z","updatedAt":"0001-01-01T00:00:00Z","deletedAt":null,"createdById":null,"createdBy":null,"updatedById":null,"updatedBy":null,"deletedById":null,"deletedBy":null,"name":"","netPrice":"0","vatRate":"0","wrapAfter":false,"hidden":false,"soldOut":false,"apiExport":false,"pos":0,"totalStock":0,"unitsSold":0,"soldOutRequestCount":0,"guestlists":null}},{"id":16,"createdAt":"2025-05-15T22:43:46.972061+02:00","updatedAt":"2025-05-15T22:43:46.972061+02:00","deletedAt":null,"createdById":null,"createdBy":null,"updatedById":null,"updatedBy":null,"deletedById":null,"deletedBy":null,"name":"Guestlist Benny","typeCode":false,"productId":3,"product":{"id":0,"createdAt":"0001-01-01T00:00:00Z","updatedAt":"0001-01-01T00:00:00Z","deletedAt":null,"createdById":null,"createdBy":null,"updatedById":null,"updatedBy":null,"deletedById":null,"deletedBy":null,"name":"","netPrice":"0","vatRate":"0","wrapAfter":false,"hidden":false,"soldOut":false,"apiExport":false,"pos":0,"totalStock":0,"unitsSold":0,"soldOutRequestCount":0,"guestlists":null}},{"id":17,"createdAt":"2025-05-15T22:43:46.972343+02:00","updatedAt":"2025-05-15T22:43:46.972343+02:00","deletedAt":null,"createdById":null,"createdBy":null,"updatedById":null,"updatedBy":null,"deletedById":null,"deletedBy":null,"name":"Guestlist Wallace","typeCode":false,"productId":3,"product":{"id":0,"createdAt":"0001-01-01T00:00:00Z","updatedAt":"0001-01-01T00:00:00Z","deletedAt":null,"createdById":null,"createdBy":null,"updatedById":null,"updatedBy":null,"deletedById":null,"deletedBy":null,"name":"","netPrice":"0","vatRate":"0","wrapAfter":false,"hidden":false,"soldOut":false,"apiExport":false,"pos":0,"totalStock":0,"unitsSold":0,"soldOutRequestCount":0,"guestlists":null}},{"id":18,"createdAt":"2025-05-15T22:43:46.972573+02:00","updatedAt":"2025-05-15T22:43:46.972573+02:00","deletedAt":null,"createdById":null,"createdBy":null,"updatedById":null,"updatedBy":null,"deletedById":null,"deletedBy":null,"name":"Guestlist Kirk","typeCode":false,"productId":3,"product":{"id":0,"createdAt":"0001-01-01T00:00:00Z","updatedAt":"0001-01-01T00:00:00Z","deletedAt":null,"createdById":null,"createdBy":null,"updatedById":null,"updatedBy":null,"deletedById":null,"deletedBy":null,"name":"","netPrice":"0","vatRate":"0","wrapAfter":false,"hidden":false,"soldOut":false,"apiExport":false,"pos":0,"totalStock":0,"unitsSold":0,"soldOutRequestCount":0,"guestlists":null}},{"id":19,"createdAt":"2025-05-15T22:43:46.972827+02:00","updatedAt":"2025-05-15T22:43:46.972827+02:00","deletedAt":null,"createdById":null,"createdBy":null,"updatedById":null,"updatedBy":null,"deletedById":null,"deletedBy":null,"name":"Guestlist Opal","typeCode":false,"productId":3,"product":{"id":0,"createdAt":"0001-01-01T00:00:00Z","updatedAt":"0001-01-01T00:00:00Z","deletedAt":null,"createdById":null,"createdBy":null,"updatedById":null,"updatedBy":null,"deletedById":null,"deletedBy":null,"name":"","netPrice":"0","vatRate":"0","wrapAfter":false,"hidden":false,"soldOut":false,"apiExport":false,"pos":0,"totalStock":0,"unitsSold":0,"soldOutRequestCount":0,"guestlists":null}},{"id":20,"createdAt":"2025-05-15T22:43:46.973191+02:00","updatedAt":"2025-05-15T22:43:46.973191+02:00","deletedAt":null,"createdById":null,"createdBy":null,"updatedById":null,"updatedBy":null,"deletedById":null,"deletedBy":null,"name":"Guestlist Terence","typeCode":false,"productId":3,"product":{"id":0,"createdAt":"0001-01-01T00:00:00Z","updatedAt":"0001-01-01T00:00:00Z","deletedAt":null,"createdById":null,"createdBy":null,"updatedById":null,"updatedBy":null,"deletedById":null,"deletedBy":null,"name":"","netPrice":"0","vatRate":"0","wrapAfter":false,"hidden":false,"soldOut":false,"apiExport":false,"pos":0,"totalStock":0,"unitsSold":0,"soldOutRequestCount":0,"guestlists":null}},{"id":21,"createdAt":"2025-05-15T22:43:46.973418+02:00","updatedAt":"2025-05-15T22:43:46.973418+02:00","deletedAt":null,"createdById":null,"createdBy":null,"updatedById":null,"updatedBy":null,"deletedById":null,"deletedBy":null,"name":"Guestlist Zack","typeCode":false,"productId":3,"product":{"id":0,"createdAt":"0001-01-01T00:00:00Z","updatedAt":"0001-01-01T00:00:00Z","deletedAt":null,"createdById":null,"createdBy":null,"updatedById":null,"updatedBy":null,"deletedById":null,"deletedBy":null,"name":"","netPrice":"0","vatRate":"0","wrapAfter":false,"hidden":false,"soldOut":false,"apiExport":false,"pos":0,"totalStock":0,"unitsSold":0,"soldOutRequestCount":0,"guestlists":null}},{"id":22,"createdAt":"2025-05-15T22:43:46.973556+02:00","updatedAt":"2025-05-15T22:43:46.973556+02:00","deletedAt":null,"createdById":null,"createdBy":null,"updatedById":null,"updatedBy":null,"deletedById":null,"deletedBy":null,"name":"Guestlist Autumn","typeCode":false,"productId":3,"product":{"id":0,"createdAt":"0001-01-01T00:00:00Z","updatedAt":"0001-01-01T00:00:00Z","deletedAt":null,"createdById":null,"createdBy":null,"updatedById":null,"updatedBy":null,"deletedById":null,"deletedBy":null,"name":"","netPrice":"0","vatRate":"0","wrapAfter":false,"hidden":false,"soldOut":false,"apiExport":false,"pos":0,"totalStock":0,"unitsSold":0,"soldOutRequestCount":0,"guestlists":null}},{"id":23,"createdAt":"2025-05-15T22:43:46.973672+02:00","updatedAt":"2025-05-15T22:43:46.973672+02:00","deletedAt":null,"createdById":null,"createdBy":null,"updatedById":null,"updatedBy":null,"deletedById":null,"deletedBy":null,"name":"Guestlist Kareem","typeCode":false,"productId":3,"product":{"id":0,"createdAt":"0001-01-01T00:00:00Z","updatedAt":"0001-01-01T00:00:00Z","deletedAt":null,"createdById":null,"createdBy":null,"updatedById":null,"updatedBy":null,"deletedById":null,"deletedBy":null,"name":"","netPrice":"0","vatRate":"0","wrapAfter":false,"hidden":false,"soldOut":false,"apiExport":false,"pos":0,"totalStock":0,"unitsSold":0,"soldOutRequestCount":0,"guestlists":null}},{"id":24,"createdAt":"2025-05-15T22:43:46.973926+02:00","updatedAt":"2025-05-15T22:43:46.973926+02:00","deletedAt":null,"createdById":null,"createdBy":null,"updatedById":null,"updatedBy":null,"deletedById":null,"deletedBy":null,"name":"Guestlist Hertha","typeCode":false,"productId":3,"product":{"id":0,"createdAt":"0001-01-01T00:00:00Z","updatedAt":"0001-01-01T00:00:00Z","deletedAt":null,"createdById":null,"createdBy":null,"updatedById":null,"updatedBy":null,"deletedById":null,"deletedBy":null,"name":"","netPrice":"0","vatRate":"0","wrapAfter":false,"hidden":false,"soldOut":false,"apiExport":false,"pos":0,"totalStock":0,"unitsSold":0,"soldOutRequestCount":0,"guestlists":null}},{"id":25,"createdAt":"2025-05-15T22:43:46.974035+02:00","updatedAt":"2025-05-15T22:43:46.974035+02:00","deletedAt":null,"createdById":null,"createdBy":null,"updatedById":null,"updatedBy":null,"deletedById":null,"deletedBy":null,"name":"Guestlist Crystel","typeCode":false,"productId":3,"product":{"id":0,"createdAt":"0001-01-01T00:00:00Z","updatedAt":"0001-01-01T00:00:00Z","deletedAt":null,"createdById":null,"createdBy":null,"updatedById":null,"updatedBy":null,"deletedById":null,"deletedBy":null,"name":"","netPrice":"0","vatRate":"0","wrapAfter":false,"hidden":false,"soldOut":false,"apiExport":false,"pos":0,"totalStock":0,"unitsSold":0,"soldOutRequestCount":0,"guestlists":null}},{"id":26,"createdAt":"2025-05-15T22:43:46.974176+02:00","updatedAt":"2025-05-15T22:43:46.974176+02:00","deletedAt":null,"createdById":null,"createdBy":null,"updatedById":null,"updatedBy":null,"deletedById":null,"deletedBy":null,"name":"Guestlist Lucie","typeCode":false,"productId":3,"product":{"id":0,"createdAt":"0001-01-01T00:00:00Z","updatedAt":"0001-01-01T00:00:00Z","deletedAt":null,"createdById":null,"createdBy":null,"updatedById":null,"updatedBy":null,"deletedById":null,"deletedBy":null,"name":"","netPrice":"0","vatRate":"0","wrapAfter":false,"hidden":false,"soldOut":false,"apiExport":false,"pos":0,"totalStock":0,"unitsSold":0,"soldOutRequestCount":0,"guestlists":null}},{"id":27,"createdAt":"2025-05-15T22:43:46.974393+02:00","updatedAt":"2025-05-15T22:43:46.974393+02:00","deletedAt":null,"createdById":null,"createdBy":null,"updatedById":null,"updatedBy":null,"deletedById":null,"deletedBy":null,"name":"Guestlist Breanna","typeCode":false,"productId":3,"product":{"id":0,"createdAt":"0001-01-01T00:00:00Z","updatedAt":"0001-01-01T00:00:00Z","deletedAt":null,"createdById":null,"createdBy":null,"updatedById":null,"updatedBy":null,"deletedById":null,"deletedBy":null,"name":"","netPrice":"0","vatRate":"0","wrapAfter":false,"hidden":false,"soldOut":false,"apiExport":false,"pos":0,"totalStock":0,"unitsSold":0,"soldOutRequestCount":0,"guestlists":null}},{"id":28,"createdAt":"2025-05-15T22:43:46.974619+02:00","updatedAt":"2025-05-15T22:43:46.974619+02:00","deletedAt":null,"createdById":null,"createdBy":null,"updatedById":null,"updatedBy":null,"deletedById":null,"deletedBy":null,"name":"Guestlist Marcos","typeCode":false,"productId":3,"product":{"id":0,"createdAt":"0001-01-01T00:00:00Z","updatedAt":"0001-01-01T00:00:00Z","deletedAt":null,"createdById":null,"createdBy":null,"updatedById":null,"updatedBy":null,"deletedById":null,"deletedBy":null,"name":"","netPrice":"0","vatRate":"0","wrapAfter":false,"hidden":false,"soldOut":false,"apiExport":false,"pos":0,"totalStock":0,"unitsSold":0,"soldOutRequestCount":0,"guestlists":null}},{"id":29,"createdAt":"2025-05-15T22:43:46.974886+02:00","updatedAt":"2025-05-15T22:43:46.974886+02:00","deletedAt":null,"createdById":null,"createdBy":null,"updatedById":null,"updatedBy":null,"deletedById":null,"deletedBy":null,"name":"Guestlist Isidro","typeCode":false,"productId":3,"product":{"id":0,"createdAt":"0001-01-01T00:00:00Z","updatedAt":"0001-01-01T00:00:00Z","deletedAt":null,"createdById":null,"createdBy":null,"updatedById":null,"updatedBy":null,"deletedById":null,"deletedBy":null,"name":"","netPrice":"0","vatRate":"0","wrapAfter":false,"hidden":false,"soldOut":false,"apiExport":false,"pos":0,"totalStock":0,"unitsSold":0,"soldOutRequestCount":0,"guestlists":null}},{"id":30,"createdAt":"2025-05-15T22:43:46.974974+02:00","updatedAt":"2025-05-15T22:43:46.974974+02:00","deletedAt":null,"createdById":null,"createdBy":null,"updatedById":null,"updatedBy":null,"deletedById":null,"deletedBy":null,"name":"Guestlist Leonard","typeCode":false,"productId":3,"product":{"id":0,"createdAt":"0001-01-01T00:00:00Z","updatedAt":"0001-01-01T00:00:00Z","deletedAt":null,"createdById":null,"createdBy":null,"updatedById":null,"updatedBy":null,"deletedById":null,"deletedBy":null,"name":"","netPrice":"0","vatRate":"0","wrapAfter":false,"hidden":false,"soldOut":false,"apiExport":false,"pos":0,"totalStock":0,"unitsSold":0,"soldOutRequestCount":0,"guestlists":null}},{"id":31,"createdAt":"2025-05-15T22:43:46.975216+02:00","updatedAt":"2025-05-15T22:43:46.975216+02:00","deletedAt":null,"createdById":null,"createdBy":null,"updatedById":null,"updatedBy":null,"deletedById":null,"deletedBy":null,"name":"Guestlist Wilford","typeCode":false,"productId":3,"product":{"id":0,"createdAt":"0001-01-01T00:00:00Z","updatedAt":"0001-01-01T00:00:00Z","deletedAt":null,"createdById":null,"createdBy":null,"updatedById":null,"updatedBy":null,"deletedById":null,"deletedBy":null,"name":"","netPrice":"0","vatRate":"0","wrapAfter":false,"hidden":false,"soldOut":false,"apiExport":false,"pos":0,"totalStock":0,"unitsSold":0,"soldOutRequestCount":0,"guestlists":null}},{"id":32,"createdAt":"2025-05-15T22:43:46.975415+02:00","updatedAt":"2025-05-15T22:43:46.975415+02:00","deletedAt":null,"createdById":null,"createdBy":null,"updatedById":null,"updatedBy":null,"deletedById":null,"deletedBy":null,"name":"Guestlist Lambert","typeCode":false,"productId":3,"product":{"id":0,"createdAt":"0001-01-01T00:00:00Z","updatedAt":"0001-01-01T00:00:00Z","deletedAt":null,"createdById":null,"createdBy":null,"updatedById":null,"updatedBy":null,"deletedById":null,"deletedBy":null,"name":"","netPrice":"0","vatRate":"0","wrapAfter":false,"hidden":false,"soldOut":false,"apiExport":false,"pos":0,"totalStock":0,"unitsSold":0,"soldOutRequestCount":0,"guestlists":null}},{"id":33,"createdAt":"2025-05-15T22:43:46.975559+02:00","updatedAt":"2025-05-15T22:43:46.975559+02:00","deletedAt":null,"createdById":null,"createdBy":null,"updatedById":null,"updatedBy":null,"deletedById":null,"deletedBy":null,"name":"Guestlist Jewel","typeCode":false,"productId":3,"product":{"id":0,"createdAt":"0001-01-01T00:00:00Z","updatedAt":"0001-01-01T00:00:00Z","deletedAt":null,"createdById":null,"createdBy":null,"updatedById":null,"updatedBy":null,"deletedById":null,"deletedBy":null,"name":"","netPrice":"0","vatRate":"0","wrapAfter":false,"hidden":false,"soldOut":false,"apiExport":false,"pos":0,"totalStock":0,"unitsSold":0,"soldOutRequestCount":0,"guestlists":null}},{"id":34,"createdAt":"2025-05-15T22:43:46.975645+02:00","updatedAt":"2025-05-15T22:43:46.975645+02:00","deletedAt":null,"createdById":null,"createdBy":null,"updatedById":null,"updatedBy":null,"deletedById":null,"deletedBy":null,"name":"Guestlist Lemuel","typeCode":false,"productId":3,"product":{"id":0,"createdAt":"0001-01-01T00:00:00Z","updatedAt":"0001-01-01T00:00:00Z","deletedAt":null,"createdById":null,"createdBy":null,"updatedById":null,"updatedBy":null,"deletedById":null,"deletedBy":null,"name":"","netPrice":"0","vatRate":"0","wrapAfter":false,"hidden":false,"soldOut":false,"apiExport":false,"pos":0,"totalStock":0,"unitsSold":0,"soldOutRequestCount":0,"guestlists":null}},{"id":35,"createdAt":"2025-05-15T22:43:46.975921+02:00","updatedAt":"2025-05-15T22:43:46.975921+02:00","deletedAt":null,"createdById":null,"createdBy":null,"updatedById":null,"updatedBy":null,"deletedById":null,"deletedBy":null,"name":"Guestlist Berry","typeCode":false,"productId":3,"product":{"id":0,"createdAt":"0001-01-01T00:00:00Z","updatedAt":"0001-01-01T00:00:00Z","deletedAt":null,"createdById":null,"createdBy":null,"updatedById":null,"updatedBy":null,"deletedById":null,"deletedBy":null,"name":"","netPrice":"0","vatRate":"0","wrapAfter":false,"hidden":false,"soldOut":false,"apiExport":false,"pos":0,"totalStock":0,"unitsSold":0,"soldOutRequestCount":0,"guestlists":null}},{"id":36,"createdAt":"2025-05-15T22:43:46.97673+02:00","updatedAt":"2025-05-15T22:43:46.97673+02:00","deletedAt":null,"createdById":null,"createdBy":null,"updatedById":null,"updatedBy":null,"deletedById":null,"deletedBy":null,"name":"Guestlist Harley","typeCode":false,"productId":3,"product":{"id":0,"createdAt":"0001-01-01T00:00:00Z","updatedAt":"0001-01-01T00:00:00Z","deletedAt":null,"createdById":null,"createdBy":null,"updatedById":null,"updatedBy":null,"deletedById":null,"deletedBy":null,"name":"","netPrice":"0","vatRate":"0","wrapAfter":false,"hidden":false,"soldOut":false,"apiExport":false,"pos":0,"totalStock":0,"unitsSold":0,"soldOutRequestCount":0,"guestlists":null}},{"id":37,"createdAt":"2025-05-15T22:43:46.977099+02:00","updatedAt":"2025-05-15T22:43:46.977099+02:00","deletedAt":null,"createdById":null,"createdBy":null,"updatedById":null,"updatedBy":null,"deletedById":null,"deletedBy":null,"name":"Guestlist Reuben","typeCode":false,"productId":3,"product":{"id":0,"createdAt":"0001-01-01T00:00:00Z","updatedAt":"0001-01-01T00:00:00Z","deletedAt":null,"createdById":null,"createdBy":null,"updatedById":null,"updatedBy":null,"deletedById":null,"deletedBy":null,"name":"","netPrice":"0","vatRate":"0","wrapAfter":false,"hidden":false,"soldOut":false,"apiExport":false,"pos":0,"totalStock":0,"unitsSold":0,"soldOutRequestCount":0,"guestlists":null}},{"id":38,"createdAt":"2025-05-15T22:43:46.977297+02:00","updatedAt":"2025-05-15T22:43:46.977297+02:00","deletedAt":null,"createdById":null,"createdBy":null,"updatedById":null,"updatedBy":null,"deletedById":null,"deletedBy":null,"name":"Guestlist Kraig","typeCode":false,"productId":3,"product":{"id":0,"createdAt":"0001-01-01T00:00:00Z","updatedAt":"0001-01-01T00:00:00Z","deletedAt":null,"createdById":null,"createdBy":null,"updatedById":null,"updatedBy":null,"deletedById":null,"deletedBy":null,"name":"","netPrice":"0","vatRate":"0","wrapAfter":false,"hidden":false,"soldOut":false,"apiExport":false,"pos":0,"totalStock":0,"unitsSold":0,"soldOutRequestCount":0,"guestlists":null}},{"id":39,"createdAt":"2025-05-15T22:43:46.977632+02:00","updatedAt":"2025-05-15T22:43:46.977632+02:00","deletedAt":null,"createdById":null,"createdBy":null,"updatedById":null,"updatedBy":null,"deletedById":null,"deletedBy":null,"name":"Guestlist Leonardo","typeCode":false,"productId":3,"product":{"id":0,"createdAt":"0001-01-01T00:00:00Z","updatedAt":"0001-01-01T00:00:00Z","deletedAt":null,"createdById":null,"createdBy":null,"updatedById":null,"updatedBy":null,"deletedById":null,"deletedBy":null,"name":"","netPrice":"0","vatRate":"0","wrapAfter":false,"hidden":false,"soldOut":false,"apiExport":false,"pos":0,"totalStock":0,"unitsSold":0,"soldOutRequestCount":0,"guestlists":null}},{"id":40,"createdAt":"2025-05-15T22:43:46.977791+02:00","updatedAt":"2025-05-15T22:43:46.977791+02:00","deletedAt":null,"createdById":null,"createdBy":null,"updatedById":null,"updatedBy":null,"deletedById":null,"deletedBy":null,"name":"Guestlist Alicia","typeCode":false,"productId":3,"product":{"id":0,"createdAt":"0001-01-01T00:00:00Z","updatedAt":"0001-01-01T00:00:00Z","deletedAt":null,"createdById":null,"createdBy":null,"updatedById":null,"updatedBy":null,"deletedById":null,"deletedBy":null,"name":"","netPrice":"0","vatRate":"0","wrapAfter":false,"hidden":false,"soldOut":false,"apiExport":false,"pos":0,"totalStock":0,"unitsSold":0,"soldOutRequestCount":0,"guestlists":null}}],"unitsSold":0,"soldOutRequestCount":0},{"id":4,"name":"🎟️ Prepaid","netPrice":"0","grossPrice":"0","vatRate":"0","vatAmount":"0","wrapAfter":true,"hidden":false,"soldOut":false,"apiExport":true,"pos":4,"totalStock":0,"guestlists":[{"id":3,"createdAt":"2025-05-15T22:43:46.967522+02:00","updatedAt":"2025-05-15T22:43:46.967522+02:00","deletedAt":null,"createdById":null,"createdBy":null,"updatedById":null,"updatedBy":null,"deletedById":null,"deletedBy":null,"name":"Deine Tickets","typeCode":true,"productId":4,"product":{"id":0,"createdAt":"0001-01-01T00:00:00Z","updatedAt":"0001-01-01T00:00:00Z","deletedAt":null,"createdById":null,"createdBy":null,"updatedById":null,"updatedBy":null,"deletedById":null,"deletedBy":null,"name":"","netPrice":"0","vatRate":"0","wrapAfter":false,"hidden":false,"soldOut":false,"apiExport":false,"pos":0,"totalStock":0,"unitsSold":0,"soldOutRequestCount":0,"guestlists":null}}],"unitsSold":5,"soldOutRequestCount":0},{"id":5,"name":"👕 Male S","netPrice":"16.81","grossPrice":"20","vatRate":"19","vatAmount":"3.19","wrapAfter":false,"hidden":false,"soldOut":false,"apiExport":false,"pos":10,"totalStock":30,"guestlists":[],"unitsSold":7,"soldOutRequestCount":0},{"id":6,"name":"👕 Male M","netPrice":"16.81","grossPrice":"20","vatRate":"19","vatAmount":"3.19","wrapAfter":false,"hidden":false,"soldOut":false,"apiExport":false,"pos":10,"totalStock":7,"guestlists":[],"unitsSold":0,"soldOutRequestCount":0},{"id":7,"name":"👕 Male L","netPrice":"16.81","grossPrice":"20","vatRate":"19","vatAmount":"3.19","wrapAfter":false,"hidden":false,"soldOut":false,"apiExport":false,"pos":10,"totalStock":27,"guestlists":[],"unitsSold":5,"soldOutRequestCount":0},{"id":8,"name":"👕 Male XL","netPrice":"16.81","grossPrice":"20","vatRate":"19","vatAmount":"3.19","wrapAfter":false,"hidden":false,"soldOut":false,"apiExport":false,"pos":10,"totalStock":28,"guestlists":[],"unitsSold":3,"soldOutRequestCount":0},{"id":9,"name":"👕 Male XXL","netPrice":"16.81","grossPrice":"20","vatRate":"19","vatAmount":"3.19","wrapAfter":false,"hidden":false,"soldOut":false,"apiExport":false,"pos":10,"totalStock":12,"guestlists":[],"unitsSold":5,"soldOutRequestCount":0},{"id":10,"name":"👕 Male 4XL","netPrice":"16.81","grossPrice":"20","vatRate":"19","vatAmount":"3.19","wrapAfter":false,"hidden":false,"soldOut":false,"apiExport":false,"pos":10,"totalStock":29,"guestlists":[],"unitsSold":0,"soldOutRequestCount":0},{"id":11,"name":"👕 Femal S","netPrice":"16.81","grossPrice":"20","vatRate":"19","vatAmount":"3.19","wrapAfter":false,"hidden":false,"soldOut":false,"apiExport":false,"pos":10,"totalStock":26,"guestlists":[],"unitsSold":7,"soldOutRequestCount":0},{"id":12,"name":"👕 Femal M","netPrice":"16.81","grossPrice":"20","vatRate":"19","vatAmount":"3.19","wrapAfter":false,"hidden":false,"soldOut":false,"apiExport":false,"pos":10,"totalStock":7,"guestlists":[],"unitsSold":7,"soldOutRequestCount":0}]
    printer.go:116: GET /api/v2/products?_sort=grossPrice HTTP/1.1
        Authorization: Bearer eyJhbGciOiJIUzI1NiIsInR5cCI6IkpXVCJ9.eyJJRCI6MiwiZXhwIjoxNzQ3MzQyNDM2LCJvcmlnX2lhdCI6MTc0NzM0MTgzNn0.8TtapoGD-aAJe0hNakkjEEieN8Ej5rQRh8khNSE3BWg
        
[GIN] 2025/05/15 - 22:43:56 | 200 |     563.042µs |                 | GET      "/api/v2/products?_sort=grossPrice"
    printer.go:133: HTTP/0.0 200 OK 570.792µs
        Content-Type: application/json; charset=utf-8
        X-Total-Count: 16
        
        [{"id":3,"name":"🎟️ Free","netPrice":"0","grossPrice":"0","vatRate":"0","vatAmount":"0","wrapAfter":false,"hidden":false,"soldOut":false,"apiExport":true,"pos":3,"totalStock":0,"guestlists":[{"id":4,"createdAt":"2025-05-15T22:43:46.968757+02:00","updatedAt":"2025-05-15T22:43:46.968757+02:00","deletedAt":null,"createdById":null,"createdBy":null,"updatedById":null,"updatedBy":null,"deletedById":null,"deletedBy":null,"name":"Guestlist Neva","typeCode":false,"productId":3,"product":{"id":0,"createdAt":"0001-01-01T00:00:00Z","updatedAt":"0001-01-01T00:00:00Z","deletedAt":null,"createdById":null,"createdBy":null,"updatedById":null,"updatedBy":null,"deletedById":null,"deletedBy":null,"name":"","netPrice":"0","vatRate":"0","wrapAfter":false,"hidden":false,"soldOut":false,"apiExport":false,"pos":0,"totalStock":0,"unitsSold":0,"soldOutRequestCount":0,"guestlists":null}},{"id":5,"createdAt":"2025-05-15T22:43:46.968953+02:00","updatedAt":"2025-05-15T22:43:46.968953+02:00","deletedAt":null,"createdById":null,"createdBy":null,"updatedById":null,"updatedBy":null,"deletedById":null,"deletedBy":null,"name":"Guestlist Bertram","typeCode":false,"productId":3,"product":{"id":0,"createdAt":"0001-01-01T00:00:00Z","updatedAt":"0001-01-01T00:00:00Z","deletedAt":null,"createdById":null,"createdBy":null,"updatedById":null,"updatedBy":null,"deletedById":null,"deletedBy":null,"name":"","netPrice":"0","vatRate":"0","wrapAfter":false,"hidden":false,"soldOut":false,"apiExport":false,"pos":0,"totalStock":0,"unitsSold":0,"soldOutRequestCount":0,"guestlists":null}},{"id":6,"createdAt":"2025-05-15T22:43:46.969088+02:00","updatedAt":"2025-05-15T22:43:46.969088+02:00","deletedAt":null,"createdById":null,"createdBy":null,"updatedById":null,"updatedBy":null,"deletedById":null,"deletedBy":null,"name":"Guestlist Amelia","typeCode":false,"productId":3,"product":{"id":0,"createdAt":"0001-01-01T00:00:00Z","updatedAt":"0001-01-01T00:00:00Z","deletedAt":null,"createdById":null,"createdBy":null,"updatedById":null,"updatedBy":null,"deletedById":null,"deletedBy":null,"name":"","netPrice":"0","vatRate":"0","wrapAfter":false,"hidden":false,"soldOut":false,"apiExport":false,"pos":0,"totalStock":0,"unitsSold":0,"soldOutRequestCount":0,"guestlists":null}},{"id":7,"createdAt":"2025-05-15T22:43:46.969361+02:00","updatedAt":"2025-05-15T22:43:46.969361+02:00","deletedAt":null,"createdById":null,"createdBy":null,"updatedById":null,"updatedBy":null,"deletedById":null,"deletedBy":null,"name":"Guestlist Roel","typeCode":false,"productId":3,"product":{"id":0,"createdAt":"0001-01-01T00:00:00Z","updatedAt":"0001-01-01T00:00:00Z","deletedAt":null,"createdById":null,"createdBy":null,"updatedById":null,"updatedBy":null,"deletedById":null,"deletedBy":null,"name":"","netPrice":"0","vatRate":"0","wrapAfter":false,"hidden":false,"soldOut":false,"apiExport":false,"pos":0,"totalStock":0,"unitsSold":0,"soldOutRequestCount":0,"guestlists":null}},{"id":8,"createdAt":"2025-05-15T22:43:46.969794+02:00","updatedAt":"2025-05-15T22:43:46.969794+02:00","deletedAt":null,"createdById":null,"createdBy":null,"updatedById":null,"updatedBy":null,"deletedById":null,"deletedBy":null,"name":"Guestlist Edythe","typeCode":false,"productId":3,"product":{"id":0,"createdAt":"0001-01-01T00:00:00Z","updatedAt":"0001-01-01T00:00:00Z","deletedAt":null,"createdById":null,"createdBy":null,"updatedById":null,"updatedBy":null,"deletedById":null,"deletedBy":null,"name":"","netPrice":"0","vatRate":"0","wrapAfter":false,"hidden":false,"soldOut":false,"apiExport":false,"pos":0,"totalStock":0,"unitsSold":0,"soldOutRequestCount":0,"guestlists":null}},{"id":9,"createdAt":"2025-05-15T22:43:46.97001+02:00","updatedAt":"2025-05-15T22:43:46.97001+02:00","deletedAt":null,"createdById":null,"createdBy":null,"updatedById":null,"updatedBy":null,"deletedById":null,"deletedBy":null,"name":"Guestlist Gudrun","typeCode":false,"productId":3,"product":{"id":0,"createdAt":"0001-01-01T00:00:00Z","updatedAt":"0001-01-01T00:00:00Z","deletedAt":null,"createdById":null,"createdBy":null,"updatedById":null,"updatedBy":null,"deletedById":null,"deletedBy":null,"name":"","netPrice":"0","vatRate":"0","wrapAfter":false,"hidden":false,"soldOut":false,"apiExport":false,"pos":0,"totalStock":0,"unitsSold":0,"soldOutRequestCount":0,"guestlists":null}},{"id":10,"createdAt":"2025-05-15T22:43:46.97032+02:00","updatedAt":"2025-05-15T22:43:46.97032+02:00","deletedAt":null,"createdById":null,"createdBy":null,"updatedById":null,"updatedBy":null,"deletedById":null,"deletedBy":null,"name":"Guestlist Katharina","typeCode":false,"productId":3,"product":{"id":0,"createdAt":"0001-01-01T00:00:00Z","updatedAt":"0001-01-01T00:00:00Z","deletedAt":null,"createdById":null,"createdBy":null,"updatedById":null,"updatedBy":null,"deletedById":null,"deletedBy":null,"name":"","netPrice":"0","vatRate":"0","wrapAfter":false,"hidden":false,"soldOut":false,"apiExport":false,"pos":0,"totalStock":0,"unitsSold":0,"soldOutRequestCount":0,"guestlists":null}},{"id":11,"createdAt":"2025-05-15T22:43:46.970533+02:00","updatedAt":"2025-05-15T22:43:46.970533+02:00","deletedAt":null,"createdById":null,"createdBy":null,"updatedById":null,"updatedBy":null,"deletedById":null,"deletedBy":null,"name":"Guestlist Gerda","typeCode":false,"productId":3,"product":{"id":0,"createdAt":"0001-01-01T00:00:00Z","updatedAt":"0001-01-01T00:00:00Z","deletedAt":null,"createdById":null,"createdBy":null,"updatedById":null,"updatedBy":null,"deletedById":null,"deletedBy":null,"name":"","netPrice":"0","vatRate":"0","wrapAfter":false,"hidden":false,"soldOut":false,"apiExport":false,"pos":0,"totalStock":0,"unitsSold":0,"soldOutRequestCount":0,"guestlists":null}},{"id":12,"createdAt":"2025-05-15T22:43:46.970813+02:00","updatedAt":"2025-05-15T22:43:46.970813+02:00","deletedAt":null,"createdById":null,"createdBy":null,"updatedById":null,"updatedBy":null,"deletedById":null,"deletedBy":null,"name":"Guestlist Laverna","typeCode":false,"productId":3,"product":{"id":0,"createdAt":"0001-01-01T00:00:00Z","updatedAt":"0001-01-01T00:00:00Z","deletedAt":null,"createdById":null,"createdBy":null,"updatedById":null,"updatedBy":null,"deletedById":null,"deletedBy":null,"name":"","netPrice":"0","vatRate":"0","wrapAfter":false,"hidden":false,"soldOut":false,"apiExport":false,"pos":0,"totalStock":0,"unitsSold":0,"soldOutRequestCount":0,"guestlists":null}},{"id":13,"createdAt":"2025-05-15T22:43:46.97109+02:00","updatedAt":"2025-05-15T22:43:46.97109+02:00","deletedAt":null,"createdById":null,"createdBy":null,"updatedById":null,"updatedBy":null,"deletedById":null,"deletedBy":null,"name":"Guestlist Mekhi","typeCode":false,"productId":3,"product":{"id":0,"createdAt":"0001-01-01T00:00:00Z","updatedAt":"0001-01-01T00:00:00Z","deletedAt":null,"createdById":null,"createdBy":null,"updatedById":null,"updatedBy":null,"deletedById":null,"deletedBy":null,"name":"","netPrice":"0","vatRate":"0","wrapAfter":false,"hidden":false,"soldOut":false,"apiExport":false,"pos":0,"totalStock":0,"unitsSold":0,"soldOutRequestCount":0,"guestlists":null}},{"id":14,"createdAt":"2025-05-15T22:43:46.971653+02:00","updatedAt":"2025-05-15T22:43:46.971653+02:00","deletedAt":null,"createdById":null,"createdBy":null,"updatedById":null,"updatedBy":null,"deletedById":null,"deletedBy":null,"name":"Guestlist Sunny","typeCode":false,"productId":3,"product":{"id":0,"createdAt":"0001-01-01T00:00:00Z","updatedAt":"0001-01-01T00:00:00Z","deletedAt":null,"createdById":null,"createdBy":null,"updatedById":null,"updatedBy":null,"deletedById":null,"deletedBy":null,"name":"","netPrice":"0","vatRate":"0","wrapAfter":false,"hidden":false,"soldOut":false,"apiExport":false,"pos":0,"totalStock":0,"unitsSold":0,"soldOutRequestCount":0,"guestlists":null}},{"id":15,"createdAt":"2025-05-15T22:43:46.97193+02:00","updatedAt":"2025-05-15T22:43:46.97193+02:00","deletedAt":null,"createdById":null,"createdBy":null,"updatedById":null,"updatedBy":null,"deletedById":null,"deletedBy":null,"name":"Guestlist Daija","typeCode":false,"productId":3,"product":{"id":0,"createdAt":"0001-01-01T00:00:00Z","updatedAt":"0001-01-01T00:00:00Z","deletedAt":null,"createdById":null,"createdBy":null,"updatedById":null,"updatedBy":null,"deletedById":null,"deletedBy":null,"name":"","netPrice":"0","vatRate":"0","wrapAfter":false,"hidden":false,"soldOut":false,"apiExport":false,"pos":0,"totalStock":0,"unitsSold":0,"soldOutRequestCount":0,"guestlists":null}},{"id":16,"createdAt":"2025-05-15T22:43:46.972061+02:00","updatedAt":"2025-05-15T22:43:46.972061+02:00","deletedAt":null,"createdById":null,"createdBy":null,"updatedById":null,"updatedBy":null,"deletedById":null,"deletedBy":null,"name":"Guestlist Benny","typeCode":false,"productId":3,"product":{"id":0,"createdAt":"0001-01-01T00:00:00Z","updatedAt":"0001-01-01T00:00:00Z","deletedAt":null,"createdById":null,"createdBy":null,"updatedById":null,"updatedBy":null,"deletedById":null,"deletedBy":null,"name":"","netPrice":"0","vatRate":"0","wrapAfter":false,"hidden":false,"soldOut":false,"apiExport":false,"pos":0,"totalStock":0,"unitsSold":0,"soldOutRequestCount":0,"guestlists":null}},{"id":17,"createdAt":"2025-05-15T22:43:46.972343+02:00","updatedAt":"2025-05-15T22:43:46.972343+02:00","deletedAt":null,"createdById":null,"createdBy":null,"updatedById":null,"updatedBy":null,"deletedById":null,"deletedBy":null,"name":"Guestlist Wallace","typeCode":false,"productId":3,"product":{"id":0,"createdAt":"0001-01-01T00:00:00Z","updatedAt":"0001-01-01T00:00:00Z","deletedAt":null,"createdById":null,"createdBy":null,"updatedById":null,"updatedBy":null,"deletedById":null,"deletedBy":null,"name":"","netPrice":"0","vatRate":"0","wrapAfter":false,"hidden":false,"soldOut":false,"apiExport":false,"pos":0,"totalStock":0,"unitsSold":0,"soldOutRequestCount":0,"guestlists":null}},{"id":18,"createdAt":"2025-05-15T22:43:46.972573+02:00","updatedAt":"2025-05-15T22:43:46.972573+02:00","deletedAt":null,"createdById":null,"createdBy":null,"updatedById":null,"updatedBy":null,"deletedById":null,"deletedBy":null,"name":"Guestlist Kirk","typeCode":false,"productId":3,"product":{"id":0,"createdAt":"0001-01-01T00:00:00Z","updatedAt":"0001-01-01T00:00:00Z","deletedAt":null,"createdById":null,"createdBy":null,"updatedById":null,"updatedBy":null,"deletedById":null,"deletedBy":null,"name":"","netPrice":"0","vatRate":"0","wrapAfter":false,"hidden":false,"soldOut":false,"apiExport":false,"pos":0,"totalStock":0,"unitsSold":0,"soldOutRequestCount":0,"guestlists":null}},{"id":19,"createdAt":"2025-05-15T22:43:46.972827+02:00","updatedAt":"2025-05-15T22:43:46.972827+02:00","deletedAt":null,"createdById":null,"createdBy":null,"updatedById":null,"updatedBy":null,"deletedById":null,"deletedBy":null,"name":"Guestlist Opal","typeCode":false,"productId":3,"product":{"id":0,"createdAt":"0001-01-01T00:00:00Z","updatedAt":"0001-01-01T00:00:00Z","deletedAt":null,"createdById":null,"createdBy":null,"updatedById":null,"updatedBy":null,"deletedById":null,"deletedBy":null,"name":"","netPrice":"0","vatRate":"0","wrapAfter":false,"hidden":false,"soldOut":false,"apiExport":false,"pos":0,"totalStock":0,"unitsSold":0,"soldOutRequestCount":0,"guestlists":null}},{"id":20,"createdAt":"2025-05-15T22:43:46.973191+02:00","updatedAt":"2025-05-15T22:43:46.973191+02:00","deletedAt":null,"createdById":null,"createdBy":null,"updatedById":null,"updatedBy":null,"deletedById":null,"deletedBy":null,"name":"Guestlist Terence","typeCode":false,"productId":3,"product":{"id":0,"createdAt":"0001-01-01T00:00:00Z","updatedAt":"0001-01-01T00:00:00Z","deletedAt":null,"createdById":null,"createdBy":null,"updatedById":null,"updatedBy":null,"deletedById":null,"deletedBy":null,"name":"","netPrice":"0","vatRate":"0","wrapAfter":false,"hidden":false,"soldOut":false,"apiExport":false,"pos":0,"totalStock":0,"unitsSold":0,"soldOutRequestCount":0,"guestlists":null}},{"id":21,"createdAt":"2025-05-15T22:43:46.973418+02:00","updatedAt":"2025-05-15T22:43:46.973418+02:00","deletedAt":null,"createdById":null,"createdBy":null,"updatedById":null,"updatedBy":null,"deletedById":null,"deletedBy":null,"name":"Guestlist Zack","typeCode":false,"productId":3,"product":{"id":0,"createdAt":"0001-01-01T00:00:00Z","updatedAt":"0001-01-01T00:00:00Z","deletedAt":null,"createdById":null,"createdBy":null,"updatedById":null,"updatedBy":null,"deletedById":null,"deletedBy":null,"name":"","netPrice":"0","vatRate":"0","wrapAfter":false,"hidden":false,"soldOut":false,"apiExport":false,"pos":0,"totalStock":0,"unitsSold":0,"soldOutRequestCount":0,"guestlists":null}},{"id":22,"createdAt":"2025-05-15T22:43:46.973556+02:00","updatedAt":"2025-05-15T22:43:46.973556+02:00","deletedAt":null,"createdById":null,"createdBy":null,"updatedById":null,"updatedBy":null,"deletedById":null,"deletedBy":null,"name":"Guestlist Autumn","typeCode":false,"productId":3,"product":{"id":0,"createdAt":"0001-01-01T00:00:00Z","updatedAt":"0001-01-01T00:00:00Z","deletedAt":null,"createdById":null,"createdBy":null,"updatedById":null,"updatedBy":null,"deletedById":null,"deletedBy":null,"name":"","netPrice":"0","vatRate":"0","wrapAfter":false,"hidden":false,"soldOut":false,"apiExport":false,"pos":0,"totalStock":0,"unitsSold":0,"soldOutRequestCount":0,"guestlists":null}},{"id":23,"createdAt":"2025-05-15T22:43:46.973672+02:00","updatedAt":"2025-05-15T22:43:46.973672+02:00","deletedAt":null,"createdById":null,"createdBy":null,"updatedById":null,"updatedBy":null,"deletedById":null,"deletedBy":null,"name":"Guestlist Kareem","typeCode":false,"productId":3,"product":{"id":0,"createdAt":"0001-01-01T00:00:00Z","updatedAt":"0001-01-01T00:00:00Z","deletedAt":null,"createdById":null,"createdBy":null,"updatedById":null,"updatedBy":null,"deletedById":null,"deletedBy":null,"name":"","netPrice":"0","vatRate":"0","wrapAfter":false,"hidden":false,"soldOut":false,"apiExport":false,"pos":0,"totalStock":0,"unitsSold":0,"soldOutRequestCount":0,"guestlists":null}},{"id":24,"createdAt":"2025-05-15T22:43:46.973926+02:00","updatedAt":"2025-05-15T22:43:46.973926+02:00","deletedAt":null,"createdById":null,"createdBy":null,"updatedById":null,"updatedBy":null,"deletedById":null,"deletedBy":null,"name":"Guestlist Hertha","typeCode":false,"productId":3,"product":{"id":0,"createdAt":"0001-01-01T00:00:00Z","updatedAt":"0001-01-01T00:00:00Z","deletedAt":null,"createdById":null,"createdBy":null,"updatedById":null,"updatedBy":null,"deletedById":null,"deletedBy":null,"name":"","netPrice":"0","vatRate":"0","wrapAfter":false,"hidden":false,"soldOut":false,"apiExport":false,"pos":0,"totalStock":0,"unitsSold":0,"soldOutRequestCount":0,"guestlists":null}},{"id":25,"createdAt":"2025-05-15T22:43:46.974035+02:00","updatedAt":"2025-05-15T22:43:46.974035+02:00","deletedAt":null,"createdById":null,"createdBy":null,"updatedById":null,"updatedBy":null,"deletedById":null,"deletedBy":null,"name":"Guestlist Crystel","typeCode":false,"productId":3,"product":{"id":0,"createdAt":"0001-01-01T00:00:00Z","updatedAt":"0001-01-01T00:00:00Z","deletedAt":null,"createdById":null,"createdBy":null,"updatedById":null,"updatedBy":null,"deletedById":null,"deletedBy":null,"name":"","netPrice":"0","vatRate":"0","wrapAfter":false,"hidden":false,"soldOut":false,"apiExport":false,"pos":0,"totalStock":0,"unitsSold":0,"soldOutRequestCount":0,"guestlists":null}},{"id":26,"createdAt":"2025-05-15T22:43:46.974176+02:00","updatedAt":"2025-05-15T22:43:46.974176+02:00","deletedAt":null,"createdById":null,"createdBy":null,"updatedById":null,"updatedBy":null,"deletedById":null,"deletedBy":null,"name":"Guestlist Lucie","typeCode":false,"productId":3,"product":{"id":0,"createdAt":"0001-01-01T00:00:00Z","updatedAt":"0001-01-01T00:00:00Z","deletedAt":null,"createdById":null,"createdBy":null,"updatedById":null,"updatedBy":null,"deletedById":null,"deletedBy":null,"name":"","netPrice":"0","vatRate":"0","wrapAfter":false,"hidden":false,"soldOut":false,"apiExport":false,"pos":0,"totalStock":0,"unitsSold":0,"soldOutRequestCount":0,"guestlists":null}},{"id":27,"createdAt":"2025-05-15T22:43:46.974393+02:00","updatedAt":"2025-05-15T22:43:46.974393+02:00","deletedAt":null,"createdById":null,"createdBy":null,"updatedById":null,"updatedBy":null,"deletedById":null,"deletedBy":null,"name":"Guestlist Breanna","typeCode":false,"productId":3,"product":{"id":0,"createdAt":"0001-01-01T00:00:00Z","updatedAt":"0001-01-01T00:00:00Z","deletedAt":null,"createdById":null,"createdBy":null,"updatedById":null,"updatedBy":null,"deletedById":null,"deletedBy":null,"name":"","netPrice":"0","vatRate":"0","wrapAfter":false,"hidden":false,"soldOut":false,"apiExport":false,"pos":0,"totalStock":0,"unitsSold":0,"soldOutRequestCount":0,"guestlists":null}},{"id":28,"createdAt":"2025-05-15T22:43:46.974619+02:00","updatedAt":"2025-05-15T22:43:46.974619+02:00","deletedAt":null,"createdById":null,"createdBy":null,"updatedById":null,"updatedBy":null,"deletedById":null,"deletedBy":null,"name":"Guestlist Marcos","typeCode":false,"productId":3,"product":{"id":0,"createdAt":"0001-01-01T00:00:00Z","updatedAt":"0001-01-01T00:00:00Z","deletedAt":null,"createdById":null,"createdBy":null,"updatedById":null,"updatedBy":null,"deletedById":null,"deletedBy":null,"name":"","netPrice":"0","vatRate":"0","wrapAfter":false,"hidden":false,"soldOut":false,"apiExport":false,"pos":0,"totalStock":0,"unitsSold":0,"soldOutRequestCount":0,"guestlists":null}},{"id":29,"createdAt":"2025-05-15T22:43:46.974886+02:00","updatedAt":"2025-05-15T22:43:46.974886+02:00","deletedAt":null,"createdById":null,"createdBy":null,"updatedById":null,"updatedBy":null,"deletedById":null,"deletedBy":null,"name":"Guestlist Isidro","typeCode":false,"productId":3,"product":{"id":0,"createdAt":"0001-01-01T00:00:00Z","updatedAt":"0001-01-01T00:00:00Z","deletedAt":null,"createdById":null,"createdBy":null,"updatedById":null,"updatedBy":null,"deletedById":null,"deletedBy":null,"name":"","netPrice":"0","vatRate":"0","wrapAfter":false,"hidden":false,"soldOut":false,"apiExport":false,"pos":0,"totalStock":0,"unitsSold":0,"soldOutRequestCount":0,"guestlists":null}},{"id":30,"createdAt":"2025-05-15T22:43:46.974974+02:00","updatedAt":"2025-05-15T22:43:46.974974+02:00","deletedAt":null,"createdById":null,"createdBy":null,"updatedById":null,"updatedBy":null,"deletedById":null,"deletedBy":null,"name":"Guestlist Leonard","typeCode":false,"productId":3,"product":{"id":0,"createdAt":"0001-01-01T00:00:00Z","updatedAt":"0001-01-01T00:00:00Z","deletedAt":null,"createdById":null,"createdBy":null,"updatedById":null,"updatedBy":null,"deletedById":null,"deletedBy":null,"name":"","netPrice":"0","vatRate":"0","wrapAfter":false,"hidden":false,"soldOut":false,"apiExport":false,"pos":0,"totalStock":0,"unitsSold":0,"soldOutRequestCount":0,"guestlists":null}},{"id":31,"createdAt":"2025-05-15T22:43:46.975216+02:00","updatedAt":"2025-05-15T22:43:46.975216+02:00","deletedAt":null,"createdById":null,"createdBy":null,"updatedById":null,"updatedBy":null,"deletedById":null,"deletedBy":null,"name":"Guestlist Wilford","typeCode":false,"productId":3,"product":{"id":0,"createdAt":"0001-01-01T00:00:00Z","updatedAt":"0001-01-01T00:00:00Z","deletedAt":null,"createdById":null,"createdBy":null,"updatedById":null,"updatedBy":null,"deletedById":null,"deletedBy":null,"name":"","netPrice":"0","vatRate":"0","wrapAfter":false,"hidden":false,"soldOut":false,"apiExport":false,"pos":0,"totalStock":0,"unitsSold":0,"soldOutRequestCount":0,"guestlists":null}},{"id":32,"createdAt":"2025-05-15T22:43:46.975415+02:00","updatedAt":"2025-05-15T22:43:46.975415+02:00","deletedAt":null,"createdById":null,"createdBy":null,"updatedById":null,"updatedBy":null,"deletedById":null,"deletedBy":null,"name":"Guestlist Lambert","typeCode":false,"productId":3,"product":{"id":0,"createdAt":"0001-01-01T00:00:00Z","updatedAt":"0001-01-01T00:00:00Z","deletedAt":null,"createdById":null,"createdBy":null,"updatedById":null,"updatedBy":null,"deletedById":null,"deletedBy":null,"name":"","netPrice":"0","vatRate":"0","wrapAfter":false,"hidden":false,"soldOut":false,"apiExport":false,"pos":0,"totalStock":0,"unitsSold":0,"soldOutRequestCount":0,"guestlists":null}},{"id":33,"createdAt":"2025-05-15T22:43:46.975559+02:00","updatedAt":"2025-05-15T22:43:46.975559+02:00","deletedAt":null,"createdById":null,"createdBy":null,"updatedById":null,"updatedBy":null,"deletedById":null,"deletedBy":null,"name":"Guestlist Jewel","typeCode":false,"productId":3,"product":{"id":0,"createdAt":"0001-01-01T00:00:00Z","updatedAt":"0001-01-01T00:00:00Z","deletedAt":null,"createdById":null,"createdBy":null,"updatedById":null,"updatedBy":null,"deletedById":null,"deletedBy":null,"name":"","netPrice":"0","vatRate":"0","wrapAfter":false,"hidden":false,"soldOut":false,"apiExport":false,"pos":0,"totalStock":0,"unitsSold":0,"soldOutRequestCount":0,"guestlists":null}},{"id":34,"createdAt":"2025-05-15T22:43:46.975645+02:00","updatedAt":"2025-05-15T22:43:46.975645+02:00","deletedAt":null,"createdById":null,"createdBy":null,"updatedById":null,"updatedBy":null,"deletedById":null,"deletedBy":null,"name":"Guestlist Lemuel","typeCode":false,"productId":3,"product":{"id":0,"createdAt":"0001-01-01T00:00:00Z","updatedAt":"0001-01-01T00:00:00Z","deletedAt":null,"createdById":null,"createdBy":null,"updatedById":null,"updatedBy":null,"deletedById":null,"deletedBy":null,"name":"","netPrice":"0","vatRate":"0","wrapAfter":false,"hidden":false,"soldOut":false,"apiExport":false,"pos":0,"totalStock":0,"unitsSold":0,"soldOutRequestCount":0,"guestlists":null}},{"id":35,"createdAt":"2025-05-15T22:43:46.975921+02:00","updatedAt":"2025-05-15T22:43:46.975921+02:00","deletedAt":null,"createdById":null,"createdBy":null,"updatedById":null,"updatedBy":null,"deletedById":null,"deletedBy":null,"name":"Guestlist Berry","typeCode":false,"productId":3,"product":{"id":0,"createdAt":"0001-01-01T00:00:00Z","updatedAt":"0001-01-01T00:00:00Z","deletedAt":null,"createdById":null,"createdBy":null,"updatedById":null,"updatedBy":null,"deletedById":null,"deletedBy":null,"name":"","netPrice":"0","vatRate":"0","wrapAfter":false,"hidden":false,"soldOut":false,"apiExport":false,"pos":0,"totalStock":0,"unitsSold":0,"soldOutRequestCount":0,"guestlists":null}},{"id":36,"createdAt":"2025-05-15T22:43:46.97673+02:00","updatedAt":"2025-05-15T22:43:46.97673+02:00","deletedAt":null,"createdById":null,"createdBy":null,"updatedById":null,"updatedBy":null,"deletedById":null,"deletedBy":null,"name":"Guestlist Harley","typeCode":false,"productId":3,"product":{"id":0,"createdAt":"0001-01-01T00:00:00Z","updatedAt":"0001-01-01T00:00:00Z","deletedAt":null,"createdById":null,"createdBy":null,"updatedById":null,"updatedBy":null,"deletedById":null,"deletedBy":null,"name":"","netPrice":"0","vatRate":"0","wrapAfter":false,"hidden":false,"soldOut":false,"apiExport":false,"pos":0,"totalStock":0,"unitsSold":0,"soldOutRequestCount":0,"guestlists":null}},{"id":37,"createdAt":"2025-05-15T22:43:46.977099+02:00","updatedAt":"2025-05-15T22:43:46.977099+02:00","deletedAt":null,"createdById":null,"createdBy":null,"updatedById":null,"updatedBy":null,"deletedById":null,"deletedBy":null,"name":"Guestlist Reuben","typeCode":false,"productId":3,"product":{"id":0,"createdAt":"0001-01-01T00:00:00Z","updatedAt":"0001-01-01T00:00:00Z","deletedAt":null,"createdById":null,"createdBy":null,"updatedById":null,"updatedBy":null,"deletedById":null,"deletedBy":null,"name":"","netPrice":"0","vatRate":"0","wrapAfter":false,"hidden":false,"soldOut":false,"apiExport":false,"pos":0,"totalStock":0,"unitsSold":0,"soldOutRequestCount":0,"guestlists":null}},{"id":38,"createdAt":"2025-05-15T22:43:46.977297+02:00","updatedAt":"2025-05-15T22:43:46.977297+02:00","deletedAt":null,"createdById":null,"createdBy":null,"updatedById":null,"updatedBy":null,"deletedById":null,"deletedBy":null,"name":"Guestlist Kraig","typeCode":false,"productId":3,"product":{"id":0,"createdAt":"0001-01-01T00:00:00Z","updatedAt":"0001-01-01T00:00:00Z","deletedAt":null,"createdById":null,"createdBy":null,"updatedById":null,"updatedBy":null,"deletedById":null,"deletedBy":null,"name":"","netPrice":"0","vatRate":"0","wrapAfter":false,"hidden":false,"soldOut":false,"apiExport":false,"pos":0,"totalStock":0,"unitsSold":0,"soldOutRequestCount":0,"guestlists":null}},{"id":39,"createdAt":"2025-05-15T22:43:46.977632+02:00","updatedAt":"2025-05-15T22:43:46.977632+02:00","deletedAt":null,"createdById":null,"createdBy":null,"updatedById":null,"updatedBy":null,"deletedById":null,"deletedBy":null,"name":"Guestlist Leonardo","typeCode":false,"productId":3,"product":{"id":0,"createdAt":"0001-01-01T00:00:00Z","updatedAt":"0001-01-01T00:00:00Z","deletedAt":null,"createdById":null,"createdBy":null,"updatedById":null,"updatedBy":null,"deletedById":null,"deletedBy":null,"name":"","netPrice":"0","vatRate":"0","wrapAfter":false,"hidden":false,"soldOut":false,"apiExport":false,"pos":0,"totalStock":0,"unitsSold":0,"soldOutRequestCount":0,"guestlists":null}},{"id":40,"createdAt":"2025-05-15T22:43:46.977791+02:00","updatedAt":"2025-05-15T22:43:46.977791+02:00","deletedAt":null,"createdById":null,"createdBy":null,"updatedById":null,"updatedBy":null,"deletedById":null,"deletedBy":null,"name":"Guestlist Alicia","typeCode":false,"productId":3,"product":{"id":0,"createdAt":"0001-01-01T00:00:00Z","updatedAt":"0001-01-01T00:00:00Z","deletedAt":null,"createdById":null,"createdBy":null,"updatedById":null,"updatedBy":null,"deletedById":null,"deletedBy":null,"name":"","netPrice":"0","vatRate":"0","wrapAfter":false,"hidden":false,"soldOut":false,"apiExport":false,"pos":0,"totalStock":0,"unitsSold":0,"soldOutRequestCount":0,"guestlists":null}}],"unitsSold":0,"soldOutRequestCount":0},{"id":4,"name":"🎟️ Prepaid","netPrice":"0","grossPrice":"0","vatRate":"0","vatAmount":"0","wrapAfter":true,"hidden":false,"soldOut":false,"apiExport":true,"pos":4,"totalStock":0,"guestlists":[{"id":3,"createdAt":"2025-05-15T22:43:46.967522+02:00","updatedAt":"2025-05-15T22:43:46.967522+02:00","deletedAt":null,"createdById":null,"createdBy":null,"updatedById":null,"updatedBy":null,"deletedById":null,"deletedBy":null,"name":"Deine Tickets","typeCode":true,"productId":4,"product":{"id":0,"createdAt":"0001-01-01T00:00:00Z","updatedAt":"0001-01-01T00:00:00Z","deletedAt":null,"createdById":null,"createdBy":null,"updatedById":null,"updatedBy":null,"deletedById":null,"deletedBy":null,"name":"","netPrice":"0","vatRate":"0","wrapAfter":false,"hidden":false,"soldOut":false,"apiExport":false,"pos":0,"totalStock":0,"unitsSold":0,"soldOutRequestCount":0,"guestlists":null}}],"unitsSold":5,"soldOutRequestCount":0},{"id":16,"name":"☕ Coffee Mug","netPrice":"0.84","grossPrice":"1","vatRate":"19","vatAmount":"0.16","wrapAfter":false,"hidden":false,"soldOut":false,"apiExport":false,"pos":30,"totalStock":0,"guestlists":[],"unitsSold":5,"soldOutRequestCount":0},{"id":5,"name":"👕 Male S","netPrice":"16.81","grossPrice":"20","vatRate":"19","vatAmount":"3.19","wrapAfter":false,"hidden":false,"soldOut":false,"apiExport":false,"pos":10,"totalStock":30,"guestlists":[],"unitsSold":7,"soldOutRequestCount":0},{"id":6,"name":"👕 Male M","netPrice":"16.81","grossPrice":"20","vatRate":"19","vatAmount":"3.19","wrapAfter":false,"hidden":false,"soldOut":false,"apiExport":false,"pos":10,"totalStock":7,"guestlists":[],"unitsSold":0,"soldOutRequestCount":0},{"id":7,"name":"👕 Male L","netPrice":"16.81","grossPrice":"20","vatRate":"19","vatAmount":"3.19","wrapAfter":false,"hidden":false,"soldOut":false,"apiExport":false,"pos":10,"totalStock":27,"guestlists":[],"unitsSold":5,"soldOutRequestCount":0},{"id":8,"name":"👕 Male XL","netPrice":"16.81","grossPrice":"20","vatRate":"19","vatAmount":"3.19","wrapAfter":false,"hidden":false,"soldOut":false,"apiExport":false,"pos":10,"totalStock":28,"guestlists":[],"unitsSold":3,"soldOutRequestCount":0},{"id":9,"name":"👕 Male XXL","netPrice":"16.81","grossPrice":"20","vatRate":"19","vatAmount":"3.19","wrapAfter":false,"hidden":false,"soldOut":false,"apiExport":false,"pos":10,"totalStock":12,"guestlists":[],"unitsSold":5,"soldOutRequestCount":0},{"id":10,"name":"👕 Male 4XL","netPrice":"16.81","grossPrice":"20","vatRate":"19","vatAmount":"3.19","wrapAfter":false,"hidden":false,"soldOut":false,"apiExport":false,"pos":10,"totalStock":29,"guestlists":[],"unitsSold":0,"soldOutRequestCount":0},{"id":11,"name":"👕 Femal S","netPrice":"16.81","grossPrice":"20","vatRate":"19","vatAmount":"3.19","wrapAfter":false,"hidden":false,"soldOut":false,"apiExport":false,"pos":10,"totalStock":26,"guestlists":[],"unitsSold":7,"soldOutRequestCount":0}]
    printer.go:116: GET /api/v2/products?_sort=pos HTTP/1.1
        Authorization: Bearer eyJhbGciOiJIUzI1NiIsInR5cCI6IkpXVCJ9.eyJJRCI6MiwiZXhwIjoxNzQ3MzQyNDM2LCJvcmlnX2lhdCI6MTc0NzM0MTgzNn0.8TtapoGD-aAJe0hNakkjEEieN8Ej5rQRh8khNSE3BWg
        
[GIN] 2025/05/15 - 22:43:56 | 200 |     749.167µs |                 | GET      "/api/v2/products?_sort=pos"
    printer.go:133: HTTP/0.0 200 OK 756.375µs
        Content-Type: application/json; charset=utf-8
        X-Total-Count: 16
        
        [{"id":1,"name":"🎟️ Regular","netPrice":"37.38","grossPrice":"40","vatRate":"7","vatAmount":"2.62","wrapAfter":false,"hidden":false,"soldOut":false,"apiExport":true,"pos":1,"totalStock":0,"guestlists":[],"unitsSold":0,"soldOutRequestCount":0},{"id":2,"name":"🎟️ Reduced","netPrice":"18.69","grossPrice":"20","vatRate":"7","vatAmount":"1.31","wrapAfter":false,"hidden":false,"soldOut":false,"apiExport":true,"pos":2,"totalStock":0,"guestlists":[{"id":1,"createdAt":"2025-05-15T22:43:46.967452+02:00","updatedAt":"2025-05-15T22:43:46.967452+02:00","deletedAt":null,"createdById":null,"createdBy":null,"updatedById":null,"updatedBy":null,"deletedById":null,"deletedBy":null,"name":"Reduces Digitale Kultur","typeCode":false,"productId":2,"product":{"id":0,"createdAt":"0001-01-01T00:00:00Z","updatedAt":"0001-01-01T00:00:00Z","deletedAt":null,"createdById":null,"createdBy":null,"updatedById":null,"updatedBy":null,"deletedById":null,"deletedBy":null,"name":"","netPrice":"0","vatRate":"0","wrapAfter":false,"hidden":false,"soldOut":false,"apiExport":false,"pos":0,"totalStock":0,"unitsSold":0,"soldOutRequestCount":0,"guestlists":null}},{"id":2,"createdAt":"2025-05-15T22:43:46.967486+02:00","updatedAt":"2025-05-15T22:43:46.967486+02:00","deletedAt":null,"createdById":null,"createdBy":null,"updatedById":null,"updatedBy":null,"deletedById":null,"deletedBy":null,"name":"Long Distance","typeCode":false,"productId":2,"product":{"id":0,"createdAt":"0001-01-01T00:00:00Z","updatedAt":"0001-01-01T00:00:00Z","deletedAt":null,"createdById":null,"createdBy":null,"updatedById":null,"updatedBy":null,"deletedById":null,"deletedBy":null,"name":"","netPrice":"0","vatRate":"0","wrapAfter":false,"hidden":false,"soldOut":false,"apiExport":false,"pos":0,"totalStock":0,"unitsSold":0,"soldOutRequestCount":0,"guestlists":null}}],"unitsSold":0,"soldOutRequestCount":0},{"id":3,"name":"🎟️ Free","netPrice":"0","grossPrice":"0","vatRate":"0","vatAmount":"0","wrapAfter":false,"hidden":false,"soldOut":false,"apiExport":true,"pos":3,"totalStock":0,"guestlists":[{"id":4,"createdAt":"2025-05-15T22:43:46.968757+02:00","updatedAt":"2025-05-15T22:43:46.968757+02:00","deletedAt":null,"createdById":null,"createdBy":null,"updatedById":null,"updatedBy":null,"deletedById":null,"deletedBy":null,"name":"Guestlist Neva","typeCode":false,"productId":3,"product":{"id":0,"createdAt":"0001-01-01T00:00:00Z","updatedAt":"0001-01-01T00:00:00Z","deletedAt":null,"createdById":null,"createdBy":null,"updatedById":null,"updatedBy":null,"deletedById":null,"deletedBy":null,"name":"","netPrice":"0","vatRate":"0","wrapAfter":false,"hidden":false,"soldOut":false,"apiExport":false,"pos":0,"totalStock":0,"unitsSold":0,"soldOutRequestCount":0,"guestlists":null}},{"id":5,"createdAt":"2025-05-15T22:43:46.968953+02:00","updatedAt":"2025-05-15T22:43:46.968953+02:00","deletedAt":null,"createdById":null,"createdBy":null,"updatedById":null,"updatedBy":null,"deletedById":null,"deletedBy":null,"name":"Guestlist Bertram","typeCode":false,"productId":3,"product":{"id":0,"createdAt":"0001-01-01T00:00:00Z","updatedAt":"0001-01-01T00:00:00Z","deletedAt":null,"createdById":null,"createdBy":null,"updatedById":null,"updatedBy":null,"deletedById":null,"deletedBy":null,"name":"","netPrice":"0","vatRate":"0","wrapAfter":false,"hidden":false,"soldOut":false,"apiExport":false,"pos":0,"totalStock":0,"unitsSold":0,"soldOutRequestCount":0,"guestlists":null}},{"id":6,"createdAt":"2025-05-15T22:43:46.969088+02:00","updatedAt":"2025-05-15T22:43:46.969088+02:00","deletedAt":null,"createdById":null,"createdBy":null,"updatedById":null,"updatedBy":null,"deletedById":null,"deletedBy":null,"name":"Guestlist Amelia","typeCode":false,"productId":3,"product":{"id":0,"createdAt":"0001-01-01T00:00:00Z","updatedAt":"0001-01-01T00:00:00Z","deletedAt":null,"createdById":null,"createdBy":null,"updatedById":null,"updatedBy":null,"deletedById":null,"deletedBy":null,"name":"","netPrice":"0","vatRate":"0","wrapAfter":false,"hidden":false,"soldOut":false,"apiExport":false,"pos":0,"totalStock":0,"unitsSold":0,"soldOutRequestCount":0,"guestlists":null}},{"id":7,"createdAt":"2025-05-15T22:43:46.969361+02:00","updatedAt":"2025-05-15T22:43:46.969361+02:00","deletedAt":null,"createdById":null,"createdBy":null,"updatedById":null,"updatedBy":null,"deletedById":null,"deletedBy":null,"name":"Guestlist Roel","typeCode":false,"productId":3,"product":{"id":0,"createdAt":"0001-01-01T00:00:00Z","updatedAt":"0001-01-01T00:00:00Z","deletedAt":null,"createdById":null,"createdBy":null,"updatedById":null,"updatedBy":null,"deletedById":null,"deletedBy":null,"name":"","netPrice":"0","vatRate":"0","wrapAfter":false,"hidden":false,"soldOut":false,"apiExport":false,"pos":0,"totalStock":0,"unitsSold":0,"soldOutRequestCount":0,"guestlists":null}},{"id":8,"createdAt":"2025-05-15T22:43:46.969794+02:00","updatedAt":"2025-05-15T22:43:46.969794+02:00","deletedAt":null,"createdById":null,"createdBy":null,"updatedById":null,"updatedBy":null,"deletedById":null,"deletedBy":null,"name":"Guestlist Edythe","typeCode":false,"productId":3,"product":{"id":0,"createdAt":"0001-01-01T00:00:00Z","updatedAt":"0001-01-01T00:00:00Z","deletedAt":null,"createdById":null,"createdBy":null,"updatedById":null,"updatedBy":null,"deletedById":null,"deletedBy":null,"name":"","netPrice":"0","vatRate":"0","wrapAfter":false,"hidden":false,"soldOut":false,"apiExport":false,"pos":0,"totalStock":0,"unitsSold":0,"soldOutRequestCount":0,"guestlists":null}},{"id":9,"createdAt":"2025-05-15T22:43:46.97001+02:00","updatedAt":"2025-05-15T22:43:46.97001+02:00","deletedAt":null,"createdById":null,"createdBy":null,"updatedById":null,"updatedBy":null,"deletedById":null,"deletedBy":null,"name":"Guestlist Gudrun","typeCode":false,"productId":3,"product":{"id":0,"createdAt":"0001-01-01T00:00:00Z","updatedAt":"0001-01-01T00:00:00Z","deletedAt":null,"createdById":null,"createdBy":null,"updatedById":null,"updatedBy":null,"deletedById":null,"deletedBy":null,"name":"","netPrice":"0","vatRate":"0","wrapAfter":false,"hidden":false,"soldOut":false,"apiExport":false,"pos":0,"totalStock":0,"unitsSold":0,"soldOutRequestCount":0,"guestlists":null}},{"id":10,"createdAt":"2025-05-15T22:43:46.97032+02:00","updatedAt":"2025-05-15T22:43:46.97032+02:00","deletedAt":null,"createdById":null,"createdBy":null,"updatedById":null,"updatedBy":null,"deletedById":null,"deletedBy":null,"name":"Guestlist Katharina","typeCode":false,"productId":3,"product":{"id":0,"createdAt":"0001-01-01T00:00:00Z","updatedAt":"0001-01-01T00:00:00Z","deletedAt":null,"createdById":null,"createdBy":null,"updatedById":null,"updatedBy":null,"deletedById":null,"deletedBy":null,"name":"","netPrice":"0","vatRate":"0","wrapAfter":false,"hidden":false,"soldOut":false,"apiExport":false,"pos":0,"totalStock":0,"unitsSold":0,"soldOutRequestCount":0,"guestlists":null}},{"id":11,"createdAt":"2025-05-15T22:43:46.970533+02:00","updatedAt":"2025-05-15T22:43:46.970533+02:00","deletedAt":null,"createdById":null,"createdBy":null,"updatedById":null,"updatedBy":null,"deletedById":null,"deletedBy":null,"name":"Guestlist Gerda","typeCode":false,"productId":3,"product":{"id":0,"createdAt":"0001-01-01T00:00:00Z","updatedAt":"0001-01-01T00:00:00Z","deletedAt":null,"createdById":null,"createdBy":null,"updatedById":null,"updatedBy":null,"deletedById":null,"deletedBy":null,"name":"","netPrice":"0","vatRate":"0","wrapAfter":false,"hidden":false,"soldOut":false,"apiExport":false,"pos":0,"totalStock":0,"unitsSold":0,"soldOutRequestCount":0,"guestlists":null}},{"id":12,"createdAt":"2025-05-15T22:43:46.970813+02:00","updatedAt":"2025-05-15T22:43:46.970813+02:00","deletedAt":null,"createdById":null,"createdBy":null,"updatedById":null,"updatedBy":null,"deletedById":null,"deletedBy":null,"name":"Guestlist Laverna","typeCode":false,"productId":3,"product":{"id":0,"createdAt":"0001-01-01T00:00:00Z","updatedAt":"0001-01-01T00:00:00Z","deletedAt":null,"createdById":null,"createdBy":null,"updatedById":null,"updatedBy":null,"deletedById":null,"deletedBy":null,"name":"","netPrice":"0","vatRate":"0","wrapAfter":false,"hidden":false,"soldOut":false,"apiExport":false,"pos":0,"totalStock":0,"unitsSold":0,"soldOutRequestCount":0,"guestlists":null}},{"id":13,"createdAt":"2025-05-15T22:43:46.97109+02:00","updatedAt":"2025-05-15T22:43:46.97109+02:00","deletedAt":null,"createdById":null,"createdBy":null,"updatedById":null,"updatedBy":null,"deletedById":null,"deletedBy":null,"name":"Guestlist Mekhi","typeCode":false,"productId":3,"product":{"id":0,"createdAt":"0001-01-01T00:00:00Z","updatedAt":"0001-01-01T00:00:00Z","deletedAt":null,"createdById":null,"createdBy":null,"updatedById":null,"updatedBy":null,"deletedById":null,"deletedBy":null,"name":"","netPrice":"0","vatRate":"0","wrapAfter":false,"hidden":false,"soldOut":false,"apiExport":false,"pos":0,"totalStock":0,"unitsSold":0,"soldOutRequestCount":0,"guestlists":null}},{"id":14,"createdAt":"2025-05-15T22:43:46.971653+02:00","updatedAt":"2025-05-15T22:43:46.971653+02:00","deletedAt":null,"createdById":null,"createdBy":null,"updatedById":null,"updatedBy":null,"deletedById":null,"deletedBy":null,"name":"Guestlist Sunny","typeCode":false,"productId":3,"product":{"id":0,"createdAt":"0001-01-01T00:00:00Z","updatedAt":"0001-01-01T00:00:00Z","deletedAt":null,"createdById":null,"createdBy":null,"updatedById":null,"updatedBy":null,"deletedById":null,"deletedBy":null,"name":"","netPrice":"0","vatRate":"0","wrapAfter":false,"hidden":false,"soldOut":false,"apiExport":false,"pos":0,"totalStock":0,"unitsSold":0,"soldOutRequestCount":0,"guestlists":null}},{"id":15,"createdAt":"2025-05-15T22:43:46.97193+02:00","updatedAt":"2025-05-15T22:43:46.97193+02:00","deletedAt":null,"createdById":null,"createdBy":null,"updatedById":null,"updatedBy":null,"deletedById":null,"deletedBy":null,"name":"Guestlist Daija","typeCode":false,"productId":3,"product":{"id":0,"createdAt":"0001-01-01T00:00:00Z","updatedAt":"0001-01-01T00:00:00Z","deletedAt":null,"createdById":null,"createdBy":null,"updatedById":null,"updatedBy":null,"deletedById":null,"deletedBy":null,"name":"","netPrice":"0","vatRate":"0","wrapAfter":false,"hidden":false,"soldOut":false,"apiExport":false,"pos":0,"totalStock":0,"unitsSold":0,"soldOutRequestCount":0,"guestlists":null}},{"id":16,"createdAt":"2025-05-15T22:43:46.972061+02:00","updatedAt":"2025-05-15T22:43:46.972061+02:00","deletedAt":null,"createdById":null,"createdBy":null,"updatedById":null,"updatedBy":null,"deletedById":null,"deletedBy":null,"name":"Guestlist Benny","typeCode":false,"productId":3,"product":{"id":0,"createdAt":"0001-01-01T00:00:00Z","updatedAt":"0001-01-01T00:00:00Z","deletedAt":null,"createdById":null,"createdBy":null,"updatedById":null,"updatedBy":null,"deletedById":null,"deletedBy":null,"name":"","netPrice":"0","vatRate":"0","wrapAfter":false,"hidden":false,"soldOut":false,"apiExport":false,"pos":0,"totalStock":0,"unitsSold":0,"soldOutRequestCount":0,"guestlists":null}},{"id":17,"createdAt":"2025-05-15T22:43:46.972343+02:00","updatedAt":"2025-05-15T22:43:46.972343+02:00","deletedAt":null,"createdById":null,"createdBy":null,"updatedById":null,"updatedBy":null,"deletedById":null,"deletedBy":null,"name":"Guestlist Wallace","typeCode":false,"productId":3,"product":{"id":0,"createdAt":"0001-01-01T00:00:00Z","updatedAt":"0001-01-01T00:00:00Z","deletedAt":null,"createdById":null,"createdBy":null,"updatedById":null,"updatedBy":null,"deletedById":null,"deletedBy":null,"name":"","netPrice":"0","vatRate":"0","wrapAfter":false,"hidden":false,"soldOut":false,"apiExport":false,"pos":0,"totalStock":0,"unitsSold":0,"soldOutRequestCount":0,"guestlists":null}},{"id":18,"createdAt":"2025-05-15T22:43:46.972573+02:00","updatedAt":"2025-05-15T22:43:46.972573+02:00","deletedAt":null,"createdById":null,"createdBy":null,"updatedById":null,"updatedBy":null,"deletedById":null,"deletedBy":null,"name":"Guestlist Kirk","typeCode":false,"productId":3,"product":{"id":0,"createdAt":"0001-01-01T00:00:00Z","updatedAt":"0001-01-01T00:00:00Z","deletedAt":null,"createdById":null,"createdBy":null,"updatedById":null,"updatedBy":null,"deletedById":null,"deletedBy":null,"name":"","netPrice":"0","vatRate":"0","wrapAfter":false,"hidden":false,"soldOut":false,"apiExport":false,"pos":0,"totalStock":0,"unitsSold":0,"soldOutRequestCount":0,"guestlists":null}},{"id":19,"createdAt":"2025-05-15T22:43:46.972827+02:00","updatedAt":"2025-05-15T22:43:46.972827+02:00","deletedAt":null,"createdById":null,"createdBy":null,"updatedById":null,"updatedBy":null,"deletedById":null,"deletedBy":null,"name":"Guestlist Opal","typeCode":false,"productId":3,"product":{"id":0,"createdAt":"0001-01-01T00:00:00Z","updatedAt":"0001-01-01T00:00:00Z","deletedAt":null,"createdById":null,"createdBy":null,"updatedById":null,"updatedBy":null,"deletedById":null,"deletedBy":null,"name":"","netPrice":"0","vatRate":"0","wrapAfter":false,"hidden":false,"soldOut":false,"apiExport":false,"pos":0,"totalStock":0,"unitsSold":0,"soldOutRequestCount":0,"guestlists":null}},{"id":20,"createdAt":"2025-05-15T22:43:46.973191+02:00","updatedAt":"2025-05-15T22:43:46.973191+02:00","deletedAt":null,"createdById":null,"createdBy":null,"updatedById":null,"updatedBy":null,"deletedById":null,"deletedBy":null,"name":"Guestlist Terence","typeCode":false,"productId":3,"product":{"id":0,"createdAt":"0001-01-01T00:00:00Z","updatedAt":"0001-01-01T00:00:00Z","deletedAt":null,"createdById":null,"createdBy":null,"updatedById":null,"updatedBy":null,"deletedById":null,"deletedBy":null,"name":"","netPrice":"0","vatRate":"0","wrapAfter":false,"hidden":false,"soldOut":false,"apiExport":false,"pos":0,"totalStock":0,"unitsSold":0,"soldOutRequestCount":0,"guestlists":null}},{"id":21,"createdAt":"2025-05-15T22:43:46.973418+02:00","updatedAt":"2025-05-15T22:43:46.973418+02:00","deletedAt":null,"createdById":null,"createdBy":null,"updatedById":null,"updatedBy":null,"deletedById":null,"deletedBy":null,"name":"Guestlist Zack","typeCode":false,"productId":3,"product":{"id":0,"createdAt":"0001-01-01T00:00:00Z","updatedAt":"0001-01-01T00:00:00Z","deletedAt":null,"createdById":null,"createdBy":null,"updatedById":null,"updatedBy":null,"deletedById":null,"deletedBy":null,"name":"","netPrice":"0","vatRate":"0","wrapAfter":false,"hidden":false,"soldOut":false,"apiExport":false,"pos":0,"totalStock":0,"unitsSold":0,"soldOutRequestCount":0,"guestlists":null}},{"id":22,"createdAt":"2025-05-15T22:43:46.973556+02:00","updatedAt":"2025-05-15T22:43:46.973556+02:00","deletedAt":null,"createdById":null,"createdBy":null,"updatedById":null,"updatedBy":null,"deletedById":null,"deletedBy":null,"name":"Guestlist Autumn","typeCode":false,"productId":3,"product":{"id":0,"createdAt":"0001-01-01T00:00:00Z","updatedAt":"0001-01-01T00:00:00Z","deletedAt":null,"createdById":null,"createdBy":null,"updatedById":null,"updatedBy":null,"deletedById":null,"deletedBy":null,"name":"","netPrice":"0","vatRate":"0","wrapAfter":false,"hidden":false,"soldOut":false,"apiExport":false,"pos":0,"totalStock":0,"unitsSold":0,"soldOutRequestCount":0,"guestlists":null}},{"id":23,"createdAt":"2025-05-15T22:43:46.973672+02:00","updatedAt":"2025-05-15T22:43:46.973672+02:00","deletedAt":null,"createdById":null,"createdBy":null,"updatedById":null,"updatedBy":null,"deletedById":null,"deletedBy":null,"name":"Guestlist Kareem","typeCode":false,"productId":3,"product":{"id":0,"createdAt":"0001-01-01T00:00:00Z","updatedAt":"0001-01-01T00:00:00Z","deletedAt":null,"createdById":null,"createdBy":null,"updatedById":null,"updatedBy":null,"deletedById":null,"deletedBy":null,"name":"","netPrice":"0","vatRate":"0","wrapAfter":false,"hidden":false,"soldOut":false,"apiExport":false,"pos":0,"totalStock":0,"unitsSold":0,"soldOutRequestCount":0,"guestlists":null}},{"id":24,"createdAt":"2025-05-15T22:43:46.973926+02:00","updatedAt":"2025-05-15T22:43:46.973926+02:00","deletedAt":null,"createdById":null,"createdBy":null,"updatedById":null,"updatedBy":null,"deletedById":null,"deletedBy":null,"name":"Guestlist Hertha","typeCode":false,"productId":3,"product":{"id":0,"createdAt":"0001-01-01T00:00:00Z","updatedAt":"0001-01-01T00:00:00Z","deletedAt":null,"createdById":null,"createdBy":null,"updatedById":null,"updatedBy":null,"deletedById":null,"deletedBy":null,"name":"","netPrice":"0","vatRate":"0","wrapAfter":false,"hidden":false,"soldOut":false,"apiExport":false,"pos":0,"totalStock":0,"unitsSold":0,"soldOutRequestCount":0,"guestlists":null}},{"id":25,"createdAt":"2025-05-15T22:43:46.974035+02:00","updatedAt":"2025-05-15T22:43:46.974035+02:00","deletedAt":null,"createdById":null,"createdBy":null,"updatedById":null,"updatedBy":null,"deletedById":null,"deletedBy":null,"name":"Guestlist Crystel","typeCode":false,"productId":3,"product":{"id":0,"createdAt":"0001-01-01T00:00:00Z","updatedAt":"0001-01-01T00:00:00Z","deletedAt":null,"createdById":null,"createdBy":null,"updatedById":null,"updatedBy":null,"deletedById":null,"deletedBy":null,"name":"","netPrice":"0","vatRate":"0","wrapAfter":false,"hidden":false,"soldOut":false,"apiExport":false,"pos":0,"totalStock":0,"unitsSold":0,"soldOutRequestCount":0,"guestlists":null}},{"id":26,"createdAt":"2025-05-15T22:43:46.974176+02:00","updatedAt":"2025-05-15T22:43:46.974176+02:00","deletedAt":null,"createdById":null,"createdBy":null,"updatedById":null,"updatedBy":null,"deletedById":null,"deletedBy":null,"name":"Guestlist Lucie","typeCode":false,"productId":3,"product":{"id":0,"createdAt":"0001-01-01T00:00:00Z","updatedAt":"0001-01-01T00:00:00Z","deletedAt":null,"createdById":null,"createdBy":null,"updatedById":null,"updatedBy":null,"deletedById":null,"deletedBy":null,"name":"","netPrice":"0","vatRate":"0","wrapAfter":false,"hidden":false,"soldOut":false,"apiExport":false,"pos":0,"totalStock":0,"unitsSold":0,"soldOutRequestCount":0,"guestlists":null}},{"id":27,"createdAt":"2025-05-15T22:43:46.974393+02:00","updatedAt":"2025-05-15T22:43:46.974393+02:00","deletedAt":null,"createdById":null,"createdBy":null,"updatedById":null,"updatedBy":null,"deletedById":null,"deletedBy":null,"name":"Guestlist Breanna","typeCode":false,"productId":3,"product":{"id":0,"createdAt":"0001-01-01T00:00:00Z","updatedAt":"0001-01-01T00:00:00Z","deletedAt":null,"createdById":null,"createdBy":null,"updatedById":null,"updatedBy":null,"deletedById":null,"deletedBy":null,"name":"","netPrice":"0","vatRate":"0","wrapAfter":false,"hidden":false,"soldOut":false,"apiExport":false,"pos":0,"totalStock":0,"unitsSold":0,"soldOutRequestCount":0,"guestlists":null}},{"id":28,"createdAt":"2025-05-15T22:43:46.974619+02:00","updatedAt":"2025-05-15T22:43:46.974619+02:00","deletedAt":null,"createdById":null,"createdBy":null,"updatedById":null,"updatedBy":null,"deletedById":null,"deletedBy":null,"name":"Guestlist Marcos","typeCode":false,"productId":3,"product":{"id":0,"createdAt":"0001-01-01T00:00:00Z","updatedAt":"0001-01-01T00:00:00Z","deletedAt":null,"createdById":null,"createdBy":null,"updatedById":null,"updatedBy":null,"deletedById":null,"deletedBy":null,"name":"","netPrice":"0","vatRate":"0","wrapAfter":false,"hidden":false,"soldOut":false,"apiExport":false,"pos":0,"totalStock":0,"unitsSold":0,"soldOutRequestCount":0,"guestlists":null}},{"id":29,"createdAt":"2025-05-15T22:43:46.974886+02:00","updatedAt":"2025-05-15T22:43:46.974886+02:00","deletedAt":null,"createdById":null,"createdBy":null,"updatedById":null,"updatedBy":null,"deletedById":null,"deletedBy":null,"name":"Guestlist Isidro","typeCode":false,"productId":3,"product":{"id":0,"createdAt":"0001-01-01T00:00:00Z","updatedAt":"0001-01-01T00:00:00Z","deletedAt":null,"createdById":null,"createdBy":null,"updatedById":null,"updatedBy":null,"deletedById":null,"deletedBy":null,"name":"","netPrice":"0","vatRate":"0","wrapAfter":false,"hidden":false,"soldOut":false,"apiExport":false,"pos":0,"totalStock":0,"unitsSold":0,"soldOutRequestCount":0,"guestlists":null}},{"id":30,"createdAt":"2025-05-15T22:43:46.974974+02:00","updatedAt":"2025-05-15T22:43:46.974974+02:00","deletedAt":null,"createdById":null,"createdBy":null,"updatedById":null,"updatedBy":null,"deletedById":null,"deletedBy":null,"name":"Guestlist Leonard","typeCode":false,"productId":3,"product":{"id":0,"createdAt":"0001-01-01T00:00:00Z","updatedAt":"0001-01-01T00:00:00Z","deletedAt":null,"createdById":null,"createdBy":null,"updatedById":null,"updatedBy":null,"deletedById":null,"deletedBy":null,"name":"","netPrice":"0","vatRate":"0","wrapAfter":false,"hidden":false,"soldOut":false,"apiExport":false,"pos":0,"totalStock":0,"unitsSold":0,"soldOutRequestCount":0,"guestlists":null}},{"id":31,"createdAt":"2025-05-15T22:43:46.975216+02:00","updatedAt":"2025-05-15T22:43:46.975216+02:00","deletedAt":null,"createdById":null,"createdBy":null,"updatedById":null,"updatedBy":null,"deletedById":null,"deletedBy":null,"name":"Guestlist Wilford","typeCode":false,"productId":3,"product":{"id":0,"createdAt":"0001-01-01T00:00:00Z","updatedAt":"0001-01-01T00:00:00Z","deletedAt":null,"createdById":null,"createdBy":null,"updatedById":null,"updatedBy":null,"deletedById":null,"deletedBy":null,"name":"","netPrice":"0","vatRate":"0","wrapAfter":false,"hidden":false,"soldOut":false,"apiExport":false,"pos":0,"totalStock":0,"unitsSold":0,"soldOutRequestCount":0,"guestlists":null}},{"id":32,"createdAt":"2025-05-15T22:43:46.975415+02:00","updatedAt":"2025-05-15T22:43:46.975415+02:00","deletedAt":null,"createdById":null,"createdBy":null,"updatedById":null,"updatedBy":null,"deletedById":null,"deletedBy":null,"name":"Guestlist Lambert","typeCode":false,"productId":3,"product":{"id":0,"createdAt":"0001-01-01T00:00:00Z","updatedAt":"0001-01-01T00:00:00Z","deletedAt":null,"createdById":null,"createdBy":null,"updatedById":null,"updatedBy":null,"deletedById":null,"deletedBy":null,"name":"","netPrice":"0","vatRate":"0","wrapAfter":false,"hidden":false,"soldOut":false,"apiExport":false,"pos":0,"totalStock":0,"unitsSold":0,"soldOutRequestCount":0,"guestlists":null}},{"id":33,"createdAt":"2025-05-15T22:43:46.975559+02:00","updatedAt":"2025-05-15T22:43:46.975559+02:00","deletedAt":null,"createdById":null,"createdBy":null,"updatedById":null,"updatedBy":null,"deletedById":null,"deletedBy":null,"name":"Guestlist Jewel","typeCode":false,"productId":3,"product":{"id":0,"createdAt":"0001-01-01T00:00:00Z","updatedAt":"0001-01-01T00:00:00Z","deletedAt":null,"createdById":null,"createdBy":null,"updatedById":null,"updatedBy":null,"deletedById":null,"deletedBy":null,"name":"","netPrice":"0","vatRate":"0","wrapAfter":false,"hidden":false,"soldOut":false,"apiExport":false,"pos":0,"totalStock":0,"unitsSold":0,"soldOutRequestCount":0,"guestlists":null}},{"id":34,"createdAt":"2025-05-15T22:43:46.975645+02:00","updatedAt":"2025-05-15T22:43:46.975645+02:00","deletedAt":null,"createdById":null,"createdBy":null,"updatedById":null,"updatedBy":null,"deletedById":null,"deletedBy":null,"name":"Guestlist Lemuel","typeCode":false,"productId":3,"product":{"id":0,"createdAt":"0001-01-01T00:00:00Z","updatedAt":"0001-01-01T00:00:00Z","deletedAt":null,"createdById":null,"createdBy":null,"updatedById":null,"updatedBy":null,"deletedById":null,"deletedBy":null,"name":"","netPrice":"0","vatRate":"0","wrapAfter":false,"hidden":false,"soldOut":false,"apiExport":false,"pos":0,"totalStock":0,"unitsSold":0,"soldOutRequestCount":0,"guestlists":null}},{"id":35,"createdAt":"2025-05-15T22:43:46.975921+02:00","updatedAt":"2025-05-15T22:43:46.975921+02:00","deletedAt":null,"createdById":null,"createdBy":null,"updatedById":null,"updatedBy":null,"deletedById":null,"deletedBy":null,"name":"Guestlist Berry","typeCode":false,"productId":3,"product":{"id":0,"createdAt":"0001-01-01T00:00:00Z","updatedAt":"0001-01-01T00:00:00Z","deletedAt":null,"createdById":null,"createdBy":null,"updatedById":null,"updatedBy":null,"deletedById":null,"deletedBy":null,"name":"","netPrice":"0","vatRate":"0","wrapAfter":false,"hidden":false,"soldOut":false,"apiExport":false,"pos":0,"totalStock":0,"unitsSold":0,"soldOutRequestCount":0,"guestlists":null}},{"id":36,"createdAt":"2025-05-15T22:43:46.97673+02:00","updatedAt":"2025-05-15T22:43:46.97673+02:00","deletedAt":null,"createdById":null,"createdBy":null,"updatedById":null,"updatedBy":null,"deletedById":null,"deletedBy":null,"name":"Guestlist Harley","typeCode":false,"productId":3,"product":{"id":0,"createdAt":"0001-01-01T00:00:00Z","updatedAt":"0001-01-01T00:00:00Z","deletedAt":null,"createdById":null,"createdBy":null,"updatedById":null,"updatedBy":null,"deletedById":null,"deletedBy":null,"name":"","netPrice":"0","vatRate":"0","wrapAfter":false,"hidden":false,"soldOut":false,"apiExport":false,"pos":0,"totalStock":0,"unitsSold":0,"soldOutRequestCount":0,"guestlists":null}},{"id":37,"createdAt":"2025-05-15T22:43:46.977099+02:00","updatedAt":"2025-05-15T22:43:46.977099+02:00","deletedAt":null,"createdById":null,"createdBy":null,"updatedById":null,"updatedBy":null,"deletedById":null,"deletedBy":null,"name":"Guestlist Reuben","typeCode":false,"productId":3,"product":{"id":0,"createdAt":"0001-01-01T00:00:00Z","updatedAt":"0001-01-01T00:00:00Z","deletedAt":null,"createdById":null,"createdBy":null,"updatedById":null,"updatedBy":null,"deletedById":null,"deletedBy":null,"name":"","netPrice":"0","vatRate":"0","wrapAfter":false,"hidden":false,"soldOut":false,"apiExport":false,"pos":0,"totalStock":0,"unitsSold":0,"soldOutRequestCount":0,"guestlists":null}},{"id":38,"createdAt":"2025-05-15T22:43:46.977297+02:00","updatedAt":"2025-05-15T22:43:46.977297+02:00","deletedAt":null,"createdById":null,"createdBy":null,"updatedById":null,"updatedBy":null,"deletedById":null,"deletedBy":null,"name":"Guestlist Kraig","typeCode":false,"productId":3,"product":{"id":0,"createdAt":"0001-01-01T00:00:00Z","updatedAt":"0001-01-01T00:00:00Z","deletedAt":null,"createdById":null,"createdBy":null,"updatedById":null,"updatedBy":null,"deletedById":null,"deletedBy":null,"name":"","netPrice":"0","vatRate":"0","wrapAfter":false,"hidden":false,"soldOut":false,"apiExport":false,"pos":0,"totalStock":0,"unitsSold":0,"soldOutRequestCount":0,"guestlists":null}},{"id":39,"createdAt":"2025-05-15T22:43:46.977632+02:00","updatedAt":"2025-05-15T22:43:46.977632+02:00","deletedAt":null,"createdById":null,"createdBy":null,"updatedById":null,"updatedBy":null,"deletedById":null,"deletedBy":null,"name":"Guestlist Leonardo","typeCode":false,"productId":3,"product":{"id":0,"createdAt":"0001-01-01T00:00:00Z","updatedAt":"0001-01-01T00:00:00Z","deletedAt":null,"createdById":null,"createdBy":null,"updatedById":null,"updatedBy":null,"deletedById":null,"deletedBy":null,"name":"","netPrice":"0","vatRate":"0","wrapAfter":false,"hidden":false,"soldOut":false,"apiExport":false,"pos":0,"totalStock":0,"unitsSold":0,"soldOutRequestCount":0,"guestlists":null}},{"id":40,"createdAt":"2025-05-15T22:43:46.977791+02:00","updatedAt":"2025-05-15T22:43:46.977791+02:00","deletedAt":null,"createdById":null,"createdBy":null,"updatedById":null,"updatedBy":null,"deletedById":null,"deletedBy":null,"name":"Guestlist Alicia","typeCode":false,"productId":3,"product":{"id":0,"createdAt":"0001-01-01T00:00:00Z","updatedAt":"0001-01-01T00:00:00Z","deletedAt":null,"createdById":null,"createdBy":null,"updatedById":null,"updatedBy":null,"deletedById":null,"deletedBy":null,"name":"","netPrice":"0","vatRate":"0","wrapAfter":false,"hidden":false,"soldOut":false,"apiExport":false,"pos":0,"totalStock":0,"unitsSold":0,"soldOutRequestCount":0,"guestlists":null}}],"unitsSold":0,"soldOutRequestCount":0},{"id":4,"name":"🎟️ Prepaid","netPrice":"0","grossPrice":"0","vatRate":"0","vatAmount":"0","wrapAfter":true,"hidden":false,"soldOut":false,"apiExport":true,"pos":4,"totalStock":0,"guestlists":[{"id":3,"createdAt":"2025-05-15T22:43:46.967522+02:00","updatedAt":"2025-05-15T22:43:46.967522+02:00","deletedAt":null,"createdById":null,"createdBy":null,"updatedById":null,"updatedBy":null,"deletedById":null,"deletedBy":null,"name":"Deine Tickets","typeCode":true,"productId":4,"product":{"id":0,"createdAt":"0001-01-01T00:00:00Z","updatedAt":"0001-01-01T00:00:00Z","deletedAt":null,"createdById":null,"createdBy":null,"updatedById":null,"updatedBy":null,"deletedById":null,"deletedBy":null,"name":"","netPrice":"0","vatRate":"0","wrapAfter":false,"hidden":false,"soldOut":false,"apiExport":false,"pos":0,"totalStock":0,"unitsSold":0,"soldOutRequestCount":0,"guestlists":null}}],"unitsSold":5,"soldOutRequestCount":0},{"id":5,"name":"👕 Male S","netPrice":"16.81","grossPrice":"20","vatRate":"19","vatAmount":"3.19","wrapAfter":false,"hidden":false,"soldOut":false,"apiExport":false,"pos":10,"totalStock":30,"guestlists":[],"unitsSold":7,"soldOutRequestCount":0},{"id":6,"name":"👕 Male M","netPrice":"16.81","grossPrice":"20","vatRate":"19","vatAmount":"3.19","wrapAfter":false,"hidden":false,"soldOut":false,"apiExport":false,"pos":10,"totalStock":7,"guestlists":[],"unitsSold":0,"soldOutRequestCount":0},{"id":7,"name":"👕 Male L","netPrice":"16.81","grossPrice":"20","vatRate":"19","vatAmount":"3.19","wrapAfter":false,"hidden":false,"soldOut":false,"apiExport":false,"pos":10,"totalStock":27,"guestlists":[],"unitsSold":5,"soldOutRequestCount":0},{"id":8,"name":"👕 Male XL","netPrice":"16.81","grossPrice":"20","vatRate":"19","vatAmount":"3.19","wrapAfter":false,"hidden":false,"soldOut":false,"apiExport":false,"pos":10,"totalStock":28,"guestlists":[],"unitsSold":3,"soldOutRequestCount":0},{"id":9,"name":"👕 Male XXL","netPrice":"16.81","grossPrice":"20","vatRate":"19","vatAmount":"3.19","wrapAfter":false,"hidden":false,"soldOut":false,"apiExport":false,"pos":10,"totalStock":12,"guestlists":[],"unitsSold":5,"soldOutRequestCount":0},{"id":10,"name":"👕 Male 4XL","netPrice":"16.81","grossPrice":"20","vatRate":"19","vatAmount":"3.19","wrapAfter":false,"hidden":false,"soldOut":false,"apiExport":false,"pos":10,"totalStock":29,"guestlists":[],"unitsSold":0,"soldOutRequestCount":0}]
--- PASS: TestGetProductsWithSort (0.00s)
=== RUN   TestGetProduct
    printer.go:116: GET /api/v2/products/1 HTTP/1.1
        Authorization: Bearer eyJhbGciOiJIUzI1NiIsInR5cCI6IkpXVCJ9.eyJJRCI6MiwiZXhwIjoxNzQ3MzQyNDM2LCJvcmlnX2lhdCI6MTc0NzM0MTgzNn0.8TtapoGD-aAJe0hNakkjEEieN8Ej5rQRh8khNSE3BWg
        
[GIN] 2025/05/15 - 22:43:56 | 200 |     345.542µs |                 | GET      "/api/v2/products/1"
    printer.go:133: HTTP/0.0 200 OK 350.167µs
        Content-Type: application/json; charset=utf-8
        
        {"id":1,"name":"🎟️ Regular","netPrice":"37.38","grossPrice":"40","vatRate":"7","vatAmount":"2.62","wrapAfter":false,"hidden":false,"soldOut":false,"apiExport":true,"pos":1,"totalStock":0,"guestlists":null,"unitsSold":0,"soldOutRequestCount":0}
--- PASS: TestGetProduct (0.00s)
=== RUN   TestCreateUpdateAndDeleteProduct
    printer.go:116: POST /api/v2/products HTTP/1.1
        Authorization: Bearer eyJhbGciOiJIUzI1NiIsInR5cCI6IkpXVCJ9.eyJJRCI6MiwiZXhwIjoxNzQ3MzQyNDM2LCJvcmlnX2lhdCI6MTc0NzM0MTgzNn0.8TtapoGD-aAJe0hNakkjEEieN8Ej5rQRh8khNSE3BWg
        Content-Type: application/json; charset=utf-8
        
        {"hidden":false,"name":"Test Product","pos":123,"price":"10","wrapAfter":false}
[GIN] 2025/05/15 - 22:43:56 | 201 |     362.834µs |                 | POST     "/api/v2/products"
    printer.go:133: HTTP/0.0 201 Created 370.459µs
        Content-Type: application/json; charset=utf-8
        
        {"id":17,"createdAt":"2025-05-15T22:43:56.609507+02:00","updatedAt":"2025-05-15T22:43:56.609507+02:00","deletedAt":null,"createdById":2,"createdBy":null,"updatedById":null,"updatedBy":null,"deletedById":null,"deletedBy":null,"name":"Test Product","netPrice":"0","vatRate":"0","wrapAfter":false,"hidden":false,"soldOut":false,"apiExport":false,"pos":123,"totalStock":0,"unitsSold":0,"soldOutRequestCount":0,"guestlists":null}
    printer.go:116: GET /api/v2/products/17 HTTP/1.1
        Authorization: Bearer eyJhbGciOiJIUzI1NiIsInR5cCI6IkpXVCJ9.eyJJRCI6MiwiZXhwIjoxNzQ3MzQyNDM2LCJvcmlnX2lhdCI6MTc0NzM0MTgzNn0.8TtapoGD-aAJe0hNakkjEEieN8Ej5rQRh8khNSE3BWg
        
[GIN] 2025/05/15 - 22:43:56 | 200 |      88.167µs |                 | GET      "/api/v2/products/17"
    printer.go:133: HTTP/0.0 200 OK 91.583µs
        Content-Type: application/json; charset=utf-8
        
        {"id":17,"name":"Test Product","netPrice":"0","grossPrice":"0","vatRate":"0","vatAmount":"0","wrapAfter":false,"hidden":false,"soldOut":false,"apiExport":false,"pos":123,"totalStock":0,"guestlists":null,"unitsSold":0,"soldOutRequestCount":0}
    printer.go:116: PUT /api/v2/products/17 HTTP/1.1
        Authorization: Bearer eyJhbGciOiJIUzI1NiIsInR5cCI6IkpXVCJ9.eyJJRCI6MiwiZXhwIjoxNzQ3MzQyNDM2LCJvcmlnX2lhdCI6MTc0NzM0MTgzNn0.8TtapoGD-aAJe0hNakkjEEieN8Ej5rQRh8khNSE3BWg
        Content-Type: application/json; charset=utf-8
        
        {"hidden":false,"name":"Test Product Updated","pos":123,"price":"20","wrapAfter":false}
[GIN] 2025/05/15 - 22:43:56 | 200 |         153µs |                 | PUT      "/api/v2/products/17"
    printer.go:133: HTTP/0.0 200 OK 160.417µs
        Content-Type: application/json; charset=utf-8
        
        {"id":17,"createdAt":"2025-05-15T22:43:56.609507+02:00","updatedAt":"2025-05-15T22:43:56.609877+02:00","deletedAt":null,"createdById":2,"createdBy":null,"updatedById":2,"updatedBy":null,"deletedById":null,"deletedBy":null,"name":"Test Product Updated","netPrice":"0","vatRate":"0","wrapAfter":false,"hidden":false,"soldOut":false,"apiExport":false,"pos":123,"totalStock":0,"unitsSold":0,"soldOutRequestCount":0,"guestlists":null}
    printer.go:116: GET /api/v2/products/17 HTTP/1.1
        Authorization: Bearer eyJhbGciOiJIUzI1NiIsInR5cCI6IkpXVCJ9.eyJJRCI6MiwiZXhwIjoxNzQ3MzQyNDM2LCJvcmlnX2lhdCI6MTc0NzM0MTgzNn0.8TtapoGD-aAJe0hNakkjEEieN8Ej5rQRh8khNSE3BWg
        
[GIN] 2025/05/15 - 22:43:56 | 200 |      65.542µs |                 | GET      "/api/v2/products/17"
    printer.go:133: HTTP/0.0 200 OK 69µs
        Content-Type: application/json; charset=utf-8
        
        {"id":17,"name":"Test Product Updated","netPrice":"0","grossPrice":"0","vatRate":"0","vatAmount":"0","wrapAfter":false,"hidden":false,"soldOut":false,"apiExport":false,"pos":123,"totalStock":0,"guestlists":null,"unitsSold":0,"soldOutRequestCount":0}
    printer.go:116: POST /login HTTP/1.1
        Content-Type: application/json; charset=utf-8
        
        {"login":"admin","password":"admin"}
[GIN] 2025/05/15 - 22:43:57 | 200 |   811.59725ms |                 | POST     "/login"
    printer.go:133: HTTP/0.0 200 OK 811.792958ms
        Content-Type: application/json; charset=utf-8
        
        {"code":200,"token":"eyJhbGciOiJIUzI1NiIsInR5cCI6IkpXVCJ9.eyJJRCI6MSwiZXhwIjoxNzQ3MzQyNDM3LCJvcmlnX2lhdCI6MTc0NzM0MTgzN30.ZlFWYvXyqj07trTgEd6xZd-B8fxUNZugXMdrMpPUop4","expire":"2025-05-15T22:53:57+02:00","role":"admin","username":"admin","gravatarUrl":"https://www.gravatar.com/avatar/258d8dc916db8cea2cafb6c3cd0cb0246efe061421dbd83ec3a350428cabda4f","id":1}
    printer.go:116: DELETE /api/v2/products/17 HTTP/1.1
        Authorization: Bearer eyJhbGciOiJIUzI1NiIsInR5cCI6IkpXVCJ9.eyJJRCI6MSwiZXhwIjoxNzQ3MzQyNDM3LCJvcmlnX2lhdCI6MTc0NzM0MTgzN30.ZlFWYvXyqj07trTgEd6xZd-B8fxUNZugXMdrMpPUop4
        
[GIN] 2025/05/15 - 22:43:57 | 200 |     514.083µs |                 | DELETE   "/api/v2/products/17"
    printer.go:133: HTTP/0.0 200 OK 552.417µs
        Content-Type: application/json; charset=utf-8
        
        {}
    printer.go:116: GET /api/v2/products/17 HTTP/1.1
        Authorization: Bearer eyJhbGciOiJIUzI1NiIsInR5cCI6IkpXVCJ9.eyJJRCI6MiwiZXhwIjoxNzQ3MzQyNDM2LCJvcmlnX2lhdCI6MTc0NzM0MTgzNn0.8TtapoGD-aAJe0hNakkjEEieN8Ej5rQRh8khNSE3BWg
        

2025/05/15 22:43:57 [31;1m/Users/stefan/PhpstormProjects/die-kassa/backend/internal/app/repository/products.go:62 [35;1mrecord not found
[0m[33m[0.020ms] [34;1m[rows:0][0m SELECT * FROM `Products` WHERE `Products`.`id` = 17 AND `Products`.`deleted_at` IS NULL ORDER BY `Products`.`id` LIMIT 1
[GIN] 2025/05/15 - 22:43:57 | 404 |       67.25µs |                 | GET      "/api/v2/products/17"
Error #01: Not Found
    printer.go:133: HTTP/0.0 404 Not Found 75µs
        Content-Type: application/json; charset=utf-8
        
        {"details":"product not found","error":"Not Found"}
--- PASS: TestCreateUpdateAndDeleteProduct (0.81s)
=== RUN   TestDemoUserIsNotAllowedToDeleteAProduct
    printer.go:116: DELETE /api/v2/products/1 HTTP/1.1
        Authorization: Bearer eyJhbGciOiJIUzI1NiIsInR5cCI6IkpXVCJ9.eyJJRCI6MiwiZXhwIjoxNzQ3MzQyNDM2LCJvcmlnX2lhdCI6MTc0NzM0MTgzNn0.8TtapoGD-aAJe0hNakkjEEieN8Ej5rQRh8khNSE3BWg
        
[GIN] 2025/05/15 - 22:43:57 | 403 |     364.542µs |                 | DELETE   "/api/v2/products/1"
Error #01: Forbidden
    printer.go:133: HTTP/0.0 403 Forbidden 370.708µs
        Content-Type: application/json; charset=utf-8
        
        {"details":"You do not have permission to access this resource.","error":"Forbidden"}
--- PASS: TestDemoUserIsNotAllowedToDeleteAProduct (0.00s)
=== RUN   TestProductAuthentication
    printer.go:116: GET /api/v2/products HTTP/1.1
        
[GIN] 2025/05/15 - 22:43:57 | 401 |       8.375µs |                 | GET      "/api/v2/products"
    printer.go:133: HTTP/0.0 401 Unauthorized 13.708µs
        Content-Type: application/json; charset=utf-8
        Www-Authenticate: JWT realm=gin jwt
        
        {"code":401,"message":"cookie token is empty"}
    printer.go:116: GET /api/v2/products/1 HTTP/1.1
        
[GIN] 2025/05/15 - 22:43:57 | 401 |       8.667µs |                 | GET      "/api/v2/products/1"
    printer.go:133: HTTP/0.0 401 Unauthorized 12.875µs
        Content-Type: application/json; charset=utf-8
        Www-Authenticate: JWT realm=gin jwt
        
        {"code":401,"message":"cookie token is empty"}
    printer.go:116: POST /api/v2/products HTTP/1.1
        
[GIN] 2025/05/15 - 22:43:57 | 401 |        11.5µs |                 | POST     "/api/v2/products"
    printer.go:133: HTTP/0.0 401 Unauthorized 15.958µs
        Content-Type: application/json; charset=utf-8
        Www-Authenticate: JWT realm=gin jwt
        
        {"code":401,"message":"cookie token is empty"}
    printer.go:116: PUT /api/v2/products/1 HTTP/1.1
        
[GIN] 2025/05/15 - 22:43:57 | 401 |       9.917µs |                 | PUT      "/api/v2/products/1"
    printer.go:133: HTTP/0.0 401 Unauthorized 14.542µs
        Content-Type: application/json; charset=utf-8
        Www-Authenticate: JWT realm=gin jwt
        
        {"code":401,"message":"cookie token is empty"}
    printer.go:116: DELETE /api/v2/products/1 HTTP/1.1
        
[GIN] 2025/05/15 - 22:43:57 | 401 |       5.875µs |                 | DELETE   "/api/v2/products/1"
    printer.go:133: HTTP/0.0 401 Unauthorized 12.958µs
        Content-Type: application/json; charset=utf-8
        Www-Authenticate: JWT realm=gin jwt
        
        {"code":401,"message":"cookie token is empty"}
--- PASS: TestProductAuthentication (0.00s)
=== RUN   TestPurchaseExportForEntityEndpoints
    printer.go:116: GET /api/v2/purchases/export HTTP/1.1
        
[GIN] 2025/05/15 - 22:43:57 | 401 |       5.917µs |                 | GET      "/api/v2/purchases/export"
    printer.go:133: HTTP/0.0 401 Unauthorized 12.833µs
        Content-Type: application/json; charset=utf-8
        Www-Authenticate: JWT realm=gin jwt
        
        {"code":401,"message":"cookie token is empty"}
--- PASS: TestPurchaseExportForEntityEndpoints (0.00s)
=== RUN   TestGetPurchaseExport
    printer.go:116: GET /api/v2/purchases/export HTTP/1.1
        Authorization: Bearer eyJhbGciOiJIUzI1NiIsInR5cCI6IkpXVCJ9.eyJJRCI6MiwiZXhwIjoxNzQ3MzQyNDM2LCJvcmlnX2lhdCI6MTc0NzM0MTgzNn0.8TtapoGD-aAJe0hNakkjEEieN8Ej5rQRh8khNSE3BWg
        
2025/05/15 22:43:57 Payment methods filter:  {0 [] <nil> <nil> []}
[GIN] 2025/05/15 - 22:43:57 | 200 |    1.258834ms |                 | GET      "/api/v2/purchases/export"
    printer.go:133: HTTP/0.0 200 OK 1.27175ms
        Content-Disposition: attachment; filename="purchases_2025-05-15.csv"
        Content-Type: text/csv
        
        Time,Purchase ID,Quantity,Product Name,VAT Rate,Gross Price,Net Price,VAT Amount,Total Gross Price,Total Net Price,Total VAT Amount,Purchase Gross Price,Purchase Net Price,Purchase VAT,Payment Method
        2025-05-15 22:43:47,1,1,👕 Femal XL,19%,20.00,16.81,3.19,20.00,16.81,3.19,100.00,84.05,15.95,CASH
        2025-05-15 22:43:47,1,1,👕 Femal S,19%,20.00,16.81,3.19,20.00,16.81,3.19,100.00,84.05,15.95,CASH
        2025-05-15 22:43:47,1,3,👕 Femal XL,19%,20.00,16.81,3.19,60.00,50.43,9.57,100.00,84.05,15.95,CASH
        2025-05-15 22:43:48,2,3,☕ Coffee Mug,19%,1.00,0.84,0.16,3.00,2.52,0.48,3.00,2.52,0.48,CASH
        2025-05-15 22:43:49,3,3,👕 Male S,19%,20.00,16.81,3.19,60.00,50.43,9.57,200.00,168.10,31.90,CC
        2025-05-15 22:43:49,3,3,👕 Femal L,19%,20.00,16.81,3.19,60.00,50.43,9.57,200.00,168.10,31.90,CC
        2025-05-15 22:43:49,3,3,👕 Male XXL,19%,20.00,16.81,3.19,60.00,50.43,9.57,200.00,168.10,31.90,CC
        2025-05-15 22:43:49,3,1,👕 Male S,19%,20.00,16.81,3.19,20.00,16.81,3.19,200.00,168.10,31.90,CC
        2025-05-15 22:43:50,4,3,👕 Femal L,19%,20.00,16.81,3.19,60.00,50.43,9.57,100.00,84.05,15.95,CASH
        2025-05-15 22:43:50,4,2,👕 Femal XXL,19%,20.00,16.81,3.19,40.00,33.62,6.38,100.00,84.05,15.95,CASH
        2025-05-15 22:43:50,5,2,👕 Femal S,19%,20.00,16.81,3.19,40.00,33.62,6.38,80.00,67.24,12.76,CASH
        2025-05-15 22:43:50,5,2,👕 Male S,19%,20.00,16.81,3.19,40.00,33.62,6.38,80.00,67.24,12.76,CASH
        2025-05-15 22:43:51,6,3,🎟️ Prepaid,0%,0.00,0.00,0.00,0.00,0.00,0.00,102.00,85.73,16.27,CC
        2025-05-15 22:43:51,6,2,☕ Coffee Mug,19%,1.00,0.84,0.16,2.00,1.68,0.32,102.00,85.73,16.27,CC
        2025-05-15 22:43:51,6,2,👕 Femal L,19%,20.00,16.81,3.19,40.00,33.62,6.38,102.00,85.73,16.27,CC
        2025-05-15 22:43:51,6,3,👕 Femal S,19%,20.00,16.81,3.19,60.00,50.43,9.57,102.00,85.73,16.27,CC
        2025-05-15 22:43:52,7,2,🎟️ Prepaid,0%,0.00,0.00,0.00,0.00,0.00,0.00,100.00,84.05,15.95,CC
        2025-05-15 22:43:52,7,3,👕 Male L,19%,20.00,16.81,3.19,60.00,50.43,9.57,100.00,84.05,15.95,CC
        2025-05-15 22:43:52,7,2,👕 Femal M,19%,20.00,16.81,3.19,40.00,33.62,6.38,100.00,84.05,15.95,CC
        2025-05-15 22:43:53,8,1,👕 Femal S,19%,20.00,16.81,3.19,20.00,16.81,3.19,200.00,168.10,31.90,CC
        2025-05-15 22:43:53,8,3,👕 Femal L,19%,20.00,16.81,3.19,60.00,50.43,9.57,200.00,168.10,31.90,CC
        2025-05-15 22:43:53,8,1,👕 Male S,19%,20.00,16.81,3.19,20.00,16.81,3.19,200.00,168.10,31.90,CC
        2025-05-15 22:43:53,8,3,👕 Male XL,19%,20.00,16.81,3.19,60.00,50.43,9.57,200.00,168.10,31.90,CC
        2025-05-15 22:43:53,8,2,👕 Male L,19%,20.00,16.81,3.19,40.00,33.62,6.38,200.00,168.10,31.90,CC
        2025-05-15 22:43:54,9,2,👕 Male XXL,19%,20.00,16.81,3.19,40.00,33.62,6.38,140.00,117.67,22.33,CASH
        2025-05-15 22:43:54,9,3,👕 Femal M,19%,20.00,16.81,3.19,60.00,50.43,9.57,140.00,117.67,22.33,CASH
        2025-05-15 22:43:54,9,2,👕 Femal M,19%,20.00,16.81,3.19,40.00,33.62,6.38,140.00,117.67,22.33,CASH
--- PASS: TestGetPurchaseExport (0.00s)
=== RUN   TestGetPurchaseExportFilterOnCASH
    printer.go:116: GET /api/v2/purchases/export?paymentMethods=CASH HTTP/1.1
        Authorization: Bearer eyJhbGciOiJIUzI1NiIsInR5cCI6IkpXVCJ9.eyJJRCI6MiwiZXhwIjoxNzQ3MzQyNDM2LCJvcmlnX2lhdCI6MTc0NzM0MTgzNn0.8TtapoGD-aAJe0hNakkjEEieN8Ej5rQRh8khNSE3BWg
        
2025/05/15 22:43:57 Payment methods filter:  {0 [CASH] <nil> <nil> []}
[GIN] 2025/05/15 - 22:43:57 | 200 |     852.166µs |                 | GET      "/api/v2/purchases/export?paymentMethods=CASH"
    printer.go:133: HTTP/0.0 200 OK 856.417µs
        Content-Disposition: attachment; filename="purchases_2025-05-15.csv"
        Content-Type: text/csv
        
        Time,Purchase ID,Quantity,Product Name,VAT Rate,Gross Price,Net Price,VAT Amount,Total Gross Price,Total Net Price,Total VAT Amount,Purchase Gross Price,Purchase Net Price,Purchase VAT,Payment Method
        2025-05-15 22:43:47,1,1,👕 Femal XL,19%,20.00,16.81,3.19,20.00,16.81,3.19,100.00,84.05,15.95,CASH
        2025-05-15 22:43:47,1,1,👕 Femal S,19%,20.00,16.81,3.19,20.00,16.81,3.19,100.00,84.05,15.95,CASH
        2025-05-15 22:43:47,1,3,👕 Femal XL,19%,20.00,16.81,3.19,60.00,50.43,9.57,100.00,84.05,15.95,CASH
        2025-05-15 22:43:48,2,3,☕ Coffee Mug,19%,1.00,0.84,0.16,3.00,2.52,0.48,3.00,2.52,0.48,CASH
        2025-05-15 22:43:50,4,3,👕 Femal L,19%,20.00,16.81,3.19,60.00,50.43,9.57,100.00,84.05,15.95,CASH
        2025-05-15 22:43:50,4,2,👕 Femal XXL,19%,20.00,16.81,3.19,40.00,33.62,6.38,100.00,84.05,15.95,CASH
        2025-05-15 22:43:50,5,2,👕 Femal S,19%,20.00,16.81,3.19,40.00,33.62,6.38,80.00,67.24,12.76,CASH
        2025-05-15 22:43:50,5,2,👕 Male S,19%,20.00,16.81,3.19,40.00,33.62,6.38,80.00,67.24,12.76,CASH
        2025-05-15 22:43:54,9,2,👕 Male XXL,19%,20.00,16.81,3.19,40.00,33.62,6.38,140.00,117.67,22.33,CASH
        2025-05-15 22:43:54,9,3,👕 Femal M,19%,20.00,16.81,3.19,60.00,50.43,9.57,140.00,117.67,22.33,CASH
        2025-05-15 22:43:54,9,2,👕 Femal M,19%,20.00,16.81,3.19,40.00,33.62,6.38,140.00,117.67,22.33,CASH
--- PASS: TestGetPurchaseExportFilterOnCASH (0.00s)
=== RUN   TestGetPurchaseExportFilterOnCC
    printer.go:116: GET /api/v2/purchases/export?paymentMethods=CC HTTP/1.1
        Authorization: Bearer eyJhbGciOiJIUzI1NiIsInR5cCI6IkpXVCJ9.eyJJRCI6MiwiZXhwIjoxNzQ3MzQyNDM2LCJvcmlnX2lhdCI6MTc0NzM0MTgzNn0.8TtapoGD-aAJe0hNakkjEEieN8Ej5rQRh8khNSE3BWg
        
2025/05/15 22:43:57 Payment methods filter:  {0 [CC] <nil> <nil> []}
[GIN] 2025/05/15 - 22:43:57 | 200 |    1.400459ms |                 | GET      "/api/v2/purchases/export?paymentMethods=CC"
    printer.go:133: HTTP/0.0 200 OK 1.428333ms
        Content-Disposition: attachment; filename="purchases_2025-05-15.csv"
        Content-Type: text/csv
        
        Time,Purchase ID,Quantity,Product Name,VAT Rate,Gross Price,Net Price,VAT Amount,Total Gross Price,Total Net Price,Total VAT Amount,Purchase Gross Price,Purchase Net Price,Purchase VAT,Payment Method
        2025-05-15 22:43:49,3,3,👕 Male S,19%,20.00,16.81,3.19,60.00,50.43,9.57,200.00,168.10,31.90,CC
        2025-05-15 22:43:49,3,3,👕 Femal L,19%,20.00,16.81,3.19,60.00,50.43,9.57,200.00,168.10,31.90,CC
        2025-05-15 22:43:49,3,3,👕 Male XXL,19%,20.00,16.81,3.19,60.00,50.43,9.57,200.00,168.10,31.90,CC
        2025-05-15 22:43:49,3,1,👕 Male S,19%,20.00,16.81,3.19,20.00,16.81,3.19,200.00,168.10,31.90,CC
        2025-05-15 22:43:51,6,3,🎟️ Prepaid,0%,0.00,0.00,0.00,0.00,0.00,0.00,102.00,85.73,16.27,CC
        2025-05-15 22:43:51,6,2,☕ Coffee Mug,19%,1.00,0.84,0.16,2.00,1.68,0.32,102.00,85.73,16.27,CC
        2025-05-15 22:43:51,6,2,👕 Femal L,19%,20.00,16.81,3.19,40.00,33.62,6.38,102.00,85.73,16.27,CC
        2025-05-15 22:43:51,6,3,👕 Femal S,19%,20.00,16.81,3.19,60.00,50.43,9.57,102.00,85.73,16.27,CC
        2025-05-15 22:43:52,7,2,🎟️ Prepaid,0%,0.00,0.00,0.00,0.00,0.00,0.00,100.00,84.05,15.95,CC
        2025-05-15 22:43:52,7,3,👕 Male L,19%,20.00,16.81,3.19,60.00,50.43,9.57,100.00,84.05,15.95,CC
        2025-05-15 22:43:52,7,2,👕 Femal M,19%,20.00,16.81,3.19,40.00,33.62,6.38,100.00,84.05,15.95,CC
        2025-05-15 22:43:53,8,1,👕 Femal S,19%,20.00,16.81,3.19,20.00,16.81,3.19,200.00,168.10,31.90,CC
        2025-05-15 22:43:53,8,3,👕 Femal L,19%,20.00,16.81,3.19,60.00,50.43,9.57,200.00,168.10,31.90,CC
        2025-05-15 22:43:53,8,1,👕 Male S,19%,20.00,16.81,3.19,20.00,16.81,3.19,200.00,168.10,31.90,CC
        2025-05-15 22:43:53,8,3,👕 Male XL,19%,20.00,16.81,3.19,60.00,50.43,9.57,200.00,168.10,31.90,CC
        2025-05-15 22:43:53,8,2,👕 Male L,19%,20.00,16.81,3.19,40.00,33.62,6.38,200.00,168.10,31.90,CC
--- PASS: TestGetPurchaseExportFilterOnCC (0.00s)
=== RUN   TestPurchaseStats
    printer.go:116: GET /api/v2/purchases/stats HTTP/1.1
        
[GIN] 2025/05/15 - 22:43:57 | 200 |      76.125µs |                 | GET      "/api/v2/purchases/stats"
    printer.go:133: HTTP/0.0 200 OK 86.709µs
        Access-Control-Allow-Origin: *
        Content-Type: application/json; charset=utf-8
        
        {"stats":[{"ProductID":4,"Quantity":5,"Name":"🎟️ Prepaid"}],"totalQuantity":5}
    printer.go:116: POST /api/v2/purchases HTTP/1.1
        Authorization: Bearer eyJhbGciOiJIUzI1NiIsInR5cCI6IkpXVCJ9.eyJJRCI6MiwiZXhwIjoxNzQ3MzQyNDM2LCJvcmlnX2lhdCI6MTc0NzM0MTgzNn0.8TtapoGD-aAJe0hNakkjEEieN8Ej5rQRh8khNSE3BWg
        Content-Type: application/json; charset=utf-8
        
        {"cart":[{"ID":1,"listItems":[],"quantity":1}],"paymentMethod":"CASH","totalGrossPrice":"40","totalNetPrice":"37.38"}
[GIN] 2025/05/15 - 22:43:57 | 201 |     644.542µs |                 | POST     "/api/v2/purchases"
    printer.go:133: HTTP/0.0 201 Created 649.75µs
        Content-Type: application/json; charset=utf-8
        
        {"message":"Purchase successful","purchase":{"id":11,"createdAt":"2025-05-15T22:43:57.428994+02:00","createdById":2,"createdBy":null,"paymentMethod":"CASH","totalNetPrice":"37.38","totalGrossPrice":"40","totalVatAmount":"2.62","purchaseItems":[{"id":29,"purchaseID":11,"productID":1,"product":{"id":1,"name":"🎟️ Regular","netPrice":"37.38","grossPrice":"40","vatRate":"7","vatAmount":"2.62","wrapAfter":false,"hidden":false,"soldOut":false,"apiExport":true,"pos":1,"totalStock":0,"unitsSold":0,"soldOutRequestCount":0,"guestlists":null},"quantity":1,"netPrice":"37.38","grossPrice":"40","vatRate":"7","vatAmount":"2.62","totalNetPrice":"37.38","totalGrossPrice":"40","totalVatAmount":"2.62"}]}}
    printer.go:116: GET /api/v2/purchases/stats HTTP/1.1
        
[GIN] 2025/05/15 - 22:43:57 | 200 |      32.791µs |                 | GET      "/api/v2/purchases/stats"
    printer.go:133: HTTP/0.0 200 OK 40.459µs
        Access-Control-Allow-Origin: *
        Content-Type: application/json; charset=utf-8
        
        {"stats":[{"ProductID":1,"Quantity":1,"Name":"🎟️ Regular"},{"ProductID":4,"Quantity":5,"Name":"🎟️ Prepaid"}],"totalQuantity":6}
    printer.go:116: DELETE /api/v2/purchases/11 HTTP/1.1
        Authorization: Bearer eyJhbGciOiJIUzI1NiIsInR5cCI6IkpXVCJ9.eyJJRCI6MiwiZXhwIjoxNzQ3MzQyNDM2LCJvcmlnX2lhdCI6MTc0NzM0MTgzNn0.8TtapoGD-aAJe0hNakkjEEieN8Ej5rQRh8khNSE3BWg
        
[GIN] 2025/05/15 - 22:43:57 | 200 |      281.25µs |                 | DELETE   "/api/v2/purchases/11"
    printer.go:133: HTTP/0.0 200 OK 286.25µs
        Content-Type: application/json; charset=utf-8
        
        {"message":"Purchase deleted"}
--- PASS: TestPurchaseStats (0.00s)
=== RUN   TestGetPurchasesList
    printer.go:116: GET /api/v2/purchases HTTP/1.1
        Authorization: Bearer eyJhbGciOiJIUzI1NiIsInR5cCI6IkpXVCJ9.eyJJRCI6MiwiZXhwIjoxNzQ3MzQyNDM2LCJvcmlnX2lhdCI6MTc0NzM0MTgzNn0.8TtapoGD-aAJe0hNakkjEEieN8Ej5rQRh8khNSE3BWg
        
[GIN] 2025/05/15 - 22:43:57 | 200 |     864.083µs |                 | GET      "/api/v2/purchases"
    printer.go:133: HTTP/0.0 200 OK 869.25µs
        Content-Type: application/json; charset=utf-8
        X-Total-Count: 9
        
        [{"id":9,"createdAt":"2025-05-15T22:43:54.134507+02:00","createdById":2,"createdBy":{"id":2,"createdAt":"2025-05-15T22:43:46.966344+02:00","updatedAt":"2025-05-15T22:43:46.966344+02:00","deletedAt":null,"username":"demo","email":"demo@example.com","admin":false},"paymentMethod":"CASH","totalNetPrice":"117.67","totalGrossPrice":"140","totalVatAmount":"22.33","purchaseItems":[{"id":25,"purchaseID":9,"productID":9,"product":{"id":9,"name":"👕 Male XXL","netPrice":"16.81","grossPrice":"20","vatRate":"19","vatAmount":"3.19","wrapAfter":false,"hidden":false,"soldOut":false,"apiExport":false,"pos":10,"totalStock":12,"unitsSold":0,"soldOutRequestCount":0,"guestlists":null},"quantity":2,"netPrice":"16.81","grossPrice":"20","vatRate":"19","vatAmount":"3.19","totalNetPrice":"33.62","totalGrossPrice":"40","totalVatAmount":"6.38"},{"id":26,"purchaseID":9,"productID":12,"product":{"id":12,"name":"👕 Femal M","netPrice":"16.81","grossPrice":"20","vatRate":"19","vatAmount":"3.19","wrapAfter":false,"hidden":false,"soldOut":false,"apiExport":false,"pos":10,"totalStock":7,"unitsSold":0,"soldOutRequestCount":0,"guestlists":null},"quantity":3,"netPrice":"16.81","grossPrice":"20","vatRate":"19","vatAmount":"3.19","totalNetPrice":"50.43","totalGrossPrice":"60","totalVatAmount":"9.57"},{"id":27,"purchaseID":9,"productID":12,"product":{"id":12,"name":"👕 Femal M","netPrice":"16.81","grossPrice":"20","vatRate":"19","vatAmount":"3.19","wrapAfter":false,"hidden":false,"soldOut":false,"apiExport":false,"pos":10,"totalStock":7,"unitsSold":0,"soldOutRequestCount":0,"guestlists":null},"quantity":2,"netPrice":"16.81","grossPrice":"20","vatRate":"19","vatAmount":"3.19","totalNetPrice":"33.62","totalGrossPrice":"40","totalVatAmount":"6.38"}]},{"id":8,"createdAt":"2025-05-15T22:43:53.33726+02:00","createdById":2,"createdBy":{"id":2,"createdAt":"2025-05-15T22:43:46.966344+02:00","updatedAt":"2025-05-15T22:43:46.966344+02:00","deletedAt":null,"username":"demo","email":"demo@example.com","admin":false},"paymentMethod":"CC","totalNetPrice":"168.1","totalGrossPrice":"200","totalVatAmount":"31.9","purchaseItems":[{"id":20,"purchaseID":8,"productID":11,"product":{"id":11,"name":"👕 Femal S","netPrice":"16.81","grossPrice":"20","vatRate":"19","vatAmount":"3.19","wrapAfter":false,"hidden":false,"soldOut":false,"apiExport":false,"pos":10,"totalStock":26,"unitsSold":0,"soldOutRequestCount":0,"guestlists":null},"quantity":1,"netPrice":"16.81","grossPrice":"20","vatRate":"19","vatAmount":"3.19","totalNetPrice":"16.81","totalGrossPrice":"20","totalVatAmount":"3.19"},{"id":21,"purchaseID":8,"productID":13,"product":{"id":13,"name":"👕 Femal L","netPrice":"16.81","grossPrice":"20","vatRate":"19","vatAmount":"3.19","wrapAfter":false,"hidden":false,"soldOut":false,"apiExport":false,"pos":10,"totalStock":19,"unitsSold":0,"soldOutRequestCount":0,"guestlists":null},"quantity":3,"netPrice":"16.81","grossPrice":"20","vatRate":"19","vatAmount":"3.19","totalNetPrice":"50.43","totalGrossPrice":"60","totalVatAmount":"9.57"},{"id":22,"purchaseID":8,"productID":5,"product":{"id":5,"name":"👕 Male S","netPrice":"16.81","grossPrice":"20","vatRate":"19","vatAmount":"3.19","wrapAfter":false,"hidden":false,"soldOut":false,"apiExport":false,"pos":10,"totalStock":30,"unitsSold":0,"soldOutRequestCount":0,"guestlists":null},"quantity":1,"netPrice":"16.81","grossPrice":"20","vatRate":"19","vatAmount":"3.19","totalNetPrice":"16.81","totalGrossPrice":"20","totalVatAmount":"3.19"},{"id":23,"purchaseID":8,"productID":8,"product":{"id":8,"name":"👕 Male XL","netPrice":"16.81","grossPrice":"20","vatRate":"19","vatAmount":"3.19","wrapAfter":false,"hidden":false,"soldOut":false,"apiExport":false,"pos":10,"totalStock":28,"unitsSold":0,"soldOutRequestCount":0,"guestlists":null},"quantity":3,"netPrice":"16.81","grossPrice":"20","vatRate":"19","vatAmount":"3.19","totalNetPrice":"50.43","totalGrossPrice":"60","totalVatAmount":"9.57"},{"id":24,"purchaseID":8,"productID":7,"product":{"id":7,"name":"👕 Male L","netPrice":"16.81","grossPrice":"20","vatRate":"19","vatAmount":"3.19","wrapAfter":false,"hidden":false,"soldOut":false,"apiExport":false,"pos":10,"totalStock":27,"unitsSold":0,"soldOutRequestCount":0,"guestlists":null},"quantity":2,"netPrice":"16.81","grossPrice":"20","vatRate":"19","vatAmount":"3.19","totalNetPrice":"33.62","totalGrossPrice":"40","totalVatAmount":"6.38"}]},{"id":7,"createdAt":"2025-05-15T22:43:52.535447+02:00","createdById":2,"createdBy":{"id":2,"createdAt":"2025-05-15T22:43:46.966344+02:00","updatedAt":"2025-05-15T22:43:46.966344+02:00","deletedAt":null,"username":"demo","email":"demo@example.com","admin":false},"paymentMethod":"CC","totalNetPrice":"84.05","totalGrossPrice":"100","totalVatAmount":"15.95","purchaseItems":[{"id":17,"purchaseID":7,"productID":4,"product":{"id":4,"name":"🎟️ Prepaid","netPrice":"0","grossPrice":"0","vatRate":"0","vatAmount":"0","wrapAfter":true,"hidden":false,"soldOut":false,"apiExport":true,"pos":4,"totalStock":0,"unitsSold":0,"soldOutRequestCount":0,"guestlists":null},"quantity":2,"netPrice":"0","grossPrice":"0","vatRate":"0","vatAmount":"0","totalNetPrice":"0","totalGrossPrice":"0","totalVatAmount":"0"},{"id":18,"purchaseID":7,"productID":7,"product":{"id":7,"name":"👕 Male L","netPrice":"16.81","grossPrice":"20","vatRate":"19","vatAmount":"3.19","wrapAfter":false,"hidden":false,"soldOut":false,"apiExport":false,"pos":10,"totalStock":27,"unitsSold":0,"soldOutRequestCount":0,"guestlists":null},"quantity":3,"netPrice":"16.81","grossPrice":"20","vatRate":"19","vatAmount":"3.19","totalNetPrice":"50.43","totalGrossPrice":"60","totalVatAmount":"9.57"},{"id":19,"purchaseID":7,"productID":12,"product":{"id":12,"name":"👕 Femal M","netPrice":"16.81","grossPrice":"20","vatRate":"19","vatAmount":"3.19","wrapAfter":false,"hidden":false,"soldOut":false,"apiExport":false,"pos":10,"totalStock":7,"unitsSold":0,"soldOutRequestCount":0,"guestlists":null},"quantity":2,"netPrice":"16.81","grossPrice":"20","vatRate":"19","vatAmount":"3.19","totalNetPrice":"33.62","totalGrossPrice":"40","totalVatAmount":"6.38"}]},{"id":6,"createdAt":"2025-05-15T22:43:51.714557+02:00","createdById":2,"createdBy":{"id":2,"createdAt":"2025-05-15T22:43:46.966344+02:00","updatedAt":"2025-05-15T22:43:46.966344+02:00","deletedAt":null,"username":"demo","email":"demo@example.com","admin":false},"paymentMethod":"CC","totalNetPrice":"85.73","totalGrossPrice":"102","totalVatAmount":"16.27","purchaseItems":[{"id":13,"purchaseID":6,"productID":4,"product":{"id":4,"name":"🎟️ Prepaid","netPrice":"0","grossPrice":"0","vatRate":"0","vatAmount":"0","wrapAfter":true,"hidden":false,"soldOut":false,"apiExport":true,"pos":4,"totalStock":0,"unitsSold":0,"soldOutRequestCount":0,"guestlists":null},"quantity":3,"netPrice":"0","grossPrice":"0","vatRate":"0","vatAmount":"0","totalNetPrice":"0","totalGrossPrice":"0","totalVatAmount":"0"},{"id":14,"purchaseID":6,"productID":16,"product":{"id":16,"name":"☕ Coffee Mug","netPrice":"0.84","grossPrice":"1","vatRate":"19","vatAmount":"0.16","wrapAfter":false,"hidden":false,"soldOut":false,"apiExport":false,"pos":30,"totalStock":0,"unitsSold":0,"soldOutRequestCount":0,"guestlists":null},"quantity":2,"netPrice":"0.84","grossPrice":"1","vatRate":"19","vatAmount":"0.16","totalNetPrice":"1.68","totalGrossPrice":"2","totalVatAmount":"0.32"},{"id":15,"purchaseID":6,"productID":13,"product":{"id":13,"name":"👕 Femal L","netPrice":"16.81","grossPrice":"20","vatRate":"19","vatAmount":"3.19","wrapAfter":false,"hidden":false,"soldOut":false,"apiExport":false,"pos":10,"totalStock":19,"unitsSold":0,"soldOutRequestCount":0,"guestlists":null},"quantity":2,"netPrice":"16.81","grossPrice":"20","vatRate":"19","vatAmount":"3.19","totalNetPrice":"33.62","totalGrossPrice":"40","totalVatAmount":"6.38"},{"id":16,"purchaseID":6,"productID":11,"product":{"id":11,"name":"👕 Femal S","netPrice":"16.81","grossPrice":"20","vatRate":"19","vatAmount":"3.19","wrapAfter":false,"hidden":false,"soldOut":false,"apiExport":false,"pos":10,"totalStock":26,"unitsSold":0,"soldOutRequestCount":0,"guestlists":null},"quantity":3,"netPrice":"16.81","grossPrice":"20","vatRate":"19","vatAmount":"3.19","totalNetPrice":"50.43","totalGrossPrice":"60","totalVatAmount":"9.57"}]},{"id":5,"createdAt":"2025-05-15T22:43:50.916816+02:00","createdById":2,"createdBy":{"id":2,"createdAt":"2025-05-15T22:43:46.966344+02:00","updatedAt":"2025-05-15T22:43:46.966344+02:00","deletedAt":null,"username":"demo","email":"demo@example.com","admin":false},"paymentMethod":"CASH","totalNetPrice":"67.24","totalGrossPrice":"80","totalVatAmount":"12.76","purchaseItems":[{"id":11,"purchaseID":5,"productID":11,"product":{"id":11,"name":"👕 Femal S","netPrice":"16.81","grossPrice":"20","vatRate":"19","vatAmount":"3.19","wrapAfter":false,"hidden":false,"soldOut":false,"apiExport":false,"pos":10,"totalStock":26,"unitsSold":0,"soldOutRequestCount":0,"guestlists":null},"quantity":2,"netPrice":"16.81","grossPrice":"20","vatRate":"19","vatAmount":"3.19","totalNetPrice":"33.62","totalGrossPrice":"40","totalVatAmount":"6.38"},{"id":12,"purchaseID":5,"productID":5,"product":{"id":5,"name":"👕 Male S","netPrice":"16.81","grossPrice":"20","vatRate":"19","vatAmount":"3.19","wrapAfter":false,"hidden":false,"soldOut":false,"apiExport":false,"pos":10,"totalStock":30,"unitsSold":0,"soldOutRequestCount":0,"guestlists":null},"quantity":2,"netPrice":"16.81","grossPrice":"20","vatRate":"19","vatAmount":"3.19","totalNetPrice":"33.62","totalGrossPrice":"40","totalVatAmount":"6.38"}]},{"id":4,"createdAt":"2025-05-15T22:43:50.121936+02:00","createdById":2,"createdBy":{"id":2,"createdAt":"2025-05-15T22:43:46.966344+02:00","updatedAt":"2025-05-15T22:43:46.966344+02:00","deletedAt":null,"username":"demo","email":"demo@example.com","admin":false},"paymentMethod":"CASH","totalNetPrice":"84.05","totalGrossPrice":"100","totalVatAmount":"15.95","purchaseItems":[{"id":9,"purchaseID":4,"productID":13,"product":{"id":13,"name":"👕 Femal L","netPrice":"16.81","grossPrice":"20","vatRate":"19","vatAmount":"3.19","wrapAfter":false,"hidden":false,"soldOut":false,"apiExport":false,"pos":10,"totalStock":19,"unitsSold":0,"soldOutRequestCount":0,"guestlists":null},"quantity":3,"netPrice":"16.81","grossPrice":"20","vatRate":"19","vatAmount":"3.19","totalNetPrice":"50.43","totalGrossPrice":"60","totalVatAmount":"9.57"},{"id":10,"purchaseID":4,"productID":15,"product":{"id":15,"name":"👕 Femal XXL","netPrice":"16.81","grossPrice":"20","vatRate":"19","vatAmount":"3.19","wrapAfter":false,"hidden":false,"soldOut":false,"apiExport":false,"pos":10,"totalStock":14,"unitsSold":0,"soldOutRequestCount":0,"guestlists":null},"quantity":2,"netPrice":"16.81","grossPrice":"20","vatRate":"19","vatAmount":"3.19","totalNetPrice":"33.62","totalGrossPrice":"40","totalVatAmount":"6.38"}]},{"id":3,"createdAt":"2025-05-15T22:43:49.336166+02:00","createdById":2,"createdBy":{"id":2,"createdAt":"2025-05-15T22:43:46.966344+02:00","updatedAt":"2025-05-15T22:43:46.966344+02:00","deletedAt":null,"username":"demo","email":"demo@example.com","admin":false},"paymentMethod":"CC","totalNetPrice":"168.1","totalGrossPrice":"200","totalVatAmount":"31.9","purchaseItems":[{"id":5,"purchaseID":3,"productID":5,"product":{"id":5,"name":"👕 Male S","netPrice":"16.81","grossPrice":"20","vatRate":"19","vatAmount":"3.19","wrapAfter":false,"hidden":false,"soldOut":false,"apiExport":false,"pos":10,"totalStock":30,"unitsSold":0,"soldOutRequestCount":0,"guestlists":null},"quantity":3,"netPrice":"16.81","grossPrice":"20","vatRate":"19","vatAmount":"3.19","totalNetPrice":"50.43","totalGrossPrice":"60","totalVatAmount":"9.57"},{"id":6,"purchaseID":3,"productID":13,"product":{"id":13,"name":"👕 Femal L","netPrice":"16.81","grossPrice":"20","vatRate":"19","vatAmount":"3.19","wrapAfter":false,"hidden":false,"soldOut":false,"apiExport":false,"pos":10,"totalStock":19,"unitsSold":0,"soldOutRequestCount":0,"guestlists":null},"quantity":3,"netPrice":"16.81","grossPrice":"20","vatRate":"19","vatAmount":"3.19","totalNetPrice":"50.43","totalGrossPrice":"60","totalVatAmount":"9.57"},{"id":7,"purchaseID":3,"productID":9,"product":{"id":9,"name":"👕 Male XXL","netPrice":"16.81","grossPrice":"20","vatRate":"19","vatAmount":"3.19","wrapAfter":false,"hidden":false,"soldOut":false,"apiExport":false,"pos":10,"totalStock":12,"unitsSold":0,"soldOutRequestCount":0,"guestlists":null},"quantity":3,"netPrice":"16.81","grossPrice":"20","vatRate":"19","vatAmount":"3.19","totalNetPrice":"50.43","totalGrossPrice":"60","totalVatAmount":"9.57"},{"id":8,"purchaseID":3,"productID":5,"product":{"id":5,"name":"👕 Male S","netPrice":"16.81","grossPrice":"20","vatRate":"19","vatAmount":"3.19","wrapAfter":false,"hidden":false,"soldOut":false,"apiExport":false,"pos":10,"totalStock":30,"unitsSold":0,"soldOutRequestCount":0,"guestlists":null},"quantity":1,"netPrice":"16.81","grossPrice":"20","vatRate":"19","vatAmount":"3.19","totalNetPrice":"16.81","totalGrossPrice":"20","totalVatAmount":"3.19"}]},{"id":2,"createdAt":"2025-05-15T22:43:48.550209+02:00","createdById":2,"createdBy":{"id":2,"createdAt":"2025-05-15T22:43:46.966344+02:00","updatedAt":"2025-05-15T22:43:46.966344+02:00","deletedAt":null,"username":"demo","email":"demo@example.com","admin":false},"paymentMethod":"CASH","totalNetPrice":"2.52","totalGrossPrice":"3","totalVatAmount":"0.48","purchaseItems":[{"id":4,"purchaseID":2,"productID":16,"product":{"id":16,"name":"☕ Coffee Mug","netPrice":"0.84","grossPrice":"1","vatRate":"19","vatAmount":"0.16","wrapAfter":false,"hidden":false,"soldOut":false,"apiExport":false,"pos":30,"totalStock":0,"unitsSold":0,"soldOutRequestCount":0,"guestlists":null},"quantity":3,"netPrice":"0.84","grossPrice":"1","vatRate":"19","vatAmount":"0.16","totalNetPrice":"2.52","totalGrossPrice":"3","totalVatAmount":"0.48"}]},{"id":1,"createdAt":"2025-05-15T22:43:47.763235+02:00","createdById":2,"createdBy":{"id":2,"createdAt":"2025-05-15T22:43:46.966344+02:00","updatedAt":"2025-05-15T22:43:46.966344+02:00","deletedAt":null,"username":"demo","email":"demo@example.com","admin":false},"paymentMethod":"CASH","totalNetPrice":"84.05","totalGrossPrice":"100","totalVatAmount":"15.95","purchaseItems":[{"id":1,"purchaseID":1,"productID":14,"product":{"id":14,"name":"👕 Femal XL","netPrice":"16.81","grossPrice":"20","vatRate":"19","vatAmount":"3.19","wrapAfter":false,"hidden":false,"soldOut":false,"apiExport":false,"pos":10,"totalStock":12,"unitsSold":0,"soldOutRequestCount":0,"guestlists":null},"quantity":1,"netPrice":"16.81","grossPrice":"20","vatRate":"19","vatAmount":"3.19","totalNetPrice":"16.81","totalGrossPrice":"20","totalVatAmount":"3.19"},{"id":2,"purchaseID":1,"productID":11,"product":{"id":11,"name":"👕 Femal S","netPrice":"16.81","grossPrice":"20","vatRate":"19","vatAmount":"3.19","wrapAfter":false,"hidden":false,"soldOut":false,"apiExport":false,"pos":10,"totalStock":26,"unitsSold":0,"soldOutRequestCount":0,"guestlists":null},"quantity":1,"netPrice":"16.81","grossPrice":"20","vatRate":"19","vatAmount":"3.19","totalNetPrice":"16.81","totalGrossPrice":"20","totalVatAmount":"3.19"},{"id":3,"purchaseID":1,"productID":14,"product":{"id":14,"name":"👕 Femal XL","netPrice":"16.81","grossPrice":"20","vatRate":"19","vatAmount":"3.19","wrapAfter":false,"hidden":false,"soldOut":false,"apiExport":false,"pos":10,"totalStock":12,"unitsSold":0,"soldOutRequestCount":0,"guestlists":null},"quantity":3,"netPrice":"16.81","grossPrice":"20","vatRate":"19","vatAmount":"3.19","totalNetPrice":"50.43","totalGrossPrice":"60","totalVatAmount":"9.57"}]}]
--- PASS: TestGetPurchasesList (0.00s)
=== RUN   TestGetPurchasesListWithAllFilters
    printer.go:116: GET /api/v2/purchases?createdById=1&id=1%2C2%2C3&paymentMethod=CASH&totalGrossPrice_gte=1&totalGrossPrice_lte=100 HTTP/1.1
        Authorization: Bearer eyJhbGciOiJIUzI1NiIsInR5cCI6IkpXVCJ9.eyJJRCI6MiwiZXhwIjoxNzQ3MzQyNDM2LCJvcmlnX2lhdCI6MTc0NzM0MTgzNn0.8TtapoGD-aAJe0hNakkjEEieN8Ej5rQRh8khNSE3BWg
        
2025/05/15 22:43:57 Error converting 1,2,3 to int: strconv.Atoi: parsing "1,2,3": invalid syntax
[GIN] 2025/05/15 - 22:43:57 | 200 |     557.291µs |                 | GET      "/api/v2/purchases?createdById=1&id=1%2C2%2C3&paymentMethod=CASH&totalGrossPrice_gte=1&totalGrossPrice_lte=100"
    printer.go:133: HTTP/0.0 200 OK 565.333µs
        Content-Type: application/json; charset=utf-8
        X-Total-Count: 0
        
        []
--- PASS: TestGetPurchasesListWithAllFilters (0.00s)
=== RUN   TestGetPurchasesWithSort
    printer.go:116: GET /api/v2/purchases?_sort=id HTTP/1.1
        Authorization: Bearer eyJhbGciOiJIUzI1NiIsInR5cCI6IkpXVCJ9.eyJJRCI6MiwiZXhwIjoxNzQ3MzQyNDM2LCJvcmlnX2lhdCI6MTc0NzM0MTgzNn0.8TtapoGD-aAJe0hNakkjEEieN8Ej5rQRh8khNSE3BWg
        
[GIN] 2025/05/15 - 22:43:57 | 200 |         939µs |                 | GET      "/api/v2/purchases?_sort=id"
    printer.go:133: HTTP/0.0 200 OK 948.25µs
        Content-Type: application/json; charset=utf-8
        X-Total-Count: 9
        
        [{"id":9,"createdAt":"2025-05-15T22:43:54.134507+02:00","createdById":2,"createdBy":{"id":2,"createdAt":"2025-05-15T22:43:46.966344+02:00","updatedAt":"2025-05-15T22:43:46.966344+02:00","deletedAt":null,"username":"demo","email":"demo@example.com","admin":false},"paymentMethod":"CASH","totalNetPrice":"117.67","totalGrossPrice":"140","totalVatAmount":"22.33","purchaseItems":[{"id":25,"purchaseID":9,"productID":9,"product":{"id":9,"name":"👕 Male XXL","netPrice":"16.81","grossPrice":"20","vatRate":"19","vatAmount":"3.19","wrapAfter":false,"hidden":false,"soldOut":false,"apiExport":false,"pos":10,"totalStock":12,"unitsSold":0,"soldOutRequestCount":0,"guestlists":null},"quantity":2,"netPrice":"16.81","grossPrice":"20","vatRate":"19","vatAmount":"3.19","totalNetPrice":"33.62","totalGrossPrice":"40","totalVatAmount":"6.38"},{"id":26,"purchaseID":9,"productID":12,"product":{"id":12,"name":"👕 Femal M","netPrice":"16.81","grossPrice":"20","vatRate":"19","vatAmount":"3.19","wrapAfter":false,"hidden":false,"soldOut":false,"apiExport":false,"pos":10,"totalStock":7,"unitsSold":0,"soldOutRequestCount":0,"guestlists":null},"quantity":3,"netPrice":"16.81","grossPrice":"20","vatRate":"19","vatAmount":"3.19","totalNetPrice":"50.43","totalGrossPrice":"60","totalVatAmount":"9.57"},{"id":27,"purchaseID":9,"productID":12,"product":{"id":12,"name":"👕 Femal M","netPrice":"16.81","grossPrice":"20","vatRate":"19","vatAmount":"3.19","wrapAfter":false,"hidden":false,"soldOut":false,"apiExport":false,"pos":10,"totalStock":7,"unitsSold":0,"soldOutRequestCount":0,"guestlists":null},"quantity":2,"netPrice":"16.81","grossPrice":"20","vatRate":"19","vatAmount":"3.19","totalNetPrice":"33.62","totalGrossPrice":"40","totalVatAmount":"6.38"}]},{"id":8,"createdAt":"2025-05-15T22:43:53.33726+02:00","createdById":2,"createdBy":{"id":2,"createdAt":"2025-05-15T22:43:46.966344+02:00","updatedAt":"2025-05-15T22:43:46.966344+02:00","deletedAt":null,"username":"demo","email":"demo@example.com","admin":false},"paymentMethod":"CC","totalNetPrice":"168.1","totalGrossPrice":"200","totalVatAmount":"31.9","purchaseItems":[{"id":20,"purchaseID":8,"productID":11,"product":{"id":11,"name":"👕 Femal S","netPrice":"16.81","grossPrice":"20","vatRate":"19","vatAmount":"3.19","wrapAfter":false,"hidden":false,"soldOut":false,"apiExport":false,"pos":10,"totalStock":26,"unitsSold":0,"soldOutRequestCount":0,"guestlists":null},"quantity":1,"netPrice":"16.81","grossPrice":"20","vatRate":"19","vatAmount":"3.19","totalNetPrice":"16.81","totalGrossPrice":"20","totalVatAmount":"3.19"},{"id":21,"purchaseID":8,"productID":13,"product":{"id":13,"name":"👕 Femal L","netPrice":"16.81","grossPrice":"20","vatRate":"19","vatAmount":"3.19","wrapAfter":false,"hidden":false,"soldOut":false,"apiExport":false,"pos":10,"totalStock":19,"unitsSold":0,"soldOutRequestCount":0,"guestlists":null},"quantity":3,"netPrice":"16.81","grossPrice":"20","vatRate":"19","vatAmount":"3.19","totalNetPrice":"50.43","totalGrossPrice":"60","totalVatAmount":"9.57"},{"id":22,"purchaseID":8,"productID":5,"product":{"id":5,"name":"👕 Male S","netPrice":"16.81","grossPrice":"20","vatRate":"19","vatAmount":"3.19","wrapAfter":false,"hidden":false,"soldOut":false,"apiExport":false,"pos":10,"totalStock":30,"unitsSold":0,"soldOutRequestCount":0,"guestlists":null},"quantity":1,"netPrice":"16.81","grossPrice":"20","vatRate":"19","vatAmount":"3.19","totalNetPrice":"16.81","totalGrossPrice":"20","totalVatAmount":"3.19"},{"id":23,"purchaseID":8,"productID":8,"product":{"id":8,"name":"👕 Male XL","netPrice":"16.81","grossPrice":"20","vatRate":"19","vatAmount":"3.19","wrapAfter":false,"hidden":false,"soldOut":false,"apiExport":false,"pos":10,"totalStock":28,"unitsSold":0,"soldOutRequestCount":0,"guestlists":null},"quantity":3,"netPrice":"16.81","grossPrice":"20","vatRate":"19","vatAmount":"3.19","totalNetPrice":"50.43","totalGrossPrice":"60","totalVatAmount":"9.57"},{"id":24,"purchaseID":8,"productID":7,"product":{"id":7,"name":"👕 Male L","netPrice":"16.81","grossPrice":"20","vatRate":"19","vatAmount":"3.19","wrapAfter":false,"hidden":false,"soldOut":false,"apiExport":false,"pos":10,"totalStock":27,"unitsSold":0,"soldOutRequestCount":0,"guestlists":null},"quantity":2,"netPrice":"16.81","grossPrice":"20","vatRate":"19","vatAmount":"3.19","totalNetPrice":"33.62","totalGrossPrice":"40","totalVatAmount":"6.38"}]},{"id":7,"createdAt":"2025-05-15T22:43:52.535447+02:00","createdById":2,"createdBy":{"id":2,"createdAt":"2025-05-15T22:43:46.966344+02:00","updatedAt":"2025-05-15T22:43:46.966344+02:00","deletedAt":null,"username":"demo","email":"demo@example.com","admin":false},"paymentMethod":"CC","totalNetPrice":"84.05","totalGrossPrice":"100","totalVatAmount":"15.95","purchaseItems":[{"id":17,"purchaseID":7,"productID":4,"product":{"id":4,"name":"🎟️ Prepaid","netPrice":"0","grossPrice":"0","vatRate":"0","vatAmount":"0","wrapAfter":true,"hidden":false,"soldOut":false,"apiExport":true,"pos":4,"totalStock":0,"unitsSold":0,"soldOutRequestCount":0,"guestlists":null},"quantity":2,"netPrice":"0","grossPrice":"0","vatRate":"0","vatAmount":"0","totalNetPrice":"0","totalGrossPrice":"0","totalVatAmount":"0"},{"id":18,"purchaseID":7,"productID":7,"product":{"id":7,"name":"👕 Male L","netPrice":"16.81","grossPrice":"20","vatRate":"19","vatAmount":"3.19","wrapAfter":false,"hidden":false,"soldOut":false,"apiExport":false,"pos":10,"totalStock":27,"unitsSold":0,"soldOutRequestCount":0,"guestlists":null},"quantity":3,"netPrice":"16.81","grossPrice":"20","vatRate":"19","vatAmount":"3.19","totalNetPrice":"50.43","totalGrossPrice":"60","totalVatAmount":"9.57"},{"id":19,"purchaseID":7,"productID":12,"product":{"id":12,"name":"👕 Femal M","netPrice":"16.81","grossPrice":"20","vatRate":"19","vatAmount":"3.19","wrapAfter":false,"hidden":false,"soldOut":false,"apiExport":false,"pos":10,"totalStock":7,"unitsSold":0,"soldOutRequestCount":0,"guestlists":null},"quantity":2,"netPrice":"16.81","grossPrice":"20","vatRate":"19","vatAmount":"3.19","totalNetPrice":"33.62","totalGrossPrice":"40","totalVatAmount":"6.38"}]},{"id":6,"createdAt":"2025-05-15T22:43:51.714557+02:00","createdById":2,"createdBy":{"id":2,"createdAt":"2025-05-15T22:43:46.966344+02:00","updatedAt":"2025-05-15T22:43:46.966344+02:00","deletedAt":null,"username":"demo","email":"demo@example.com","admin":false},"paymentMethod":"CC","totalNetPrice":"85.73","totalGrossPrice":"102","totalVatAmount":"16.27","purchaseItems":[{"id":13,"purchaseID":6,"productID":4,"product":{"id":4,"name":"🎟️ Prepaid","netPrice":"0","grossPrice":"0","vatRate":"0","vatAmount":"0","wrapAfter":true,"hidden":false,"soldOut":false,"apiExport":true,"pos":4,"totalStock":0,"unitsSold":0,"soldOutRequestCount":0,"guestlists":null},"quantity":3,"netPrice":"0","grossPrice":"0","vatRate":"0","vatAmount":"0","totalNetPrice":"0","totalGrossPrice":"0","totalVatAmount":"0"},{"id":14,"purchaseID":6,"productID":16,"product":{"id":16,"name":"☕ Coffee Mug","netPrice":"0.84","grossPrice":"1","vatRate":"19","vatAmount":"0.16","wrapAfter":false,"hidden":false,"soldOut":false,"apiExport":false,"pos":30,"totalStock":0,"unitsSold":0,"soldOutRequestCount":0,"guestlists":null},"quantity":2,"netPrice":"0.84","grossPrice":"1","vatRate":"19","vatAmount":"0.16","totalNetPrice":"1.68","totalGrossPrice":"2","totalVatAmount":"0.32"},{"id":15,"purchaseID":6,"productID":13,"product":{"id":13,"name":"👕 Femal L","netPrice":"16.81","grossPrice":"20","vatRate":"19","vatAmount":"3.19","wrapAfter":false,"hidden":false,"soldOut":false,"apiExport":false,"pos":10,"totalStock":19,"unitsSold":0,"soldOutRequestCount":0,"guestlists":null},"quantity":2,"netPrice":"16.81","grossPrice":"20","vatRate":"19","vatAmount":"3.19","totalNetPrice":"33.62","totalGrossPrice":"40","totalVatAmount":"6.38"},{"id":16,"purchaseID":6,"productID":11,"product":{"id":11,"name":"👕 Femal S","netPrice":"16.81","grossPrice":"20","vatRate":"19","vatAmount":"3.19","wrapAfter":false,"hidden":false,"soldOut":false,"apiExport":false,"pos":10,"totalStock":26,"unitsSold":0,"soldOutRequestCount":0,"guestlists":null},"quantity":3,"netPrice":"16.81","grossPrice":"20","vatRate":"19","vatAmount":"3.19","totalNetPrice":"50.43","totalGrossPrice":"60","totalVatAmount":"9.57"}]},{"id":5,"createdAt":"2025-05-15T22:43:50.916816+02:00","createdById":2,"createdBy":{"id":2,"createdAt":"2025-05-15T22:43:46.966344+02:00","updatedAt":"2025-05-15T22:43:46.966344+02:00","deletedAt":null,"username":"demo","email":"demo@example.com","admin":false},"paymentMethod":"CASH","totalNetPrice":"67.24","totalGrossPrice":"80","totalVatAmount":"12.76","purchaseItems":[{"id":11,"purchaseID":5,"productID":11,"product":{"id":11,"name":"👕 Femal S","netPrice":"16.81","grossPrice":"20","vatRate":"19","vatAmount":"3.19","wrapAfter":false,"hidden":false,"soldOut":false,"apiExport":false,"pos":10,"totalStock":26,"unitsSold":0,"soldOutRequestCount":0,"guestlists":null},"quantity":2,"netPrice":"16.81","grossPrice":"20","vatRate":"19","vatAmount":"3.19","totalNetPrice":"33.62","totalGrossPrice":"40","totalVatAmount":"6.38"},{"id":12,"purchaseID":5,"productID":5,"product":{"id":5,"name":"👕 Male S","netPrice":"16.81","grossPrice":"20","vatRate":"19","vatAmount":"3.19","wrapAfter":false,"hidden":false,"soldOut":false,"apiExport":false,"pos":10,"totalStock":30,"unitsSold":0,"soldOutRequestCount":0,"guestlists":null},"quantity":2,"netPrice":"16.81","grossPrice":"20","vatRate":"19","vatAmount":"3.19","totalNetPrice":"33.62","totalGrossPrice":"40","totalVatAmount":"6.38"}]},{"id":4,"createdAt":"2025-05-15T22:43:50.121936+02:00","createdById":2,"createdBy":{"id":2,"createdAt":"2025-05-15T22:43:46.966344+02:00","updatedAt":"2025-05-15T22:43:46.966344+02:00","deletedAt":null,"username":"demo","email":"demo@example.com","admin":false},"paymentMethod":"CASH","totalNetPrice":"84.05","totalGrossPrice":"100","totalVatAmount":"15.95","purchaseItems":[{"id":9,"purchaseID":4,"productID":13,"product":{"id":13,"name":"👕 Femal L","netPrice":"16.81","grossPrice":"20","vatRate":"19","vatAmount":"3.19","wrapAfter":false,"hidden":false,"soldOut":false,"apiExport":false,"pos":10,"totalStock":19,"unitsSold":0,"soldOutRequestCount":0,"guestlists":null},"quantity":3,"netPrice":"16.81","grossPrice":"20","vatRate":"19","vatAmount":"3.19","totalNetPrice":"50.43","totalGrossPrice":"60","totalVatAmount":"9.57"},{"id":10,"purchaseID":4,"productID":15,"product":{"id":15,"name":"👕 Femal XXL","netPrice":"16.81","grossPrice":"20","vatRate":"19","vatAmount":"3.19","wrapAfter":false,"hidden":false,"soldOut":false,"apiExport":false,"pos":10,"totalStock":14,"unitsSold":0,"soldOutRequestCount":0,"guestlists":null},"quantity":2,"netPrice":"16.81","grossPrice":"20","vatRate":"19","vatAmount":"3.19","totalNetPrice":"33.62","totalGrossPrice":"40","totalVatAmount":"6.38"}]},{"id":3,"createdAt":"2025-05-15T22:43:49.336166+02:00","createdById":2,"createdBy":{"id":2,"createdAt":"2025-05-15T22:43:46.966344+02:00","updatedAt":"2025-05-15T22:43:46.966344+02:00","deletedAt":null,"username":"demo","email":"demo@example.com","admin":false},"paymentMethod":"CC","totalNetPrice":"168.1","totalGrossPrice":"200","totalVatAmount":"31.9","purchaseItems":[{"id":5,"purchaseID":3,"productID":5,"product":{"id":5,"name":"👕 Male S","netPrice":"16.81","grossPrice":"20","vatRate":"19","vatAmount":"3.19","wrapAfter":false,"hidden":false,"soldOut":false,"apiExport":false,"pos":10,"totalStock":30,"unitsSold":0,"soldOutRequestCount":0,"guestlists":null},"quantity":3,"netPrice":"16.81","grossPrice":"20","vatRate":"19","vatAmount":"3.19","totalNetPrice":"50.43","totalGrossPrice":"60","totalVatAmount":"9.57"},{"id":6,"purchaseID":3,"productID":13,"product":{"id":13,"name":"👕 Femal L","netPrice":"16.81","grossPrice":"20","vatRate":"19","vatAmount":"3.19","wrapAfter":false,"hidden":false,"soldOut":false,"apiExport":false,"pos":10,"totalStock":19,"unitsSold":0,"soldOutRequestCount":0,"guestlists":null},"quantity":3,"netPrice":"16.81","grossPrice":"20","vatRate":"19","vatAmount":"3.19","totalNetPrice":"50.43","totalGrossPrice":"60","totalVatAmount":"9.57"},{"id":7,"purchaseID":3,"productID":9,"product":{"id":9,"name":"👕 Male XXL","netPrice":"16.81","grossPrice":"20","vatRate":"19","vatAmount":"3.19","wrapAfter":false,"hidden":false,"soldOut":false,"apiExport":false,"pos":10,"totalStock":12,"unitsSold":0,"soldOutRequestCount":0,"guestlists":null},"quantity":3,"netPrice":"16.81","grossPrice":"20","vatRate":"19","vatAmount":"3.19","totalNetPrice":"50.43","totalGrossPrice":"60","totalVatAmount":"9.57"},{"id":8,"purchaseID":3,"productID":5,"product":{"id":5,"name":"👕 Male S","netPrice":"16.81","grossPrice":"20","vatRate":"19","vatAmount":"3.19","wrapAfter":false,"hidden":false,"soldOut":false,"apiExport":false,"pos":10,"totalStock":30,"unitsSold":0,"soldOutRequestCount":0,"guestlists":null},"quantity":1,"netPrice":"16.81","grossPrice":"20","vatRate":"19","vatAmount":"3.19","totalNetPrice":"16.81","totalGrossPrice":"20","totalVatAmount":"3.19"}]},{"id":2,"createdAt":"2025-05-15T22:43:48.550209+02:00","createdById":2,"createdBy":{"id":2,"createdAt":"2025-05-15T22:43:46.966344+02:00","updatedAt":"2025-05-15T22:43:46.966344+02:00","deletedAt":null,"username":"demo","email":"demo@example.com","admin":false},"paymentMethod":"CASH","totalNetPrice":"2.52","totalGrossPrice":"3","totalVatAmount":"0.48","purchaseItems":[{"id":4,"purchaseID":2,"productID":16,"product":{"id":16,"name":"☕ Coffee Mug","netPrice":"0.84","grossPrice":"1","vatRate":"19","vatAmount":"0.16","wrapAfter":false,"hidden":false,"soldOut":false,"apiExport":false,"pos":30,"totalStock":0,"unitsSold":0,"soldOutRequestCount":0,"guestlists":null},"quantity":3,"netPrice":"0.84","grossPrice":"1","vatRate":"19","vatAmount":"0.16","totalNetPrice":"2.52","totalGrossPrice":"3","totalVatAmount":"0.48"}]},{"id":1,"createdAt":"2025-05-15T22:43:47.763235+02:00","createdById":2,"createdBy":{"id":2,"createdAt":"2025-05-15T22:43:46.966344+02:00","updatedAt":"2025-05-15T22:43:46.966344+02:00","deletedAt":null,"username":"demo","email":"demo@example.com","admin":false},"paymentMethod":"CASH","totalNetPrice":"84.05","totalGrossPrice":"100","totalVatAmount":"15.95","purchaseItems":[{"id":1,"purchaseID":1,"productID":14,"product":{"id":14,"name":"👕 Femal XL","netPrice":"16.81","grossPrice":"20","vatRate":"19","vatAmount":"3.19","wrapAfter":false,"hidden":false,"soldOut":false,"apiExport":false,"pos":10,"totalStock":12,"unitsSold":0,"soldOutRequestCount":0,"guestlists":null},"quantity":1,"netPrice":"16.81","grossPrice":"20","vatRate":"19","vatAmount":"3.19","totalNetPrice":"16.81","totalGrossPrice":"20","totalVatAmount":"3.19"},{"id":2,"purchaseID":1,"productID":11,"product":{"id":11,"name":"👕 Femal S","netPrice":"16.81","grossPrice":"20","vatRate":"19","vatAmount":"3.19","wrapAfter":false,"hidden":false,"soldOut":false,"apiExport":false,"pos":10,"totalStock":26,"unitsSold":0,"soldOutRequestCount":0,"guestlists":null},"quantity":1,"netPrice":"16.81","grossPrice":"20","vatRate":"19","vatAmount":"3.19","totalNetPrice":"16.81","totalGrossPrice":"20","totalVatAmount":"3.19"},{"id":3,"purchaseID":1,"productID":14,"product":{"id":14,"name":"👕 Femal XL","netPrice":"16.81","grossPrice":"20","vatRate":"19","vatAmount":"3.19","wrapAfter":false,"hidden":false,"soldOut":false,"apiExport":false,"pos":10,"totalStock":12,"unitsSold":0,"soldOutRequestCount":0,"guestlists":null},"quantity":3,"netPrice":"16.81","grossPrice":"20","vatRate":"19","vatAmount":"3.19","totalNetPrice":"50.43","totalGrossPrice":"60","totalVatAmount":"9.57"}]}]
    printer.go:116: GET /api/v2/purchases?_sort=createdAt HTTP/1.1
        Authorization: Bearer eyJhbGciOiJIUzI1NiIsInR5cCI6IkpXVCJ9.eyJJRCI6MiwiZXhwIjoxNzQ3MzQyNDM2LCJvcmlnX2lhdCI6MTc0NzM0MTgzNn0.8TtapoGD-aAJe0hNakkjEEieN8Ej5rQRh8khNSE3BWg
        
[GIN] 2025/05/15 - 22:43:57 | 200 |     524.167µs |                 | GET      "/api/v2/purchases?_sort=createdAt"
    printer.go:133: HTTP/0.0 200 OK 529.125µs
        Content-Type: application/json; charset=utf-8
        X-Total-Count: 9
        
        [{"id":9,"createdAt":"2025-05-15T22:43:54.134507+02:00","createdById":2,"createdBy":{"id":2,"createdAt":"2025-05-15T22:43:46.966344+02:00","updatedAt":"2025-05-15T22:43:46.966344+02:00","deletedAt":null,"username":"demo","email":"demo@example.com","admin":false},"paymentMethod":"CASH","totalNetPrice":"117.67","totalGrossPrice":"140","totalVatAmount":"22.33","purchaseItems":[{"id":25,"purchaseID":9,"productID":9,"product":{"id":9,"name":"👕 Male XXL","netPrice":"16.81","grossPrice":"20","vatRate":"19","vatAmount":"3.19","wrapAfter":false,"hidden":false,"soldOut":false,"apiExport":false,"pos":10,"totalStock":12,"unitsSold":0,"soldOutRequestCount":0,"guestlists":null},"quantity":2,"netPrice":"16.81","grossPrice":"20","vatRate":"19","vatAmount":"3.19","totalNetPrice":"33.62","totalGrossPrice":"40","totalVatAmount":"6.38"},{"id":26,"purchaseID":9,"productID":12,"product":{"id":12,"name":"👕 Femal M","netPrice":"16.81","grossPrice":"20","vatRate":"19","vatAmount":"3.19","wrapAfter":false,"hidden":false,"soldOut":false,"apiExport":false,"pos":10,"totalStock":7,"unitsSold":0,"soldOutRequestCount":0,"guestlists":null},"quantity":3,"netPrice":"16.81","grossPrice":"20","vatRate":"19","vatAmount":"3.19","totalNetPrice":"50.43","totalGrossPrice":"60","totalVatAmount":"9.57"},{"id":27,"purchaseID":9,"productID":12,"product":{"id":12,"name":"👕 Femal M","netPrice":"16.81","grossPrice":"20","vatRate":"19","vatAmount":"3.19","wrapAfter":false,"hidden":false,"soldOut":false,"apiExport":false,"pos":10,"totalStock":7,"unitsSold":0,"soldOutRequestCount":0,"guestlists":null},"quantity":2,"netPrice":"16.81","grossPrice":"20","vatRate":"19","vatAmount":"3.19","totalNetPrice":"33.62","totalGrossPrice":"40","totalVatAmount":"6.38"}]},{"id":8,"createdAt":"2025-05-15T22:43:53.33726+02:00","createdById":2,"createdBy":{"id":2,"createdAt":"2025-05-15T22:43:46.966344+02:00","updatedAt":"2025-05-15T22:43:46.966344+02:00","deletedAt":null,"username":"demo","email":"demo@example.com","admin":false},"paymentMethod":"CC","totalNetPrice":"168.1","totalGrossPrice":"200","totalVatAmount":"31.9","purchaseItems":[{"id":20,"purchaseID":8,"productID":11,"product":{"id":11,"name":"👕 Femal S","netPrice":"16.81","grossPrice":"20","vatRate":"19","vatAmount":"3.19","wrapAfter":false,"hidden":false,"soldOut":false,"apiExport":false,"pos":10,"totalStock":26,"unitsSold":0,"soldOutRequestCount":0,"guestlists":null},"quantity":1,"netPrice":"16.81","grossPrice":"20","vatRate":"19","vatAmount":"3.19","totalNetPrice":"16.81","totalGrossPrice":"20","totalVatAmount":"3.19"},{"id":21,"purchaseID":8,"productID":13,"product":{"id":13,"name":"👕 Femal L","netPrice":"16.81","grossPrice":"20","vatRate":"19","vatAmount":"3.19","wrapAfter":false,"hidden":false,"soldOut":false,"apiExport":false,"pos":10,"totalStock":19,"unitsSold":0,"soldOutRequestCount":0,"guestlists":null},"quantity":3,"netPrice":"16.81","grossPrice":"20","vatRate":"19","vatAmount":"3.19","totalNetPrice":"50.43","totalGrossPrice":"60","totalVatAmount":"9.57"},{"id":22,"purchaseID":8,"productID":5,"product":{"id":5,"name":"👕 Male S","netPrice":"16.81","grossPrice":"20","vatRate":"19","vatAmount":"3.19","wrapAfter":false,"hidden":false,"soldOut":false,"apiExport":false,"pos":10,"totalStock":30,"unitsSold":0,"soldOutRequestCount":0,"guestlists":null},"quantity":1,"netPrice":"16.81","grossPrice":"20","vatRate":"19","vatAmount":"3.19","totalNetPrice":"16.81","totalGrossPrice":"20","totalVatAmount":"3.19"},{"id":23,"purchaseID":8,"productID":8,"product":{"id":8,"name":"👕 Male XL","netPrice":"16.81","grossPrice":"20","vatRate":"19","vatAmount":"3.19","wrapAfter":false,"hidden":false,"soldOut":false,"apiExport":false,"pos":10,"totalStock":28,"unitsSold":0,"soldOutRequestCount":0,"guestlists":null},"quantity":3,"netPrice":"16.81","grossPrice":"20","vatRate":"19","vatAmount":"3.19","totalNetPrice":"50.43","totalGrossPrice":"60","totalVatAmount":"9.57"},{"id":24,"purchaseID":8,"productID":7,"product":{"id":7,"name":"👕 Male L","netPrice":"16.81","grossPrice":"20","vatRate":"19","vatAmount":"3.19","wrapAfter":false,"hidden":false,"soldOut":false,"apiExport":false,"pos":10,"totalStock":27,"unitsSold":0,"soldOutRequestCount":0,"guestlists":null},"quantity":2,"netPrice":"16.81","grossPrice":"20","vatRate":"19","vatAmount":"3.19","totalNetPrice":"33.62","totalGrossPrice":"40","totalVatAmount":"6.38"}]},{"id":7,"createdAt":"2025-05-15T22:43:52.535447+02:00","createdById":2,"createdBy":{"id":2,"createdAt":"2025-05-15T22:43:46.966344+02:00","updatedAt":"2025-05-15T22:43:46.966344+02:00","deletedAt":null,"username":"demo","email":"demo@example.com","admin":false},"paymentMethod":"CC","totalNetPrice":"84.05","totalGrossPrice":"100","totalVatAmount":"15.95","purchaseItems":[{"id":17,"purchaseID":7,"productID":4,"product":{"id":4,"name":"🎟️ Prepaid","netPrice":"0","grossPrice":"0","vatRate":"0","vatAmount":"0","wrapAfter":true,"hidden":false,"soldOut":false,"apiExport":true,"pos":4,"totalStock":0,"unitsSold":0,"soldOutRequestCount":0,"guestlists":null},"quantity":2,"netPrice":"0","grossPrice":"0","vatRate":"0","vatAmount":"0","totalNetPrice":"0","totalGrossPrice":"0","totalVatAmount":"0"},{"id":18,"purchaseID":7,"productID":7,"product":{"id":7,"name":"👕 Male L","netPrice":"16.81","grossPrice":"20","vatRate":"19","vatAmount":"3.19","wrapAfter":false,"hidden":false,"soldOut":false,"apiExport":false,"pos":10,"totalStock":27,"unitsSold":0,"soldOutRequestCount":0,"guestlists":null},"quantity":3,"netPrice":"16.81","grossPrice":"20","vatRate":"19","vatAmount":"3.19","totalNetPrice":"50.43","totalGrossPrice":"60","totalVatAmount":"9.57"},{"id":19,"purchaseID":7,"productID":12,"product":{"id":12,"name":"👕 Femal M","netPrice":"16.81","grossPrice":"20","vatRate":"19","vatAmount":"3.19","wrapAfter":false,"hidden":false,"soldOut":false,"apiExport":false,"pos":10,"totalStock":7,"unitsSold":0,"soldOutRequestCount":0,"guestlists":null},"quantity":2,"netPrice":"16.81","grossPrice":"20","vatRate":"19","vatAmount":"3.19","totalNetPrice":"33.62","totalGrossPrice":"40","totalVatAmount":"6.38"}]},{"id":6,"createdAt":"2025-05-15T22:43:51.714557+02:00","createdById":2,"createdBy":{"id":2,"createdAt":"2025-05-15T22:43:46.966344+02:00","updatedAt":"2025-05-15T22:43:46.966344+02:00","deletedAt":null,"username":"demo","email":"demo@example.com","admin":false},"paymentMethod":"CC","totalNetPrice":"85.73","totalGrossPrice":"102","totalVatAmount":"16.27","purchaseItems":[{"id":13,"purchaseID":6,"productID":4,"product":{"id":4,"name":"🎟️ Prepaid","netPrice":"0","grossPrice":"0","vatRate":"0","vatAmount":"0","wrapAfter":true,"hidden":false,"soldOut":false,"apiExport":true,"pos":4,"totalStock":0,"unitsSold":0,"soldOutRequestCount":0,"guestlists":null},"quantity":3,"netPrice":"0","grossPrice":"0","vatRate":"0","vatAmount":"0","totalNetPrice":"0","totalGrossPrice":"0","totalVatAmount":"0"},{"id":14,"purchaseID":6,"productID":16,"product":{"id":16,"name":"☕ Coffee Mug","netPrice":"0.84","grossPrice":"1","vatRate":"19","vatAmount":"0.16","wrapAfter":false,"hidden":false,"soldOut":false,"apiExport":false,"pos":30,"totalStock":0,"unitsSold":0,"soldOutRequestCount":0,"guestlists":null},"quantity":2,"netPrice":"0.84","grossPrice":"1","vatRate":"19","vatAmount":"0.16","totalNetPrice":"1.68","totalGrossPrice":"2","totalVatAmount":"0.32"},{"id":15,"purchaseID":6,"productID":13,"product":{"id":13,"name":"👕 Femal L","netPrice":"16.81","grossPrice":"20","vatRate":"19","vatAmount":"3.19","wrapAfter":false,"hidden":false,"soldOut":false,"apiExport":false,"pos":10,"totalStock":19,"unitsSold":0,"soldOutRequestCount":0,"guestlists":null},"quantity":2,"netPrice":"16.81","grossPrice":"20","vatRate":"19","vatAmount":"3.19","totalNetPrice":"33.62","totalGrossPrice":"40","totalVatAmount":"6.38"},{"id":16,"purchaseID":6,"productID":11,"product":{"id":11,"name":"👕 Femal S","netPrice":"16.81","grossPrice":"20","vatRate":"19","vatAmount":"3.19","wrapAfter":false,"hidden":false,"soldOut":false,"apiExport":false,"pos":10,"totalStock":26,"unitsSold":0,"soldOutRequestCount":0,"guestlists":null},"quantity":3,"netPrice":"16.81","grossPrice":"20","vatRate":"19","vatAmount":"3.19","totalNetPrice":"50.43","totalGrossPrice":"60","totalVatAmount":"9.57"}]},{"id":5,"createdAt":"2025-05-15T22:43:50.916816+02:00","createdById":2,"createdBy":{"id":2,"createdAt":"2025-05-15T22:43:46.966344+02:00","updatedAt":"2025-05-15T22:43:46.966344+02:00","deletedAt":null,"username":"demo","email":"demo@example.com","admin":false},"paymentMethod":"CASH","totalNetPrice":"67.24","totalGrossPrice":"80","totalVatAmount":"12.76","purchaseItems":[{"id":11,"purchaseID":5,"productID":11,"product":{"id":11,"name":"👕 Femal S","netPrice":"16.81","grossPrice":"20","vatRate":"19","vatAmount":"3.19","wrapAfter":false,"hidden":false,"soldOut":false,"apiExport":false,"pos":10,"totalStock":26,"unitsSold":0,"soldOutRequestCount":0,"guestlists":null},"quantity":2,"netPrice":"16.81","grossPrice":"20","vatRate":"19","vatAmount":"3.19","totalNetPrice":"33.62","totalGrossPrice":"40","totalVatAmount":"6.38"},{"id":12,"purchaseID":5,"productID":5,"product":{"id":5,"name":"👕 Male S","netPrice":"16.81","grossPrice":"20","vatRate":"19","vatAmount":"3.19","wrapAfter":false,"hidden":false,"soldOut":false,"apiExport":false,"pos":10,"totalStock":30,"unitsSold":0,"soldOutRequestCount":0,"guestlists":null},"quantity":2,"netPrice":"16.81","grossPrice":"20","vatRate":"19","vatAmount":"3.19","totalNetPrice":"33.62","totalGrossPrice":"40","totalVatAmount":"6.38"}]},{"id":4,"createdAt":"2025-05-15T22:43:50.121936+02:00","createdById":2,"createdBy":{"id":2,"createdAt":"2025-05-15T22:43:46.966344+02:00","updatedAt":"2025-05-15T22:43:46.966344+02:00","deletedAt":null,"username":"demo","email":"demo@example.com","admin":false},"paymentMethod":"CASH","totalNetPrice":"84.05","totalGrossPrice":"100","totalVatAmount":"15.95","purchaseItems":[{"id":9,"purchaseID":4,"productID":13,"product":{"id":13,"name":"👕 Femal L","netPrice":"16.81","grossPrice":"20","vatRate":"19","vatAmount":"3.19","wrapAfter":false,"hidden":false,"soldOut":false,"apiExport":false,"pos":10,"totalStock":19,"unitsSold":0,"soldOutRequestCount":0,"guestlists":null},"quantity":3,"netPrice":"16.81","grossPrice":"20","vatRate":"19","vatAmount":"3.19","totalNetPrice":"50.43","totalGrossPrice":"60","totalVatAmount":"9.57"},{"id":10,"purchaseID":4,"productID":15,"product":{"id":15,"name":"👕 Femal XXL","netPrice":"16.81","grossPrice":"20","vatRate":"19","vatAmount":"3.19","wrapAfter":false,"hidden":false,"soldOut":false,"apiExport":false,"pos":10,"totalStock":14,"unitsSold":0,"soldOutRequestCount":0,"guestlists":null},"quantity":2,"netPrice":"16.81","grossPrice":"20","vatRate":"19","vatAmount":"3.19","totalNetPrice":"33.62","totalGrossPrice":"40","totalVatAmount":"6.38"}]},{"id":3,"createdAt":"2025-05-15T22:43:49.336166+02:00","createdById":2,"createdBy":{"id":2,"createdAt":"2025-05-15T22:43:46.966344+02:00","updatedAt":"2025-05-15T22:43:46.966344+02:00","deletedAt":null,"username":"demo","email":"demo@example.com","admin":false},"paymentMethod":"CC","totalNetPrice":"168.1","totalGrossPrice":"200","totalVatAmount":"31.9","purchaseItems":[{"id":5,"purchaseID":3,"productID":5,"product":{"id":5,"name":"👕 Male S","netPrice":"16.81","grossPrice":"20","vatRate":"19","vatAmount":"3.19","wrapAfter":false,"hidden":false,"soldOut":false,"apiExport":false,"pos":10,"totalStock":30,"unitsSold":0,"soldOutRequestCount":0,"guestlists":null},"quantity":3,"netPrice":"16.81","grossPrice":"20","vatRate":"19","vatAmount":"3.19","totalNetPrice":"50.43","totalGrossPrice":"60","totalVatAmount":"9.57"},{"id":6,"purchaseID":3,"productID":13,"product":{"id":13,"name":"👕 Femal L","netPrice":"16.81","grossPrice":"20","vatRate":"19","vatAmount":"3.19","wrapAfter":false,"hidden":false,"soldOut":false,"apiExport":false,"pos":10,"totalStock":19,"unitsSold":0,"soldOutRequestCount":0,"guestlists":null},"quantity":3,"netPrice":"16.81","grossPrice":"20","vatRate":"19","vatAmount":"3.19","totalNetPrice":"50.43","totalGrossPrice":"60","totalVatAmount":"9.57"},{"id":7,"purchaseID":3,"productID":9,"product":{"id":9,"name":"👕 Male XXL","netPrice":"16.81","grossPrice":"20","vatRate":"19","vatAmount":"3.19","wrapAfter":false,"hidden":false,"soldOut":false,"apiExport":false,"pos":10,"totalStock":12,"unitsSold":0,"soldOutRequestCount":0,"guestlists":null},"quantity":3,"netPrice":"16.81","grossPrice":"20","vatRate":"19","vatAmount":"3.19","totalNetPrice":"50.43","totalGrossPrice":"60","totalVatAmount":"9.57"},{"id":8,"purchaseID":3,"productID":5,"product":{"id":5,"name":"👕 Male S","netPrice":"16.81","grossPrice":"20","vatRate":"19","vatAmount":"3.19","wrapAfter":false,"hidden":false,"soldOut":false,"apiExport":false,"pos":10,"totalStock":30,"unitsSold":0,"soldOutRequestCount":0,"guestlists":null},"quantity":1,"netPrice":"16.81","grossPrice":"20","vatRate":"19","vatAmount":"3.19","totalNetPrice":"16.81","totalGrossPrice":"20","totalVatAmount":"3.19"}]},{"id":2,"createdAt":"2025-05-15T22:43:48.550209+02:00","createdById":2,"createdBy":{"id":2,"createdAt":"2025-05-15T22:43:46.966344+02:00","updatedAt":"2025-05-15T22:43:46.966344+02:00","deletedAt":null,"username":"demo","email":"demo@example.com","admin":false},"paymentMethod":"CASH","totalNetPrice":"2.52","totalGrossPrice":"3","totalVatAmount":"0.48","purchaseItems":[{"id":4,"purchaseID":2,"productID":16,"product":{"id":16,"name":"☕ Coffee Mug","netPrice":"0.84","grossPrice":"1","vatRate":"19","vatAmount":"0.16","wrapAfter":false,"hidden":false,"soldOut":false,"apiExport":false,"pos":30,"totalStock":0,"unitsSold":0,"soldOutRequestCount":0,"guestlists":null},"quantity":3,"netPrice":"0.84","grossPrice":"1","vatRate":"19","vatAmount":"0.16","totalNetPrice":"2.52","totalGrossPrice":"3","totalVatAmount":"0.48"}]},{"id":1,"createdAt":"2025-05-15T22:43:47.763235+02:00","createdById":2,"createdBy":{"id":2,"createdAt":"2025-05-15T22:43:46.966344+02:00","updatedAt":"2025-05-15T22:43:46.966344+02:00","deletedAt":null,"username":"demo","email":"demo@example.com","admin":false},"paymentMethod":"CASH","totalNetPrice":"84.05","totalGrossPrice":"100","totalVatAmount":"15.95","purchaseItems":[{"id":1,"purchaseID":1,"productID":14,"product":{"id":14,"name":"👕 Femal XL","netPrice":"16.81","grossPrice":"20","vatRate":"19","vatAmount":"3.19","wrapAfter":false,"hidden":false,"soldOut":false,"apiExport":false,"pos":10,"totalStock":12,"unitsSold":0,"soldOutRequestCount":0,"guestlists":null},"quantity":1,"netPrice":"16.81","grossPrice":"20","vatRate":"19","vatAmount":"3.19","totalNetPrice":"16.81","totalGrossPrice":"20","totalVatAmount":"3.19"},{"id":2,"purchaseID":1,"productID":11,"product":{"id":11,"name":"👕 Femal S","netPrice":"16.81","grossPrice":"20","vatRate":"19","vatAmount":"3.19","wrapAfter":false,"hidden":false,"soldOut":false,"apiExport":false,"pos":10,"totalStock":26,"unitsSold":0,"soldOutRequestCount":0,"guestlists":null},"quantity":1,"netPrice":"16.81","grossPrice":"20","vatRate":"19","vatAmount":"3.19","totalNetPrice":"16.81","totalGrossPrice":"20","totalVatAmount":"3.19"},{"id":3,"purchaseID":1,"productID":14,"product":{"id":14,"name":"👕 Femal XL","netPrice":"16.81","grossPrice":"20","vatRate":"19","vatAmount":"3.19","wrapAfter":false,"hidden":false,"soldOut":false,"apiExport":false,"pos":10,"totalStock":12,"unitsSold":0,"soldOutRequestCount":0,"guestlists":null},"quantity":3,"netPrice":"16.81","grossPrice":"20","vatRate":"19","vatAmount":"3.19","totalNetPrice":"50.43","totalGrossPrice":"60","totalVatAmount":"9.57"}]}]
    printer.go:116: GET /api/v2/purchases?_sort=totalGrossPrice HTTP/1.1
        Authorization: Bearer eyJhbGciOiJIUzI1NiIsInR5cCI6IkpXVCJ9.eyJJRCI6MiwiZXhwIjoxNzQ3MzQyNDM2LCJvcmlnX2lhdCI6MTc0NzM0MTgzNn0.8TtapoGD-aAJe0hNakkjEEieN8Ej5rQRh8khNSE3BWg
        
[GIN] 2025/05/15 - 22:43:57 | 200 |     739.625µs |                 | GET      "/api/v2/purchases?_sort=totalGrossPrice"
    printer.go:133: HTTP/0.0 200 OK 746.125µs
        Content-Type: application/json; charset=utf-8
        X-Total-Count: 9
        
        [{"id":5,"createdAt":"2025-05-15T22:43:50.916816+02:00","createdById":2,"createdBy":{"id":2,"createdAt":"2025-05-15T22:43:46.966344+02:00","updatedAt":"2025-05-15T22:43:46.966344+02:00","deletedAt":null,"username":"demo","email":"demo@example.com","admin":false},"paymentMethod":"CASH","totalNetPrice":"67.24","totalGrossPrice":"80","totalVatAmount":"12.76","purchaseItems":[{"id":11,"purchaseID":5,"productID":11,"product":{"id":11,"name":"👕 Femal S","netPrice":"16.81","grossPrice":"20","vatRate":"19","vatAmount":"3.19","wrapAfter":false,"hidden":false,"soldOut":false,"apiExport":false,"pos":10,"totalStock":26,"unitsSold":0,"soldOutRequestCount":0,"guestlists":null},"quantity":2,"netPrice":"16.81","grossPrice":"20","vatRate":"19","vatAmount":"3.19","totalNetPrice":"33.62","totalGrossPrice":"40","totalVatAmount":"6.38"},{"id":12,"purchaseID":5,"productID":5,"product":{"id":5,"name":"👕 Male S","netPrice":"16.81","grossPrice":"20","vatRate":"19","vatAmount":"3.19","wrapAfter":false,"hidden":false,"soldOut":false,"apiExport":false,"pos":10,"totalStock":30,"unitsSold":0,"soldOutRequestCount":0,"guestlists":null},"quantity":2,"netPrice":"16.81","grossPrice":"20","vatRate":"19","vatAmount":"3.19","totalNetPrice":"33.62","totalGrossPrice":"40","totalVatAmount":"6.38"}]},{"id":2,"createdAt":"2025-05-15T22:43:48.550209+02:00","createdById":2,"createdBy":{"id":2,"createdAt":"2025-05-15T22:43:46.966344+02:00","updatedAt":"2025-05-15T22:43:46.966344+02:00","deletedAt":null,"username":"demo","email":"demo@example.com","admin":false},"paymentMethod":"CASH","totalNetPrice":"2.52","totalGrossPrice":"3","totalVatAmount":"0.48","purchaseItems":[{"id":4,"purchaseID":2,"productID":16,"product":{"id":16,"name":"☕ Coffee Mug","netPrice":"0.84","grossPrice":"1","vatRate":"19","vatAmount":"0.16","wrapAfter":false,"hidden":false,"soldOut":false,"apiExport":false,"pos":30,"totalStock":0,"unitsSold":0,"soldOutRequestCount":0,"guestlists":null},"quantity":3,"netPrice":"0.84","grossPrice":"1","vatRate":"19","vatAmount":"0.16","totalNetPrice":"2.52","totalGrossPrice":"3","totalVatAmount":"0.48"}]},{"id":8,"createdAt":"2025-05-15T22:43:53.33726+02:00","createdById":2,"createdBy":{"id":2,"createdAt":"2025-05-15T22:43:46.966344+02:00","updatedAt":"2025-05-15T22:43:46.966344+02:00","deletedAt":null,"username":"demo","email":"demo@example.com","admin":false},"paymentMethod":"CC","totalNetPrice":"168.1","totalGrossPrice":"200","totalVatAmount":"31.9","purchaseItems":[{"id":20,"purchaseID":8,"productID":11,"product":{"id":11,"name":"👕 Femal S","netPrice":"16.81","grossPrice":"20","vatRate":"19","vatAmount":"3.19","wrapAfter":false,"hidden":false,"soldOut":false,"apiExport":false,"pos":10,"totalStock":26,"unitsSold":0,"soldOutRequestCount":0,"guestlists":null},"quantity":1,"netPrice":"16.81","grossPrice":"20","vatRate":"19","vatAmount":"3.19","totalNetPrice":"16.81","totalGrossPrice":"20","totalVatAmount":"3.19"},{"id":21,"purchaseID":8,"productID":13,"product":{"id":13,"name":"👕 Femal L","netPrice":"16.81","grossPrice":"20","vatRate":"19","vatAmount":"3.19","wrapAfter":false,"hidden":false,"soldOut":false,"apiExport":false,"pos":10,"totalStock":19,"unitsSold":0,"soldOutRequestCount":0,"guestlists":null},"quantity":3,"netPrice":"16.81","grossPrice":"20","vatRate":"19","vatAmount":"3.19","totalNetPrice":"50.43","totalGrossPrice":"60","totalVatAmount":"9.57"},{"id":22,"purchaseID":8,"productID":5,"product":{"id":5,"name":"👕 Male S","netPrice":"16.81","grossPrice":"20","vatRate":"19","vatAmount":"3.19","wrapAfter":false,"hidden":false,"soldOut":false,"apiExport":false,"pos":10,"totalStock":30,"unitsSold":0,"soldOutRequestCount":0,"guestlists":null},"quantity":1,"netPrice":"16.81","grossPrice":"20","vatRate":"19","vatAmount":"3.19","totalNetPrice":"16.81","totalGrossPrice":"20","totalVatAmount":"3.19"},{"id":23,"purchaseID":8,"productID":8,"product":{"id":8,"name":"👕 Male XL","netPrice":"16.81","grossPrice":"20","vatRate":"19","vatAmount":"3.19","wrapAfter":false,"hidden":false,"soldOut":false,"apiExport":false,"pos":10,"totalStock":28,"unitsSold":0,"soldOutRequestCount":0,"guestlists":null},"quantity":3,"netPrice":"16.81","grossPrice":"20","vatRate":"19","vatAmount":"3.19","totalNetPrice":"50.43","totalGrossPrice":"60","totalVatAmount":"9.57"},{"id":24,"purchaseID":8,"productID":7,"product":{"id":7,"name":"👕 Male L","netPrice":"16.81","grossPrice":"20","vatRate":"19","vatAmount":"3.19","wrapAfter":false,"hidden":false,"soldOut":false,"apiExport":false,"pos":10,"totalStock":27,"unitsSold":0,"soldOutRequestCount":0,"guestlists":null},"quantity":2,"netPrice":"16.81","grossPrice":"20","vatRate":"19","vatAmount":"3.19","totalNetPrice":"33.62","totalGrossPrice":"40","totalVatAmount":"6.38"}]},{"id":3,"createdAt":"2025-05-15T22:43:49.336166+02:00","createdById":2,"createdBy":{"id":2,"createdAt":"2025-05-15T22:43:46.966344+02:00","updatedAt":"2025-05-15T22:43:46.966344+02:00","deletedAt":null,"username":"demo","email":"demo@example.com","admin":false},"paymentMethod":"CC","totalNetPrice":"168.1","totalGrossPrice":"200","totalVatAmount":"31.9","purchaseItems":[{"id":5,"purchaseID":3,"productID":5,"product":{"id":5,"name":"👕 Male S","netPrice":"16.81","grossPrice":"20","vatRate":"19","vatAmount":"3.19","wrapAfter":false,"hidden":false,"soldOut":false,"apiExport":false,"pos":10,"totalStock":30,"unitsSold":0,"soldOutRequestCount":0,"guestlists":null},"quantity":3,"netPrice":"16.81","grossPrice":"20","vatRate":"19","vatAmount":"3.19","totalNetPrice":"50.43","totalGrossPrice":"60","totalVatAmount":"9.57"},{"id":6,"purchaseID":3,"productID":13,"product":{"id":13,"name":"👕 Femal L","netPrice":"16.81","grossPrice":"20","vatRate":"19","vatAmount":"3.19","wrapAfter":false,"hidden":false,"soldOut":false,"apiExport":false,"pos":10,"totalStock":19,"unitsSold":0,"soldOutRequestCount":0,"guestlists":null},"quantity":3,"netPrice":"16.81","grossPrice":"20","vatRate":"19","vatAmount":"3.19","totalNetPrice":"50.43","totalGrossPrice":"60","totalVatAmount":"9.57"},{"id":7,"purchaseID":3,"productID":9,"product":{"id":9,"name":"👕 Male XXL","netPrice":"16.81","grossPrice":"20","vatRate":"19","vatAmount":"3.19","wrapAfter":false,"hidden":false,"soldOut":false,"apiExport":false,"pos":10,"totalStock":12,"unitsSold":0,"soldOutRequestCount":0,"guestlists":null},"quantity":3,"netPrice":"16.81","grossPrice":"20","vatRate":"19","vatAmount":"3.19","totalNetPrice":"50.43","totalGrossPrice":"60","totalVatAmount":"9.57"},{"id":8,"purchaseID":3,"productID":5,"product":{"id":5,"name":"👕 Male S","netPrice":"16.81","grossPrice":"20","vatRate":"19","vatAmount":"3.19","wrapAfter":false,"hidden":false,"soldOut":false,"apiExport":false,"pos":10,"totalStock":30,"unitsSold":0,"soldOutRequestCount":0,"guestlists":null},"quantity":1,"netPrice":"16.81","grossPrice":"20","vatRate":"19","vatAmount":"3.19","totalNetPrice":"16.81","totalGrossPrice":"20","totalVatAmount":"3.19"}]},{"id":9,"createdAt":"2025-05-15T22:43:54.134507+02:00","createdById":2,"createdBy":{"id":2,"createdAt":"2025-05-15T22:43:46.966344+02:00","updatedAt":"2025-05-15T22:43:46.966344+02:00","deletedAt":null,"username":"demo","email":"demo@example.com","admin":false},"paymentMethod":"CASH","totalNetPrice":"117.67","totalGrossPrice":"140","totalVatAmount":"22.33","purchaseItems":[{"id":25,"purchaseID":9,"productID":9,"product":{"id":9,"name":"👕 Male XXL","netPrice":"16.81","grossPrice":"20","vatRate":"19","vatAmount":"3.19","wrapAfter":false,"hidden":false,"soldOut":false,"apiExport":false,"pos":10,"totalStock":12,"unitsSold":0,"soldOutRequestCount":0,"guestlists":null},"quantity":2,"netPrice":"16.81","grossPrice":"20","vatRate":"19","vatAmount":"3.19","totalNetPrice":"33.62","totalGrossPrice":"40","totalVatAmount":"6.38"},{"id":26,"purchaseID":9,"productID":12,"product":{"id":12,"name":"👕 Femal M","netPrice":"16.81","grossPrice":"20","vatRate":"19","vatAmount":"3.19","wrapAfter":false,"hidden":false,"soldOut":false,"apiExport":false,"pos":10,"totalStock":7,"unitsSold":0,"soldOutRequestCount":0,"guestlists":null},"quantity":3,"netPrice":"16.81","grossPrice":"20","vatRate":"19","vatAmount":"3.19","totalNetPrice":"50.43","totalGrossPrice":"60","totalVatAmount":"9.57"},{"id":27,"purchaseID":9,"productID":12,"product":{"id":12,"name":"👕 Femal M","netPrice":"16.81","grossPrice":"20","vatRate":"19","vatAmount":"3.19","wrapAfter":false,"hidden":false,"soldOut":false,"apiExport":false,"pos":10,"totalStock":7,"unitsSold":0,"soldOutRequestCount":0,"guestlists":null},"quantity":2,"netPrice":"16.81","grossPrice":"20","vatRate":"19","vatAmount":"3.19","totalNetPrice":"33.62","totalGrossPrice":"40","totalVatAmount":"6.38"}]},{"id":6,"createdAt":"2025-05-15T22:43:51.714557+02:00","createdById":2,"createdBy":{"id":2,"createdAt":"2025-05-15T22:43:46.966344+02:00","updatedAt":"2025-05-15T22:43:46.966344+02:00","deletedAt":null,"username":"demo","email":"demo@example.com","admin":false},"paymentMethod":"CC","totalNetPrice":"85.73","totalGrossPrice":"102","totalVatAmount":"16.27","purchaseItems":[{"id":13,"purchaseID":6,"productID":4,"product":{"id":4,"name":"🎟️ Prepaid","netPrice":"0","grossPrice":"0","vatRate":"0","vatAmount":"0","wrapAfter":true,"hidden":false,"soldOut":false,"apiExport":true,"pos":4,"totalStock":0,"unitsSold":0,"soldOutRequestCount":0,"guestlists":null},"quantity":3,"netPrice":"0","grossPrice":"0","vatRate":"0","vatAmount":"0","totalNetPrice":"0","totalGrossPrice":"0","totalVatAmount":"0"},{"id":14,"purchaseID":6,"productID":16,"product":{"id":16,"name":"☕ Coffee Mug","netPrice":"0.84","grossPrice":"1","vatRate":"19","vatAmount":"0.16","wrapAfter":false,"hidden":false,"soldOut":false,"apiExport":false,"pos":30,"totalStock":0,"unitsSold":0,"soldOutRequestCount":0,"guestlists":null},"quantity":2,"netPrice":"0.84","grossPrice":"1","vatRate":"19","vatAmount":"0.16","totalNetPrice":"1.68","totalGrossPrice":"2","totalVatAmount":"0.32"},{"id":15,"purchaseID":6,"productID":13,"product":{"id":13,"name":"👕 Femal L","netPrice":"16.81","grossPrice":"20","vatRate":"19","vatAmount":"3.19","wrapAfter":false,"hidden":false,"soldOut":false,"apiExport":false,"pos":10,"totalStock":19,"unitsSold":0,"soldOutRequestCount":0,"guestlists":null},"quantity":2,"netPrice":"16.81","grossPrice":"20","vatRate":"19","vatAmount":"3.19","totalNetPrice":"33.62","totalGrossPrice":"40","totalVatAmount":"6.38"},{"id":16,"purchaseID":6,"productID":11,"product":{"id":11,"name":"👕 Femal S","netPrice":"16.81","grossPrice":"20","vatRate":"19","vatAmount":"3.19","wrapAfter":false,"hidden":false,"soldOut":false,"apiExport":false,"pos":10,"totalStock":26,"unitsSold":0,"soldOutRequestCount":0,"guestlists":null},"quantity":3,"netPrice":"16.81","grossPrice":"20","vatRate":"19","vatAmount":"3.19","totalNetPrice":"50.43","totalGrossPrice":"60","totalVatAmount":"9.57"}]},{"id":7,"createdAt":"2025-05-15T22:43:52.535447+02:00","createdById":2,"createdBy":{"id":2,"createdAt":"2025-05-15T22:43:46.966344+02:00","updatedAt":"2025-05-15T22:43:46.966344+02:00","deletedAt":null,"username":"demo","email":"demo@example.com","admin":false},"paymentMethod":"CC","totalNetPrice":"84.05","totalGrossPrice":"100","totalVatAmount":"15.95","purchaseItems":[{"id":17,"purchaseID":7,"productID":4,"product":{"id":4,"name":"🎟️ Prepaid","netPrice":"0","grossPrice":"0","vatRate":"0","vatAmount":"0","wrapAfter":true,"hidden":false,"soldOut":false,"apiExport":true,"pos":4,"totalStock":0,"unitsSold":0,"soldOutRequestCount":0,"guestlists":null},"quantity":2,"netPrice":"0","grossPrice":"0","vatRate":"0","vatAmount":"0","totalNetPrice":"0","totalGrossPrice":"0","totalVatAmount":"0"},{"id":18,"purchaseID":7,"productID":7,"product":{"id":7,"name":"👕 Male L","netPrice":"16.81","grossPrice":"20","vatRate":"19","vatAmount":"3.19","wrapAfter":false,"hidden":false,"soldOut":false,"apiExport":false,"pos":10,"totalStock":27,"unitsSold":0,"soldOutRequestCount":0,"guestlists":null},"quantity":3,"netPrice":"16.81","grossPrice":"20","vatRate":"19","vatAmount":"3.19","totalNetPrice":"50.43","totalGrossPrice":"60","totalVatAmount":"9.57"},{"id":19,"purchaseID":7,"productID":12,"product":{"id":12,"name":"👕 Femal M","netPrice":"16.81","grossPrice":"20","vatRate":"19","vatAmount":"3.19","wrapAfter":false,"hidden":false,"soldOut":false,"apiExport":false,"pos":10,"totalStock":7,"unitsSold":0,"soldOutRequestCount":0,"guestlists":null},"quantity":2,"netPrice":"16.81","grossPrice":"20","vatRate":"19","vatAmount":"3.19","totalNetPrice":"33.62","totalGrossPrice":"40","totalVatAmount":"6.38"}]},{"id":4,"createdAt":"2025-05-15T22:43:50.121936+02:00","createdById":2,"createdBy":{"id":2,"createdAt":"2025-05-15T22:43:46.966344+02:00","updatedAt":"2025-05-15T22:43:46.966344+02:00","deletedAt":null,"username":"demo","email":"demo@example.com","admin":false},"paymentMethod":"CASH","totalNetPrice":"84.05","totalGrossPrice":"100","totalVatAmount":"15.95","purchaseItems":[{"id":9,"purchaseID":4,"productID":13,"product":{"id":13,"name":"👕 Femal L","netPrice":"16.81","grossPrice":"20","vatRate":"19","vatAmount":"3.19","wrapAfter":false,"hidden":false,"soldOut":false,"apiExport":false,"pos":10,"totalStock":19,"unitsSold":0,"soldOutRequestCount":0,"guestlists":null},"quantity":3,"netPrice":"16.81","grossPrice":"20","vatRate":"19","vatAmount":"3.19","totalNetPrice":"50.43","totalGrossPrice":"60","totalVatAmount":"9.57"},{"id":10,"purchaseID":4,"productID":15,"product":{"id":15,"name":"👕 Femal XXL","netPrice":"16.81","grossPrice":"20","vatRate":"19","vatAmount":"3.19","wrapAfter":false,"hidden":false,"soldOut":false,"apiExport":false,"pos":10,"totalStock":14,"unitsSold":0,"soldOutRequestCount":0,"guestlists":null},"quantity":2,"netPrice":"16.81","grossPrice":"20","vatRate":"19","vatAmount":"3.19","totalNetPrice":"33.62","totalGrossPrice":"40","totalVatAmount":"6.38"}]},{"id":1,"createdAt":"2025-05-15T22:43:47.763235+02:00","createdById":2,"createdBy":{"id":2,"createdAt":"2025-05-15T22:43:46.966344+02:00","updatedAt":"2025-05-15T22:43:46.966344+02:00","deletedAt":null,"username":"demo","email":"demo@example.com","admin":false},"paymentMethod":"CASH","totalNetPrice":"84.05","totalGrossPrice":"100","totalVatAmount":"15.95","purchaseItems":[{"id":1,"purchaseID":1,"productID":14,"product":{"id":14,"name":"👕 Femal XL","netPrice":"16.81","grossPrice":"20","vatRate":"19","vatAmount":"3.19","wrapAfter":false,"hidden":false,"soldOut":false,"apiExport":false,"pos":10,"totalStock":12,"unitsSold":0,"soldOutRequestCount":0,"guestlists":null},"quantity":1,"netPrice":"16.81","grossPrice":"20","vatRate":"19","vatAmount":"3.19","totalNetPrice":"16.81","totalGrossPrice":"20","totalVatAmount":"3.19"},{"id":2,"purchaseID":1,"productID":11,"product":{"id":11,"name":"👕 Femal S","netPrice":"16.81","grossPrice":"20","vatRate":"19","vatAmount":"3.19","wrapAfter":false,"hidden":false,"soldOut":false,"apiExport":false,"pos":10,"totalStock":26,"unitsSold":0,"soldOutRequestCount":0,"guestlists":null},"quantity":1,"netPrice":"16.81","grossPrice":"20","vatRate":"19","vatAmount":"3.19","totalNetPrice":"16.81","totalGrossPrice":"20","totalVatAmount":"3.19"},{"id":3,"purchaseID":1,"productID":14,"product":{"id":14,"name":"👕 Femal XL","netPrice":"16.81","grossPrice":"20","vatRate":"19","vatAmount":"3.19","wrapAfter":false,"hidden":false,"soldOut":false,"apiExport":false,"pos":10,"totalStock":12,"unitsSold":0,"soldOutRequestCount":0,"guestlists":null},"quantity":3,"netPrice":"16.81","grossPrice":"20","vatRate":"19","vatAmount":"3.19","totalNetPrice":"50.43","totalGrossPrice":"60","totalVatAmount":"9.57"}]}]
    printer.go:116: GET /api/v2/purchases?_sort=createdBy.username HTTP/1.1
        Authorization: Bearer eyJhbGciOiJIUzI1NiIsInR5cCI6IkpXVCJ9.eyJJRCI6MiwiZXhwIjoxNzQ3MzQyNDM2LCJvcmlnX2lhdCI6MTc0NzM0MTgzNn0.8TtapoGD-aAJe0hNakkjEEieN8Ej5rQRh8khNSE3BWg
        
[GIN] 2025/05/15 - 22:43:57 | 200 |     507.959µs |                 | GET      "/api/v2/purchases?_sort=createdBy.username"
    printer.go:133: HTTP/0.0 200 OK 512.125µs
        Content-Type: application/json; charset=utf-8
        X-Total-Count: 9
        
        [{"id":9,"createdAt":"2025-05-15T22:43:54.134507+02:00","createdById":2,"createdBy":{"id":2,"createdAt":"2025-05-15T22:43:46.966344+02:00","updatedAt":"2025-05-15T22:43:46.966344+02:00","deletedAt":null,"username":"demo","email":"demo@example.com","admin":false},"paymentMethod":"CASH","totalNetPrice":"117.67","totalGrossPrice":"140","totalVatAmount":"22.33","purchaseItems":[{"id":25,"purchaseID":9,"productID":9,"product":{"id":9,"name":"👕 Male XXL","netPrice":"16.81","grossPrice":"20","vatRate":"19","vatAmount":"3.19","wrapAfter":false,"hidden":false,"soldOut":false,"apiExport":false,"pos":10,"totalStock":12,"unitsSold":0,"soldOutRequestCount":0,"guestlists":null},"quantity":2,"netPrice":"16.81","grossPrice":"20","vatRate":"19","vatAmount":"3.19","totalNetPrice":"33.62","totalGrossPrice":"40","totalVatAmount":"6.38"},{"id":26,"purchaseID":9,"productID":12,"product":{"id":12,"name":"👕 Femal M","netPrice":"16.81","grossPrice":"20","vatRate":"19","vatAmount":"3.19","wrapAfter":false,"hidden":false,"soldOut":false,"apiExport":false,"pos":10,"totalStock":7,"unitsSold":0,"soldOutRequestCount":0,"guestlists":null},"quantity":3,"netPrice":"16.81","grossPrice":"20","vatRate":"19","vatAmount":"3.19","totalNetPrice":"50.43","totalGrossPrice":"60","totalVatAmount":"9.57"},{"id":27,"purchaseID":9,"productID":12,"product":{"id":12,"name":"👕 Femal M","netPrice":"16.81","grossPrice":"20","vatRate":"19","vatAmount":"3.19","wrapAfter":false,"hidden":false,"soldOut":false,"apiExport":false,"pos":10,"totalStock":7,"unitsSold":0,"soldOutRequestCount":0,"guestlists":null},"quantity":2,"netPrice":"16.81","grossPrice":"20","vatRate":"19","vatAmount":"3.19","totalNetPrice":"33.62","totalGrossPrice":"40","totalVatAmount":"6.38"}]},{"id":8,"createdAt":"2025-05-15T22:43:53.33726+02:00","createdById":2,"createdBy":{"id":2,"createdAt":"2025-05-15T22:43:46.966344+02:00","updatedAt":"2025-05-15T22:43:46.966344+02:00","deletedAt":null,"username":"demo","email":"demo@example.com","admin":false},"paymentMethod":"CC","totalNetPrice":"168.1","totalGrossPrice":"200","totalVatAmount":"31.9","purchaseItems":[{"id":20,"purchaseID":8,"productID":11,"product":{"id":11,"name":"👕 Femal S","netPrice":"16.81","grossPrice":"20","vatRate":"19","vatAmount":"3.19","wrapAfter":false,"hidden":false,"soldOut":false,"apiExport":false,"pos":10,"totalStock":26,"unitsSold":0,"soldOutRequestCount":0,"guestlists":null},"quantity":1,"netPrice":"16.81","grossPrice":"20","vatRate":"19","vatAmount":"3.19","totalNetPrice":"16.81","totalGrossPrice":"20","totalVatAmount":"3.19"},{"id":21,"purchaseID":8,"productID":13,"product":{"id":13,"name":"👕 Femal L","netPrice":"16.81","grossPrice":"20","vatRate":"19","vatAmount":"3.19","wrapAfter":false,"hidden":false,"soldOut":false,"apiExport":false,"pos":10,"totalStock":19,"unitsSold":0,"soldOutRequestCount":0,"guestlists":null},"quantity":3,"netPrice":"16.81","grossPrice":"20","vatRate":"19","vatAmount":"3.19","totalNetPrice":"50.43","totalGrossPrice":"60","totalVatAmount":"9.57"},{"id":22,"purchaseID":8,"productID":5,"product":{"id":5,"name":"👕 Male S","netPrice":"16.81","grossPrice":"20","vatRate":"19","vatAmount":"3.19","wrapAfter":false,"hidden":false,"soldOut":false,"apiExport":false,"pos":10,"totalStock":30,"unitsSold":0,"soldOutRequestCount":0,"guestlists":null},"quantity":1,"netPrice":"16.81","grossPrice":"20","vatRate":"19","vatAmount":"3.19","totalNetPrice":"16.81","totalGrossPrice":"20","totalVatAmount":"3.19"},{"id":23,"purchaseID":8,"productID":8,"product":{"id":8,"name":"👕 Male XL","netPrice":"16.81","grossPrice":"20","vatRate":"19","vatAmount":"3.19","wrapAfter":false,"hidden":false,"soldOut":false,"apiExport":false,"pos":10,"totalStock":28,"unitsSold":0,"soldOutRequestCount":0,"guestlists":null},"quantity":3,"netPrice":"16.81","grossPrice":"20","vatRate":"19","vatAmount":"3.19","totalNetPrice":"50.43","totalGrossPrice":"60","totalVatAmount":"9.57"},{"id":24,"purchaseID":8,"productID":7,"product":{"id":7,"name":"👕 Male L","netPrice":"16.81","grossPrice":"20","vatRate":"19","vatAmount":"3.19","wrapAfter":false,"hidden":false,"soldOut":false,"apiExport":false,"pos":10,"totalStock":27,"unitsSold":0,"soldOutRequestCount":0,"guestlists":null},"quantity":2,"netPrice":"16.81","grossPrice":"20","vatRate":"19","vatAmount":"3.19","totalNetPrice":"33.62","totalGrossPrice":"40","totalVatAmount":"6.38"}]},{"id":7,"createdAt":"2025-05-15T22:43:52.535447+02:00","createdById":2,"createdBy":{"id":2,"createdAt":"2025-05-15T22:43:46.966344+02:00","updatedAt":"2025-05-15T22:43:46.966344+02:00","deletedAt":null,"username":"demo","email":"demo@example.com","admin":false},"paymentMethod":"CC","totalNetPrice":"84.05","totalGrossPrice":"100","totalVatAmount":"15.95","purchaseItems":[{"id":17,"purchaseID":7,"productID":4,"product":{"id":4,"name":"🎟️ Prepaid","netPrice":"0","grossPrice":"0","vatRate":"0","vatAmount":"0","wrapAfter":true,"hidden":false,"soldOut":false,"apiExport":true,"pos":4,"totalStock":0,"unitsSold":0,"soldOutRequestCount":0,"guestlists":null},"quantity":2,"netPrice":"0","grossPrice":"0","vatRate":"0","vatAmount":"0","totalNetPrice":"0","totalGrossPrice":"0","totalVatAmount":"0"},{"id":18,"purchaseID":7,"productID":7,"product":{"id":7,"name":"👕 Male L","netPrice":"16.81","grossPrice":"20","vatRate":"19","vatAmount":"3.19","wrapAfter":false,"hidden":false,"soldOut":false,"apiExport":false,"pos":10,"totalStock":27,"unitsSold":0,"soldOutRequestCount":0,"guestlists":null},"quantity":3,"netPrice":"16.81","grossPrice":"20","vatRate":"19","vatAmount":"3.19","totalNetPrice":"50.43","totalGrossPrice":"60","totalVatAmount":"9.57"},{"id":19,"purchaseID":7,"productID":12,"product":{"id":12,"name":"👕 Femal M","netPrice":"16.81","grossPrice":"20","vatRate":"19","vatAmount":"3.19","wrapAfter":false,"hidden":false,"soldOut":false,"apiExport":false,"pos":10,"totalStock":7,"unitsSold":0,"soldOutRequestCount":0,"guestlists":null},"quantity":2,"netPrice":"16.81","grossPrice":"20","vatRate":"19","vatAmount":"3.19","totalNetPrice":"33.62","totalGrossPrice":"40","totalVatAmount":"6.38"}]},{"id":6,"createdAt":"2025-05-15T22:43:51.714557+02:00","createdById":2,"createdBy":{"id":2,"createdAt":"2025-05-15T22:43:46.966344+02:00","updatedAt":"2025-05-15T22:43:46.966344+02:00","deletedAt":null,"username":"demo","email":"demo@example.com","admin":false},"paymentMethod":"CC","totalNetPrice":"85.73","totalGrossPrice":"102","totalVatAmount":"16.27","purchaseItems":[{"id":13,"purchaseID":6,"productID":4,"product":{"id":4,"name":"🎟️ Prepaid","netPrice":"0","grossPrice":"0","vatRate":"0","vatAmount":"0","wrapAfter":true,"hidden":false,"soldOut":false,"apiExport":true,"pos":4,"totalStock":0,"unitsSold":0,"soldOutRequestCount":0,"guestlists":null},"quantity":3,"netPrice":"0","grossPrice":"0","vatRate":"0","vatAmount":"0","totalNetPrice":"0","totalGrossPrice":"0","totalVatAmount":"0"},{"id":14,"purchaseID":6,"productID":16,"product":{"id":16,"name":"☕ Coffee Mug","netPrice":"0.84","grossPrice":"1","vatRate":"19","vatAmount":"0.16","wrapAfter":false,"hidden":false,"soldOut":false,"apiExport":false,"pos":30,"totalStock":0,"unitsSold":0,"soldOutRequestCount":0,"guestlists":null},"quantity":2,"netPrice":"0.84","grossPrice":"1","vatRate":"19","vatAmount":"0.16","totalNetPrice":"1.68","totalGrossPrice":"2","totalVatAmount":"0.32"},{"id":15,"purchaseID":6,"productID":13,"product":{"id":13,"name":"👕 Femal L","netPrice":"16.81","grossPrice":"20","vatRate":"19","vatAmount":"3.19","wrapAfter":false,"hidden":false,"soldOut":false,"apiExport":false,"pos":10,"totalStock":19,"unitsSold":0,"soldOutRequestCount":0,"guestlists":null},"quantity":2,"netPrice":"16.81","grossPrice":"20","vatRate":"19","vatAmount":"3.19","totalNetPrice":"33.62","totalGrossPrice":"40","totalVatAmount":"6.38"},{"id":16,"purchaseID":6,"productID":11,"product":{"id":11,"name":"👕 Femal S","netPrice":"16.81","grossPrice":"20","vatRate":"19","vatAmount":"3.19","wrapAfter":false,"hidden":false,"soldOut":false,"apiExport":false,"pos":10,"totalStock":26,"unitsSold":0,"soldOutRequestCount":0,"guestlists":null},"quantity":3,"netPrice":"16.81","grossPrice":"20","vatRate":"19","vatAmount":"3.19","totalNetPrice":"50.43","totalGrossPrice":"60","totalVatAmount":"9.57"}]},{"id":5,"createdAt":"2025-05-15T22:43:50.916816+02:00","createdById":2,"createdBy":{"id":2,"createdAt":"2025-05-15T22:43:46.966344+02:00","updatedAt":"2025-05-15T22:43:46.966344+02:00","deletedAt":null,"username":"demo","email":"demo@example.com","admin":false},"paymentMethod":"CASH","totalNetPrice":"67.24","totalGrossPrice":"80","totalVatAmount":"12.76","purchaseItems":[{"id":11,"purchaseID":5,"productID":11,"product":{"id":11,"name":"👕 Femal S","netPrice":"16.81","grossPrice":"20","vatRate":"19","vatAmount":"3.19","wrapAfter":false,"hidden":false,"soldOut":false,"apiExport":false,"pos":10,"totalStock":26,"unitsSold":0,"soldOutRequestCount":0,"guestlists":null},"quantity":2,"netPrice":"16.81","grossPrice":"20","vatRate":"19","vatAmount":"3.19","totalNetPrice":"33.62","totalGrossPrice":"40","totalVatAmount":"6.38"},{"id":12,"purchaseID":5,"productID":5,"product":{"id":5,"name":"👕 Male S","netPrice":"16.81","grossPrice":"20","vatRate":"19","vatAmount":"3.19","wrapAfter":false,"hidden":false,"soldOut":false,"apiExport":false,"pos":10,"totalStock":30,"unitsSold":0,"soldOutRequestCount":0,"guestlists":null},"quantity":2,"netPrice":"16.81","grossPrice":"20","vatRate":"19","vatAmount":"3.19","totalNetPrice":"33.62","totalGrossPrice":"40","totalVatAmount":"6.38"}]},{"id":4,"createdAt":"2025-05-15T22:43:50.121936+02:00","createdById":2,"createdBy":{"id":2,"createdAt":"2025-05-15T22:43:46.966344+02:00","updatedAt":"2025-05-15T22:43:46.966344+02:00","deletedAt":null,"username":"demo","email":"demo@example.com","admin":false},"paymentMethod":"CASH","totalNetPrice":"84.05","totalGrossPrice":"100","totalVatAmount":"15.95","purchaseItems":[{"id":9,"purchaseID":4,"productID":13,"product":{"id":13,"name":"👕 Femal L","netPrice":"16.81","grossPrice":"20","vatRate":"19","vatAmount":"3.19","wrapAfter":false,"hidden":false,"soldOut":false,"apiExport":false,"pos":10,"totalStock":19,"unitsSold":0,"soldOutRequestCount":0,"guestlists":null},"quantity":3,"netPrice":"16.81","grossPrice":"20","vatRate":"19","vatAmount":"3.19","totalNetPrice":"50.43","totalGrossPrice":"60","totalVatAmount":"9.57"},{"id":10,"purchaseID":4,"productID":15,"product":{"id":15,"name":"👕 Femal XXL","netPrice":"16.81","grossPrice":"20","vatRate":"19","vatAmount":"3.19","wrapAfter":false,"hidden":false,"soldOut":false,"apiExport":false,"pos":10,"totalStock":14,"unitsSold":0,"soldOutRequestCount":0,"guestlists":null},"quantity":2,"netPrice":"16.81","grossPrice":"20","vatRate":"19","vatAmount":"3.19","totalNetPrice":"33.62","totalGrossPrice":"40","totalVatAmount":"6.38"}]},{"id":3,"createdAt":"2025-05-15T22:43:49.336166+02:00","createdById":2,"createdBy":{"id":2,"createdAt":"2025-05-15T22:43:46.966344+02:00","updatedAt":"2025-05-15T22:43:46.966344+02:00","deletedAt":null,"username":"demo","email":"demo@example.com","admin":false},"paymentMethod":"CC","totalNetPrice":"168.1","totalGrossPrice":"200","totalVatAmount":"31.9","purchaseItems":[{"id":5,"purchaseID":3,"productID":5,"product":{"id":5,"name":"👕 Male S","netPrice":"16.81","grossPrice":"20","vatRate":"19","vatAmount":"3.19","wrapAfter":false,"hidden":false,"soldOut":false,"apiExport":false,"pos":10,"totalStock":30,"unitsSold":0,"soldOutRequestCount":0,"guestlists":null},"quantity":3,"netPrice":"16.81","grossPrice":"20","vatRate":"19","vatAmount":"3.19","totalNetPrice":"50.43","totalGrossPrice":"60","totalVatAmount":"9.57"},{"id":6,"purchaseID":3,"productID":13,"product":{"id":13,"name":"👕 Femal L","netPrice":"16.81","grossPrice":"20","vatRate":"19","vatAmount":"3.19","wrapAfter":false,"hidden":false,"soldOut":false,"apiExport":false,"pos":10,"totalStock":19,"unitsSold":0,"soldOutRequestCount":0,"guestlists":null},"quantity":3,"netPrice":"16.81","grossPrice":"20","vatRate":"19","vatAmount":"3.19","totalNetPrice":"50.43","totalGrossPrice":"60","totalVatAmount":"9.57"},{"id":7,"purchaseID":3,"productID":9,"product":{"id":9,"name":"👕 Male XXL","netPrice":"16.81","grossPrice":"20","vatRate":"19","vatAmount":"3.19","wrapAfter":false,"hidden":false,"soldOut":false,"apiExport":false,"pos":10,"totalStock":12,"unitsSold":0,"soldOutRequestCount":0,"guestlists":null},"quantity":3,"netPrice":"16.81","grossPrice":"20","vatRate":"19","vatAmount":"3.19","totalNetPrice":"50.43","totalGrossPrice":"60","totalVatAmount":"9.57"},{"id":8,"purchaseID":3,"productID":5,"product":{"id":5,"name":"👕 Male S","netPrice":"16.81","grossPrice":"20","vatRate":"19","vatAmount":"3.19","wrapAfter":false,"hidden":false,"soldOut":false,"apiExport":false,"pos":10,"totalStock":30,"unitsSold":0,"soldOutRequestCount":0,"guestlists":null},"quantity":1,"netPrice":"16.81","grossPrice":"20","vatRate":"19","vatAmount":"3.19","totalNetPrice":"16.81","totalGrossPrice":"20","totalVatAmount":"3.19"}]},{"id":2,"createdAt":"2025-05-15T22:43:48.550209+02:00","createdById":2,"createdBy":{"id":2,"createdAt":"2025-05-15T22:43:46.966344+02:00","updatedAt":"2025-05-15T22:43:46.966344+02:00","deletedAt":null,"username":"demo","email":"demo@example.com","admin":false},"paymentMethod":"CASH","totalNetPrice":"2.52","totalGrossPrice":"3","totalVatAmount":"0.48","purchaseItems":[{"id":4,"purchaseID":2,"productID":16,"product":{"id":16,"name":"☕ Coffee Mug","netPrice":"0.84","grossPrice":"1","vatRate":"19","vatAmount":"0.16","wrapAfter":false,"hidden":false,"soldOut":false,"apiExport":false,"pos":30,"totalStock":0,"unitsSold":0,"soldOutRequestCount":0,"guestlists":null},"quantity":3,"netPrice":"0.84","grossPrice":"1","vatRate":"19","vatAmount":"0.16","totalNetPrice":"2.52","totalGrossPrice":"3","totalVatAmount":"0.48"}]},{"id":1,"createdAt":"2025-05-15T22:43:47.763235+02:00","createdById":2,"createdBy":{"id":2,"createdAt":"2025-05-15T22:43:46.966344+02:00","updatedAt":"2025-05-15T22:43:46.966344+02:00","deletedAt":null,"username":"demo","email":"demo@example.com","admin":false},"paymentMethod":"CASH","totalNetPrice":"84.05","totalGrossPrice":"100","totalVatAmount":"15.95","purchaseItems":[{"id":1,"purchaseID":1,"productID":14,"product":{"id":14,"name":"👕 Femal XL","netPrice":"16.81","grossPrice":"20","vatRate":"19","vatAmount":"3.19","wrapAfter":false,"hidden":false,"soldOut":false,"apiExport":false,"pos":10,"totalStock":12,"unitsSold":0,"soldOutRequestCount":0,"guestlists":null},"quantity":1,"netPrice":"16.81","grossPrice":"20","vatRate":"19","vatAmount":"3.19","totalNetPrice":"16.81","totalGrossPrice":"20","totalVatAmount":"3.19"},{"id":2,"purchaseID":1,"productID":11,"product":{"id":11,"name":"👕 Femal S","netPrice":"16.81","grossPrice":"20","vatRate":"19","vatAmount":"3.19","wrapAfter":false,"hidden":false,"soldOut":false,"apiExport":false,"pos":10,"totalStock":26,"unitsSold":0,"soldOutRequestCount":0,"guestlists":null},"quantity":1,"netPrice":"16.81","grossPrice":"20","vatRate":"19","vatAmount":"3.19","totalNetPrice":"16.81","totalGrossPrice":"20","totalVatAmount":"3.19"},{"id":3,"purchaseID":1,"productID":14,"product":{"id":14,"name":"👕 Femal XL","netPrice":"16.81","grossPrice":"20","vatRate":"19","vatAmount":"3.19","wrapAfter":false,"hidden":false,"soldOut":false,"apiExport":false,"pos":10,"totalStock":12,"unitsSold":0,"soldOutRequestCount":0,"guestlists":null},"quantity":3,"netPrice":"16.81","grossPrice":"20","vatRate":"19","vatAmount":"3.19","totalNetPrice":"50.43","totalGrossPrice":"60","totalVatAmount":"9.57"}]}]
    printer.go:116: GET /api/v2/purchases?_sort=paymentMethod HTTP/1.1
        Authorization: Bearer eyJhbGciOiJIUzI1NiIsInR5cCI6IkpXVCJ9.eyJJRCI6MiwiZXhwIjoxNzQ3MzQyNDM2LCJvcmlnX2lhdCI6MTc0NzM0MTgzNn0.8TtapoGD-aAJe0hNakkjEEieN8Ej5rQRh8khNSE3BWg
        
[GIN] 2025/05/15 - 22:43:57 | 200 |     428.834µs |                 | GET      "/api/v2/purchases?_sort=paymentMethod"
    printer.go:133: HTTP/0.0 200 OK 436.125µs
        Content-Type: application/json; charset=utf-8
        X-Total-Count: 9
        
        [{"id":8,"createdAt":"2025-05-15T22:43:53.33726+02:00","createdById":2,"createdBy":{"id":2,"createdAt":"2025-05-15T22:43:46.966344+02:00","updatedAt":"2025-05-15T22:43:46.966344+02:00","deletedAt":null,"username":"demo","email":"demo@example.com","admin":false},"paymentMethod":"CC","totalNetPrice":"168.1","totalGrossPrice":"200","totalVatAmount":"31.9","purchaseItems":[{"id":20,"purchaseID":8,"productID":11,"product":{"id":11,"name":"👕 Femal S","netPrice":"16.81","grossPrice":"20","vatRate":"19","vatAmount":"3.19","wrapAfter":false,"hidden":false,"soldOut":false,"apiExport":false,"pos":10,"totalStock":26,"unitsSold":0,"soldOutRequestCount":0,"guestlists":null},"quantity":1,"netPrice":"16.81","grossPrice":"20","vatRate":"19","vatAmount":"3.19","totalNetPrice":"16.81","totalGrossPrice":"20","totalVatAmount":"3.19"},{"id":21,"purchaseID":8,"productID":13,"product":{"id":13,"name":"👕 Femal L","netPrice":"16.81","grossPrice":"20","vatRate":"19","vatAmount":"3.19","wrapAfter":false,"hidden":false,"soldOut":false,"apiExport":false,"pos":10,"totalStock":19,"unitsSold":0,"soldOutRequestCount":0,"guestlists":null},"quantity":3,"netPrice":"16.81","grossPrice":"20","vatRate":"19","vatAmount":"3.19","totalNetPrice":"50.43","totalGrossPrice":"60","totalVatAmount":"9.57"},{"id":22,"purchaseID":8,"productID":5,"product":{"id":5,"name":"👕 Male S","netPrice":"16.81","grossPrice":"20","vatRate":"19","vatAmount":"3.19","wrapAfter":false,"hidden":false,"soldOut":false,"apiExport":false,"pos":10,"totalStock":30,"unitsSold":0,"soldOutRequestCount":0,"guestlists":null},"quantity":1,"netPrice":"16.81","grossPrice":"20","vatRate":"19","vatAmount":"3.19","totalNetPrice":"16.81","totalGrossPrice":"20","totalVatAmount":"3.19"},{"id":23,"purchaseID":8,"productID":8,"product":{"id":8,"name":"👕 Male XL","netPrice":"16.81","grossPrice":"20","vatRate":"19","vatAmount":"3.19","wrapAfter":false,"hidden":false,"soldOut":false,"apiExport":false,"pos":10,"totalStock":28,"unitsSold":0,"soldOutRequestCount":0,"guestlists":null},"quantity":3,"netPrice":"16.81","grossPrice":"20","vatRate":"19","vatAmount":"3.19","totalNetPrice":"50.43","totalGrossPrice":"60","totalVatAmount":"9.57"},{"id":24,"purchaseID":8,"productID":7,"product":{"id":7,"name":"👕 Male L","netPrice":"16.81","grossPrice":"20","vatRate":"19","vatAmount":"3.19","wrapAfter":false,"hidden":false,"soldOut":false,"apiExport":false,"pos":10,"totalStock":27,"unitsSold":0,"soldOutRequestCount":0,"guestlists":null},"quantity":2,"netPrice":"16.81","grossPrice":"20","vatRate":"19","vatAmount":"3.19","totalNetPrice":"33.62","totalGrossPrice":"40","totalVatAmount":"6.38"}]},{"id":7,"createdAt":"2025-05-15T22:43:52.535447+02:00","createdById":2,"createdBy":{"id":2,"createdAt":"2025-05-15T22:43:46.966344+02:00","updatedAt":"2025-05-15T22:43:46.966344+02:00","deletedAt":null,"username":"demo","email":"demo@example.com","admin":false},"paymentMethod":"CC","totalNetPrice":"84.05","totalGrossPrice":"100","totalVatAmount":"15.95","purchaseItems":[{"id":17,"purchaseID":7,"productID":4,"product":{"id":4,"name":"🎟️ Prepaid","netPrice":"0","grossPrice":"0","vatRate":"0","vatAmount":"0","wrapAfter":true,"hidden":false,"soldOut":false,"apiExport":true,"pos":4,"totalStock":0,"unitsSold":0,"soldOutRequestCount":0,"guestlists":null},"quantity":2,"netPrice":"0","grossPrice":"0","vatRate":"0","vatAmount":"0","totalNetPrice":"0","totalGrossPrice":"0","totalVatAmount":"0"},{"id":18,"purchaseID":7,"productID":7,"product":{"id":7,"name":"👕 Male L","netPrice":"16.81","grossPrice":"20","vatRate":"19","vatAmount":"3.19","wrapAfter":false,"hidden":false,"soldOut":false,"apiExport":false,"pos":10,"totalStock":27,"unitsSold":0,"soldOutRequestCount":0,"guestlists":null},"quantity":3,"netPrice":"16.81","grossPrice":"20","vatRate":"19","vatAmount":"3.19","totalNetPrice":"50.43","totalGrossPrice":"60","totalVatAmount":"9.57"},{"id":19,"purchaseID":7,"productID":12,"product":{"id":12,"name":"👕 Femal M","netPrice":"16.81","grossPrice":"20","vatRate":"19","vatAmount":"3.19","wrapAfter":false,"hidden":false,"soldOut":false,"apiExport":false,"pos":10,"totalStock":7,"unitsSold":0,"soldOutRequestCount":0,"guestlists":null},"quantity":2,"netPrice":"16.81","grossPrice":"20","vatRate":"19","vatAmount":"3.19","totalNetPrice":"33.62","totalGrossPrice":"40","totalVatAmount":"6.38"}]},{"id":6,"createdAt":"2025-05-15T22:43:51.714557+02:00","createdById":2,"createdBy":{"id":2,"createdAt":"2025-05-15T22:43:46.966344+02:00","updatedAt":"2025-05-15T22:43:46.966344+02:00","deletedAt":null,"username":"demo","email":"demo@example.com","admin":false},"paymentMethod":"CC","totalNetPrice":"85.73","totalGrossPrice":"102","totalVatAmount":"16.27","purchaseItems":[{"id":13,"purchaseID":6,"productID":4,"product":{"id":4,"name":"🎟️ Prepaid","netPrice":"0","grossPrice":"0","vatRate":"0","vatAmount":"0","wrapAfter":true,"hidden":false,"soldOut":false,"apiExport":true,"pos":4,"totalStock":0,"unitsSold":0,"soldOutRequestCount":0,"guestlists":null},"quantity":3,"netPrice":"0","grossPrice":"0","vatRate":"0","vatAmount":"0","totalNetPrice":"0","totalGrossPrice":"0","totalVatAmount":"0"},{"id":14,"purchaseID":6,"productID":16,"product":{"id":16,"name":"☕ Coffee Mug","netPrice":"0.84","grossPrice":"1","vatRate":"19","vatAmount":"0.16","wrapAfter":false,"hidden":false,"soldOut":false,"apiExport":false,"pos":30,"totalStock":0,"unitsSold":0,"soldOutRequestCount":0,"guestlists":null},"quantity":2,"netPrice":"0.84","grossPrice":"1","vatRate":"19","vatAmount":"0.16","totalNetPrice":"1.68","totalGrossPrice":"2","totalVatAmount":"0.32"},{"id":15,"purchaseID":6,"productID":13,"product":{"id":13,"name":"👕 Femal L","netPrice":"16.81","grossPrice":"20","vatRate":"19","vatAmount":"3.19","wrapAfter":false,"hidden":false,"soldOut":false,"apiExport":false,"pos":10,"totalStock":19,"unitsSold":0,"soldOutRequestCount":0,"guestlists":null},"quantity":2,"netPrice":"16.81","grossPrice":"20","vatRate":"19","vatAmount":"3.19","totalNetPrice":"33.62","totalGrossPrice":"40","totalVatAmount":"6.38"},{"id":16,"purchaseID":6,"productID":11,"product":{"id":11,"name":"👕 Femal S","netPrice":"16.81","grossPrice":"20","vatRate":"19","vatAmount":"3.19","wrapAfter":false,"hidden":false,"soldOut":false,"apiExport":false,"pos":10,"totalStock":26,"unitsSold":0,"soldOutRequestCount":0,"guestlists":null},"quantity":3,"netPrice":"16.81","grossPrice":"20","vatRate":"19","vatAmount":"3.19","totalNetPrice":"50.43","totalGrossPrice":"60","totalVatAmount":"9.57"}]},{"id":3,"createdAt":"2025-05-15T22:43:49.336166+02:00","createdById":2,"createdBy":{"id":2,"createdAt":"2025-05-15T22:43:46.966344+02:00","updatedAt":"2025-05-15T22:43:46.966344+02:00","deletedAt":null,"username":"demo","email":"demo@example.com","admin":false},"paymentMethod":"CC","totalNetPrice":"168.1","totalGrossPrice":"200","totalVatAmount":"31.9","purchaseItems":[{"id":5,"purchaseID":3,"productID":5,"product":{"id":5,"name":"👕 Male S","netPrice":"16.81","grossPrice":"20","vatRate":"19","vatAmount":"3.19","wrapAfter":false,"hidden":false,"soldOut":false,"apiExport":false,"pos":10,"totalStock":30,"unitsSold":0,"soldOutRequestCount":0,"guestlists":null},"quantity":3,"netPrice":"16.81","grossPrice":"20","vatRate":"19","vatAmount":"3.19","totalNetPrice":"50.43","totalGrossPrice":"60","totalVatAmount":"9.57"},{"id":6,"purchaseID":3,"productID":13,"product":{"id":13,"name":"👕 Femal L","netPrice":"16.81","grossPrice":"20","vatRate":"19","vatAmount":"3.19","wrapAfter":false,"hidden":false,"soldOut":false,"apiExport":false,"pos":10,"totalStock":19,"unitsSold":0,"soldOutRequestCount":0,"guestlists":null},"quantity":3,"netPrice":"16.81","grossPrice":"20","vatRate":"19","vatAmount":"3.19","totalNetPrice":"50.43","totalGrossPrice":"60","totalVatAmount":"9.57"},{"id":7,"purchaseID":3,"productID":9,"product":{"id":9,"name":"👕 Male XXL","netPrice":"16.81","grossPrice":"20","vatRate":"19","vatAmount":"3.19","wrapAfter":false,"hidden":false,"soldOut":false,"apiExport":false,"pos":10,"totalStock":12,"unitsSold":0,"soldOutRequestCount":0,"guestlists":null},"quantity":3,"netPrice":"16.81","grossPrice":"20","vatRate":"19","vatAmount":"3.19","totalNetPrice":"50.43","totalGrossPrice":"60","totalVatAmount":"9.57"},{"id":8,"purchaseID":3,"productID":5,"product":{"id":5,"name":"👕 Male S","netPrice":"16.81","grossPrice":"20","vatRate":"19","vatAmount":"3.19","wrapAfter":false,"hidden":false,"soldOut":false,"apiExport":false,"pos":10,"totalStock":30,"unitsSold":0,"soldOutRequestCount":0,"guestlists":null},"quantity":1,"netPrice":"16.81","grossPrice":"20","vatRate":"19","vatAmount":"3.19","totalNetPrice":"16.81","totalGrossPrice":"20","totalVatAmount":"3.19"}]},{"id":9,"createdAt":"2025-05-15T22:43:54.134507+02:00","createdById":2,"createdBy":{"id":2,"createdAt":"2025-05-15T22:43:46.966344+02:00","updatedAt":"2025-05-15T22:43:46.966344+02:00","deletedAt":null,"username":"demo","email":"demo@example.com","admin":false},"paymentMethod":"CASH","totalNetPrice":"117.67","totalGrossPrice":"140","totalVatAmount":"22.33","purchaseItems":[{"id":25,"purchaseID":9,"productID":9,"product":{"id":9,"name":"👕 Male XXL","netPrice":"16.81","grossPrice":"20","vatRate":"19","vatAmount":"3.19","wrapAfter":false,"hidden":false,"soldOut":false,"apiExport":false,"pos":10,"totalStock":12,"unitsSold":0,"soldOutRequestCount":0,"guestlists":null},"quantity":2,"netPrice":"16.81","grossPrice":"20","vatRate":"19","vatAmount":"3.19","totalNetPrice":"33.62","totalGrossPrice":"40","totalVatAmount":"6.38"},{"id":26,"purchaseID":9,"productID":12,"product":{"id":12,"name":"👕 Femal M","netPrice":"16.81","grossPrice":"20","vatRate":"19","vatAmount":"3.19","wrapAfter":false,"hidden":false,"soldOut":false,"apiExport":false,"pos":10,"totalStock":7,"unitsSold":0,"soldOutRequestCount":0,"guestlists":null},"quantity":3,"netPrice":"16.81","grossPrice":"20","vatRate":"19","vatAmount":"3.19","totalNetPrice":"50.43","totalGrossPrice":"60","totalVatAmount":"9.57"},{"id":27,"purchaseID":9,"productID":12,"product":{"id":12,"name":"👕 Femal M","netPrice":"16.81","grossPrice":"20","vatRate":"19","vatAmount":"3.19","wrapAfter":false,"hidden":false,"soldOut":false,"apiExport":false,"pos":10,"totalStock":7,"unitsSold":0,"soldOutRequestCount":0,"guestlists":null},"quantity":2,"netPrice":"16.81","grossPrice":"20","vatRate":"19","vatAmount":"3.19","totalNetPrice":"33.62","totalGrossPrice":"40","totalVatAmount":"6.38"}]},{"id":5,"createdAt":"2025-05-15T22:43:50.916816+02:00","createdById":2,"createdBy":{"id":2,"createdAt":"2025-05-15T22:43:46.966344+02:00","updatedAt":"2025-05-15T22:43:46.966344+02:00","deletedAt":null,"username":"demo","email":"demo@example.com","admin":false},"paymentMethod":"CASH","totalNetPrice":"67.24","totalGrossPrice":"80","totalVatAmount":"12.76","purchaseItems":[{"id":11,"purchaseID":5,"productID":11,"product":{"id":11,"name":"👕 Femal S","netPrice":"16.81","grossPrice":"20","vatRate":"19","vatAmount":"3.19","wrapAfter":false,"hidden":false,"soldOut":false,"apiExport":false,"pos":10,"totalStock":26,"unitsSold":0,"soldOutRequestCount":0,"guestlists":null},"quantity":2,"netPrice":"16.81","grossPrice":"20","vatRate":"19","vatAmount":"3.19","totalNetPrice":"33.62","totalGrossPrice":"40","totalVatAmount":"6.38"},{"id":12,"purchaseID":5,"productID":5,"product":{"id":5,"name":"👕 Male S","netPrice":"16.81","grossPrice":"20","vatRate":"19","vatAmount":"3.19","wrapAfter":false,"hidden":false,"soldOut":false,"apiExport":false,"pos":10,"totalStock":30,"unitsSold":0,"soldOutRequestCount":0,"guestlists":null},"quantity":2,"netPrice":"16.81","grossPrice":"20","vatRate":"19","vatAmount":"3.19","totalNetPrice":"33.62","totalGrossPrice":"40","totalVatAmount":"6.38"}]},{"id":4,"createdAt":"2025-05-15T22:43:50.121936+02:00","createdById":2,"createdBy":{"id":2,"createdAt":"2025-05-15T22:43:46.966344+02:00","updatedAt":"2025-05-15T22:43:46.966344+02:00","deletedAt":null,"username":"demo","email":"demo@example.com","admin":false},"paymentMethod":"CASH","totalNetPrice":"84.05","totalGrossPrice":"100","totalVatAmount":"15.95","purchaseItems":[{"id":9,"purchaseID":4,"productID":13,"product":{"id":13,"name":"👕 Femal L","netPrice":"16.81","grossPrice":"20","vatRate":"19","vatAmount":"3.19","wrapAfter":false,"hidden":false,"soldOut":false,"apiExport":false,"pos":10,"totalStock":19,"unitsSold":0,"soldOutRequestCount":0,"guestlists":null},"quantity":3,"netPrice":"16.81","grossPrice":"20","vatRate":"19","vatAmount":"3.19","totalNetPrice":"50.43","totalGrossPrice":"60","totalVatAmount":"9.57"},{"id":10,"purchaseID":4,"productID":15,"product":{"id":15,"name":"👕 Femal XXL","netPrice":"16.81","grossPrice":"20","vatRate":"19","vatAmount":"3.19","wrapAfter":false,"hidden":false,"soldOut":false,"apiExport":false,"pos":10,"totalStock":14,"unitsSold":0,"soldOutRequestCount":0,"guestlists":null},"quantity":2,"netPrice":"16.81","grossPrice":"20","vatRate":"19","vatAmount":"3.19","totalNetPrice":"33.62","totalGrossPrice":"40","totalVatAmount":"6.38"}]},{"id":2,"createdAt":"2025-05-15T22:43:48.550209+02:00","createdById":2,"createdBy":{"id":2,"createdAt":"2025-05-15T22:43:46.966344+02:00","updatedAt":"2025-05-15T22:43:46.966344+02:00","deletedAt":null,"username":"demo","email":"demo@example.com","admin":false},"paymentMethod":"CASH","totalNetPrice":"2.52","totalGrossPrice":"3","totalVatAmount":"0.48","purchaseItems":[{"id":4,"purchaseID":2,"productID":16,"product":{"id":16,"name":"☕ Coffee Mug","netPrice":"0.84","grossPrice":"1","vatRate":"19","vatAmount":"0.16","wrapAfter":false,"hidden":false,"soldOut":false,"apiExport":false,"pos":30,"totalStock":0,"unitsSold":0,"soldOutRequestCount":0,"guestlists":null},"quantity":3,"netPrice":"0.84","grossPrice":"1","vatRate":"19","vatAmount":"0.16","totalNetPrice":"2.52","totalGrossPrice":"3","totalVatAmount":"0.48"}]},{"id":1,"createdAt":"2025-05-15T22:43:47.763235+02:00","createdById":2,"createdBy":{"id":2,"createdAt":"2025-05-15T22:43:46.966344+02:00","updatedAt":"2025-05-15T22:43:46.966344+02:00","deletedAt":null,"username":"demo","email":"demo@example.com","admin":false},"paymentMethod":"CASH","totalNetPrice":"84.05","totalGrossPrice":"100","totalVatAmount":"15.95","purchaseItems":[{"id":1,"purchaseID":1,"productID":14,"product":{"id":14,"name":"👕 Femal XL","netPrice":"16.81","grossPrice":"20","vatRate":"19","vatAmount":"3.19","wrapAfter":false,"hidden":false,"soldOut":false,"apiExport":false,"pos":10,"totalStock":12,"unitsSold":0,"soldOutRequestCount":0,"guestlists":null},"quantity":1,"netPrice":"16.81","grossPrice":"20","vatRate":"19","vatAmount":"3.19","totalNetPrice":"16.81","totalGrossPrice":"20","totalVatAmount":"3.19"},{"id":2,"purchaseID":1,"productID":11,"product":{"id":11,"name":"👕 Femal S","netPrice":"16.81","grossPrice":"20","vatRate":"19","vatAmount":"3.19","wrapAfter":false,"hidden":false,"soldOut":false,"apiExport":false,"pos":10,"totalStock":26,"unitsSold":0,"soldOutRequestCount":0,"guestlists":null},"quantity":1,"netPrice":"16.81","grossPrice":"20","vatRate":"19","vatAmount":"3.19","totalNetPrice":"16.81","totalGrossPrice":"20","totalVatAmount":"3.19"},{"id":3,"purchaseID":1,"productID":14,"product":{"id":14,"name":"👕 Femal XL","netPrice":"16.81","grossPrice":"20","vatRate":"19","vatAmount":"3.19","wrapAfter":false,"hidden":false,"soldOut":false,"apiExport":false,"pos":10,"totalStock":12,"unitsSold":0,"soldOutRequestCount":0,"guestlists":null},"quantity":3,"netPrice":"16.81","grossPrice":"20","vatRate":"19","vatAmount":"3.19","totalNetPrice":"50.43","totalGrossPrice":"60","totalVatAmount":"9.57"}]}]
--- PASS: TestGetPurchasesWithSort (0.00s)
=== RUN   TestCreatePurchaseWithList
    printer.go:116: POST /api/v2/purchases HTTP/1.1
        Authorization: Bearer eyJhbGciOiJIUzI1NiIsInR5cCI6IkpXVCJ9.eyJJRCI6MiwiZXhwIjoxNzQ3MzQyNDM2LCJvcmlnX2lhdCI6MTc0NzM0MTgzNn0.8TtapoGD-aAJe0hNakkjEEieN8Ej5rQRh8khNSE3BWg
        Content-Type: application/json; charset=utf-8
        
        {"cart":[{"ID":2,"listItems":[{"ID":1,"attendedGuests":1}],"quantity":1}],"paymentMethod":"CC","totalGrossPrice":"20","totalNetPrice":"18.69"}
[GIN] 2025/05/15 - 22:43:57 | 201 |     900.209µs |                 | POST     "/api/v2/purchases"
    printer.go:133: HTTP/0.0 201 Created 904.958µs
        Content-Type: application/json; charset=utf-8
        
        {"message":"Purchase successful","purchase":{"id":12,"createdAt":"2025-05-15T22:43:57.437378+02:00","createdById":2,"createdBy":null,"paymentMethod":"CC","totalNetPrice":"18.69","totalGrossPrice":"20","totalVatAmount":"1.31","purchaseItems":[{"id":30,"purchaseID":12,"productID":2,"product":{"id":2,"name":"🎟️ Reduced","netPrice":"18.69","grossPrice":"20","vatRate":"7","vatAmount":"1.31","wrapAfter":false,"hidden":false,"soldOut":false,"apiExport":true,"pos":2,"totalStock":0,"unitsSold":0,"soldOutRequestCount":0,"guestlists":null},"quantity":1,"netPrice":"18.69","grossPrice":"20","vatRate":"7","vatAmount":"1.31","totalNetPrice":"18.69","totalGrossPrice":"20","totalVatAmount":"1.31"}]}}
    printer.go:116: GET /api/v2/purchases/12 HTTP/1.1
        Authorization: Bearer eyJhbGciOiJIUzI1NiIsInR5cCI6IkpXVCJ9.eyJJRCI6MiwiZXhwIjoxNzQ3MzQyNDM2LCJvcmlnX2lhdCI6MTc0NzM0MTgzNn0.8TtapoGD-aAJe0hNakkjEEieN8Ej5rQRh8khNSE3BWg
        
[GIN] 2025/05/15 - 22:43:57 | 200 |     196.375µs |                 | GET      "/api/v2/purchases/12"
    printer.go:133: HTTP/0.0 200 OK 303.5µs
        Content-Type: application/json; charset=utf-8
        
        {"id":12,"createdAt":"2025-05-15T22:43:57.437378+02:00","createdById":2,"createdBy":null,"paymentMethod":"CC","totalNetPrice":"18.69","totalGrossPrice":"20","totalVatAmount":"1.31","purchaseItems":[{"id":30,"purchaseID":12,"productID":2,"product":{"id":2,"name":"🎟️ Reduced","netPrice":"18.69","grossPrice":"20","vatRate":"7","vatAmount":"1.31","wrapAfter":false,"hidden":false,"soldOut":false,"apiExport":true,"pos":2,"totalStock":0,"unitsSold":0,"soldOutRequestCount":0,"guestlists":null},"quantity":1,"netPrice":"18.69","grossPrice":"20","vatRate":"7","vatAmount":"1.31","totalNetPrice":"18.69","totalGrossPrice":"20","totalVatAmount":"1.31"}]}
    printer.go:116: GET /api/v2/purchases?_order=DESC&_sort=id HTTP/1.1
        Authorization: Bearer eyJhbGciOiJIUzI1NiIsInR5cCI6IkpXVCJ9.eyJJRCI6MiwiZXhwIjoxNzQ3MzQyNDM2LCJvcmlnX2lhdCI6MTc0NzM0MTgzNn0.8TtapoGD-aAJe0hNakkjEEieN8Ej5rQRh8khNSE3BWg
        
[GIN] 2025/05/15 - 22:43:57 | 200 |     517.417µs |                 | GET      "/api/v2/purchases?_order=DESC&_sort=id"
    printer.go:133: HTTP/0.0 200 OK 522.292µs
        Content-Type: application/json; charset=utf-8
        X-Total-Count: 10
        
        [{"id":12,"createdAt":"2025-05-15T22:43:57.437378+02:00","createdById":2,"createdBy":{"id":2,"createdAt":"2025-05-15T22:43:46.966344+02:00","updatedAt":"2025-05-15T22:43:46.966344+02:00","deletedAt":null,"username":"demo","email":"demo@example.com","admin":false},"paymentMethod":"CC","totalNetPrice":"18.69","totalGrossPrice":"20","totalVatAmount":"1.31","purchaseItems":[{"id":30,"purchaseID":12,"productID":2,"product":{"id":2,"name":"🎟️ Reduced","netPrice":"18.69","grossPrice":"20","vatRate":"7","vatAmount":"1.31","wrapAfter":false,"hidden":false,"soldOut":false,"apiExport":true,"pos":2,"totalStock":0,"unitsSold":0,"soldOutRequestCount":0,"guestlists":null},"quantity":1,"netPrice":"18.69","grossPrice":"20","vatRate":"7","vatAmount":"1.31","totalNetPrice":"18.69","totalGrossPrice":"20","totalVatAmount":"1.31"}]},{"id":9,"createdAt":"2025-05-15T22:43:54.134507+02:00","createdById":2,"createdBy":{"id":2,"createdAt":"2025-05-15T22:43:46.966344+02:00","updatedAt":"2025-05-15T22:43:46.966344+02:00","deletedAt":null,"username":"demo","email":"demo@example.com","admin":false},"paymentMethod":"CASH","totalNetPrice":"117.67","totalGrossPrice":"140","totalVatAmount":"22.33","purchaseItems":[{"id":25,"purchaseID":9,"productID":9,"product":{"id":9,"name":"👕 Male XXL","netPrice":"16.81","grossPrice":"20","vatRate":"19","vatAmount":"3.19","wrapAfter":false,"hidden":false,"soldOut":false,"apiExport":false,"pos":10,"totalStock":12,"unitsSold":0,"soldOutRequestCount":0,"guestlists":null},"quantity":2,"netPrice":"16.81","grossPrice":"20","vatRate":"19","vatAmount":"3.19","totalNetPrice":"33.62","totalGrossPrice":"40","totalVatAmount":"6.38"},{"id":26,"purchaseID":9,"productID":12,"product":{"id":12,"name":"👕 Femal M","netPrice":"16.81","grossPrice":"20","vatRate":"19","vatAmount":"3.19","wrapAfter":false,"hidden":false,"soldOut":false,"apiExport":false,"pos":10,"totalStock":7,"unitsSold":0,"soldOutRequestCount":0,"guestlists":null},"quantity":3,"netPrice":"16.81","grossPrice":"20","vatRate":"19","vatAmount":"3.19","totalNetPrice":"50.43","totalGrossPrice":"60","totalVatAmount":"9.57"},{"id":27,"purchaseID":9,"productID":12,"product":{"id":12,"name":"👕 Femal M","netPrice":"16.81","grossPrice":"20","vatRate":"19","vatAmount":"3.19","wrapAfter":false,"hidden":false,"soldOut":false,"apiExport":false,"pos":10,"totalStock":7,"unitsSold":0,"soldOutRequestCount":0,"guestlists":null},"quantity":2,"netPrice":"16.81","grossPrice":"20","vatRate":"19","vatAmount":"3.19","totalNetPrice":"33.62","totalGrossPrice":"40","totalVatAmount":"6.38"}]},{"id":8,"createdAt":"2025-05-15T22:43:53.33726+02:00","createdById":2,"createdBy":{"id":2,"createdAt":"2025-05-15T22:43:46.966344+02:00","updatedAt":"2025-05-15T22:43:46.966344+02:00","deletedAt":null,"username":"demo","email":"demo@example.com","admin":false},"paymentMethod":"CC","totalNetPrice":"168.1","totalGrossPrice":"200","totalVatAmount":"31.9","purchaseItems":[{"id":20,"purchaseID":8,"productID":11,"product":{"id":11,"name":"👕 Femal S","netPrice":"16.81","grossPrice":"20","vatRate":"19","vatAmount":"3.19","wrapAfter":false,"hidden":false,"soldOut":false,"apiExport":false,"pos":10,"totalStock":26,"unitsSold":0,"soldOutRequestCount":0,"guestlists":null},"quantity":1,"netPrice":"16.81","grossPrice":"20","vatRate":"19","vatAmount":"3.19","totalNetPrice":"16.81","totalGrossPrice":"20","totalVatAmount":"3.19"},{"id":21,"purchaseID":8,"productID":13,"product":{"id":13,"name":"👕 Femal L","netPrice":"16.81","grossPrice":"20","vatRate":"19","vatAmount":"3.19","wrapAfter":false,"hidden":false,"soldOut":false,"apiExport":false,"pos":10,"totalStock":19,"unitsSold":0,"soldOutRequestCount":0,"guestlists":null},"quantity":3,"netPrice":"16.81","grossPrice":"20","vatRate":"19","vatAmount":"3.19","totalNetPrice":"50.43","totalGrossPrice":"60","totalVatAmount":"9.57"},{"id":22,"purchaseID":8,"productID":5,"product":{"id":5,"name":"👕 Male S","netPrice":"16.81","grossPrice":"20","vatRate":"19","vatAmount":"3.19","wrapAfter":false,"hidden":false,"soldOut":false,"apiExport":false,"pos":10,"totalStock":30,"unitsSold":0,"soldOutRequestCount":0,"guestlists":null},"quantity":1,"netPrice":"16.81","grossPrice":"20","vatRate":"19","vatAmount":"3.19","totalNetPrice":"16.81","totalGrossPrice":"20","totalVatAmount":"3.19"},{"id":23,"purchaseID":8,"productID":8,"product":{"id":8,"name":"👕 Male XL","netPrice":"16.81","grossPrice":"20","vatRate":"19","vatAmount":"3.19","wrapAfter":false,"hidden":false,"soldOut":false,"apiExport":false,"pos":10,"totalStock":28,"unitsSold":0,"soldOutRequestCount":0,"guestlists":null},"quantity":3,"netPrice":"16.81","grossPrice":"20","vatRate":"19","vatAmount":"3.19","totalNetPrice":"50.43","totalGrossPrice":"60","totalVatAmount":"9.57"},{"id":24,"purchaseID":8,"productID":7,"product":{"id":7,"name":"👕 Male L","netPrice":"16.81","grossPrice":"20","vatRate":"19","vatAmount":"3.19","wrapAfter":false,"hidden":false,"soldOut":false,"apiExport":false,"pos":10,"totalStock":27,"unitsSold":0,"soldOutRequestCount":0,"guestlists":null},"quantity":2,"netPrice":"16.81","grossPrice":"20","vatRate":"19","vatAmount":"3.19","totalNetPrice":"33.62","totalGrossPrice":"40","totalVatAmount":"6.38"}]},{"id":7,"createdAt":"2025-05-15T22:43:52.535447+02:00","createdById":2,"createdBy":{"id":2,"createdAt":"2025-05-15T22:43:46.966344+02:00","updatedAt":"2025-05-15T22:43:46.966344+02:00","deletedAt":null,"username":"demo","email":"demo@example.com","admin":false},"paymentMethod":"CC","totalNetPrice":"84.05","totalGrossPrice":"100","totalVatAmount":"15.95","purchaseItems":[{"id":17,"purchaseID":7,"productID":4,"product":{"id":4,"name":"🎟️ Prepaid","netPrice":"0","grossPrice":"0","vatRate":"0","vatAmount":"0","wrapAfter":true,"hidden":false,"soldOut":false,"apiExport":true,"pos":4,"totalStock":0,"unitsSold":0,"soldOutRequestCount":0,"guestlists":null},"quantity":2,"netPrice":"0","grossPrice":"0","vatRate":"0","vatAmount":"0","totalNetPrice":"0","totalGrossPrice":"0","totalVatAmount":"0"},{"id":18,"purchaseID":7,"productID":7,"product":{"id":7,"name":"👕 Male L","netPrice":"16.81","grossPrice":"20","vatRate":"19","vatAmount":"3.19","wrapAfter":false,"hidden":false,"soldOut":false,"apiExport":false,"pos":10,"totalStock":27,"unitsSold":0,"soldOutRequestCount":0,"guestlists":null},"quantity":3,"netPrice":"16.81","grossPrice":"20","vatRate":"19","vatAmount":"3.19","totalNetPrice":"50.43","totalGrossPrice":"60","totalVatAmount":"9.57"},{"id":19,"purchaseID":7,"productID":12,"product":{"id":12,"name":"👕 Femal M","netPrice":"16.81","grossPrice":"20","vatRate":"19","vatAmount":"3.19","wrapAfter":false,"hidden":false,"soldOut":false,"apiExport":false,"pos":10,"totalStock":7,"unitsSold":0,"soldOutRequestCount":0,"guestlists":null},"quantity":2,"netPrice":"16.81","grossPrice":"20","vatRate":"19","vatAmount":"3.19","totalNetPrice":"33.62","totalGrossPrice":"40","totalVatAmount":"6.38"}]},{"id":6,"createdAt":"2025-05-15T22:43:51.714557+02:00","createdById":2,"createdBy":{"id":2,"createdAt":"2025-05-15T22:43:46.966344+02:00","updatedAt":"2025-05-15T22:43:46.966344+02:00","deletedAt":null,"username":"demo","email":"demo@example.com","admin":false},"paymentMethod":"CC","totalNetPrice":"85.73","totalGrossPrice":"102","totalVatAmount":"16.27","purchaseItems":[{"id":13,"purchaseID":6,"productID":4,"product":{"id":4,"name":"🎟️ Prepaid","netPrice":"0","grossPrice":"0","vatRate":"0","vatAmount":"0","wrapAfter":true,"hidden":false,"soldOut":false,"apiExport":true,"pos":4,"totalStock":0,"unitsSold":0,"soldOutRequestCount":0,"guestlists":null},"quantity":3,"netPrice":"0","grossPrice":"0","vatRate":"0","vatAmount":"0","totalNetPrice":"0","totalGrossPrice":"0","totalVatAmount":"0"},{"id":14,"purchaseID":6,"productID":16,"product":{"id":16,"name":"☕ Coffee Mug","netPrice":"0.84","grossPrice":"1","vatRate":"19","vatAmount":"0.16","wrapAfter":false,"hidden":false,"soldOut":false,"apiExport":false,"pos":30,"totalStock":0,"unitsSold":0,"soldOutRequestCount":0,"guestlists":null},"quantity":2,"netPrice":"0.84","grossPrice":"1","vatRate":"19","vatAmount":"0.16","totalNetPrice":"1.68","totalGrossPrice":"2","totalVatAmount":"0.32"},{"id":15,"purchaseID":6,"productID":13,"product":{"id":13,"name":"👕 Femal L","netPrice":"16.81","grossPrice":"20","vatRate":"19","vatAmount":"3.19","wrapAfter":false,"hidden":false,"soldOut":false,"apiExport":false,"pos":10,"totalStock":19,"unitsSold":0,"soldOutRequestCount":0,"guestlists":null},"quantity":2,"netPrice":"16.81","grossPrice":"20","vatRate":"19","vatAmount":"3.19","totalNetPrice":"33.62","totalGrossPrice":"40","totalVatAmount":"6.38"},{"id":16,"purchaseID":6,"productID":11,"product":{"id":11,"name":"👕 Femal S","netPrice":"16.81","grossPrice":"20","vatRate":"19","vatAmount":"3.19","wrapAfter":false,"hidden":false,"soldOut":false,"apiExport":false,"pos":10,"totalStock":26,"unitsSold":0,"soldOutRequestCount":0,"guestlists":null},"quantity":3,"netPrice":"16.81","grossPrice":"20","vatRate":"19","vatAmount":"3.19","totalNetPrice":"50.43","totalGrossPrice":"60","totalVatAmount":"9.57"}]},{"id":5,"createdAt":"2025-05-15T22:43:50.916816+02:00","createdById":2,"createdBy":{"id":2,"createdAt":"2025-05-15T22:43:46.966344+02:00","updatedAt":"2025-05-15T22:43:46.966344+02:00","deletedAt":null,"username":"demo","email":"demo@example.com","admin":false},"paymentMethod":"CASH","totalNetPrice":"67.24","totalGrossPrice":"80","totalVatAmount":"12.76","purchaseItems":[{"id":11,"purchaseID":5,"productID":11,"product":{"id":11,"name":"👕 Femal S","netPrice":"16.81","grossPrice":"20","vatRate":"19","vatAmount":"3.19","wrapAfter":false,"hidden":false,"soldOut":false,"apiExport":false,"pos":10,"totalStock":26,"unitsSold":0,"soldOutRequestCount":0,"guestlists":null},"quantity":2,"netPrice":"16.81","grossPrice":"20","vatRate":"19","vatAmount":"3.19","totalNetPrice":"33.62","totalGrossPrice":"40","totalVatAmount":"6.38"},{"id":12,"purchaseID":5,"productID":5,"product":{"id":5,"name":"👕 Male S","netPrice":"16.81","grossPrice":"20","vatRate":"19","vatAmount":"3.19","wrapAfter":false,"hidden":false,"soldOut":false,"apiExport":false,"pos":10,"totalStock":30,"unitsSold":0,"soldOutRequestCount":0,"guestlists":null},"quantity":2,"netPrice":"16.81","grossPrice":"20","vatRate":"19","vatAmount":"3.19","totalNetPrice":"33.62","totalGrossPrice":"40","totalVatAmount":"6.38"}]},{"id":4,"createdAt":"2025-05-15T22:43:50.121936+02:00","createdById":2,"createdBy":{"id":2,"createdAt":"2025-05-15T22:43:46.966344+02:00","updatedAt":"2025-05-15T22:43:46.966344+02:00","deletedAt":null,"username":"demo","email":"demo@example.com","admin":false},"paymentMethod":"CASH","totalNetPrice":"84.05","totalGrossPrice":"100","totalVatAmount":"15.95","purchaseItems":[{"id":9,"purchaseID":4,"productID":13,"product":{"id":13,"name":"👕 Femal L","netPrice":"16.81","grossPrice":"20","vatRate":"19","vatAmount":"3.19","wrapAfter":false,"hidden":false,"soldOut":false,"apiExport":false,"pos":10,"totalStock":19,"unitsSold":0,"soldOutRequestCount":0,"guestlists":null},"quantity":3,"netPrice":"16.81","grossPrice":"20","vatRate":"19","vatAmount":"3.19","totalNetPrice":"50.43","totalGrossPrice":"60","totalVatAmount":"9.57"},{"id":10,"purchaseID":4,"productID":15,"product":{"id":15,"name":"👕 Femal XXL","netPrice":"16.81","grossPrice":"20","vatRate":"19","vatAmount":"3.19","wrapAfter":false,"hidden":false,"soldOut":false,"apiExport":false,"pos":10,"totalStock":14,"unitsSold":0,"soldOutRequestCount":0,"guestlists":null},"quantity":2,"netPrice":"16.81","grossPrice":"20","vatRate":"19","vatAmount":"3.19","totalNetPrice":"33.62","totalGrossPrice":"40","totalVatAmount":"6.38"}]},{"id":3,"createdAt":"2025-05-15T22:43:49.336166+02:00","createdById":2,"createdBy":{"id":2,"createdAt":"2025-05-15T22:43:46.966344+02:00","updatedAt":"2025-05-15T22:43:46.966344+02:00","deletedAt":null,"username":"demo","email":"demo@example.com","admin":false},"paymentMethod":"CC","totalNetPrice":"168.1","totalGrossPrice":"200","totalVatAmount":"31.9","purchaseItems":[{"id":5,"purchaseID":3,"productID":5,"product":{"id":5,"name":"👕 Male S","netPrice":"16.81","grossPrice":"20","vatRate":"19","vatAmount":"3.19","wrapAfter":false,"hidden":false,"soldOut":false,"apiExport":false,"pos":10,"totalStock":30,"unitsSold":0,"soldOutRequestCount":0,"guestlists":null},"quantity":3,"netPrice":"16.81","grossPrice":"20","vatRate":"19","vatAmount":"3.19","totalNetPrice":"50.43","totalGrossPrice":"60","totalVatAmount":"9.57"},{"id":6,"purchaseID":3,"productID":13,"product":{"id":13,"name":"👕 Femal L","netPrice":"16.81","grossPrice":"20","vatRate":"19","vatAmount":"3.19","wrapAfter":false,"hidden":false,"soldOut":false,"apiExport":false,"pos":10,"totalStock":19,"unitsSold":0,"soldOutRequestCount":0,"guestlists":null},"quantity":3,"netPrice":"16.81","grossPrice":"20","vatRate":"19","vatAmount":"3.19","totalNetPrice":"50.43","totalGrossPrice":"60","totalVatAmount":"9.57"},{"id":7,"purchaseID":3,"productID":9,"product":{"id":9,"name":"👕 Male XXL","netPrice":"16.81","grossPrice":"20","vatRate":"19","vatAmount":"3.19","wrapAfter":false,"hidden":false,"soldOut":false,"apiExport":false,"pos":10,"totalStock":12,"unitsSold":0,"soldOutRequestCount":0,"guestlists":null},"quantity":3,"netPrice":"16.81","grossPrice":"20","vatRate":"19","vatAmount":"3.19","totalNetPrice":"50.43","totalGrossPrice":"60","totalVatAmount":"9.57"},{"id":8,"purchaseID":3,"productID":5,"product":{"id":5,"name":"👕 Male S","netPrice":"16.81","grossPrice":"20","vatRate":"19","vatAmount":"3.19","wrapAfter":false,"hidden":false,"soldOut":false,"apiExport":false,"pos":10,"totalStock":30,"unitsSold":0,"soldOutRequestCount":0,"guestlists":null},"quantity":1,"netPrice":"16.81","grossPrice":"20","vatRate":"19","vatAmount":"3.19","totalNetPrice":"16.81","totalGrossPrice":"20","totalVatAmount":"3.19"}]},{"id":2,"createdAt":"2025-05-15T22:43:48.550209+02:00","createdById":2,"createdBy":{"id":2,"createdAt":"2025-05-15T22:43:46.966344+02:00","updatedAt":"2025-05-15T22:43:46.966344+02:00","deletedAt":null,"username":"demo","email":"demo@example.com","admin":false},"paymentMethod":"CASH","totalNetPrice":"2.52","totalGrossPrice":"3","totalVatAmount":"0.48","purchaseItems":[{"id":4,"purchaseID":2,"productID":16,"product":{"id":16,"name":"☕ Coffee Mug","netPrice":"0.84","grossPrice":"1","vatRate":"19","vatAmount":"0.16","wrapAfter":false,"hidden":false,"soldOut":false,"apiExport":false,"pos":30,"totalStock":0,"unitsSold":0,"soldOutRequestCount":0,"guestlists":null},"quantity":3,"netPrice":"0.84","grossPrice":"1","vatRate":"19","vatAmount":"0.16","totalNetPrice":"2.52","totalGrossPrice":"3","totalVatAmount":"0.48"}]},{"id":1,"createdAt":"2025-05-15T22:43:47.763235+02:00","createdById":2,"createdBy":{"id":2,"createdAt":"2025-05-15T22:43:46.966344+02:00","updatedAt":"2025-05-15T22:43:46.966344+02:00","deletedAt":null,"username":"demo","email":"demo@example.com","admin":false},"paymentMethod":"CASH","totalNetPrice":"84.05","totalGrossPrice":"100","totalVatAmount":"15.95","purchaseItems":[{"id":1,"purchaseID":1,"productID":14,"product":{"id":14,"name":"👕 Femal XL","netPrice":"16.81","grossPrice":"20","vatRate":"19","vatAmount":"3.19","wrapAfter":false,"hidden":false,"soldOut":false,"apiExport":false,"pos":10,"totalStock":12,"unitsSold":0,"soldOutRequestCount":0,"guestlists":null},"quantity":1,"netPrice":"16.81","grossPrice":"20","vatRate":"19","vatAmount":"3.19","totalNetPrice":"16.81","totalGrossPrice":"20","totalVatAmount":"3.19"},{"id":2,"purchaseID":1,"productID":11,"product":{"id":11,"name":"👕 Femal S","netPrice":"16.81","grossPrice":"20","vatRate":"19","vatAmount":"3.19","wrapAfter":false,"hidden":false,"soldOut":false,"apiExport":false,"pos":10,"totalStock":26,"unitsSold":0,"soldOutRequestCount":0,"guestlists":null},"quantity":1,"netPrice":"16.81","grossPrice":"20","vatRate":"19","vatAmount":"3.19","totalNetPrice":"16.81","totalGrossPrice":"20","totalVatAmount":"3.19"},{"id":3,"purchaseID":1,"productID":14,"product":{"id":14,"name":"👕 Femal XL","netPrice":"16.81","grossPrice":"20","vatRate":"19","vatAmount":"3.19","wrapAfter":false,"hidden":false,"soldOut":false,"apiExport":false,"pos":10,"totalStock":12,"unitsSold":0,"soldOutRequestCount":0,"guestlists":null},"quantity":3,"netPrice":"16.81","grossPrice":"20","vatRate":"19","vatAmount":"3.19","totalNetPrice":"50.43","totalGrossPrice":"60","totalVatAmount":"9.57"}]}]
    printer.go:116: DELETE /api/v2/purchases/12 HTTP/1.1
        Authorization: Bearer eyJhbGciOiJIUzI1NiIsInR5cCI6IkpXVCJ9.eyJJRCI6MiwiZXhwIjoxNzQ3MzQyNDM2LCJvcmlnX2lhdCI6MTc0NzM0MTgzNn0.8TtapoGD-aAJe0hNakkjEEieN8Ej5rQRh8khNSE3BWg
        
[GIN] 2025/05/15 - 22:43:57 | 200 |     160.666µs |                 | DELETE   "/api/v2/purchases/12"
    printer.go:133: HTTP/0.0 200 OK 168.416µs
        Content-Type: application/json; charset=utf-8
        
        {"message":"Purchase deleted"}
    printer.go:116: GET /api/v2/purchases/12 HTTP/1.1
        Authorization: Bearer eyJhbGciOiJIUzI1NiIsInR5cCI6IkpXVCJ9.eyJJRCI6MiwiZXhwIjoxNzQ3MzQyNDM2LCJvcmlnX2lhdCI6MTc0NzM0MTgzNn0.8TtapoGD-aAJe0hNakkjEEieN8Ej5rQRh8khNSE3BWg
        

2025/05/15 22:43:57 [31;1m/Users/stefan/PhpstormProjects/die-kassa/backend/internal/app/repository/purchases.go:77 [35;1mrecord not found
[0m[33m[0.016ms] [34;1m[rows:0][0m SELECT * FROM `purchases` WHERE `purchases`.`id` = 12 AND `purchases`.`deleted_at` IS NULL ORDER BY `purchases`.`id` LIMIT 1
[GIN] 2025/05/15 - 22:43:57 | 404 |      45.208µs |                 | GET      "/api/v2/purchases/12"
Error #01: Not Found
    printer.go:133: HTTP/0.0 404 Not Found 49.334µs
        Content-Type: application/json; charset=utf-8
        
        {"details":"purchase not found","error":"Not Found"}
--- PASS: TestCreatePurchaseWithList (0.00s)
=== RUN   TestCreatePurchaseWithWrongTotalGrossPrice
    printer.go:116: POST /api/v2/purchases HTTP/1.1
        Authorization: Bearer eyJhbGciOiJIUzI1NiIsInR5cCI6IkpXVCJ9.eyJJRCI6MiwiZXhwIjoxNzQ3MzQyNDM2LCJvcmlnX2lhdCI6MTc0NzM0MTgzNn0.8TtapoGD-aAJe0hNakkjEEieN8Ej5rQRh8khNSE3BWg
        Content-Type: application/json; charset=utf-8
        
        {"cart":[{"ID":2,"listItems":[],"quantity":1}],"paymentMethod":"CASH","totalGrossPrice":"21","totalNetPrice":"18.69"}
[GIN] 2025/05/15 - 22:43:57 | 400 |     356.209µs |                 | POST     "/api/v2/purchases"
Error #01: Invalid Request
    printer.go:133: HTTP/0.0 400 Bad Request 362µs
        Content-Type: application/json; charset=utf-8
        
        {"details":"Total gross price does not match","error":"Invalid Request"}
--- PASS: TestCreatePurchaseWithWrongTotalGrossPrice (0.00s)
=== RUN   TestCreatePurchaseWithWrongTotalNetPrice
    printer.go:116: POST /api/v2/purchases HTTP/1.1
        Authorization: Bearer eyJhbGciOiJIUzI1NiIsInR5cCI6IkpXVCJ9.eyJJRCI6MiwiZXhwIjoxNzQ3MzQyNDM2LCJvcmlnX2lhdCI6MTc0NzM0MTgzNn0.8TtapoGD-aAJe0hNakkjEEieN8Ej5rQRh8khNSE3BWg
        Content-Type: application/json; charset=utf-8
        
        {"cart":[{"ID":2,"listItems":[],"quantity":1}],"paymentMethod":"CASH","totalGrossPrice":"20","totalNetPrice":"1.69"}
[GIN] 2025/05/15 - 22:43:57 | 400 |     606.333µs |                 | POST     "/api/v2/purchases"
Error #01: Invalid Request
    printer.go:133: HTTP/0.0 400 Bad Request 613.959µs
        Content-Type: application/json; charset=utf-8
        
        {"details":"Total net price does not match","error":"Invalid Request"}
--- PASS: TestCreatePurchaseWithWrongTotalNetPrice (0.00s)
=== RUN   TestCreatePurchaseWithInvalidProduct
    printer.go:116: POST /api/v2/purchases HTTP/1.1
        Authorization: Bearer eyJhbGciOiJIUzI1NiIsInR5cCI6IkpXVCJ9.eyJJRCI6MiwiZXhwIjoxNzQ3MzQyNDM2LCJvcmlnX2lhdCI6MTc0NzM0MTgzNn0.8TtapoGD-aAJe0hNakkjEEieN8Ej5rQRh8khNSE3BWg
        Content-Type: application/json; charset=utf-8
        
        {"cart":[{"ID":123,"listItems":[],"quantity":1}],"paymentMethod":"CASH","totalGrossPrice":"21","totalNetPrice":"21"}

2025/05/15 22:43:57 [31;1m/Users/stefan/PhpstormProjects/die-kassa/backend/internal/app/repository/products.go:62 [35;1mrecord not found
[0m[33m[0.186ms] [34;1m[rows:0][0m SELECT * FROM `Products` WHERE `Products`.`id` = 123 AND `Products`.`deleted_at` IS NULL ORDER BY `Products`.`id` LIMIT 1
[GIN] 2025/05/15 - 22:43:57 | 400 |     317.625µs |                 | POST     "/api/v2/purchases"
Error #01: Invalid Request
    printer.go:133: HTTP/0.0 400 Bad Request 327.917µs
        Content-Type: application/json; charset=utf-8
        
        {"details":"Product not found","error":"Invalid Request"}
--- PASS: TestCreatePurchaseWithInvalidProduct (0.00s)
=== RUN   TestCreatePurchaseWithInvalidPaymentMethod
    printer.go:116: POST /api/v2/purchases HTTP/1.1
        Authorization: Bearer eyJhbGciOiJIUzI1NiIsInR5cCI6IkpXVCJ9.eyJJRCI6MiwiZXhwIjoxNzQ3MzQyNDM2LCJvcmlnX2lhdCI6MTc0NzM0MTgzNn0.8TtapoGD-aAJe0hNakkjEEieN8Ej5rQRh8khNSE3BWg
        Content-Type: application/json; charset=utf-8
        
        {"cart":[{"ID":123,"listItems":[],"quantity":1}],"paymentMethod":"INVALID","totalGrossPrice":"21","totalNetPrice":"21"}
[GIN] 2025/05/15 - 22:43:57 | 400 |     113.417µs |                 | POST     "/api/v2/purchases"
Error #01: Invalid Request
    printer.go:133: HTTP/0.0 400 Bad Request 118.417µs
        Content-Type: application/json; charset=utf-8
        
        {"details":"Invalid payment method","error":"Invalid Request"}
--- PASS: TestCreatePurchaseWithInvalidPaymentMethod (0.00s)
=== RUN   TestCreatePurchaseWithListForWrongProduct
    printer.go:116: POST /api/v2/purchases HTTP/1.1
        Authorization: Bearer eyJhbGciOiJIUzI1NiIsInR5cCI6IkpXVCJ9.eyJJRCI6MiwiZXhwIjoxNzQ3MzQyNDM2LCJvcmlnX2lhdCI6MTc0NzM0MTgzNn0.8TtapoGD-aAJe0hNakkjEEieN8Ej5rQRh8khNSE3BWg
        Content-Type: application/json; charset=utf-8
        
        {"cart":[{"ID":3,"listItems":[{"ID":1,"attendedGuests":1}],"quantity":1}],"paymentMethod":"CASH","totalGrossPrice":"12.12","totalNetPrice":"11.11"}
[GIN] 2025/05/15 - 22:43:57 | 400 |     637.417µs |                 | POST     "/api/v2/purchases"
Error #01: Invalid Request
    printer.go:133: HTTP/0.0 400 Bad Request 649.125µs
        Content-Type: application/json; charset=utf-8
        
        {"details":"List item does not belong to product","error":"Invalid Request"}
--- PASS: TestCreatePurchaseWithListForWrongProduct (0.00s)
=== RUN   TestCreatePurchaseWithListForAttendedGuestTooHigh
    printer.go:116: POST /api/v2/purchases HTTP/1.1
        Authorization: Bearer eyJhbGciOiJIUzI1NiIsInR5cCI6IkpXVCJ9.eyJJRCI6MiwiZXhwIjoxNzQ3MzQyNDM2LCJvcmlnX2lhdCI6MTc0NzM0MTgzNn0.8TtapoGD-aAJe0hNakkjEEieN8Ej5rQRh8khNSE3BWg
        Content-Type: application/json; charset=utf-8
        
        {"cart":[{"ID":3,"listItems":[{"ID":1,"attendedGuests":15}],"quantity":1}],"paymentMethod":"CASH","totalGrossPrice":"12.12","totalNetPrice":"11.11"}
[GIN] 2025/05/15 - 22:43:57 | 400 |     551.042µs |                 | POST     "/api/v2/purchases"
Error #01: Invalid Request
    printer.go:133: HTTP/0.0 400 Bad Request 555.959µs
        Content-Type: application/json; charset=utf-8
        
        {"details":"Additional guests exceed available guests","error":"Invalid Request"}
--- PASS: TestCreatePurchaseWithListForAttendedGuestTooHigh (0.00s)
=== RUN   TestPurchasesAuthentication
    printer.go:116: POST /api/v2/purchases HTTP/1.1
        Authorization: Bearer eyJhbGciOiJIUzI1NiIsInR5cCI6IkpXVCJ9.eyJJRCI6MiwiZXhwIjoxNzQ3MzQyNDM2LCJvcmlnX2lhdCI6MTc0NzM0MTgzNn0.8TtapoGD-aAJe0hNakkjEEieN8Ej5rQRh8khNSE3BWg
        Content-Type: application/json; charset=utf-8
        
        {"cart":[{"ID":1,"listItems":[],"quantity":1}],"paymentMethod":"CASH","totalGrossPrice":"40","totalNetPrice":"37.38"}
[GIN] 2025/05/15 - 22:43:57 | 201 |     592.291µs |                 | POST     "/api/v2/purchases"
    printer.go:133: HTTP/0.0 201 Created 605.167µs
        Content-Type: application/json; charset=utf-8
        
        {"message":"Purchase successful","purchase":{"id":13,"createdAt":"2025-05-15T22:43:57.4443+02:00","createdById":2,"createdBy":null,"paymentMethod":"CASH","totalNetPrice":"37.38","totalGrossPrice":"40","totalVatAmount":"2.62","purchaseItems":[{"id":31,"purchaseID":13,"productID":1,"product":{"id":1,"name":"🎟️ Regular","netPrice":"37.38","grossPrice":"40","vatRate":"7","vatAmount":"2.62","wrapAfter":false,"hidden":false,"soldOut":false,"apiExport":true,"pos":1,"totalStock":0,"unitsSold":0,"soldOutRequestCount":0,"guestlists":null},"quantity":1,"netPrice":"37.38","grossPrice":"40","vatRate":"7","vatAmount":"2.62","totalNetPrice":"37.38","totalGrossPrice":"40","totalVatAmount":"2.62"}]}}
    printer.go:116: GET /api/v2/purchases HTTP/1.1
        
[GIN] 2025/05/15 - 22:43:57 | 401 |       7.042µs |                 | GET      "/api/v2/purchases"
    printer.go:133: HTTP/0.0 401 Unauthorized 11.292µs
        Content-Type: application/json; charset=utf-8
        Www-Authenticate: JWT realm=gin jwt
        
        {"code":401,"message":"cookie token is empty"}
    printer.go:116: GET /api/v2/purchases/13 HTTP/1.1
        
[GIN] 2025/05/15 - 22:43:57 | 401 |       5.208µs |                 | GET      "/api/v2/purchases/13"
    printer.go:133: HTTP/0.0 401 Unauthorized 13.167µs
        Content-Type: application/json; charset=utf-8
        Www-Authenticate: JWT realm=gin jwt
        
        {"code":401,"message":"cookie token is empty"}
    printer.go:116: POST /api/v2/purchases HTTP/1.1
        
[GIN] 2025/05/15 - 22:43:57 | 401 |       3.875µs |                 | POST     "/api/v2/purchases"
    printer.go:133: HTTP/0.0 401 Unauthorized 6.667µs
        Content-Type: application/json; charset=utf-8
        Www-Authenticate: JWT realm=gin jwt
        
        {"code":401,"message":"cookie token is empty"}
    printer.go:116: DELETE /api/v2/purchases/13 HTTP/1.1
        
[GIN] 2025/05/15 - 22:43:57 | 401 |       6.125µs |                 | DELETE   "/api/v2/purchases/13"
    printer.go:133: HTTP/0.0 401 Unauthorized 13.583µs
        Content-Type: application/json; charset=utf-8
        Www-Authenticate: JWT realm=gin jwt
        
        {"code":401,"message":"cookie token is empty"}
    printer.go:116: DELETE /api/v2/purchases/13 HTTP/1.1
        Authorization: Bearer eyJhbGciOiJIUzI1NiIsInR5cCI6IkpXVCJ9.eyJJRCI6MiwiZXhwIjoxNzQ3MzQyNDM2LCJvcmlnX2lhdCI6MTc0NzM0MTgzNn0.8TtapoGD-aAJe0hNakkjEEieN8Ej5rQRh8khNSE3BWg
        
[GIN] 2025/05/15 - 22:43:57 | 200 |     215.125µs |                 | DELETE   "/api/v2/purchases/13"
    printer.go:133: HTTP/0.0 200 OK 222.959µs
        Content-Type: application/json; charset=utf-8
        
        {"message":"Purchase deleted"}
--- PASS: TestPurchasesAuthentication (0.00s)
=== RUN   TestGetUsers
    printer.go:116: GET /api/v2/users HTTP/1.1
        Authorization: Bearer eyJhbGciOiJIUzI1NiIsInR5cCI6IkpXVCJ9.eyJJRCI6MiwiZXhwIjoxNzQ3MzQyNDM2LCJvcmlnX2lhdCI6MTc0NzM0MTgzNn0.8TtapoGD-aAJe0hNakkjEEieN8Ej5rQRh8khNSE3BWg
        
[GIN] 2025/05/15 - 22:43:57 | 200 |      108.25µs |                 | GET      "/api/v2/users"
    printer.go:133: HTTP/0.0 200 OK 112.875µs
        Content-Type: application/json; charset=utf-8
        X-Total-Count: 2
        
        [{"id":1,"createdAt":"2025-05-15T22:43:46.175331+02:00","updatedAt":"2025-05-15T22:43:46.175331+02:00","deletedAt":null,"username":"admin","email":"admin@example.com","admin":true},{"id":2,"createdAt":"2025-05-15T22:43:46.966344+02:00","updatedAt":"2025-05-15T22:43:46.966344+02:00","deletedAt":null,"username":"demo","email":"demo@example.com","admin":false}]
--- PASS: TestGetUsers (0.00s)
=== RUN   TestGetUsersEmpty
    printer.go:116: GET /api/v2/users?q=arandomstringthatnousernamecontains HTTP/1.1
        Authorization: Bearer eyJhbGciOiJIUzI1NiIsInR5cCI6IkpXVCJ9.eyJJRCI6MiwiZXhwIjoxNzQ3MzQyNDM2LCJvcmlnX2lhdCI6MTc0NzM0MTgzNn0.8TtapoGD-aAJe0hNakkjEEieN8Ej5rQRh8khNSE3BWg
        
[GIN] 2025/05/15 - 22:43:57 | 200 |     120.458µs |                 | GET      "/api/v2/users?q=arandomstringthatnousernamecontains"
    printer.go:133: HTTP/0.0 200 OK 124.834µs
        Content-Type: application/json; charset=utf-8
        X-Total-Count: 0
        
        []
--- PASS: TestGetUsersEmpty (0.00s)
=== RUN   TestGetUsersWithSort
    printer.go:116: GET /api/v2/users?_sort=id HTTP/1.1
        Authorization: Bearer eyJhbGciOiJIUzI1NiIsInR5cCI6IkpXVCJ9.eyJJRCI6MiwiZXhwIjoxNzQ3MzQyNDM2LCJvcmlnX2lhdCI6MTc0NzM0MTgzNn0.8TtapoGD-aAJe0hNakkjEEieN8Ej5rQRh8khNSE3BWg
        
[GIN] 2025/05/15 - 22:43:57 | 200 |     310.542µs |                 | GET      "/api/v2/users?_sort=id"
    printer.go:133: HTTP/0.0 200 OK 327.042µs
        Content-Type: application/json; charset=utf-8
        X-Total-Count: 2
        
        [{"id":1,"createdAt":"2025-05-15T22:43:46.175331+02:00","updatedAt":"2025-05-15T22:43:46.175331+02:00","deletedAt":null,"username":"admin","email":"admin@example.com","admin":true},{"id":2,"createdAt":"2025-05-15T22:43:46.966344+02:00","updatedAt":"2025-05-15T22:43:46.966344+02:00","deletedAt":null,"username":"demo","email":"demo@example.com","admin":false}]
    printer.go:116: GET /api/v2/users?_sort=username HTTP/1.1
        Authorization: Bearer eyJhbGciOiJIUzI1NiIsInR5cCI6IkpXVCJ9.eyJJRCI6MiwiZXhwIjoxNzQ3MzQyNDM2LCJvcmlnX2lhdCI6MTc0NzM0MTgzNn0.8TtapoGD-aAJe0hNakkjEEieN8Ej5rQRh8khNSE3BWg
        
[GIN] 2025/05/15 - 22:43:57 | 200 |     187.666µs |                 | GET      "/api/v2/users?_sort=username"
    printer.go:133: HTTP/0.0 200 OK 193.417µs
        Content-Type: application/json; charset=utf-8
        X-Total-Count: 2
        
        [{"id":1,"createdAt":"2025-05-15T22:43:46.175331+02:00","updatedAt":"2025-05-15T22:43:46.175331+02:00","deletedAt":null,"username":"admin","email":"admin@example.com","admin":true},{"id":2,"createdAt":"2025-05-15T22:43:46.966344+02:00","updatedAt":"2025-05-15T22:43:46.966344+02:00","deletedAt":null,"username":"demo","email":"demo@example.com","admin":false}]
    printer.go:116: GET /api/v2/users?_sort=email HTTP/1.1
        Authorization: Bearer eyJhbGciOiJIUzI1NiIsInR5cCI6IkpXVCJ9.eyJJRCI6MiwiZXhwIjoxNzQ3MzQyNDM2LCJvcmlnX2lhdCI6MTc0NzM0MTgzNn0.8TtapoGD-aAJe0hNakkjEEieN8Ej5rQRh8khNSE3BWg
        
[GIN] 2025/05/15 - 22:43:57 | 200 |      46.208µs |                 | GET      "/api/v2/users?_sort=email"
    printer.go:133: HTTP/0.0 200 OK 49.875µs
        Content-Type: application/json; charset=utf-8
        X-Total-Count: 2
        
        [{"id":1,"createdAt":"2025-05-15T22:43:46.175331+02:00","updatedAt":"2025-05-15T22:43:46.175331+02:00","deletedAt":null,"username":"admin","email":"admin@example.com","admin":true},{"id":2,"createdAt":"2025-05-15T22:43:46.966344+02:00","updatedAt":"2025-05-15T22:43:46.966344+02:00","deletedAt":null,"username":"demo","email":"demo@example.com","admin":false}]
    printer.go:116: GET /api/v2/users?_sort=admin HTTP/1.1
        Authorization: Bearer eyJhbGciOiJIUzI1NiIsInR5cCI6IkpXVCJ9.eyJJRCI6MiwiZXhwIjoxNzQ3MzQyNDM2LCJvcmlnX2lhdCI6MTc0NzM0MTgzNn0.8TtapoGD-aAJe0hNakkjEEieN8Ej5rQRh8khNSE3BWg
        
[GIN] 2025/05/15 - 22:43:57 | 200 |      46.625µs |                 | GET      "/api/v2/users?_sort=admin"
    printer.go:133: HTTP/0.0 200 OK 49.875µs
        Content-Type: application/json; charset=utf-8
        X-Total-Count: 2
        
        [{"id":2,"createdAt":"2025-05-15T22:43:46.966344+02:00","updatedAt":"2025-05-15T22:43:46.966344+02:00","deletedAt":null,"username":"demo","email":"demo@example.com","admin":false},{"id":1,"createdAt":"2025-05-15T22:43:46.175331+02:00","updatedAt":"2025-05-15T22:43:46.175331+02:00","deletedAt":null,"username":"admin","email":"admin@example.com","admin":true}]
--- PASS: TestGetUsersWithSort (0.00s)
=== RUN   TestGetUsersWithFilters
    printer.go:116: GET /api/v2/users?isAdmin=true HTTP/1.1
        Authorization: Bearer eyJhbGciOiJIUzI1NiIsInR5cCI6IkpXVCJ9.eyJJRCI6MiwiZXhwIjoxNzQ3MzQyNDM2LCJvcmlnX2lhdCI6MTc0NzM0MTgzNn0.8TtapoGD-aAJe0hNakkjEEieN8Ej5rQRh8khNSE3BWg
        
[GIN] 2025/05/15 - 22:43:57 | 200 |       100.5µs |                 | GET      "/api/v2/users?isAdmin=true"
    printer.go:133: HTTP/0.0 200 OK 106.166µs
        Content-Type: application/json; charset=utf-8
        X-Total-Count: 1
        
        [{"id":1,"createdAt":"2025-05-15T22:43:46.175331+02:00","updatedAt":"2025-05-15T22:43:46.175331+02:00","deletedAt":null,"username":"admin","email":"admin@example.com","admin":true}]
    printer.go:116: GET /api/v2/users?q=demo HTTP/1.1
        Authorization: Bearer eyJhbGciOiJIUzI1NiIsInR5cCI6IkpXVCJ9.eyJJRCI6MiwiZXhwIjoxNzQ3MzQyNDM2LCJvcmlnX2lhdCI6MTc0NzM0MTgzNn0.8TtapoGD-aAJe0hNakkjEEieN8Ej5rQRh8khNSE3BWg
        
[GIN] 2025/05/15 - 22:43:57 | 200 |      66.334µs |                 | GET      "/api/v2/users?q=demo"
    printer.go:133: HTTP/0.0 200 OK 84.167µs
        Content-Type: application/json; charset=utf-8
        X-Total-Count: 1
        
        [{"id":2,"createdAt":"2025-05-15T22:43:46.966344+02:00","updatedAt":"2025-05-15T22:43:46.966344+02:00","deletedAt":null,"username":"demo","email":"demo@example.com","admin":false}]
    printer.go:116: GET /api/v2/users?q=doesnotexist HTTP/1.1
        Authorization: Bearer eyJhbGciOiJIUzI1NiIsInR5cCI6IkpXVCJ9.eyJJRCI6MiwiZXhwIjoxNzQ3MzQyNDM2LCJvcmlnX2lhdCI6MTc0NzM0MTgzNn0.8TtapoGD-aAJe0hNakkjEEieN8Ej5rQRh8khNSE3BWg
        
[GIN] 2025/05/15 - 22:43:57 | 200 |      43.875µs |                 | GET      "/api/v2/users?q=doesnotexist"
    printer.go:133: HTTP/0.0 200 OK 50.458µs
        Content-Type: application/json; charset=utf-8
        X-Total-Count: 0
        
        []
--- PASS: TestGetUsersWithFilters (0.00s)
=== RUN   TestGetUser
    printer.go:116: GET /api/v2/users/1 HTTP/1.1
        Authorization: Bearer eyJhbGciOiJIUzI1NiIsInR5cCI6IkpXVCJ9.eyJJRCI6MiwiZXhwIjoxNzQ3MzQyNDM2LCJvcmlnX2lhdCI6MTc0NzM0MTgzNn0.8TtapoGD-aAJe0hNakkjEEieN8Ej5rQRh8khNSE3BWg
        
[GIN] 2025/05/15 - 22:43:57 | 200 |      93.333µs |                 | GET      "/api/v2/users/1"
    printer.go:133: HTTP/0.0 200 OK 97.417µs
        Content-Type: application/json; charset=utf-8
        
        {"id":1,"createdAt":"2025-05-15T22:43:46.175331+02:00","updatedAt":"2025-05-15T22:43:46.175331+02:00","deletedAt":null,"username":"admin","email":"admin@example.com","admin":true}
--- PASS: TestGetUser (0.00s)
=== RUN   TestCreateUpdateAndDeleteUser
    printer.go:116: POST /api/v2/users HTTP/1.1
        Authorization: Bearer eyJhbGciOiJIUzI1NiIsInR5cCI6IkpXVCJ9.eyJJRCI6MiwiZXhwIjoxNzQ3MzQyNDM2LCJvcmlnX2lhdCI6MTc0NzM0MTgzNn0.8TtapoGD-aAJe0hNakkjEEieN8Ej5rQRh8khNSE3BWg
        Content-Type: application/json; charset=utf-8
        
        {"email":"test@example.com","username":"test user"}

2025/05/15 22:43:58 [32m/Users/stefan/PhpstormProjects/die-kassa/backend/internal/app/repository/user.go:143 [33mSLOW SQL >= 200ms
[0m[31;1m[821.501ms] [33m[rows:1][35m INSERT INTO `users` (`created_at`,`updated_at`,`deleted_at`,`username`,`email`,`password`,`admin`,`change_password_token`,`change_password_token_expiry`) VALUES ("2025-05-15 22:43:58.268","2025-05-15 22:43:58.268",NULL,"test user","test@example.com","$2a$14$kHd0uBbszBoD.x8A3rZGH.4W0GU7CR6OnkBFitExDpbgHiOmvYVIy",false,"XCrH5SRF10qz4xBDQb97TNk2mdsOp6iL",1747352637) RETURNING `id`,`change_password_token`,`change_password_token_expiry`,`id`[0m
2025/05/15 22:43:58 Mailer is disabled, not sending email
[GIN] 2025/05/15 - 22:43:58 | 201 |  821.738291ms |                 | POST     "/api/v2/users"
    printer.go:133: HTTP/0.0 201 Created 821.749333ms
        Content-Type: application/json; charset=utf-8
        
        {"id":3,"createdAt":"2025-05-15T22:43:58.268895+02:00","updatedAt":"2025-05-15T22:43:58.268895+02:00","deletedAt":null,"username":"test user","email":"test@example.com","admin":false}
    printer.go:116: GET /api/v2/users/3 HTTP/1.1
        Authorization: Bearer eyJhbGciOiJIUzI1NiIsInR5cCI6IkpXVCJ9.eyJJRCI6MiwiZXhwIjoxNzQ3MzQyNDM2LCJvcmlnX2lhdCI6MTc0NzM0MTgzNn0.8TtapoGD-aAJe0hNakkjEEieN8Ej5rQRh8khNSE3BWg
        
[GIN] 2025/05/15 - 22:43:58 | 200 |      82.417µs |                 | GET      "/api/v2/users/3"
    printer.go:133: HTTP/0.0 200 OK 89.167µs
        Content-Type: application/json; charset=utf-8
        
        {"id":3,"createdAt":"2025-05-15T22:43:58.268895+02:00","updatedAt":"2025-05-15T22:43:58.268895+02:00","deletedAt":null,"username":"test user","email":"test@example.com","admin":false}
    printer.go:116: PUT /api/v2/users/3 HTTP/1.1
        Authorization: Bearer eyJhbGciOiJIUzI1NiIsInR5cCI6IkpXVCJ9.eyJJRCI6MiwiZXhwIjoxNzQ3MzQyNDM2LCJvcmlnX2lhdCI6MTc0NzM0MTgzNn0.8TtapoGD-aAJe0hNakkjEEieN8Ej5rQRh8khNSE3BWg
        Content-Type: application/json; charset=utf-8
        
        {"email":"changed@example.com","username":"test user changed"}

2025/05/15 22:43:59 [32m/Users/stefan/PhpstormProjects/die-kassa/backend/internal/app/repository/user.go:176 [33mSLOW SQL >= 200ms
[0m[31;1m[799.634ms] [33m[rows:1][35m UPDATE `users` SET `created_at`="2025-05-15 22:43:58.268",`updated_at`="2025-05-15 22:43:59.068",`deleted_at`=NULL,`username`="test user changed",`email`="changed@example.com",`password`="$2a$14$mxta7n7uTbydJ7kQ8qlf.eEKn8sJlhBHrnsAE.Mj13lQf1DzzALiW",`admin`=false,`change_password_token`="XCrH5SRF10qz4xBDQb97TNk2mdsOp6iL",`change_password_token_expiry`=1747352637 WHERE `users`.`deleted_at` IS NULL AND `id` = 3[0m
[GIN] 2025/05/15 - 22:43:59 | 200 |  799.821166ms |                 | PUT      "/api/v2/users/3"
    printer.go:133: HTTP/0.0 200 OK 799.838084ms
        Content-Type: application/json; charset=utf-8
        
        {"id":3,"createdAt":"2025-05-15T22:43:58.268895+02:00","updatedAt":"2025-05-15T22:43:59.068877+02:00","deletedAt":null,"username":"test user changed","email":"changed@example.com","admin":false}
    printer.go:116: GET /api/v2/users/3 HTTP/1.1
        Authorization: Bearer eyJhbGciOiJIUzI1NiIsInR5cCI6IkpXVCJ9.eyJJRCI6MiwiZXhwIjoxNzQ3MzQyNDM2LCJvcmlnX2lhdCI6MTc0NzM0MTgzNn0.8TtapoGD-aAJe0hNakkjEEieN8Ej5rQRh8khNSE3BWg
        
[GIN] 2025/05/15 - 22:43:59 | 200 |     138.125µs |                 | GET      "/api/v2/users/3"
    printer.go:133: HTTP/0.0 200 OK 147.417µs
        Content-Type: application/json; charset=utf-8
        
        {"id":3,"createdAt":"2025-05-15T22:43:58.268895+02:00","updatedAt":"2025-05-15T22:43:59.068877+02:00","deletedAt":null,"username":"test user changed","email":"changed@example.com","admin":false}
    printer.go:116: DELETE /api/v2/users/3 HTTP/1.1
        Authorization: Bearer eyJhbGciOiJIUzI1NiIsInR5cCI6IkpXVCJ9.eyJJRCI6MSwiZXhwIjoxNzQ3MzQyNDM3LCJvcmlnX2lhdCI6MTc0NzM0MTgzN30.ZlFWYvXyqj07trTgEd6xZd-B8fxUNZugXMdrMpPUop4
        

2025/05/15 22:43:59 [32m/Users/stefan/PhpstormProjects/die-kassa/backend/internal/app/repository/user.go:153 [33mSLOW SQL >= 200ms
[0m[31;1m[789.209ms] [33m[rows:1][35m UPDATE `users` SET `created_at`="2025-05-15 22:43:58.268",`updated_at`="2025-05-15 22:43:59.858",`deleted_at`=NULL,`username`="test user changed_deleted_20250515224359",`email`="deleted_20250515224359_changed@example.com",`password`="$2a$14$CBC2pEQPmGxJNSZvrIG5GuGzAnPQJii2rLU7kEY9.Vul18/BgI7G2",`admin`=false,`change_password_token`="XCrH5SRF10qz4xBDQb97TNk2mdsOp6iL",`change_password_token_expiry`=1747352637 WHERE `users`.`deleted_at` IS NULL AND `id` = 3[0m
[GIN] 2025/05/15 - 22:43:59 | 200 |  789.388125ms |                 | DELETE   "/api/v2/users/3"
    printer.go:133: HTTP/0.0 200 OK 789.40025ms
        Content-Type: application/json; charset=utf-8
        
        {}
    printer.go:116: GET /api/v2/users/3 HTTP/1.1
        Authorization: Bearer eyJhbGciOiJIUzI1NiIsInR5cCI6IkpXVCJ9.eyJJRCI6MiwiZXhwIjoxNzQ3MzQyNDM2LCJvcmlnX2lhdCI6MTc0NzM0MTgzNn0.8TtapoGD-aAJe0hNakkjEEieN8Ej5rQRh8khNSE3BWg
        

2025/05/15 22:43:59 [31;1m/Users/stefan/PhpstormProjects/die-kassa/backend/internal/app/repository/user.go:45 [35;1mrecord not found
[0m[33m[0.025ms] [34;1m[rows:0][0m SELECT * FROM `users` WHERE `users`.`id` = 3 AND `users`.`deleted_at` IS NULL ORDER BY `users`.`id` LIMIT 1
[GIN] 2025/05/15 - 22:43:59 | 404 |        79.5µs |                 | GET      "/api/v2/users/3"
Error #01: Not Found
    printer.go:133: HTTP/0.0 404 Not Found 87.208µs
        Content-Type: application/json; charset=utf-8
        
        {"details":"user not found","error":"Not Found"}
--- PASS: TestCreateUpdateAndDeleteUser (2.41s)
=== RUN   TestUserAuthentication
    printer.go:116: GET /api/v2/users HTTP/1.1
        
[GIN] 2025/05/15 - 22:43:59 | 401 |      33.458µs |                 | GET      "/api/v2/users"
    printer.go:133: HTTP/0.0 401 Unauthorized 46.083µs
        Content-Type: application/json; charset=utf-8
        Www-Authenticate: JWT realm=gin jwt
        
        {"code":401,"message":"cookie token is empty"}
    printer.go:116: GET /api/v2/users/1 HTTP/1.1
        
[GIN] 2025/05/15 - 22:43:59 | 401 |        7.25µs |                 | GET      "/api/v2/users/1"
    printer.go:133: HTTP/0.0 401 Unauthorized 13.166µs
        Content-Type: application/json; charset=utf-8
        Www-Authenticate: JWT realm=gin jwt
        
        {"code":401,"message":"cookie token is empty"}
    printer.go:116: POST /api/v2/users HTTP/1.1
        
[GIN] 2025/05/15 - 22:43:59 | 401 |       7.292µs |                 | POST     "/api/v2/users"
    printer.go:133: HTTP/0.0 401 Unauthorized 11.25µs
        Content-Type: application/json; charset=utf-8
        Www-Authenticate: JWT realm=gin jwt
        
        {"code":401,"message":"cookie token is empty"}
    printer.go:116: PUT /api/v2/users/1 HTTP/1.1
        
[GIN] 2025/05/15 - 22:43:59 | 401 |       5.083µs |                 | PUT      "/api/v2/users/1"
    printer.go:133: HTTP/0.0 401 Unauthorized 8.584µs
        Content-Type: application/json; charset=utf-8
        Www-Authenticate: JWT realm=gin jwt
        
        {"code":401,"message":"cookie token is empty"}
    printer.go:116: DELETE /api/v2/users/1 HTTP/1.1
        
[GIN] 2025/05/15 - 22:43:59 | 401 |       5.209µs |                 | DELETE   "/api/v2/users/1"
    printer.go:133: HTTP/0.0 401 Unauthorized 8.667µs
        Content-Type: application/json; charset=utf-8
        Www-Authenticate: JWT realm=gin jwt
        
        {"code":401,"message":"cookie token is empty"}
--- PASS: TestUserAuthentication (0.00s)
PASS
ok  	github.com/potibm/kasseapparat/tests/e2e	14.735s
=== RUN   TestGetEnabledPaymentMethods_DefaultsToCash
--- PASS: TestGetEnabledPaymentMethods_DefaultsToCash (0.00s)
=== RUN   TestGetEnabledPaymentMethods_WithValidEnv
--- PASS: TestGetEnabledPaymentMethods_WithValidEnv (0.00s)
=== RUN   TestGetEnabledPaymentMethods_IgnoresUnknown
--- PASS: TestGetEnabledPaymentMethods_IgnoresUnknown (0.00s)
PASS
ok  	github.com/potibm/kasseapparat/tests/initializer	(cached)
=== RUN   TestProductVATAmount
--- PASS: TestProductVATAmount (0.00s)
=== RUN   TestProductGrossPrice
--- PASS: TestProductGrossPrice (0.00s)
=== RUN   TestPurchaseItemVATAmount
--- PASS: TestPurchaseItemVATAmount (0.00s)
PASS
ok  	github.com/potibm/kasseapparat/tests/models	(cached)
?   	github.com/potibm/kasseapparat/tools	[no test files]
